node.exe : npm warn config optional Use `--omit=optional` to exclude 
optional dependencies, or
At C:\nvm4w\nodejs\npm.ps1:32 char:3
+   & $nodeexe $npmprefixclijs $args
+   ~~~~~~~~~~~~~~~~~~~~~~~~~~~~~~~~
    + CategoryInfo          : NotSpecified: (npm warn config...ependencies, 
    or:String) [], RemoteException
    + FullyQualifiedErrorId : NativeCommandError
 
npm warn config `--include=optional` to include them.
npm warn config
npm warn config       Default value does install optional deps unless 
otherwise omitted.

> finbers-link-app@0.1.1 build
> next build

Γû▓ Next.js 16.2.3 (Turbopack)
- Environments: .env.local, .env
- Experiments (use with caution):
  ┬╖ optimizePackageImports

ΓÜá The "middleware" file convention is deprecated. Please use "proxy" 
instead. Learn more: https://nextjs.org/docs/messages/middleware-to-proxy
  Creating an optimized production build ...

> Build error occurred
Error: Turbopack build failed with 52 errors:
./src/app/courses/[courseId]/chat/course-chat-content.tsx:13:1
Module not found: Can't resolve '../../../../../hooks/useSocket'
  [90m11 |[0m [36mimport[0m { [33mUserAvatar[0m } [36mfrom[0m 
[32m"@/features/chat/components/user-avatar"[0m;
  [90m12 |[0m [36mimport[0m { useChatMessages, useChatThreads, 
useSendChatMessage } [36mfrom[0m [32m"@/features/chat/hooks"[0m;
[31m[1m>[0m [90m13 |[0m [36mimport[0m useSocket [36mfrom[0m 
[32m"../../../../../hooks/useSocket"[0m;
  [90m   |[0m 
[31m[1m^^^^^^^^^^^^^^^^^^^^^^^^^^^^^^^^^^^^^^^^^^^^^^^^^^^^^^^[0m
  [90m14 |[0m [36mimport[0m { useQueryClient } [36mfrom[0m 
[32m"@tanstack/react-query"[0m;
  [90m15 |[0m
  [90m16 |[0m [36mtype[0m [33mCourseChatThread[0m = {



Import trace:
  Server Component:
    ./src/app/courses/[courseId]/chat/course-chat-content.tsx
    ./src/app/courses/[courseId]/chat/page.tsx

https://nextjs.org/docs/messages/module-not-found


./src/app/resume/[slug]/edit/ai-forms.tsx:7:1
Module not found: Can't resolve '../../../components/ai/bullet-suggestions'
  [90m 5 |[0m
  [90m 6 |[0m [36mimport[0m { [33mButton[0m } [36mfrom[0m 
[32m"../../../components/ui/button"[0m;
[31m[1m>[0m [90m 7 |[0m [36mimport[0m { [33mBulletSuggestions[0m } 
[36mfrom[0m [32m"../../../components/ai/bullet-suggestions"[0m;
  [90m   |[0m [31m[1m^^^^^^^^^^^^^^^^^^^^^^^^^^^^^^^^^^^^^^^^^^^^^^^^^^^
^^^^^^^^^^^^^^^^^^^^^^^^^^^[0m
  [90m 8 |[0m [36mimport[0m { [33mSkillAnalysis[0m } [36mfrom[0m 
[32m"../../../components/ai/skill-analysis"[0m;
  [90m 9 |[0m [36mimport[0m { [33mInput[0m } [36mfrom[0m 
[32m"../../../components/ui/input"[0m;
  [90m10 |[0m [36mimport[0m { [33mBadge[0m } [36mfrom[0m 
[32m"../../../components/ui/badge"[0m;



Import trace:
  Server Component:
    ./src/app/resume/[slug]/edit/ai-forms.tsx
    ./src/app/resume/[slug]/edit/page.tsx

https://nextjs.org/docs/messages/module-not-found


./src/app/resume/[slug]/edit/ai-forms.tsx:8:1
Module not found: Can't resolve '../../../components/ai/skill-analysis'
  [90m 6 |[0m [36mimport[0m { [33mButton[0m } [36mfrom[0m 
[32m"../../../components/ui/button"[0m;
  [90m 7 |[0m [36mimport[0m { [33mBulletSuggestions[0m } 
[36mfrom[0m [32m"../../../components/ai/bullet-suggestions"[0m;
[31m[1m>[0m [90m 8 |[0m [36mimport[0m { [33mSkillAnalysis[0m } 
[36mfrom[0m [32m"../../../components/ai/skill-analysis"[0m;
  [90m   |[0m [31m[1m^^^^^^^^^^^^^^^^^^^^^^^^^^^^^^^^^^^^^^^^^^^^^^^^^^^
^^^^^^^^^^^^^^^^^^^[0m
  [90m 9 |[0m [36mimport[0m { [33mInput[0m } [36mfrom[0m 
[32m"../../../components/ui/input"[0m;
  [90m10 |[0m [36mimport[0m { [33mBadge[0m } [36mfrom[0m 
[32m"../../../components/ui/badge"[0m;
  [90m11 |[0m [36mimport[0m { [33mTextarea[0m } [36mfrom[0m 
[32m"../../../components/ui/textarea"[0m;



Import trace:
  Server Component:
    ./src/app/resume/[slug]/edit/ai-forms.tsx
    ./src/app/resume/[slug]/edit/page.tsx

https://nextjs.org/docs/messages/module-not-found


./src/app/courses/layout.tsx:10:1
Module not found: Can't resolve '../../../components/chat/chat-avatar'
  [90m 8 |[0m [36mimport[0m { getCourses } [36mfrom[0m 
[32m"@/features/lms/data/course-service"[0m;
  [90m 9 |[0m [36mimport[0m { [33mNotificationsBell[0m } 
[36mfrom[0m 
[32m"../../../components/notifications/notifications-bell"[0m;
[31m[1m>[0m [90m10 |[0m [36mimport[0m { [33mChatAvatar[0m } 
[36mfrom[0m [32m"../../../components/chat/chat-avatar"[0m;
  [90m   |[0m [31m[1m^^^^^^^^^^^^^^^^^^^^^^^^^^^^^^^^^^^^^^^^^^^^^^^^^^^
^^^^^^^^^^^^^^^[0m
  [90m11 |[0m [36mimport[0m { requireSession } [36mfrom[0m 
[32m"@/lib/auth/session"[0m;
  [90m12 |[0m [36mimport[0m { [33mDashboardSidebar[0m } [36mfrom[0m 
[32m"../../../components/dashboard/dashboard-sidebar"[0m;
  [90m13 |[0m [36mimport[0m { [33mCard[0m, [33mCardContent[0m, 
[33mCardDescription[0m, [33mCardHeader[0m, [33mCardTitle[0m } 
[36mfrom[0m [32m"../../component...[0m



https://nextjs.org/docs/messages/module-not-found


./src/app/courses/layout.tsx:14:1
Module not found: Can't resolve '../../../components/current-user-provider'
  [90m12 |[0m [36mimport[0m { [33mDashboardSidebar[0m } [36mfrom[0m 
[32m"../../../components/dashboard/dashboard-sidebar"[0m;
  [90m13 |[0m [36mimport[0m { [33mCard[0m, [33mCardContent[0m, 
[33mCardDescription[0m, [33mCardHeader[0m, [33mCardTitle[0m } 
[36mfrom[0m [32m"../../component...[0m
[31m[1m>[0m [90m14 |[0m [36mimport[0m { [33mCurrentUserProvider[0m 
} [36mfrom[0m [32m"../../../components/current-user-provider"[0m;
  [90m   |[0m [31m[1m^^^^^^^^^^^^^^^^^^^^^^^^^^^^^^^^^^^^^^^^^^^^^^^^^^^
^^^^^^^^^^^^^^^^^^^^^^^^^^^^^[0m
  [90m15 |[0m [36mimport[0m { buildDashboardCoursesUrl } [36mfrom[0m 
[32m"@/lib/dashboard-courses-url"[0m;
  [90m16 |[0m [36mimport[0m { prisma } [36mfrom[0m 
[32m"@/lib/prisma"[0m;
  [90m17 |[0m



https://nextjs.org/docs/messages/module-not-found


./src/app/courses/layout.tsx:9:1
Module not found: Can't resolve 
'../../../components/notifications/notifications-bell'
  [90m 7 |[0m [36mimport[0m { siteConfig } [36mfrom[0m 
[32m"../../../config/site"[0m;
  [90m 8 |[0m [36mimport[0m { getCourses } [36mfrom[0m 
[32m"@/features/lms/data/course-service"[0m;
[31m[1m>[0m [90m 9 |[0m [36mimport[0m { [33mNotificationsBell[0m } 
[36mfrom[0m 
[32m"../../../components/notifications/notifications-bell"[0m;
  [90m   |[0m [31m[1m^^^^^^^^^^^^^^^^^^^^^^^^^^^^^^^^^^^^^^^^^^^^^^^^^^^
^^^^^^^^^^^^^^^^^^^^^^^^^^^^^^^^^^^^^^[0m
  [90m10 |[0m [36mimport[0m { [33mChatAvatar[0m } [36mfrom[0m 
[32m"../../../components/chat/chat-avatar"[0m;
  [90m11 |[0m [36mimport[0m { requireSession } [36mfrom[0m 
[32m"@/lib/auth/session"[0m;
  [90m12 |[0m [36mimport[0m { [33mDashboardSidebar[0m } [36mfrom[0m 
[32m"../../../components/dashboard/dashboard-sidebar"[0m;



https://nextjs.org/docs/messages/module-not-found


./src/app/resume/[slug]/edit/ai-forms.tsx:9:1
Module not found: Can't resolve '../../../components/ui/input'
  [90m 7 |[0m [36mimport[0m { [33mBulletSuggestions[0m } 
[36mfrom[0m [32m"../../../components/ai/bullet-suggestions"[0m;
  [90m 8 |[0m [36mimport[0m { [33mSkillAnalysis[0m } [36mfrom[0m 
[32m"../../../components/ai/skill-analysis"[0m;
[31m[1m>[0m [90m 9 |[0m [36mimport[0m { [33mInput[0m } 
[36mfrom[0m [32m"../../../components/ui/input"[0m;
  [90m   |[0m 
[31m[1m^^^^^^^^^^^^^^^^^^^^^^^^^^^^^^^^^^^^^^^^^^^^^^^^^^^^^[0m
  [90m10 |[0m [36mimport[0m { [33mBadge[0m } [36mfrom[0m 
[32m"../../../components/ui/badge"[0m;
  [90m11 |[0m [36mimport[0m { [33mTextarea[0m } [36mfrom[0m 
[32m"../../../components/ui/textarea"[0m;
  [90m12 |[0m [36mimport[0m { useToast } [36mfrom[0m 
[32m"../../../hooks/use-toast"[0m;



Import trace:
  Server Component:
    ./src/app/resume/[slug]/edit/ai-forms.tsx
    ./src/app/resume/[slug]/edit/page.tsx

https://nextjs.org/docs/messages/module-not-found


./src/app/superadmin/page.tsx:6:1
Module not found: Can't resolve '../../../components/ui/stat-card'
  [90m4 |[0m [36mimport[0m { [33mButton[0m } [36mfrom[0m 
[32m"../../components/ui/button"[0m;
  [90m5 |[0m [36mimport[0m { [33mGlassCard[0m } [36mfrom[0m 
[32m"../../components/ui/glass-card"[0m;
[31m[1m>[0m [90m6 |[0m [36mimport[0m { [33mStatCard[0m } 
[36mfrom[0m [32m"../../../components/ui/stat-card"[0m;
  [90m  |[0m 
[31m[1m^^^^^^^^^^^^^^^^^^^^^^^^^^^^^^^^^^^^^^^^^^^^^^^^^^^^^^^^^^^^[0m
  [90m7 |[0m [36mimport[0m { getSuperAdminOverview } [36mfrom[0m 
[32m"@/features/superadmin/dashboard"[0m;
  [90m8 |[0m
  [90m9 |[0m [36mexport[0m [36mconst[0m dynamic = 
[32m"force-dynamic"[0m;



https://nextjs.org/docs/messages/module-not-found


./src/app/resume/[slug]/edit/ai-forms.tsx:11:1
Module not found: Can't resolve '../../../components/ui/textarea'
  [90m 9 |[0m [36mimport[0m { [33mInput[0m } [36mfrom[0m 
[32m"../../../components/ui/input"[0m;
  [90m10 |[0m [36mimport[0m { [33mBadge[0m } [36mfrom[0m 
[32m"../../../components/ui/badge"[0m;
[31m[1m>[0m [90m11 |[0m [36mimport[0m { [33mTextarea[0m } 
[36mfrom[0m [32m"../../../components/ui/textarea"[0m;
  [90m   |[0m 
[31m[1m^^^^^^^^^^^^^^^^^^^^^^^^^^^^^^^^^^^^^^^^^^^^^^^^^^^^^^^^^^^[0m
  [90m12 |[0m [36mimport[0m { useToast } [36mfrom[0m 
[32m"../../../hooks/use-toast"[0m;
  [90m13 |[0m [36mimport[0m [36mtype[0m {
  [90m14 |[0m   [33mATSActionState[0m,



Import trace:
  Server Component:
    ./src/app/resume/[slug]/edit/ai-forms.tsx
    ./src/app/resume/[slug]/edit/page.tsx

https://nextjs.org/docs/messages/module-not-found


./src/app/courses/layout.tsx:7:1
Module not found: Can't resolve '../../../config/site'
  [90m 5 |[0m
  [90m 6 |[0m [36mimport[0m { [33mBadge[0m } [36mfrom[0m 
[32m"../../components/ui/badge"[0m;
[31m[1m>[0m [90m 7 |[0m [36mimport[0m { siteConfig } [36mfrom[0m 
[32m"../../../config/site"[0m;
  [90m   |[0m 
[31m[1m^^^^^^^^^^^^^^^^^^^^^^^^^^^^^^^^^^^^^^^^^^^^^^^^^^[0m
  [90m 8 |[0m [36mimport[0m { getCourses } [36mfrom[0m 
[32m"@/features/lms/data/course-service"[0m;
  [90m 9 |[0m [36mimport[0m { [33mNotificationsBell[0m } 
[36mfrom[0m 
[32m"../../../components/notifications/notifications-bell"[0m;
  [90m10 |[0m [36mimport[0m { [33mChatAvatar[0m } [36mfrom[0m 
[32m"../../../components/chat/chat-avatar"[0m;



https://nextjs.org/docs/messages/module-not-found


./src/app/resume/[slug]/edit/ai-forms.tsx:12:1
Module not found: Can't resolve '../../../hooks/use-toast'
  [90m10 |[0m [36mimport[0m { [33mBadge[0m } [36mfrom[0m 
[32m"../../../components/ui/badge"[0m;
  [90m11 |[0m [36mimport[0m { [33mTextarea[0m } [36mfrom[0m 
[32m"../../../components/ui/textarea"[0m;
[31m[1m>[0m [90m12 |[0m [36mimport[0m { useToast } [36mfrom[0m 
[32m"../../../hooks/use-toast"[0m;
  [90m   |[0m 
[31m[1m^^^^^^^^^^^^^^^^^^^^^^^^^^^^^^^^^^^^^^^^^^^^^^^^^^^^[0m
  [90m13 |[0m [36mimport[0m [36mtype[0m {
  [90m14 |[0m   [33mATSActionState[0m,
  [90m15 |[0m   [33mBulletActionState[0m,



Import trace:
  Server Component:
    ./src/app/resume/[slug]/edit/ai-forms.tsx
    ./src/app/resume/[slug]/edit/page.tsx

https://nextjs.org/docs/messages/module-not-found


./src/app/page.tsx:5:1
Module not found: Can't resolve '../../components/layout/site-header'
  [90m3 |[0m [36mimport[0m [33mReact[0m [36mfrom[0m 
[32m"react"[0m;
  [90m4 |[0m
[31m[1m>[0m [90m5 |[0m [36mimport[0m { [33mSiteHeader[0m } 
[36mfrom[0m [32m"../../components/layout/site-header"[0m;
  [90m  |[0m [31m[1m^^^^^^^^^^^^^^^^^^^^^^^^^^^^^^^^^^^^^^^^^^^^^^^^^^^^
^^^^^^^^^^^^^[0m
  [90m6 |[0m [36mimport[0m { [33mBadge[0m } [36mfrom[0m 
[32m"../../components/ui/badge"[0m;
  [90m7 |[0m [36mimport[0m { [33mButton[0m } [36mfrom[0m 
[32m"../../components/ui/button"[0m;
  [90m8 |[0m [36mimport[0m { [33mCard[0m, [33mCardContent[0m, 
[33mCardHeader[0m, [33mCardTitle[0m } [36mfrom[0m 
[32m"../../components/ui/card"[0m;



https://nextjs.org/docs/messages/module-not-found


./src/app/page.tsx:6:1
Module not found: Can't resolve '../../components/ui/badge'
  [90m4 |[0m
  [90m5 |[0m [36mimport[0m { [33mSiteHeader[0m } [36mfrom[0m 
[32m"../../components/layout/site-header"[0m;
[31m[1m>[0m [90m6 |[0m [36mimport[0m { [33mBadge[0m } 
[36mfrom[0m [32m"../../components/ui/badge"[0m;
  [90m  |[0m 
[31m[1m^^^^^^^^^^^^^^^^^^^^^^^^^^^^^^^^^^^^^^^^^^^^^^^^^^[0m
  [90m7 |[0m [36mimport[0m { [33mButton[0m } [36mfrom[0m 
[32m"../../components/ui/button"[0m;
  [90m8 |[0m [36mimport[0m { [33mCard[0m, [33mCardContent[0m, 
[33mCardHeader[0m, [33mCardTitle[0m } [36mfrom[0m 
[32m"../../components/ui/card"[0m;
  [90m9 |[0m [36mimport[0m { [33mProgress[0m } [36mfrom[0m 
[32m"../../components/ui/progress"[0m;



https://nextjs.org/docs/messages/module-not-found


./src/app/page.tsx:8:1
Module not found: Can't resolve '../../components/ui/card'
  [90m 6 |[0m [36mimport[0m { [33mBadge[0m } [36mfrom[0m 
[32m"../../components/ui/badge"[0m;
  [90m 7 |[0m [36mimport[0m { [33mButton[0m } [36mfrom[0m 
[32m"../../components/ui/button"[0m;
[31m[1m>[0m [90m 8 |[0m [36mimport[0m { [33mCard[0m, 
[33mCardContent[0m, [33mCardHeader[0m, [33mCardTitle[0m } 
[36mfrom[0m [32m"../../components/ui/card"[0m;
  [90m   |[0m [31m[1m^^^^^^^^^^^^^^^^^^^^^^^^^^^^^^^^^^^^^^^^^^^^^^^^^^^
^^^^^^^^^^^^^^^^^^^^^^^^^^^^^^^^^[0m
  [90m 9 |[0m [36mimport[0m { [33mProgress[0m } [36mfrom[0m 
[32m"../../components/ui/progress"[0m;
  [90m10 |[0m [36mimport[0m { siteConfig } [36mfrom[0m 
[32m"../config/site"[0m;
  [90m11 |[0m



https://nextjs.org/docs/messages/module-not-found


./src/app/page.tsx:9:1
Module not found: Can't resolve '../../components/ui/progress'
  [90m 7 |[0m [36mimport[0m { [33mButton[0m } [36mfrom[0m 
[32m"../../components/ui/button"[0m;
  [90m 8 |[0m [36mimport[0m { [33mCard[0m, [33mCardContent[0m, 
[33mCardHeader[0m, [33mCardTitle[0m } [36mfrom[0m 
[32m"../../components/ui/card"[0m;
[31m[1m>[0m [90m 9 |[0m [36mimport[0m { [33mProgress[0m } 
[36mfrom[0m [32m"../../components/ui/progress"[0m;
  [90m   |[0m 
[31m[1m^^^^^^^^^^^^^^^^^^^^^^^^^^^^^^^^^^^^^^^^^^^^^^^^^^^^^^^^[0m
  [90m10 |[0m [36mimport[0m { siteConfig } [36mfrom[0m 
[32m"../config/site"[0m;
  [90m11 |[0m
  [90m12 |[0m [36mexport[0m [36mconst[0m metadata = {



https://nextjs.org/docs/messages/module-not-found


./src/app/admin/system/page.tsx:8:1
Module not found: Can't resolve '../../components/ui/stat-card'
  [90m 6 |[0m [36mimport[0m { [33mCard[0m, [33mCardContent[0m, 
[33mCardHeader[0m, [33mCardTitle[0m } [36mfrom[0m 
[32m"@/components/ui/card"[0m;
  [90m 7 |[0m [36mimport[0m { [33mInput[0m } [36mfrom[0m 
[32m"@/components/ui/input"[0m;
[31m[1m>[0m [90m 8 |[0m [36mimport[0m { [33mStatCard[0m } 
[36mfrom[0m [32m"../../components/ui/stat-card"[0m;
  [90m   |[0m 
[31m[1m^^^^^^^^^^^^^^^^^^^^^^^^^^^^^^^^^^^^^^^^^^^^^^^^^^^^^^^^^[0m
  [90m 9 |[0m [36mimport[0m {
  [90m10 |[0m   updateUserRole,
  [90m11 |[0m   requireAdminUser,



https://nextjs.org/docs/messages/module-not-found


./src/features/chat/components/chat-area.tsx:8:1
Module not found: Can't resolve '../../lib/utils'
  [90m 6 |[0m [36mimport[0m { [33mThreadMessageList[0m } 
[36mfrom[0m [32m"./thread-message-list"[0m;
  [90m 7 |[0m [36mimport[0m { [33mMessageInput[0m } [36mfrom[0m 
[32m"./message-input"[0m;
[31m[1m>[0m [90m 8 |[0m [36mimport[0m { cn } [36mfrom[0m 
[32m"../../lib/utils"[0m;
  [90m   |[0m [31m[1m^^^^^^^^^^^^^^^^^^^^^^^^^^^^^^^^^^^^^[0m
  [90m 9 |[0m [36mimport[0m { sendMessage } [36mfrom[0m 
[32m"../service"[0m;
  [90m10 |[0m [36mimport[0m { [33mInfo[0m, [33mPhone[0m, 
[33mVideo[0m, [33mUsers[0m, [33mHash[0m, [33mSend[0m, 
[33mPaperclip[0m, [33mSmile[0m } [36mfrom[0m [32m"lucide-react"[0m;
  [90m11 |[0m [36mimport[0m { useChatMessages, useConversationMessages 
} [36mfrom[0m [32m"../hooks"[0m;



Import traces:
  Client Component Browser:
    ./src/features/chat/components/chat-area.tsx [Client Component Browser]
    ./src/features/chat/components/unified-chat-hub.tsx [Client Component 
Browser]
    ./src/features/chat/components/unified-chat-hub.tsx [Server Component]
    ./src/app/chat/page.tsx [Server Component]

  Client Component SSR:
    ./src/features/chat/components/chat-area.tsx [Client Component SSR]
    ./src/features/chat/components/unified-chat-hub.tsx [Client Component 
SSR]
    ./src/features/chat/components/unified-chat-hub.tsx [Server Component]
    ./src/app/chat/page.tsx [Server Component]

https://nextjs.org/docs/messages/module-not-found


./src/features/interview/components/interview-dashboard.tsx:27:1
Module not found: Can't resolve '../../lib/utils'
  [90m25 |[0m } [36mfrom[0m [32m"../hooks"[0m;
  [90m26 |[0m [36mimport[0m { getInterviewSessions } [36mfrom[0m 
[32m"../service"[0m;
[31m[1m>[0m [90m27 |[0m [36mimport[0m { cn } [36mfrom[0m 
[32m"../../lib/utils"[0m;
  [90m   |[0m [31m[1m^^^^^^^^^^^^^^^^^^^^^^^^^^^^^^^^^^^^^[0m
  [90m28 |[0m [36mimport[0m { [33mQuestionBankSelector[0m } 
[36mfrom[0m [32m"./question-bank-selector"[0m;
  [90m29 |[0m [36mimport[0m { [33mAnalyticsDashboard[0m } 
[36mfrom[0m [32m"./analytics-dashboard"[0m;
  [90m30 |[0m



Import trace:
  Server Component:
    ./src/features/interview/components/interview-dashboard.tsx
    ./src/app/dashboard/interview/page.tsx

https://nextjs.org/docs/messages/module-not-found


./src/components/resume/resume-edit-form.tsx:8:1
Module not found: Can't resolve '../hooks/use-toast'
  [90m 6 |[0m [36mimport[0m { [33mLabel[0m } [36mfrom[0m 
[32m"../ui/label"[0m;
  [90m 7 |[0m [36mimport[0m { [33mTextarea[0m } [36mfrom[0m 
[32m"../ui/textarea"[0m;
[31m[1m>[0m [90m 8 |[0m [36mimport[0m { useToast } [36mfrom[0m 
[32m"../hooks/use-toast"[0m;
  [90m   |[0m [31m[1m^^^^^^^^^^^^^^^^^^^^^^^^^^^^^^^^^^^^^^^^^^^^^^[0m
  [90m 9 |[0m
  [90m10 |[0m [36minterface[0m [33mResumeEditFormProps[0m {
  [90m11 |[0m   slug: string;



Import trace:
  Server Component:
    ./src/components/resume/resume-edit-form.tsx
    ./src/app/resume/[slug]/edit/page.tsx

https://nextjs.org/docs/messages/module-not-found


./node_modules/pg/lib/connection-parameters.js:3:13
Module not found: Can't resolve 'dns'
  [90m1 |[0m [32m'use strict'[0m
  [90m2 |[0m
[31m[1m>[0m [90m3 |[0m [36mconst[0m dns = require([32m'dns'[0m)
  [90m  |[0m             [31m[1m^^^^^^^^^^^^^^[0m
  [90m4 |[0m
  [90m5 |[0m [36mconst[0m defaults = require([32m'./defaults'[0m)
  [90m6 |[0m



Import trace:
  Client Component Browser:
    ./node_modules/pg/lib/connection-parameters.js [Client Component 
Browser]
    ./node_modules/pg/lib/client.js [Client Component Browser]
    ./node_modules/pg/lib/index.js [Client Component Browser]
    ./node_modules/pg/esm/index.mjs [Client Component Browser]
    ./node_modules/@prisma/adapter-pg/dist/index.mjs [Client Component 
Browser]
    ./src/lib/prisma.ts [Client Component Browser]
    ./src/features/admin/service.ts [Client Component Browser]
    ./src/components/admin/admin-courses-grid.tsx [Client Component Browser]
    ./src/app/admin/courses-test/page.tsx [Client Component Browser]
    ./src/app/admin/courses-test/page.tsx [Server Component]

https://nextjs.org/docs/messages/module-not-found


./node_modules/pg-connection-string/index.js:82:70
Module not found: Can't resolve 'fs'
  [90m80 |[0m
  [90m81 |[0m   [90m// Only try to load fs if we expect to read from the 
disk[0m
[31m[1m>[0m [90m82 |[0m   [36mconst[0m fs = config.sslcert || 
config.sslkey || config.sslrootcert ? require([32m'fs'[0m) : [36mnull[0m
  [90m   |[0m                                                             
         [31m[1m^^^^^^^^^^^^^[0m
  [90m83 |[0m
  [90m84 |[0m   [36mif[0m (config.sslcert) {
  [90m85 |[0m     config.ssl.cert = 
fs.readFileSync(config.sslcert).toString()



Import trace:
  Client Component Browser:
    ./node_modules/pg-connection-string/index.js [Client Component Browser]
    ./node_modules/pg/lib/connection-parameters.js [Client Component 
Browser]
    ./node_modules/pg/lib/client.js [Client Component Browser]
    ./node_modules/pg/lib/index.js [Client Component Browser]
    ./node_modules/pg/esm/index.mjs [Client Component Browser]
    ./node_modules/@prisma/adapter-pg/dist/index.mjs [Client Component 
Browser]
    ./src/lib/prisma.ts [Client Component Browser]
    ./src/features/admin/service.ts [Client Component Browser]
    ./src/components/admin/admin-courses-grid.tsx [Client Component Browser]
    ./src/app/admin/courses-test/page.tsx [Client Component Browser]
    ./src/app/admin/courses-test/page.tsx [Server Component]

https://nextjs.org/docs/messages/module-not-found


./node_modules/pgpass/lib/index.js:4:10
Module not found: Can't resolve 'fs'
  [90m2 |[0m
  [90m3 |[0m [36mvar[0m path = require([32m'path'[0m)
[31m[1m>[0m [90m4 |[0m   , fs = require([32m'fs'[0m)
  [90m  |[0m          [31m[1m^^^^^^^^^^^^^[0m
  [90m5 |[0m   , helper = require([32m'./helper.js'[0m)
  [90m6 |[0m ;
  [90m7 |[0m



Import trace:
  Client Component Browser:
    ./node_modules/pgpass/lib/index.js [Client Component Browser]
    ./node_modules/pg/lib/client.js [Client Component Browser]
    ./node_modules/pg/lib/index.js [Client Component Browser]
    ./node_modules/pg/esm/index.mjs [Client Component Browser]
    ./node_modules/@prisma/adapter-pg/dist/index.mjs [Client Component 
Browser]
    ./src/lib/prisma.ts [Client Component Browser]
    ./src/features/admin/service.ts [Client Component Browser]
    ./src/components/admin/admin-courses-grid.tsx [Client Component Browser]
    ./src/app/admin/courses-test/page.tsx [Client Component Browser]
    ./src/app/admin/courses-test/page.tsx [Server Component]

https://nextjs.org/docs/messages/module-not-found


./node_modules/pg/lib/connection.js:93:19
Module not found: Can't resolve 'net'
  [90m91 |[0m       }
  [90m92 |[0m
[31m[1m>[0m [90m93 |[0m       [36mconst[0m net = 
require([32m'net'[0m)
  [90m   |[0m                   [31m[1m^^^^^^^^^^^^^^[0m
  [90m94 |[0m       [36mif[0m (net.isIP && net.isIP(host) === 
[35m0[0m) {
  [90m95 |[0m         options.servername = host
  [90m96 |[0m       }



Import trace:
  Client Component Browser:
    ./node_modules/pg/lib/connection.js [Client Component Browser]
    ./node_modules/pg/lib/index.js [Client Component Browser]
    ./node_modules/pg/esm/index.mjs [Client Component Browser]
    ./node_modules/@prisma/adapter-pg/dist/index.mjs [Client Component 
Browser]
    ./src/lib/prisma.ts [Client Component Browser]
    ./src/features/admin/service.ts [Client Component Browser]
    ./src/components/admin/admin-courses-grid.tsx [Client Component Browser]
    ./src/app/admin/courses-test/page.tsx [Client Component Browser]
    ./src/app/admin/courses-test/page.tsx [Server Component]

https://nextjs.org/docs/messages/module-not-found


./node_modules/pg/lib/stream.js:22:17
Module not found: Can't resolve 'net'
  [90m20 |[0m [36mfunction[0m getNodejsStreamFuncs() {
  [90m21 |[0m   [36mfunction[0m getStream(ssl) {
[31m[1m>[0m [90m22 |[0m     [36mconst[0m net = 
require([32m'net'[0m)
  [90m   |[0m                 [31m[1m^^^^^^^^^^^^^^[0m
  [90m23 |[0m     [36mreturn[0m [36mnew[0m net.[33mSocket[0m()
  [90m24 |[0m   }
  [90m25 |[0m



Import trace:
  Client Component Browser:
    ./node_modules/pg/lib/stream.js [Client Component Browser]
    ./node_modules/pg/lib/connection.js [Client Component Browser]
    ./node_modules/pg/lib/index.js [Client Component Browser]
    ./node_modules/pg/esm/index.mjs [Client Component Browser]
    ./node_modules/@prisma/adapter-pg/dist/index.mjs [Client Component 
Browser]
    ./src/lib/prisma.ts [Client Component Browser]
    ./src/features/admin/service.ts [Client Component Browser]
    ./src/components/admin/admin-courses-grid.tsx [Client Component Browser]
    ./src/app/admin/courses-test/page.tsx [Client Component Browser]
    ./src/app/admin/courses-test/page.tsx [Server Component]

https://nextjs.org/docs/messages/module-not-found


./node_modules/pg/lib/stream.js:41:34
Module not found: Can't resolve 'pg-cloudflare'
  [90m39 |[0m [36mfunction[0m getCloudflareStreamFuncs() {
  [90m40 |[0m   [36mfunction[0m getStream(ssl) {
[31m[1m>[0m [90m41 |[0m     [36mconst[0m { [33mCloudflareSocket[0m 
} = require([32m'pg-cloudflare'[0m)
  [90m   |[0m                                  
[31m[1m^^^^^^^^^^^^^^^^^^^^^^^^[0m
  [90m42 |[0m     [36mreturn[0m [36mnew[0m 
[33mCloudflareSocket[0m(ssl)
  [90m43 |[0m   }
  [90m44 |[0m



Import trace:
  Client Component Browser:
    ./node_modules/pg/lib/stream.js [Client Component Browser]
    ./node_modules/pg/lib/connection.js [Client Component Browser]
    ./node_modules/pg/lib/index.js [Client Component Browser]
    ./node_modules/pg/esm/index.mjs [Client Component Browser]
    ./node_modules/@prisma/adapter-pg/dist/index.mjs [Client Component 
Browser]
    ./src/lib/prisma.ts [Client Component Browser]
    ./src/features/admin/service.ts [Client Component Browser]
    ./src/components/admin/admin-courses-grid.tsx [Client Component Browser]
    ./src/app/admin/courses-test/page.tsx [Client Component Browser]
    ./src/app/admin/courses-test/page.tsx [Server Component]

https://nextjs.org/docs/messages/module-not-found


./src/features/interview/components/score-trend-chart.tsx:4:1
Module not found: Can't resolve 'recharts'
  [90m 2 |[0m
  [90m 3 |[0m [36mimport[0m [33mReact[0m, { useMemo } [36mfrom[0m 
[32m'react'[0m;
[31m[1m>[0m [90m 4 |[0m [36mimport[0m {
  [90m   |[0m [31m[1m^^^^^^^[0m
[31m[1m>[0m [90m 5 |[0m   [33mLineChart[0m,
  [90m   |[0m [31m[1m^^^^^^^^^^^^[0m
[31m[1m>[0m [90m 6 |[0m   [33mLine[0m,
  [90m   |[0m [31m[1m^^^^^^^[0m
[31m[1m>[0m [90m 7 |[0m   [33mXAxis[0m,
  [90m   |[0m [31m[1m^^^^^^^^[0m
[31m[1m>[0m [90m 8 |[0m   [33mYAxis[0m,
  [90m   |[0m [31m[1m^^^^^^^^[0m
[31m[1m>[0m [90m 9 |[0m   [33mCartesianGrid[0m,
  [90m   |[0m [31m[1m^^^^^^^^^^^^^^^^[0m
[31m[1m>[0m [90m10 |[0m   [33mTooltip[0m,
  [90m   |[0m [31m[1m^^^^^^^^^^[0m
[31m[1m>[0m [90m11 |[0m   [33mLegend[0m,
  [90m   |[0m [31m[1m^^^^^^^^^[0m
[31m[1m>[0m [90m12 |[0m   [33mResponsiveContainer[0m,
  [90m   |[0m [31m[1m^^^^^^^^^^^^^^^^^^^^^^[0m
[31m[1m>[0m [90m13 |[0m   [33mReferenceLine[0m,
  [90m   |[0m [31m[1m^^^^^^^^^^^^^^^^[0m
[31m[1m>[0m [90m14 |[0m } [36mfrom[0m [32m'recharts'[0m;
  [90m   |[0m [31m[1m^^^^^^^^^^^^^^^^^^[0m
  [90m15 |[0m [36mimport[0m [36mtype[0m { [33mScoreTrend[0m } 
[36mfrom[0m [32m'@/features/interview/analytics-service'[0m;
  [90m16 |[0m
  [90m17 |[0m [36minterface[0m [33mScoreTrendChartProps[0m {



Import traces:
  Client Component Browser:
    ./src/features/interview/components/score-trend-chart.tsx [Client 
Component Browser]
    ./src/features/interview/components/analytics-dashboard.tsx [Client 
Component Browser]
    ./src/features/interview/components/interview-dashboard.tsx [Client 
Component Browser]
    ./src/features/interview/components/interview-dashboard.tsx [Server 
Component]
    ./src/app/dashboard/interview/page.tsx [Server Component]

  Client Component SSR:
    ./src/features/interview/components/score-trend-chart.tsx [Client 
Component SSR]
    ./src/features/interview/components/analytics-dashboard.tsx [Client 
Component SSR]
    ./src/features/interview/components/interview-dashboard.tsx [Client 
Component SSR]
    ./src/features/interview/components/interview-dashboard.tsx [Server 
Component]
    ./src/app/dashboard/interview/page.tsx [Server Component]

https://nextjs.org/docs/messages/module-not-found


./node_modules/pg/lib/stream.js:27:17
Module not found: Can't resolve 'tls'
  [90m25 |[0m
  [90m26 |[0m   [36mfunction[0m getSecureStream(options) {
[31m[1m>[0m [90m27 |[0m     [36mconst[0m tls = 
require([32m'tls'[0m)
  [90m   |[0m                 [31m[1m^^^^^^^^^^^^^^[0m
  [90m28 |[0m     [36mreturn[0m tls.connect(options)
  [90m29 |[0m   }
  [90m30 |[0m   [36mreturn[0m {



Import trace:
  Client Component Browser:
    ./node_modules/pg/lib/stream.js [Client Component Browser]
    ./node_modules/pg/lib/connection.js [Client Component Browser]
    ./node_modules/pg/lib/index.js [Client Component Browser]
    ./node_modules/pg/esm/index.mjs [Client Component Browser]
    ./node_modules/@prisma/adapter-pg/dist/index.mjs [Client Component 
Browser]
    ./src/lib/prisma.ts [Client Component Browser]
    ./src/features/admin/service.ts [Client Component Browser]
    ./src/components/admin/admin-courses-grid.tsx [Client Component Browser]
    ./src/app/admin/courses-test/page.tsx [Client Component Browser]
    ./src/app/admin/courses-test/page.tsx [Server Component]

https://nextjs.org/docs/messages/module-not-found


./src/app/api/auth/forgot-password/route.ts:4:1
Export ForgotPasswordSchema doesn't exist in target module
  [90m2 |[0m
  [90m3 |[0m [36mimport[0m { requestPasswordReset } [36mfrom[0m 
[32m"@/features/auth/service"[0m;
[31m[1m>[0m [90m4 |[0m [36mimport[0m { [33mForgotPasswordSchema[0m 
} [36mfrom[0m [32m"@/features/auth/schemas"[0m;
  [90m  |[0m 
[31m[1m^^^^^^^^^^^^^^^^^^^^^^^^^^^^^^^^^^^^^^^^^^^^^^^^^^^^^^^^^^^^^^^[0m
  [90m5 |[0m
  [90m6 |[0m [36mexport[0m [36mconst[0m runtime = [32m"nodejs"[0m;
  [90m7 |[0m

The export ForgotPasswordSchema was not found in module 
[project]/src/features/auth/schemas.ts [app-route] (ecmascript).
Did you mean to import resetPasswordSchema?
All exports of the module are statically known (It doesn't have dynamic 
exports). So it's known statically that the requested export doesn't exist.


./src/app/api/auth/login/route.ts:7:1
Export LoginSchema doesn't exist in target module
  [90m 5 |[0m [36mimport[0m { prisma } [36mfrom[0m 
[32m"@/lib/prisma"[0m;
  [90m 6 |[0m [36mimport[0m { loginUser } [36mfrom[0m 
[32m"@/features/auth/service"[0m;
[31m[1m>[0m [90m 7 |[0m [36mimport[0m { [33mLoginSchema[0m } 
[36mfrom[0m [32m"@/features/auth/schemas"[0m;
  [90m   |[0m 
[31m[1m^^^^^^^^^^^^^^^^^^^^^^^^^^^^^^^^^^^^^^^^^^^^^^^^^^^^^^[0m
  [90m 8 |[0m [36mimport[0m { setAuthCookies } [36mfrom[0m 
[32m"@/lib/auth/cookies"[0m;
  [90m 9 |[0m [36mimport[0m { verifyPassword } [36mfrom[0m 
[32m"@/lib/auth/password"[0m;
  [90m10 |[0m [36mimport[0m { verifyToken } [36mfrom[0m 
[32m"@/lib/auth/jwt"[0m;

The export LoginSchema was not found in module 
[project]/src/features/auth/schemas.ts [app-route] (ecmascript).
Did you mean to import passwordResetSchema?
All exports of the module are statically known (It doesn't have dynamic 
exports). So it's known statically that the requested export doesn't exist.


./src/app/api/resumes/view/[shareToken]/route.ts:4:1
Export NotificationService doesn't exist in target module
  [90m2 |[0m [36mimport[0m { [33mSharingService[0m } [36mfrom[0m 
[32m'@/features/resume/sharing-service'[0m;
  [90m3 |[0m [36mimport[0m { [33mAnalyticsService[0m } [36mfrom[0m 
[32m'@/features/resume/analytics-service'[0m;
[31m[1m>[0m [90m4 |[0m [36mimport[0m { [33mNotificationService[0m 
} [36mfrom[0m [32m'@/features/resume/notification-service'[0m;
  [90m  |[0m [31m[1m^^^^^^^^^^^^^^^^^^^^^^^^^^^^^^^^^^^^^^^^^^^^^^^^^^^^
^^^^^^^^^^^^^^^^^^^^^^^^^[0m
  [90m5 |[0m [36mimport[0m { prisma } [36mfrom[0m 
[32m'@/lib/prisma'[0m;
  [90m6 |[0m
  [90m7 |[0m /**

The export NotificationService was not found in module 
[project]/src/features/resume/notification-service.ts [app-route] 
(ecmascript).
Did you mean to import notificationService?
All exports of the module are statically known (It doesn't have dynamic 
exports). So it's known statically that the requested export doesn't exist.


./src/features/resume/analytics-service.ts:3:1
Export NotificationService doesn't exist in target module
  [90m1 |[0m [36mimport[0m { prisma } [36mfrom[0m 
[32m'../../lib/prisma'[0m;
  [90m2 |[0m [36mimport[0m { [33mUAParser[0m } [36mfrom[0m 
[32m'ua-parser-js'[0m;
[31m[1m>[0m [90m3 |[0m [36mimport[0m { [33mNotificationService[0m 
} [36mfrom[0m [32m'./notification-service'[0m;
  [90m  |[0m 
[31m[1m^^^^^^^^^^^^^^^^^^^^^^^^^^^^^^^^^^^^^^^^^^^^^^^^^^^^^^^^^^^^^[0m
  [90m4 |[0m
  [90m5 |[0m [36mexport[0m [36minterface[0m [33mViewMetadata[0m {
  [90m6 |[0m   userAgent?: string;

The export NotificationService was not found in module 
[project]/src/features/resume/notification-service.ts [app-route] 
(ecmascript).
Did you mean to import notificationService?
All exports of the module are statically known (It doesn't have dynamic 
exports). So it's known statically that the requested export doesn't exist.

Import trace:
  App Route:
    ./src/features/resume/analytics-service.ts
    ./src/app/api/resumes/view/[shareToken]/route.ts


./src/app/api/auth/register/route.ts:5:1
Export RegisterSchema doesn't exist in target module
  [90m3 |[0m [36mimport[0m path [36mfrom[0m [32m"path"[0m;
  [90m4 |[0m
[31m[1m>[0m [90m5 |[0m [36mimport[0m { [33mRegisterSchema[0m } 
[36mfrom[0m [32m"@/features/auth/schemas"[0m;
  [90m  |[0m 
[31m[1m^^^^^^^^^^^^^^^^^^^^^^^^^^^^^^^^^^^^^^^^^^^^^^^^^^^^^^^^^[0m
  [90m6 |[0m [36mimport[0m { upsertStudentProfile } [36mfrom[0m 
[32m"@/features/profile/service"[0m;
  [90m7 |[0m [36mimport[0m { setAuthCookies } [36mfrom[0m 
[32m"@/lib/auth/cookies"[0m;
  [90m8 |[0m [36mimport[0m { hashPassword } [36mfrom[0m 
[32m"@/lib/auth/password"[0m;

The export RegisterSchema was not found in module 
[project]/src/features/auth/schemas.ts [app-route] (ecmascript).
Did you mean to import passwordResetSchema?
All exports of the module are statically known (It doesn't have dynamic 
exports). So it's known statically that the requested export doesn't exist.


./src/app/api/auth/reset-password/route.ts:4:1
Export ResetPasswordSchema doesn't exist in target module
  [90m2 |[0m
  [90m3 |[0m [36mimport[0m { resetPassword } [36mfrom[0m 
[32m"@/features/auth/service"[0m;
[31m[1m>[0m [90m4 |[0m [36mimport[0m { [33mResetPasswordSchema[0m 
} [36mfrom[0m [32m"@/features/auth/schemas"[0m;
  [90m  |[0m 
[31m[1m^^^^^^^^^^^^^^^^^^^^^^^^^^^^^^^^^^^^^^^^^^^^^^^^^^^^^^^^^^^^^^[0m
  [90m5 |[0m
  [90m6 |[0m [36mexport[0m [36mconst[0m runtime = [32m"nodejs"[0m;
  [90m7 |[0m

The export ResetPasswordSchema was not found in module 
[project]/src/features/auth/schemas.ts [app-route] (ecmascript).
Did you mean to import resetPasswordSchema?
All exports of the module are statically known (It doesn't have dynamic 
exports). So it's known statically that the requested export doesn't exist.


./src/features/superadmin/tenants/page.tsx:25:1
Export SheetDescription doesn't exist in target module
  [90m23 |[0m [36mimport[0m { [33mGlassCard[0m } [36mfrom[0m 
[32m"../../../components/ui/glass-card"[0m;
  [90m24 |[0m [36mimport[0m { [33mInput[0m } [36mfrom[0m 
[32m"../../../components/ui/input"[0m;
[31m[1m>[0m [90m25 |[0m [36mimport[0m {
  [90m   |[0m [31m[1m^^^^^^^[0m
[31m[1m>[0m [90m26 |[0m   [33mSheet[0m,
  [90m   |[0m [31m[1m^^^^^^^^[0m
[31m[1m>[0m [90m27 |[0m   [33mSheetContent[0m,
  [90m   |[0m [31m[1m^^^^^^^^^^^^^^^[0m
[31m[1m>[0m [90m28 |[0m   [33mSheetFooter[0m,
  [90m   |[0m [31m[1m^^^^^^^^^^^^^^[0m
[31m[1m>[0m [90m29 |[0m   [33mSheetHeader[0m,
  [90m   |[0m [31m[1m^^^^^^^^^^^^^^[0m
[31m[1m>[0m [90m30 |[0m   [33mSheetTitle[0m,
  [90m   |[0m [31m[1m^^^^^^^^^^^^^[0m
[31m[1m>[0m [90m31 |[0m   [33mSheetDescription[0m,
  [90m   |[0m [31m[1m^^^^^^^^^^^^^^^^^^^[0m
[31m[1m>[0m [90m32 |[0m } [36mfrom[0m 
[32m"../../../components/ui/sheet"[0m;
  [90m   |[0m [31m[1m^^^^^^^^^^^^^^^^^^^^^^^^^^^^^^^^^^^^^^[0m
  [90m33 |[0m
  [90m34 |[0m [36mtype[0m [33mTenantStatus[0m = [32m"ACTIVE"[0m | 
[32m"TRIAL"[0m | [32m"SUSPENDED"[0m | [32m"CANCELLED"[0m;
  [90m35 |[0m [36mtype[0m [33mTenantPlanTier[0m = [32m"STARTER"[0m 
| [32m"PROFESSIONAL"[0m | [32m"ENTERPRISE"[0m;

The export SheetDescription was not found in module 
[project]/src/components/ui/sheet.tsx [app-client] (ecmascript).
Did you mean to import Sheet?
All exports of the module are statically known (It doesn't have dynamic 
exports). So it's known statically that the requested export doesn't exist.

Import trace:
  Server Component:
    ./src/features/superadmin/tenants/page.tsx
    ./src/app/superadmin/tenants/page.tsx


./src/features/superadmin/tenants/page.tsx:25:1
Export SheetDescription doesn't exist in target module
  [90m23 |[0m [36mimport[0m { [33mGlassCard[0m } [36mfrom[0m 
[32m"../../../components/ui/glass-card"[0m;
  [90m24 |[0m [36mimport[0m { [33mInput[0m } [36mfrom[0m 
[32m"../../../components/ui/input"[0m;
[31m[1m>[0m [90m25 |[0m [36mimport[0m {
  [90m   |[0m [31m[1m^^^^^^^[0m
[31m[1m>[0m [90m26 |[0m   [33mSheet[0m,
  [90m   |[0m [31m[1m^^^^^^^^[0m
[31m[1m>[0m [90m27 |[0m   [33mSheetContent[0m,
  [90m   |[0m [31m[1m^^^^^^^^^^^^^^^[0m
[31m[1m>[0m [90m28 |[0m   [33mSheetFooter[0m,
  [90m   |[0m [31m[1m^^^^^^^^^^^^^^[0m
[31m[1m>[0m [90m29 |[0m   [33mSheetHeader[0m,
  [90m   |[0m [31m[1m^^^^^^^^^^^^^^[0m
[31m[1m>[0m [90m30 |[0m   [33mSheetTitle[0m,
  [90m   |[0m [31m[1m^^^^^^^^^^^^^[0m
[31m[1m>[0m [90m31 |[0m   [33mSheetDescription[0m,
  [90m   |[0m [31m[1m^^^^^^^^^^^^^^^^^^^[0m
[31m[1m>[0m [90m32 |[0m } [36mfrom[0m 
[32m"../../../components/ui/sheet"[0m;
  [90m   |[0m [31m[1m^^^^^^^^^^^^^^^^^^^^^^^^^^^^^^^^^^^^^^[0m
  [90m33 |[0m
  [90m34 |[0m [36mtype[0m [33mTenantStatus[0m = [32m"ACTIVE"[0m | 
[32m"TRIAL"[0m | [32m"SUSPENDED"[0m | [32m"CANCELLED"[0m;
  [90m35 |[0m [36mtype[0m [33mTenantPlanTier[0m = [32m"STARTER"[0m 
| [32m"PROFESSIONAL"[0m | [32m"ENTERPRISE"[0m;

The export SheetDescription was not found in module 
[project]/src/components/ui/sheet.tsx [app-ssr] (ecmascript).
Did you mean to import Sheet?
All exports of the module are statically known (It doesn't have dynamic 
exports). So it's known statically that the requested export doesn't exist.

Import trace:
  Server Component:
    ./src/features/superadmin/tenants/page.tsx
    ./src/app/superadmin/tenants/page.tsx


./src/features/superadmin/tenants/page.tsx:25:1
Export SheetFooter doesn't exist in target module
  [90m23 |[0m [36mimport[0m { [33mGlassCard[0m } [36mfrom[0m 
[32m"../../../components/ui/glass-card"[0m;
  [90m24 |[0m [36mimport[0m { [33mInput[0m } [36mfrom[0m 
[32m"../../../components/ui/input"[0m;
[31m[1m>[0m [90m25 |[0m [36mimport[0m {
  [90m   |[0m [31m[1m^^^^^^^[0m
[31m[1m>[0m [90m26 |[0m   [33mSheet[0m,
  [90m   |[0m [31m[1m^^^^^^^^[0m
[31m[1m>[0m [90m27 |[0m   [33mSheetContent[0m,
  [90m   |[0m [31m[1m^^^^^^^^^^^^^^^[0m
[31m[1m>[0m [90m28 |[0m   [33mSheetFooter[0m,
  [90m   |[0m [31m[1m^^^^^^^^^^^^^^[0m
[31m[1m>[0m [90m29 |[0m   [33mSheetHeader[0m,
  [90m   |[0m [31m[1m^^^^^^^^^^^^^^[0m
[31m[1m>[0m [90m30 |[0m   [33mSheetTitle[0m,
  [90m   |[0m [31m[1m^^^^^^^^^^^^^[0m
[31m[1m>[0m [90m31 |[0m   [33mSheetDescription[0m,
  [90m   |[0m [31m[1m^^^^^^^^^^^^^^^^^^^[0m
[31m[1m>[0m [90m32 |[0m } [36mfrom[0m 
[32m"../../../components/ui/sheet"[0m;
  [90m   |[0m [31m[1m^^^^^^^^^^^^^^^^^^^^^^^^^^^^^^^^^^^^^^[0m
  [90m33 |[0m
  [90m34 |[0m [36mtype[0m [33mTenantStatus[0m = [32m"ACTIVE"[0m | 
[32m"TRIAL"[0m | [32m"SUSPENDED"[0m | [32m"CANCELLED"[0m;
  [90m35 |[0m [36mtype[0m [33mTenantPlanTier[0m = [32m"STARTER"[0m 
| [32m"PROFESSIONAL"[0m | [32m"ENTERPRISE"[0m;

The export SheetFooter was not found in module 
[project]/src/components/ui/sheet.tsx [app-client] (ecmascript).
Did you mean to import Sheet?
All exports of the module are statically known (It doesn't have dynamic 
exports). So it's known statically that the requested export doesn't exist.

Import trace:
  Server Component:
    ./src/features/superadmin/tenants/page.tsx
    ./src/app/superadmin/tenants/page.tsx


./src/features/superadmin/tenants/page.tsx:25:1
Export SheetFooter doesn't exist in target module
  [90m23 |[0m [36mimport[0m { [33mGlassCard[0m } [36mfrom[0m 
[32m"../../../components/ui/glass-card"[0m;
  [90m24 |[0m [36mimport[0m { [33mInput[0m } [36mfrom[0m 
[32m"../../../components/ui/input"[0m;
[31m[1m>[0m [90m25 |[0m [36mimport[0m {
  [90m   |[0m [31m[1m^^^^^^^[0m
[31m[1m>[0m [90m26 |[0m   [33mSheet[0m,
  [90m   |[0m [31m[1m^^^^^^^^[0m
[31m[1m>[0m [90m27 |[0m   [33mSheetContent[0m,
  [90m   |[0m [31m[1m^^^^^^^^^^^^^^^[0m
[31m[1m>[0m [90m28 |[0m   [33mSheetFooter[0m,
  [90m   |[0m [31m[1m^^^^^^^^^^^^^^[0m
[31m[1m>[0m [90m29 |[0m   [33mSheetHeader[0m,
  [90m   |[0m [31m[1m^^^^^^^^^^^^^^[0m
[31m[1m>[0m [90m30 |[0m   [33mSheetTitle[0m,
  [90m   |[0m [31m[1m^^^^^^^^^^^^^[0m
[31m[1m>[0m [90m31 |[0m   [33mSheetDescription[0m,
  [90m   |[0m [31m[1m^^^^^^^^^^^^^^^^^^^[0m
[31m[1m>[0m [90m32 |[0m } [36mfrom[0m 
[32m"../../../components/ui/sheet"[0m;
  [90m   |[0m [31m[1m^^^^^^^^^^^^^^^^^^^^^^^^^^^^^^^^^^^^^^[0m
  [90m33 |[0m
  [90m34 |[0m [36mtype[0m [33mTenantStatus[0m = [32m"ACTIVE"[0m | 
[32m"TRIAL"[0m | [32m"SUSPENDED"[0m | [32m"CANCELLED"[0m;
  [90m35 |[0m [36mtype[0m [33mTenantPlanTier[0m = [32m"STARTER"[0m 
| [32m"PROFESSIONAL"[0m | [32m"ENTERPRISE"[0m;

The export SheetFooter was not found in module 
[project]/src/components/ui/sheet.tsx [app-ssr] (ecmascript).
Did you mean to import Sheet?
All exports of the module are statically known (It doesn't have dynamic 
exports). So it's known statically that the requested export doesn't exist.

Import trace:
  Server Component:
    ./src/features/superadmin/tenants/page.tsx
    ./src/app/superadmin/tenants/page.tsx


./src/app/api/ai/ats-analysis/route.ts:3:1
Export analyzeATSMatch doesn't exist in target module
  [90m1 |[0m [36mimport[0m { [33mNextRequest[0m, 
[33mNextResponse[0m } [36mfrom[0m [32m"next/server"[0m;
  [90m2 |[0m
[31m[1m>[0m [90m3 |[0m [36mimport[0m { analyzeATSMatch } 
[36mfrom[0m [32m"@/lib/ai/resume"[0m;
  [90m  |[0m 
[31m[1m^^^^^^^^^^^^^^^^^^^^^^^^^^^^^^^^^^^^^^^^^^^^^^^^^^[0m
  [90m4 |[0m [36mimport[0m { verifyToken } [36mfrom[0m 
[32m"@/lib/auth/jwt"[0m;
  [90m5 |[0m [36mimport[0m { z } [36mfrom[0m [32m"zod"[0m;
  [90m6 |[0m

The export analyzeATSMatch was not found in module 
[project]/src/lib/ai/resume.ts [app-route] (ecmascript).
Did you mean to import optimizeResumeSummary?
All exports of the module are statically known (It doesn't have dynamic 
exports). So it's known statically that the requested export doesn't exist.


./src/app/resume/[slug]/edit/page.tsx:26:1
Export analyzeATSMatch doesn't exist in target module
  [90m24 |[0m [36mimport[0m { upsertStudentProfile } [36mfrom[0m 
[32m"@/features/profile/service"[0m;
  [90m25 |[0m [36mimport[0m { [33mResumeExperienceSchema[0m, 
[33mResumeProjectSchema[0m } [36mfrom[0m 
[32m"@/features/resume/schemas"[0m;
[31m[1m>[0m [90m26 |[0m [36mimport[0m {
  [90m   |[0m [31m[1m^^^^^^^[0m
[31m[1m>[0m [90m27 |[0m   analyzeATSMatch,
  [90m   |[0m [31m[1m^^^^^^^^^^^^^^^^^^[0m
[31m[1m>[0m [90m28 |[0m   analyzeSkills,
  [90m   |[0m [31m[1m^^^^^^^^^^^^^^^^[0m
[31m[1m>[0m [90m29 |[0m   generateBulletPoints,
  [90m   |[0m [31m[1m^^^^^^^^^^^^^^^^^^^^^^^[0m
[31m[1m>[0m [90m30 |[0m   generateCoverLetter,
  [90m   |[0m [31m[1m^^^^^^^^^^^^^^^^^^^^^^[0m
[31m[1m>[0m [90m31 |[0m   optimizeResumeSummary,
  [90m   |[0m [31m[1m^^^^^^^^^^^^^^^^^^^^^^^^[0m
[31m[1m>[0m [90m32 |[0m } [36mfrom[0m [32m"@/lib/ai/resume"[0m;
  [90m   |[0m [31m[1m^^^^^^^^^^^^^^^^^^^^^^^^^[0m
  [90m33 |[0m [36mimport[0m { requireSession } [36mfrom[0m 
[32m"@/lib/auth/session"[0m;
  [90m34 |[0m [36mimport[0m { invalidateDashboardInsights } 
[36mfrom[0m [32m"@/features/dashboard/service"[0m;
  [90m35 |[0m [36mimport[0m [36mtype[0m {

The export analyzeATSMatch was not found in module 
[project]/src/lib/ai/resume.ts [app-rsc] (ecmascript).
Did you mean to import optimizeResumeSummary?
All exports of the module are statically known (It doesn't have dynamic 
exports). So it's known statically that the requested export doesn't exist.


./src/app/api/ai/analyze-skills/route.ts:3:1
Export analyzeSkills doesn't exist in target module
  [90m1 |[0m [36mimport[0m { [33mNextRequest[0m, 
[33mNextResponse[0m } [36mfrom[0m [32m"next/server"[0m;
  [90m2 |[0m
[31m[1m>[0m [90m3 |[0m [36mimport[0m { analyzeSkills } [36mfrom[0m 
[32m"@/lib/ai/resume"[0m;
  [90m  |[0m [31m[1m^^^^^^^^^^^^^^^^^^^^^^^^^^^^^^^^^^^^^^^^^^^^^^^^[0m
  [90m4 |[0m [36mimport[0m { verifyToken } [36mfrom[0m 
[32m"@/lib/auth/jwt"[0m;
  [90m5 |[0m [36mimport[0m { z } [36mfrom[0m [32m"zod"[0m;
  [90m6 |[0m

The export analyzeSkills was not found in module 
[project]/src/lib/ai/resume.ts [app-route] (ecmascript).
Did you mean to import generateAchievementsFromContext?
All exports of the module are statically known (It doesn't have dynamic 
exports). So it's known statically that the requested export doesn't exist.


./src/app/resume/[slug]/edit/page.tsx:26:1
Export analyzeSkills doesn't exist in target module
  [90m24 |[0m [36mimport[0m { upsertStudentProfile } [36mfrom[0m 
[32m"@/features/profile/service"[0m;
  [90m25 |[0m [36mimport[0m { [33mResumeExperienceSchema[0m, 
[33mResumeProjectSchema[0m } [36mfrom[0m 
[32m"@/features/resume/schemas"[0m;
[31m[1m>[0m [90m26 |[0m [36mimport[0m {
  [90m   |[0m [31m[1m^^^^^^^[0m
[31m[1m>[0m [90m27 |[0m   analyzeATSMatch,
  [90m   |[0m [31m[1m^^^^^^^^^^^^^^^^^^[0m
[31m[1m>[0m [90m28 |[0m   analyzeSkills,
  [90m   |[0m [31m[1m^^^^^^^^^^^^^^^^[0m
[31m[1m>[0m [90m29 |[0m   generateBulletPoints,
  [90m   |[0m [31m[1m^^^^^^^^^^^^^^^^^^^^^^^[0m
[31m[1m>[0m [90m30 |[0m   generateCoverLetter,
  [90m   |[0m [31m[1m^^^^^^^^^^^^^^^^^^^^^^[0m
[31m[1m>[0m [90m31 |[0m   optimizeResumeSummary,
  [90m   |[0m [31m[1m^^^^^^^^^^^^^^^^^^^^^^^^[0m
[31m[1m>[0m [90m32 |[0m } [36mfrom[0m [32m"@/lib/ai/resume"[0m;
  [90m   |[0m [31m[1m^^^^^^^^^^^^^^^^^^^^^^^^^[0m
  [90m33 |[0m [36mimport[0m { requireSession } [36mfrom[0m 
[32m"@/lib/auth/session"[0m;
  [90m34 |[0m [36mimport[0m { invalidateDashboardInsights } 
[36mfrom[0m [32m"@/features/dashboard/service"[0m;
  [90m35 |[0m [36mimport[0m [36mtype[0m {

The export analyzeSkills was not found in module 
[project]/src/lib/ai/resume.ts [app-rsc] (ecmascript).
Did you mean to import generateAchievementsFromContext?
All exports of the module are statically known (It doesn't have dynamic 
exports). So it's known statically that the requested export doesn't exist.


./src/app/api/chat/threads/route.ts:4:1
Export createChatThread doesn't exist in target module
  [90m2 |[0m [36mimport[0m { [33mNextRequest[0m, 
[33mNextResponse[0m } [36mfrom[0m [32m'next/server'[0m;
  [90m3 |[0m [36mimport[0m { requireAuth } [36mfrom[0m 
[32m"../_helpers"[0m;
[31m[1m>[0m [90m4 |[0m [36mimport[0m { listChatThreads, 
createChatThread } [36mfrom[0m [32m"@/features/chat/service"[0m;
  [90m  |[0m [31m[1m^^^^^^^^^^^^^^^^^^^^^^^^^^^^^^^^^^^^^^^^^^^^^^^^^^^^
^^^^^^^^^^^^^^^^^^^^^^^^[0m
  [90m5 |[0m
  [90m6 |[0m [36mexport[0m [36masync[0m [36mfunction[0m 
[33mGET[0m(req: [33mNextRequest[0m) {
  [90m7 |[0m   [36mtry[0m {

The export createChatThread was not found in module 
[project]/src/features/chat/service.ts [app-route] (ecmascript).
Did you mean to import getChatThreads?
All exports of the module are statically known (It doesn't have dynamic 
exports). So it's known statically that the requested export doesn't exist.


./src/app/admin/jobs/page.tsx:14:1
Export createJobPosting doesn't exist in target module
  [90m12 |[0m [36mimport[0m { [33mCard[0m, [33mCardContent[0m, 
[33mCardHeader[0m, [33mCardTitle[0m } [36mfrom[0m 
[32m"../../../components/ui/card"[0m;
  [90m13 |[0m [36mimport[0m { [33mStatCard[0m } [36mfrom[0m 
[32m"../../../components/ui/stat-card"[0m;
[31m[1m>[0m [90m14 |[0m [36mimport[0m {
  [90m   |[0m [31m[1m^^^^^^^[0m
[31m[1m>[0m [90m15 |[0m   createJobPosting,
  [90m   |[0m [31m[1m^^^^^^^^^^^^^^^^^^^[0m
[31m[1m>[0m [90m16 |[0m   getJobManagementSnapshot,
  [90m   |[0m [31m[1m^^^^^^^^^^^^^^^^^^^^^^^^^^^[0m
[31m[1m>[0m [90m17 |[0m   listAllJobs,
  [90m   |[0m [31m[1m^^^^^^^^^^^^^^[0m
[31m[1m>[0m [90m18 |[0m   updateJobPostingStatus,
  [90m   |[0m [31m[1m^^^^^^^^^^^^^^^^^^^^^^^^^[0m
[31m[1m>[0m [90m19 |[0m } [36mfrom[0m 
[32m"@/features/admin/service"[0m;
  [90m   |[0m [31m[1m^^^^^^^^^^^^^^^^^^^^^^^^^^^^^^^^^^[0m
  [90m20 |[0m
  [90m21 |[0m [36mimport[0m { [33mAdminShell[0m } [36mfrom[0m 
[32m"../_components/admin-shell"[0m;
  [90m22 |[0m [36mimport[0m { [33mCreateJobSheet[0m } [36mfrom[0m 
[32m"./_components/create-job-sheet"[0m;

The export createJobPosting was not found in module 
[project]/src/features/admin/service.ts [app-rsc] (ecmascript).
Did you mean to import updateJobPostingStatus?
All exports of the module are statically known (It doesn't have dynamic 
exports). So it's known statically that the requested export doesn't exist.


./src/app/api/ai/generate-bullets/route.ts:3:1
Export generateBulletPoints doesn't exist in target module
  [90m1 |[0m [36mimport[0m { [33mNextRequest[0m, 
[33mNextResponse[0m } [36mfrom[0m [32m"next/server"[0m;
  [90m2 |[0m
[31m[1m>[0m [90m3 |[0m [36mimport[0m { generateBulletPoints } 
[36mfrom[0m [32m"@/lib/ai/resume"[0m;
  [90m  |[0m 
[31m[1m^^^^^^^^^^^^^^^^^^^^^^^^^^^^^^^^^^^^^^^^^^^^^^^^^^^^^^^[0m
  [90m4 |[0m [36mimport[0m { verifyToken } [36mfrom[0m 
[32m"@/lib/auth/jwt"[0m;
  [90m5 |[0m [36mimport[0m { z } [36mfrom[0m [32m"zod"[0m;
  [90m6 |[0m

The export generateBulletPoints was not found in module 
[project]/src/lib/ai/resume.ts [app-route] (ecmascript).
Did you mean to import generateAchievementsFromContext?
All exports of the module are statically known (It doesn't have dynamic 
exports). So it's known statically that the requested export doesn't exist.


./src/app/api/resume/ai-generate/route.ts:5:1
Export generateBulletPoints doesn't exist in target module
  [90m 3 |[0m [36mimport[0m { withAuth } [36mfrom[0m 
[32m"@/lib/auth/guards"[0m;
  [90m 4 |[0m [36mimport[0m { getOpenAIClient } [36mfrom[0m 
[32m"@/lib/ai/client"[0m;
[31m[1m>[0m [90m 5 |[0m [36mimport[0m {
  [90m   |[0m [31m[1m^^^^^^^[0m
[31m[1m>[0m [90m 6 |[0m   optimizeResumeSummary,
  [90m   |[0m [31m[1m^^^^^^^^^^^^^^^^^^^^^^^^[0m
[31m[1m>[0m [90m 7 |[0m   generateAchievementsFromContext,
  [90m   |[0m [31m[1m^^^^^^^^^^^^^^^^^^^^^^^^^^^^^^^^^^[0m
[31m[1m>[0m [90m 8 |[0m   generateBulletPoints,
  [90m   |[0m [31m[1m^^^^^^^^^^^^^^^^^^^^^^^[0m
[31m[1m>[0m [90m 9 |[0m } [36mfrom[0m [32m"@/lib/ai/resume"[0m;
  [90m   |[0m [31m[1m^^^^^^^^^^^^^^^^^^^^^^^^^[0m
  [90m10 |[0m
  [90m11 |[0m [90m// Simple in-memory rate limiter per user (POC). 
Limits to 10 requests per 60s window.[0m
  [90m12 |[0m [36mconst[0m [33mRATE_LIMIT_WINDOW_MS[0m = [35m60[0m 
* [35m1000[0m;

The export generateBulletPoints was not found in module 
[project]/src/lib/ai/resume.ts [app-route] (ecmascript).
Did you mean to import generateAchievementsFromContext?
All exports of the module are statically known (It doesn't have dynamic 
exports). So it's known statically that the requested export doesn't exist.


./src/app/resume/[slug]/edit/page.tsx:26:1
Export generateBulletPoints doesn't exist in target module
  [90m24 |[0m [36mimport[0m { upsertStudentProfile } [36mfrom[0m 
[32m"@/features/profile/service"[0m;
  [90m25 |[0m [36mimport[0m { [33mResumeExperienceSchema[0m, 
[33mResumeProjectSchema[0m } [36mfrom[0m 
[32m"@/features/resume/schemas"[0m;
[31m[1m>[0m [90m26 |[0m [36mimport[0m {
  [90m   |[0m [31m[1m^^^^^^^[0m
[31m[1m>[0m [90m27 |[0m   analyzeATSMatch,
  [90m   |[0m [31m[1m^^^^^^^^^^^^^^^^^^[0m
[31m[1m>[0m [90m28 |[0m   analyzeSkills,
  [90m   |[0m [31m[1m^^^^^^^^^^^^^^^^[0m
[31m[1m>[0m [90m29 |[0m   generateBulletPoints,
  [90m   |[0m [31m[1m^^^^^^^^^^^^^^^^^^^^^^^[0m
[31m[1m>[0m [90m30 |[0m   generateCoverLetter,
  [90m   |[0m [31m[1m^^^^^^^^^^^^^^^^^^^^^^[0m
[31m[1m>[0m [90m31 |[0m   optimizeResumeSummary,
  [90m   |[0m [31m[1m^^^^^^^^^^^^^^^^^^^^^^^^[0m
[31m[1m>[0m [90m32 |[0m } [36mfrom[0m [32m"@/lib/ai/resume"[0m;
  [90m   |[0m [31m[1m^^^^^^^^^^^^^^^^^^^^^^^^^[0m
  [90m33 |[0m [36mimport[0m { requireSession } [36mfrom[0m 
[32m"@/lib/auth/session"[0m;
  [90m34 |[0m [36mimport[0m { invalidateDashboardInsights } 
[36mfrom[0m [32m"@/features/dashboard/service"[0m;
  [90m35 |[0m [36mimport[0m [36mtype[0m {

The export generateBulletPoints was not found in module 
[project]/src/lib/ai/resume.ts [app-rsc] (ecmascript).
Did you mean to import generateAchievementsFromContext?
All exports of the module are statically known (It doesn't have dynamic 
exports). So it's known statically that the requested export doesn't exist.


./src/app/resume/[slug]/edit/page.tsx:26:1
Export generateCoverLetter doesn't exist in target module
  [90m24 |[0m [36mimport[0m { upsertStudentProfile } [36mfrom[0m 
[32m"@/features/profile/service"[0m;
  [90m25 |[0m [36mimport[0m { [33mResumeExperienceSchema[0m, 
[33mResumeProjectSchema[0m } [36mfrom[0m 
[32m"@/features/resume/schemas"[0m;
[31m[1m>[0m [90m26 |[0m [36mimport[0m {
  [90m   |[0m [31m[1m^^^^^^^[0m
[31m[1m>[0m [90m27 |[0m   analyzeATSMatch,
  [90m   |[0m [31m[1m^^^^^^^^^^^^^^^^^^[0m
[31m[1m>[0m [90m28 |[0m   analyzeSkills,
  [90m   |[0m [31m[1m^^^^^^^^^^^^^^^^[0m
[31m[1m>[0m [90m29 |[0m   generateBulletPoints,
  [90m   |[0m [31m[1m^^^^^^^^^^^^^^^^^^^^^^^[0m
[31m[1m>[0m [90m30 |[0m   generateCoverLetter,
  [90m   |[0m [31m[1m^^^^^^^^^^^^^^^^^^^^^^[0m
[31m[1m>[0m [90m31 |[0m   optimizeResumeSummary,
  [90m   |[0m [31m[1m^^^^^^^^^^^^^^^^^^^^^^^^[0m
[31m[1m>[0m [90m32 |[0m } [36mfrom[0m [32m"@/lib/ai/resume"[0m;
  [90m   |[0m [31m[1m^^^^^^^^^^^^^^^^^^^^^^^^^[0m
  [90m33 |[0m [36mimport[0m { requireSession } [36mfrom[0m 
[32m"@/lib/auth/session"[0m;
  [90m34 |[0m [36mimport[0m { invalidateDashboardInsights } 
[36mfrom[0m [32m"@/features/dashboard/service"[0m;
  [90m35 |[0m [36mimport[0m [36mtype[0m {

The export generateCoverLetter was not found in module 
[project]/src/lib/ai/resume.ts [app-rsc] (ecmascript).
Did you mean to import generateAchievementsFromContext?
All exports of the module are statically known (It doesn't have dynamic 
exports). So it's known statically that the requested export doesn't exist.


./src/app/applications/page.tsx:5:1
Export getSessionFromCookies doesn't exist in target module
  [90m3 |[0m [36mimport[0m { [33mButton[0m } [36mfrom[0m 
[32m"@/components/ui/button"[0m;
  [90m4 |[0m [36mimport[0m { [33mBadge[0m } [36mfrom[0m 
[32m"@/components/ui/badge"[0m;
[31m[1m>[0m [90m5 |[0m [36mimport[0m { getSessionFromCookies } 
[36mfrom[0m [32m"@/lib/auth/session"[0m;
  [90m  |[0m 
[31m[1m^^^^^^^^^^^^^^^^^^^^^^^^^^^^^^^^^^^^^^^^^^^^^^^^^^^^^^^^^^^[0m
  [90m6 |[0m [36mimport[0m { prisma } [36mfrom[0m 
[32m"@/lib/prisma"[0m;
  [90m7 |[0m [36mimport[0m { redirect } [36mfrom[0m 
[32m"next/navigation"[0m;
  [90m8 |[0m

The export getSessionFromCookies was not found in module 
[project]/src/lib/auth/session.ts [app-rsc] (ecmascript).
Did you mean to import requireSession?
All exports of the module are statically known (It doesn't have dynamic 
exports). So it's known statically that the requested export doesn't exist.


./src/app/jobs/[slug]/page.tsx:9:1
Export getSessionFromCookies doesn't exist in target module
  [90m 7 |[0m [36mimport[0m { [33mCard[0m, [33mCardContent[0m, 
[33mCardDescription[0m, [33mCardHeader[0m, [33mCardTitle[0m } 
[36mfrom[0m [32m"@/components/ui...[0m
  [90m 8 |[0m [36mimport[0m { getJobBySlug, isJobSaved } [36mfrom[0m 
[32m"@/features/jobs/service"[0m;
[31m[1m>[0m [90m 9 |[0m [36mimport[0m { getSessionFromCookies } 
[36mfrom[0m [32m"@/lib/auth/session"[0m;
  [90m   |[0m 
[31m[1m^^^^^^^^^^^^^^^^^^^^^^^^^^^^^^^^^^^^^^^^^^^^^^^^^^^^^^^^^^^[0m
  [90m10 |[0m [36mimport[0m { [33mJobViewTracker[0m } [36mfrom[0m 
[32m"./_components/job-view-tracker"[0m;
  [90m11 |[0m [36mimport[0m { [33mSaveJobButton[0m } [36mfrom[0m 
[32m"../_components/save-job-button"[0m;
  [90m12 |[0m

The export getSessionFromCookies was not found in module 
[project]/src/lib/auth/session.ts [app-rsc] (ecmascript).
Did you mean to import requireSession?
All exports of the module are statically known (It doesn't have dynamic 
exports). So it's known statically that the requested export doesn't exist.


./src/app/jobs/page.tsx:9:1
Export getSessionFromCookies doesn't exist in target module
  [90m 7 |[0m [36mimport[0m { [33mInput[0m } [36mfrom[0m 
[32m"../../components/ui/input"[0m;
  [90m 8 |[0m [36mimport[0m { getJobs, getFeaturedJobs, 
getPopularCompanies, getJobTags, listSavedJobs } [36mfrom[0m [32m"...[0m
[31m[1m>[0m [90m 9 |[0m [36mimport[0m { getSessionFromCookies } 
[36mfrom[0m [32m"@/lib/auth/session"[0m;
  [90m   |[0m 
[31m[1m^^^^^^^^^^^^^^^^^^^^^^^^^^^^^^^^^^^^^^^^^^^^^^^^^^^^^^^^^^^[0m
  [90m10 |[0m
  [90m11 |[0m [36mimport[0m { [33mJobCard[0m } [36mfrom[0m 
[32m"./_components/job-card"[0m;
  [90m12 |[0m [36mimport[0m { [33mJobFilters[0m } [36mfrom[0m 
[32m"./_components/job-filters"[0m;

The export getSessionFromCookies was not found in module 
[project]/src/lib/auth/session.ts [app-rsc] (ecmascript).
Did you mean to import requireSession?
All exports of the module are statically known (It doesn't have dynamic 
exports). So it's known statically that the requested export doesn't exist.


./src/app/resume/[slug]/page.tsx:5:1
Export getSessionFromCookies doesn't exist in target module
  [90m3 |[0m [36mimport[0m { [33mResumeTemplateWrapper[0m } 
[36mfrom[0m [32m"../../../components/resume/resume-template-wrapper"[0m;
  [90m4 |[0m [36mimport[0m { getResumeBySlug } [36mfrom[0m 
[32m"@/features/resume/service"[0m;
[31m[1m>[0m [90m5 |[0m [36mimport[0m { getSessionFromCookies } 
[36mfrom[0m [32m"@/lib/auth/session"[0m;
  [90m  |[0m 
[31m[1m^^^^^^^^^^^^^^^^^^^^^^^^^^^^^^^^^^^^^^^^^^^^^^^^^^^^^^^^^^^[0m
  [90m6 |[0m
  [90m7 |[0m [36mexport[0m [36mdefault[0m [36masync[0m 
[36mfunction[0m [33mResumePublicPage[0m({ params }: any) {
  [90m8 |[0m   [36mconst[0m { slug } = params [36mas[0m { slug: 
string };

The export getSessionFromCookies was not found in module 
[project]/src/lib/auth/session.ts [app-rsc] (ecmascript).
Did you mean to import requireSession?
All exports of the module are statically known (It doesn't have dynamic 
exports). So it's known statically that the requested export doesn't exist.


./src/app/resumes/page.tsx:7:1
Export getSessionFromCookies doesn't exist in target module
  [90m 5 |[0m [36mimport[0m { [33mCreateResumeButton[0m } 
[36mfrom[0m [32m"../../components/resume/create-resume-button"[0m;
  [90m 6 |[0m [36mimport[0m { [33mExportButton[0m } [36mfrom[0m 
[32m"../../components/resume/export-button"[0m;
[31m[1m>[0m [90m 7 |[0m [36mimport[0m { getSessionFromCookies } 
[36mfrom[0m [32m"@/lib/auth/session"[0m;
  [90m   |[0m 
[31m[1m^^^^^^^^^^^^^^^^^^^^^^^^^^^^^^^^^^^^^^^^^^^^^^^^^^^^^^^^^^^[0m
  [90m 8 |[0m [36mimport[0m { prisma } [36mfrom[0m 
[32m"@/lib/prisma"[0m;
  [90m 9 |[0m [36mimport[0m { redirect } [36mfrom[0m 
[32m"next/navigation"[0m;
  [90m10 |[0m

The export getSessionFromCookies was not found in module 
[project]/src/lib/auth/session.ts [app-rsc] (ecmascript).
Did you mean to import requireSession?
All exports of the module are statically known (It doesn't have dynamic 
exports). So it's known statically that the requested export doesn't exist.


    at <unknown> 
(./src/app/courses/[courseId]/chat/course-chat-content.tsx:13:1)
    at <unknown> (https://nextjs.org/docs/messages/module-not-found)
    at <unknown> (./src/app/resume/[slug]/edit/ai-forms.tsx:7:1)
    at <unknown> (https://nextjs.org/docs/messages/module-not-found)
    at <unknown> (./src/app/resume/[slug]/edit/ai-forms.tsx:8:1)
    at <unknown> (https://nextjs.org/docs/messages/module-not-found)
    at <unknown> (./src/app/courses/layout.tsx:10:1)
    at <unknown> (https://nextjs.org/docs/messages/module-not-found)
    at <unknown> (./src/app/courses/layout.tsx:14:1)
    at <unknown> (https://nextjs.org/docs/messages/module-not-found)
    at <unknown> (./src/app/courses/layout.tsx:9:1)
    at <unknown> (https://nextjs.org/docs/messages/module-not-found)
    at <unknown> (./src/app/resume/[slug]/edit/ai-forms.tsx:9:1)
    at <unknown> (https://nextjs.org/docs/messages/module-not-found)
    at <unknown> (./src/app/superadmin/page.tsx:6:1)
    at <unknown> (https://nextjs.org/docs/messages/module-not-found)
    at <unknown> (./src/app/resume/[slug]/edit/ai-forms.tsx:11:1)
    at <unknown> (https://nextjs.org/docs/messages/module-not-found)
    at <unknown> (./src/app/courses/layout.tsx:7:1)
    at <unknown> (https://nextjs.org/docs/messages/module-not-found)
    at <unknown> (./src/app/resume/[slug]/edit/ai-forms.tsx:12:1)
    at <unknown> (https://nextjs.org/docs/messages/module-not-found)
    at <unknown> (./src/app/page.tsx:5:1)
    at <unknown> (https://nextjs.org/docs/messages/module-not-found)
    at <unknown> (./src/app/page.tsx:6:1)
    at <unknown> (https://nextjs.org/docs/messages/module-not-found)
    at <unknown> (./src/app/page.tsx:8:1)
    at <unknown> (https://nextjs.org/docs/messages/module-not-found)
    at <unknown> (./src/app/page.tsx:9:1)
    at <unknown> (https://nextjs.org/docs/messages/module-not-found)
    at <unknown> (./src/app/admin/system/page.tsx:8:1)
    at <unknown> (https://nextjs.org/docs/messages/module-not-found)
    at <unknown> (./src/features/chat/components/chat-area.tsx:8:1)
    at <unknown> (https://nextjs.org/docs/messages/module-not-found)
    at <unknown> 
(./src/features/interview/components/interview-dashboard.tsx:27:1)
    at <unknown> (https://nextjs.org/docs/messages/module-not-found)
    at <unknown> (./src/components/resume/resume-edit-form.tsx:8:1)
    at <unknown> (https://nextjs.org/docs/messages/module-not-found)
    at <unknown> (https://nextjs.org/docs/messages/module-not-found)
    at <unknown> (https://nextjs.org/docs/messages/module-not-found)
    at <unknown> (https://nextjs.org/docs/messages/module-not-found)
    at <unknown> (https://nextjs.org/docs/messages/module-not-found)
    at <unknown> (https://nextjs.org/docs/messages/module-not-found)
    at <unknown> (https://nextjs.org/docs/messages/module-not-found)
    at <unknown> 
(./src/features/interview/components/score-trend-chart.tsx:4:1)
    at <unknown> (https://nextjs.org/docs/messages/module-not-found)
    at <unknown> (https://nextjs.org/docs/messages/module-not-found)
    at <unknown> (./src/app/api/auth/forgot-password/route.ts:4:1)
    at <unknown> (./src/app/api/auth/login/route.ts:7:1)
    at <unknown> (./src/app/api/resumes/view/[shareToken]/route.ts:4:1)
    at <unknown> (./src/features/resume/analytics-service.ts:3:1)
    at <unknown> (./src/app/api/auth/register/route.ts:5:1)
    at <unknown> (./src/app/api/auth/reset-password/route.ts:4:1)
    at <unknown> (./src/features/superadmin/tenants/page.tsx:25:1)
    at <unknown> (./src/features/superadmin/tenants/page.tsx:25:1)
    at <unknown> (./src/features/superadmin/tenants/page.tsx:25:1)
    at <unknown> (./src/features/superadmin/tenants/page.tsx:25:1)
    at <unknown> (./src/app/api/ai/ats-analysis/route.ts:3:1)
    at <unknown> (./src/app/resume/[slug]/edit/page.tsx:26:1)
    at <unknown> (./src/app/api/ai/analyze-skills/route.ts:3:1)
    at <unknown> (./src/app/resume/[slug]/edit/page.tsx:26:1)
    at <unknown> (./src/app/api/chat/threads/route.ts:4:1)
    at <unknown> (./src/app/admin/jobs/page.tsx:14:1)
    at <unknown> (./src/app/api/ai/generate-bullets/route.ts:3:1)
    at <unknown> (./src/app/api/resume/ai-generate/route.ts:5:1)
    at <unknown> (./src/app/resume/[slug]/edit/page.tsx:26:1)
    at <unknown> (./src/app/resume/[slug]/edit/page.tsx:26:1)
    at <unknown> (./src/app/applications/page.tsx:5:1)
    at <unknown> (./src/app/jobs/[slug]/page.tsx:9:1)
    at <unknown> (./src/app/jobs/page.tsx:9:1)
    at <unknown> (./src/app/resume/[slug]/page.tsx:5:1)
    at <unknown> (./src/app/resumes/page.tsx:7:1)
