node.exe : npm warn config optional Use `--omit=optional` to exclude 
optional dependencies, or
At C:\nvm4w\nodejs\npm.ps1:32 char:3
+   & $nodeexe $npmprefixclijs $args
+   ~~~~~~~~~~~~~~~~~~~~~~~~~~~~~~~~
    + CategoryInfo          : NotSpecified: (npm warn config...ependencies, 
    or:String) [], RemoteException
    + FullyQualifiedErrorId : NativeCommandError
 
npm warn config `--include=optional` to include them.
npm warn config
npm warn config       Default value does install optional deps unless 
otherwise omitted.

> finbers-link-app@0.1.1 build
> next build

Γû▓ Next.js 16.2.3 (Turbopack)
- Environments: .env.local, .env
- Experiments (use with caution):
  ┬╖ optimizePackageImports

ΓÜá The "middleware" file convention is deprecated. Please use "proxy" 
instead. Learn more: https://nextjs.org/docs/messages/middleware-to-proxy
  Creating an optimized production build ...

> Build error occurred
Error: Turbopack build failed with 310 errors:
./src/app/api/interview/analytics/role/[role]/average/route.ts:3:1
Module not found: Can't resolve 
'../../../../../../features/interview/analytics-service'
  [90m1 |[0m [36mimport[0m { [33mNextRequest[0m, 
[33mNextResponse[0m } [36mfrom[0m [32m'next/server'[0m;
  [90m2 |[0m [36mimport[0m { requireAuth } [36mfrom[0m 
[32m'@/lib/auth/guards'[0m;
[31m[1m>[0m [90m3 |[0m [36mimport[0m { getRoleAverageScore } 
[36mfrom[0m 
[32m'../../../../../../features/interview/analytics-service'[0m;
  [90m  |[0m [31m[1m^^^^^^^^^^^^^^^^^^^^^^^^^^^^^^^^^^^^^^^^^^^^^^^^^^^^
^^^^^^^^^^^^^^^^^^^^^^^^^^^^^^^^^^^^^^^^^[0m
  [90m4 |[0m
  [90m5 |[0m [36mexport[0m [36masync[0m [36mfunction[0m 
[33mGET[0m(
  [90m6 |[0m   request: [33mNextRequest[0m,



https://nextjs.org/docs/messages/module-not-found


./src/app/api/admin/courses/[courseId]/approve-edit/route.ts:2:1
Module not found: Can't resolve '../../../../../features/admin/service'
  [90m1 |[0m [36mimport[0m { [33mNextRequest[0m, 
[33mNextResponse[0m } [36mfrom[0m [32m"next/server"[0m;
[31m[1m>[0m [90m2 |[0m [36mimport[0m { approveCourseEdit, 
requireAdminUser } [36mfrom[0m 
[32m"../../../../../features/admin/service"[0m;
  [90m  |[0m [31m[1m^^^^^^^^^^^^^^^^^^^^^^^^^^^^^^^^^^^^^^^^^^^^^^^^^^^^
^^^^^^^^^^^^^^^^^^^^^^^^^^^^^^^^^^^^^^^^[0m
  [90m3 |[0m
  [90m4 |[0m [36mexport[0m [36masync[0m [36mfunction[0m 
[33mPOST[0m(
  [90m5 |[0m   request: [33mNextRequest[0m,



https://nextjs.org/docs/messages/module-not-found


./src/app/api/admin/courses/[courseId]/archive/route.ts:2:1
Module not found: Can't resolve '../../../../../features/admin/service'
  [90m1 |[0m [36mimport[0m { [33mNextRequest[0m, 
[33mNextResponse[0m } [36mfrom[0m [32m"next/server"[0m;
[31m[1m>[0m [90m2 |[0m [36mimport[0m { archiveCourse, 
requireAdminUser } [36mfrom[0m 
[32m"../../../../../features/admin/service"[0m;
  [90m  |[0m [31m[1m^^^^^^^^^^^^^^^^^^^^^^^^^^^^^^^^^^^^^^^^^^^^^^^^^^^^
^^^^^^^^^^^^^^^^^^^^^^^^^^^^^^^^^^^^[0m
  [90m3 |[0m
  [90m4 |[0m [36mexport[0m [36masync[0m [36mfunction[0m 
[33mPOST[0m(
  [90m5 |[0m   request: [33mNextRequest[0m,



https://nextjs.org/docs/messages/module-not-found


./src/app/api/admin/courses/[courseId]/reject-edit/route.ts:2:1
Module not found: Can't resolve '../../../../../features/admin/service'
  [90m1 |[0m [36mimport[0m { [33mNextRequest[0m, 
[33mNextResponse[0m } [36mfrom[0m [32m"next/server"[0m;
[31m[1m>[0m [90m2 |[0m [36mimport[0m { rejectCourseEdit, 
requireAdminUser } [36mfrom[0m 
[32m"../../../../../features/admin/service"[0m;
  [90m  |[0m [31m[1m^^^^^^^^^^^^^^^^^^^^^^^^^^^^^^^^^^^^^^^^^^^^^^^^^^^^
^^^^^^^^^^^^^^^^^^^^^^^^^^^^^^^^^^^^^^^[0m
  [90m3 |[0m
  [90m4 |[0m [36mexport[0m [36masync[0m [36mfunction[0m 
[33mPOST[0m(
  [90m5 |[0m   request: [33mNextRequest[0m,



https://nextjs.org/docs/messages/module-not-found


./src/app/api/admin/courses/[courseId]/restore/route.ts:2:1
Module not found: Can't resolve '../../../../../features/admin/service'
  [90m1 |[0m [36mimport[0m { [33mNextRequest[0m, 
[33mNextResponse[0m } [36mfrom[0m [32m"next/server"[0m;
[31m[1m>[0m [90m2 |[0m [36mimport[0m { restoreCourse, 
requireAdminUser } [36mfrom[0m 
[32m"../../../../../features/admin/service"[0m;
  [90m  |[0m [31m[1m^^^^^^^^^^^^^^^^^^^^^^^^^^^^^^^^^^^^^^^^^^^^^^^^^^^^
^^^^^^^^^^^^^^^^^^^^^^^^^^^^^^^^^^^^[0m
  [90m3 |[0m
  [90m4 |[0m [36mexport[0m [36masync[0m [36mfunction[0m 
[33mPOST[0m(
  [90m5 |[0m   request: [33mNextRequest[0m,



https://nextjs.org/docs/messages/module-not-found


./src/app/courses/[courseId]/chat/course-chat-content.tsx:11:1
Module not found: Can't resolve 
'../../../../../features/chat/components/user-avatar'
  [90m 9 |[0m [36mimport[0m { [33mInput[0m } [36mfrom[0m 
[32m"../../../../components/ui/input"[0m;
  [90m10 |[0m [36mimport[0m { [33mBadge[0m } [36mfrom[0m 
[32m"../../../../components/ui/badge"[0m;
[31m[1m>[0m [90m11 |[0m [36mimport[0m { [33mUserAvatar[0m } 
[36mfrom[0m 
[32m"../../../../../features/chat/components/user-avatar"[0m;
  [90m   |[0m [31m[1m^^^^^^^^^^^^^^^^^^^^^^^^^^^^^^^^^^^^^^^^^^^^^^^^^^^
^^^^^^^^^^^^^^^^^^^^^^^^^^^^^^[0m
  [90m12 |[0m [36mimport[0m { useChatMessages, useChatThreads, 
useSendChatMessage } [36mfrom[0m [32m"../../../../../featur...[0m
  [90m13 |[0m [36mimport[0m useSocket [36mfrom[0m 
[32m"../../../../../hooks/useSocket"[0m;
  [90m14 |[0m [36mimport[0m { useQueryClient } [36mfrom[0m 
[32m"@tanstack/react-query"[0m;



Import trace:
  Server Component:
    ./src/app/courses/[courseId]/chat/course-chat-content.tsx
    ./src/app/courses/[courseId]/chat/page.tsx

https://nextjs.org/docs/messages/module-not-found


./src/app/courses/[courseId]/chat/course-chat-content.tsx:12:1
Module not found: Can't resolve '../../../../../features/chat/hooks'
  [90m10 |[0m ...[33mBadge[0m } [36mfrom[0m 
[32m"../../../../components/ui/badge"[0m;
  [90m11 |[0m ...[33mUserAvatar[0m } [36mfrom[0m 
[32m"../../../../../features/chat/components/user-avatar"[0m;
[31m[1m>[0m [90m12 |[0m ...useChatMessages, useChatThreads, 
useSendChatMessage } [36mfrom[0m [32m"../../../../../features/cha...[0m
  [90m   |[0m    [31m[1m^^^^^^^^^^^^^^^^^^^^^^^^^^^^^^^^^^^^^^^^^^^^^^^^
^^^^^^^^^^^^^^^^^^^^^^^^^^^^^^^^^^^^^^^^^^[0m
  [90m13 |[0m ...eSocket [36mfrom[0m 
[32m"../../../../../hooks/useSocket"[0m;
  [90m14 |[0m ...useQueryClient } [36mfrom[0m 
[32m"@tanstack/react-query"[0m;
  [90m15 |[0m ...



Import trace:
  Server Component:
    ./src/app/courses/[courseId]/chat/course-chat-content.tsx
    ./src/app/courses/[courseId]/chat/page.tsx

https://nextjs.org/docs/messages/module-not-found


./src/app/api/forum/posts/[id]/replies/route.ts:2:1
Module not found: Can't resolve '../../../../../features/forum/service'
  [90m1 |[0m [36mimport[0m { [33mNextRequest[0m, 
[33mNextResponse[0m } [36mfrom[0m [32m"next/server"[0m;
[31m[1m>[0m [90m2 |[0m [36mimport[0m { listPostReplies } 
[36mfrom[0m [32m"../../../../../features/forum/service"[0m;
  [90m  |[0m [31m[1m^^^^^^^^^^^^^^^^^^^^^^^^^^^^^^^^^^^^^^^^^^^^^^^^^^^^
^^^^^^^^^^^^^^^^^^^^[0m
  [90m3 |[0m
  [90m4 |[0m [36mexport[0m [36masync[0m [36mfunction[0m 
[33mGET[0m(
  [90m5 |[0m   request: [33mNextRequest[0m,



https://nextjs.org/docs/messages/module-not-found


./src/app/api/forum/threads/[id]/posts/route.ts:2:1
Module not found: Can't resolve '../../../../../features/forum/service'
  [90m1 |[0m [36mimport[0m { [33mNextRequest[0m, 
[33mNextResponse[0m } [36mfrom[0m [32m"next/server"[0m;
[31m[1m>[0m [90m2 |[0m [36mimport[0m { listThreadPosts } 
[36mfrom[0m [32m"../../../../../features/forum/service"[0m;
  [90m  |[0m [31m[1m^^^^^^^^^^^^^^^^^^^^^^^^^^^^^^^^^^^^^^^^^^^^^^^^^^^^
^^^^^^^^^^^^^^^^^^^^[0m
  [90m3 |[0m
  [90m4 |[0m [36mexport[0m [36masync[0m [36mfunction[0m 
[33mGET[0m(
  [90m5 |[0m   request: [33mNextRequest[0m,



https://nextjs.org/docs/messages/module-not-found


./src/app/api/interview-sessions/[sessionId]/responses/audio/route.ts:3:1
Module not found: Can't resolve '../../../../../features/interview/ai'
  [90m1 |[0m [36mimport[0m { [33mNextRequest[0m, 
[33mNextResponse[0m } [36mfrom[0m [32m"next/server"[0m;
  [90m2 |[0m
[31m[1m>[0m [90m3 |[0m [36mimport[0m { transcribeInterviewAudio } 
[36mfrom[0m [32m"../../../../../features/interview/ai"[0m;
  [90m  |[0m [31m[1m^^^^^^^^^^^^^^^^^^^^^^^^^^^^^^^^^^^^^^^^^^^^^^^^^^^^
^^^^^^^^^^^^^^^^^^^^^^^^^^^^[0m
  [90m4 |[0m [36mimport[0m { assertQuestionOwnership } [36mfrom[0m 
[32m"../../../../../features/interview/service"[0m;
  [90m5 |[0m [36mimport[0m { requireSession } [36mfrom[0m 
[32m"../../../../../lib/auth/session"[0m;
  [90m6 |[0m [36mimport[0m { uploadToCloudinary } [36mfrom[0m 
[32m"../../../../../lib/cloudinary"[0m;



https://nextjs.org/docs/messages/module-not-found


./src/app/api/interview-sessions/[sessionId]/responses/upload/route.ts:6:1
Module not found: Can't resolve '../../../../../features/interview/ai'
  [90m4 |[0m [36mimport[0m { prisma } [36mfrom[0m 
[32m"../../../../../lib/prisma"[0m;
  [90m5 |[0m [36mimport[0m { uploadAudioFile, getAudioDuration } 
[36mfrom[0m [32m"../../../../../features/interview/audio-...[0m
[31m[1m>[0m [90m6 |[0m [36mimport[0m { transcribeInterviewAudio } 
[36mfrom[0m [32m"../../../../../features/interview/ai"[0m;
  [90m  |[0m [31m[1m^^^^^^^^^^^^^^^^^^^^^^^^^^^^^^^^^^^^^^^^^^^^^^^^^^^^
^^^^^^^^^^^^^^^^^^^^^^^^^^^^[0m
  [90m7 |[0m
  [90m8 |[0m [36mconst[0m uploadSchema = z.object({
  [90m9 |[0m   responseId: z.string().min([35m1[0m, [32m"Response ID 
is required"[0m),



https://nextjs.org/docs/messages/module-not-found


./src/app/api/interview-sessions/[sessionId]/responses/upload/route.ts:5:1
Module not found: Can't resolve 
'../../../../../features/interview/audio-service'
  [90m3 |[0m ... { requireSession } [36mfrom[0m 
[32m"../../../../../lib/auth/session"[0m;
  [90m4 |[0m ... { prisma } [36mfrom[0m 
[32m"../../../../../lib/prisma"[0m;
[31m[1m>[0m [90m5 |[0m ... { uploadAudioFile, getAudioDuration } 
[36mfrom[0m [32m"../../../../../features/interview/audio-ser...[0m
  [90m  |[0m    [31m[1m^^^^^^^^^^^^^^^^^^^^^^^^^^^^^^^^^^^^^^^^^^^^^^^^^
^^^^^^^^^^^^^^^^^^^^^^^^^^^^^^^^^^^^^^^^^^[0m
  [90m6 |[0m ... { transcribeInterviewAudio } [36mfrom[0m 
[32m"../../../../../features/interview/ai"[0m;
  [90m7 |[0m ...
  [90m8 |[0m ...uploadSchema = z.object({



https://nextjs.org/docs/messages/module-not-found


./src/app/api/interview-sessions/[sessionId]/responses/audio/route.ts:4:1
Module not found: Can't resolve '../../../../../features/interview/service'
  [90m2 |[0m
  [90m3 |[0m [36mimport[0m { transcribeInterviewAudio } [36mfrom[0m 
[32m"../../../../../features/interview/ai"[0m;
[31m[1m>[0m [90m4 |[0m [36mimport[0m { assertQuestionOwnership } 
[36mfrom[0m [32m"../../../../../features/interview/service"[0m;
  [90m  |[0m [31m[1m^^^^^^^^^^^^^^^^^^^^^^^^^^^^^^^^^^^^^^^^^^^^^^^^^^^^
^^^^^^^^^^^^^^^^^^^^^^^^^^^^^^^^[0m
  [90m5 |[0m [36mimport[0m { requireSession } [36mfrom[0m 
[32m"../../../../../lib/auth/session"[0m;
  [90m6 |[0m [36mimport[0m { uploadToCloudinary } [36mfrom[0m 
[32m"../../../../../lib/cloudinary"[0m;
  [90m7 |[0m



https://nextjs.org/docs/messages/module-not-found


./src/app/api/tutor/courses/[courseId]/submit/route.ts:4:1
Module not found: Can't resolve '../../../../../features/tutor/service'
  [90m2 |[0m [36mimport[0m { [33mCourseApprovalStatus[0m } 
[36mfrom[0m [32m"@prisma/client"[0m;
  [90m3 |[0m
[31m[1m>[0m [90m4 |[0m [36mimport[0m { submitTutorCourse } 
[36mfrom[0m [32m"../../../../../features/tutor/service"[0m;
  [90m  |[0m [31m[1m^^^^^^^^^^^^^^^^^^^^^^^^^^^^^^^^^^^^^^^^^^^^^^^^^^^^
^^^^^^^^^^^^^^^^^^^^^^[0m
  [90m5 |[0m [36mimport[0m { verifyToken } [36mfrom[0m 
[32m"../../../../../lib/auth/jwt"[0m;
  [90m6 |[0m [36mimport[0m { prisma } [36mfrom[0m 
[32m"../../../../../lib/prisma"[0m;
  [90m7 |[0m



https://nextjs.org/docs/messages/module-not-found


./src/app/api/tutor/exams/[examId]/submit/route.ts:3:1
Module not found: Can't resolve '../../../../../features/tutor/service'
  [90m1 |[0m [36mimport[0m { [33mNextRequest[0m, 
[33mNextResponse[0m } [36mfrom[0m [32m"next/server"[0m;
  [90m2 |[0m
[31m[1m>[0m [90m3 |[0m [36mimport[0m { submitTutorExam } 
[36mfrom[0m [32m"../../../../../features/tutor/service"[0m;
  [90m  |[0m [31m[1m^^^^^^^^^^^^^^^^^^^^^^^^^^^^^^^^^^^^^^^^^^^^^^^^^^^^
^^^^^^^^^^^^^^^^^^^^[0m
  [90m4 |[0m [36mimport[0m { verifyToken } [36mfrom[0m 
[32m"../../../../../lib/auth/jwt"[0m;
  [90m5 |[0m
  [90m6 |[0m [36mexport[0m [36masync[0m [36mfunction[0m 
[33mPOST[0m(request: [33mNextRequest[0m, context: any) {



https://nextjs.org/docs/messages/module-not-found


./src/app/courses/[courseId]/chat/course-chat-content.tsx:13:1
Module not found: Can't resolve '../../../../../hooks/useSocket'
  [90m11 |[0m [36mimport[0m { [33mUserAvatar[0m } [36mfrom[0m 
[32m"../../../../../features/chat/components/user-avatar"[0m;
  [90m12 |[0m [36mimport[0m { useChatMessages, useChatThreads, 
useSendChatMessage } [36mfrom[0m [32m"../../../../../featur...[0m
[31m[1m>[0m [90m13 |[0m [36mimport[0m useSocket [36mfrom[0m 
[32m"../../../../../hooks/useSocket"[0m;
  [90m   |[0m 
[31m[1m^^^^^^^^^^^^^^^^^^^^^^^^^^^^^^^^^^^^^^^^^^^^^^^^^^^^^^^[0m
  [90m14 |[0m [36mimport[0m { useQueryClient } [36mfrom[0m 
[32m"@tanstack/react-query"[0m;
  [90m15 |[0m
  [90m16 |[0m [36mtype[0m [33mCourseChatThread[0m = {



Import trace:
  Server Component:
    ./src/app/courses/[courseId]/chat/course-chat-content.tsx
    ./src/app/courses/[courseId]/chat/page.tsx

https://nextjs.org/docs/messages/module-not-found


./src/app/api/courses/[courseId]/lessons/[lessonId]/progress/route.ts:3:1
Module not found: Can't resolve '../../../../../lib/auth/guards'
  [90m1 |[0m [36mimport[0m { [33mNextRequest[0m, 
[33mNextResponse[0m } [36mfrom[0m [32m"next/server"[0m;
  [90m2 |[0m [36mimport[0m { z } [36mfrom[0m [32m"zod"[0m;
[31m[1m>[0m [90m3 |[0m [36mimport[0m { requireAuth } [36mfrom[0m 
[32m"../../../../../lib/auth/guards"[0m;
  [90m  |[0m 
[31m[1m^^^^^^^^^^^^^^^^^^^^^^^^^^^^^^^^^^^^^^^^^^^^^^^^^^^^^^^^^^^^^[0m
  [90m4 |[0m [36mimport[0m { prisma } [36mfrom[0m 
[32m"../../../../../lib/prisma"[0m;
  [90m5 |[0m [36mimport[0m { createRateLimit, rateLimitPresets } 
[36mfrom[0m [32m"../../../../../lib/security/rate-limit"[0m;
  [90m6 |[0m



https://nextjs.org/docs/messages/module-not-found


./src/app/api/dashboard/courses/assign/accept/route.ts:2:1
Module not found: Can't resolve '../../../../../lib/auth/guards'
  [90m1 |[0m [36mimport[0m { [33mNextRequest[0m, 
[33mNextResponse[0m } [36mfrom[0m [32m"next/server"[0m;
[31m[1m>[0m [90m2 |[0m [36mimport[0m { requireAuth } [36mfrom[0m 
[32m"../../../../../lib/auth/guards"[0m;
  [90m  |[0m 
[31m[1m^^^^^^^^^^^^^^^^^^^^^^^^^^^^^^^^^^^^^^^^^^^^^^^^^^^^^^^^^^^^^[0m
  [90m3 |[0m [36mimport[0m { prisma } [36mfrom[0m 
[32m"../../../../../lib/prisma"[0m;
  [90m4 |[0m [36mimport[0m { [33mEnrollmentStatus[0m } [36mfrom[0m 
[32m"@prisma/client"[0m;
  [90m5 |[0m



https://nextjs.org/docs/messages/module-not-found


./src/app/api/dashboard/courses/assign/decline/route.ts:2:1
Module not found: Can't resolve '../../../../../lib/auth/guards'
  [90m1 |[0m [36mimport[0m { [33mNextRequest[0m, 
[33mNextResponse[0m } [36mfrom[0m [32m"next/server"[0m;
[31m[1m>[0m [90m2 |[0m [36mimport[0m { requireAuth } [36mfrom[0m 
[32m"../../../../../lib/auth/guards"[0m;
  [90m  |[0m 
[31m[1m^^^^^^^^^^^^^^^^^^^^^^^^^^^^^^^^^^^^^^^^^^^^^^^^^^^^^^^^^^^^^[0m
  [90m3 |[0m [36mimport[0m { prisma } [36mfrom[0m 
[32m"../../../../../lib/prisma"[0m;
  [90m4 |[0m
  [90m5 |[0m [36mexport[0m [36masync[0m [36mfunction[0m 
[33mPOST[0m(request: [33mNextRequest[0m) {



https://nextjs.org/docs/messages/module-not-found


./src/app/api/tutor/courses/[courseId]/submit/route.ts:5:1
Module not found: Can't resolve '../../../../../lib/auth/jwt'
  [90m3 |[0m
  [90m4 |[0m [36mimport[0m { submitTutorCourse } [36mfrom[0m 
[32m"../../../../../features/tutor/service"[0m;
[31m[1m>[0m [90m5 |[0m [36mimport[0m { verifyToken } [36mfrom[0m 
[32m"../../../../../lib/auth/jwt"[0m;
  [90m  |[0m 
[31m[1m^^^^^^^^^^^^^^^^^^^^^^^^^^^^^^^^^^^^^^^^^^^^^^^^^^^^^^^^^^[0m
  [90m6 |[0m [36mimport[0m { prisma } [36mfrom[0m 
[32m"../../../../../lib/prisma"[0m;
  [90m7 |[0m
  [90m8 |[0m [36mexport[0m [36masync[0m [36mfunction[0m 
[33mPOST[0m(request: [33mNextRequest[0m, context: any) {



https://nextjs.org/docs/messages/module-not-found


./src/app/api/tutor/exams/[examId]/submit/route.ts:4:1
Module not found: Can't resolve '../../../../../lib/auth/jwt'
  [90m2 |[0m
  [90m3 |[0m [36mimport[0m { submitTutorExam } [36mfrom[0m 
[32m"../../../../../features/tutor/service"[0m;
[31m[1m>[0m [90m4 |[0m [36mimport[0m { verifyToken } [36mfrom[0m 
[32m"../../../../../lib/auth/jwt"[0m;
  [90m  |[0m 
[31m[1m^^^^^^^^^^^^^^^^^^^^^^^^^^^^^^^^^^^^^^^^^^^^^^^^^^^^^^^^^^[0m
  [90m5 |[0m
  [90m6 |[0m [36mexport[0m [36masync[0m [36mfunction[0m 
[33mPOST[0m(request: [33mNextRequest[0m, context: any) {
  [90m7 |[0m   [36mtry[0m {



https://nextjs.org/docs/messages/module-not-found


./src/app/api/tutor/forum-threads/[threadId]/read/route.ts:3:1
Module not found: Can't resolve '../../../../../lib/auth/jwt'
  [90m1 |[0m [36mimport[0m { [33mNextRequest[0m, 
[33mNextResponse[0m } [36mfrom[0m [32m"next/server"[0m;
  [90m2 |[0m
[31m[1m>[0m [90m3 |[0m [36mimport[0m { verifyToken } [36mfrom[0m 
[32m"../../../../../lib/auth/jwt"[0m;
  [90m  |[0m 
[31m[1m^^^^^^^^^^^^^^^^^^^^^^^^^^^^^^^^^^^^^^^^^^^^^^^^^^^^^^^^^^[0m
  [90m4 |[0m [36mimport[0m { prisma } [36mfrom[0m 
[32m"../../../../../lib/prisma"[0m;
  [90m5 |[0m
  [90m6 |[0m [36mexport[0m [36masync[0m [36mfunction[0m 
[33mPOST[0m(request: [33mNextRequest[0m, context: any) {



https://nextjs.org/docs/messages/module-not-found


./src/app/api/interview-sessions/[sessionId]/responses/audio/route.ts:5:1
Module not found: Can't resolve '../../../../../lib/auth/session'
  [90m3 |[0m [36mimport[0m { transcribeInterviewAudio } [36mfrom[0m 
[32m"../../../../../features/interview/ai"[0m;
  [90m4 |[0m [36mimport[0m { assertQuestionOwnership } [36mfrom[0m 
[32m"../../../../../features/interview/service"[0m;
[31m[1m>[0m [90m5 |[0m [36mimport[0m { requireSession } 
[36mfrom[0m [32m"../../../../../lib/auth/session"[0m;
  [90m  |[0m [31m[1m^^^^^^^^^^^^^^^^^^^^^^^^^^^^^^^^^^^^^^^^^^^^^^^^^^^^
^^^^^^^^^^^^^[0m
  [90m6 |[0m [36mimport[0m { uploadToCloudinary } [36mfrom[0m 
[32m"../../../../../lib/cloudinary"[0m;
  [90m7 |[0m
  [90m8 |[0m [36mconst[0m [33mMAX_AUDIO_BYTES[0m = [35m25[0m * 
[35m1024[0m * [35m1024[0m; [90m// 25MB cap for mock responses[0m



https://nextjs.org/docs/messages/module-not-found


./src/app/api/interview-sessions/[sessionId]/responses/upload/route.ts:3:1
Module not found: Can't resolve '../../../../../lib/auth/session'
  [90m1 |[0m [36mimport[0m { [33mNextRequest[0m, 
[33mNextResponse[0m } [36mfrom[0m [32m"next/server"[0m;
  [90m2 |[0m [36mimport[0m { z } [36mfrom[0m [32m"zod"[0m;
[31m[1m>[0m [90m3 |[0m [36mimport[0m { requireSession } 
[36mfrom[0m [32m"../../../../../lib/auth/session"[0m;
  [90m  |[0m [31m[1m^^^^^^^^^^^^^^^^^^^^^^^^^^^^^^^^^^^^^^^^^^^^^^^^^^^^
^^^^^^^^^^^^^[0m
  [90m4 |[0m [36mimport[0m { prisma } [36mfrom[0m 
[32m"../../../../../lib/prisma"[0m;
  [90m5 |[0m [36mimport[0m { uploadAudioFile, getAudioDuration } 
[36mfrom[0m [32m"../../../../../features/interview/audio-...[0m
  [90m6 |[0m [36mimport[0m { transcribeInterviewAudio } [36mfrom[0m 
[32m"../../../../../features/interview/ai"[0m;



https://nextjs.org/docs/messages/module-not-found


./src/app/api/courses/[courseId]/lessons/[lessonId]/progress/route.ts:4:1
Module not found: Can't resolve '../../../../../lib/prisma'
  [90m2 |[0m [36mimport[0m { z } [36mfrom[0m [32m"zod"[0m;
  [90m3 |[0m [36mimport[0m { requireAuth } [36mfrom[0m 
[32m"../../../../../lib/auth/guards"[0m;
[31m[1m>[0m [90m4 |[0m [36mimport[0m { prisma } [36mfrom[0m 
[32m"../../../../../lib/prisma"[0m;
  [90m  |[0m 
[31m[1m^^^^^^^^^^^^^^^^^^^^^^^^^^^^^^^^^^^^^^^^^^^^^^^^^^^[0m
  [90m5 |[0m [36mimport[0m { createRateLimit, rateLimitPresets } 
[36mfrom[0m [32m"../../../../../lib/security/rate-limit"[0m;
  [90m6 |[0m
  [90m7 |[0m [36mexport[0m [36mconst[0m runtime = [32m"nodejs"[0m;



https://nextjs.org/docs/messages/module-not-found


./src/app/api/dashboard/courses/assign/accept/route.ts:3:1
Module not found: Can't resolve '../../../../../lib/prisma'
  [90m1 |[0m [36mimport[0m { [33mNextRequest[0m, 
[33mNextResponse[0m } [36mfrom[0m [32m"next/server"[0m;
  [90m2 |[0m [36mimport[0m { requireAuth } [36mfrom[0m 
[32m"../../../../../lib/auth/guards"[0m;
[31m[1m>[0m [90m3 |[0m [36mimport[0m { prisma } [36mfrom[0m 
[32m"../../../../../lib/prisma"[0m;
  [90m  |[0m 
[31m[1m^^^^^^^^^^^^^^^^^^^^^^^^^^^^^^^^^^^^^^^^^^^^^^^^^^^[0m
  [90m4 |[0m [36mimport[0m { [33mEnrollmentStatus[0m } [36mfrom[0m 
[32m"@prisma/client"[0m;
  [90m5 |[0m
  [90m6 |[0m [36mexport[0m [36masync[0m [36mfunction[0m 
[33mPOST[0m(request: [33mNextRequest[0m) {



https://nextjs.org/docs/messages/module-not-found


./src/app/api/dashboard/courses/assign/decline/route.ts:3:1
Module not found: Can't resolve '../../../../../lib/prisma'
  [90m1 |[0m [36mimport[0m { [33mNextRequest[0m, 
[33mNextResponse[0m } [36mfrom[0m [32m"next/server"[0m;
  [90m2 |[0m [36mimport[0m { requireAuth } [36mfrom[0m 
[32m"../../../../../lib/auth/guards"[0m;
[31m[1m>[0m [90m3 |[0m [36mimport[0m { prisma } [36mfrom[0m 
[32m"../../../../../lib/prisma"[0m;
  [90m  |[0m 
[31m[1m^^^^^^^^^^^^^^^^^^^^^^^^^^^^^^^^^^^^^^^^^^^^^^^^^^^[0m
  [90m4 |[0m
  [90m5 |[0m [36mexport[0m [36masync[0m [36mfunction[0m 
[33mPOST[0m(request: [33mNextRequest[0m) {
  [90m6 |[0m   [36mtry[0m {



https://nextjs.org/docs/messages/module-not-found


./src/app/api/interview-sessions/[sessionId]/responses/upload/route.ts:4:1
Module not found: Can't resolve '../../../../../lib/prisma'
  [90m2 |[0m [36mimport[0m { z } [36mfrom[0m [32m"zod"[0m;
  [90m3 |[0m [36mimport[0m { requireSession } [36mfrom[0m 
[32m"../../../../../lib/auth/session"[0m;
[31m[1m>[0m [90m4 |[0m [36mimport[0m { prisma } [36mfrom[0m 
[32m"../../../../../lib/prisma"[0m;
  [90m  |[0m 
[31m[1m^^^^^^^^^^^^^^^^^^^^^^^^^^^^^^^^^^^^^^^^^^^^^^^^^^^[0m
  [90m5 |[0m [36mimport[0m { uploadAudioFile, getAudioDuration } 
[36mfrom[0m [32m"../../../../../features/interview/audio-...[0m
  [90m6 |[0m [36mimport[0m { transcribeInterviewAudio } [36mfrom[0m 
[32m"../../../../../features/interview/ai"[0m;
  [90m7 |[0m



https://nextjs.org/docs/messages/module-not-found


./src/app/api/tutor/courses/[courseId]/submit/route.ts:6:1
Module not found: Can't resolve '../../../../../lib/prisma'
  [90m4 |[0m [36mimport[0m { submitTutorCourse } [36mfrom[0m 
[32m"../../../../../features/tutor/service"[0m;
  [90m5 |[0m [36mimport[0m { verifyToken } [36mfrom[0m 
[32m"../../../../../lib/auth/jwt"[0m;
[31m[1m>[0m [90m6 |[0m [36mimport[0m { prisma } [36mfrom[0m 
[32m"../../../../../lib/prisma"[0m;
  [90m  |[0m 
[31m[1m^^^^^^^^^^^^^^^^^^^^^^^^^^^^^^^^^^^^^^^^^^^^^^^^^^^[0m
  [90m7 |[0m
  [90m8 |[0m [36mexport[0m [36masync[0m [36mfunction[0m 
[33mPOST[0m(request: [33mNextRequest[0m, context: any) {
  [90m9 |[0m   [36mtry[0m {



https://nextjs.org/docs/messages/module-not-found


./src/app/api/tutor/forum-threads/[threadId]/read/route.ts:4:1
Module not found: Can't resolve '../../../../../lib/prisma'
  [90m2 |[0m
  [90m3 |[0m [36mimport[0m { verifyToken } [36mfrom[0m 
[32m"../../../../../lib/auth/jwt"[0m;
[31m[1m>[0m [90m4 |[0m [36mimport[0m { prisma } [36mfrom[0m 
[32m"../../../../../lib/prisma"[0m;
  [90m  |[0m 
[31m[1m^^^^^^^^^^^^^^^^^^^^^^^^^^^^^^^^^^^^^^^^^^^^^^^^^^^[0m
  [90m5 |[0m
  [90m6 |[0m [36mexport[0m [36masync[0m [36mfunction[0m 
[33mPOST[0m(request: [33mNextRequest[0m, context: any) {
  [90m7 |[0m   [36mtry[0m {



https://nextjs.org/docs/messages/module-not-found


./src/app/api/courses/[courseId]/lessons/[lessonId]/progress/route.ts:5:1
Module not found: Can't resolve '../../../../../lib/security/rate-limit'
  [90m3 |[0m [36mimport[0m { requireAuth } [36mfrom[0m 
[32m"../../../../../lib/auth/guards"[0m;
  [90m4 |[0m [36mimport[0m { prisma } [36mfrom[0m 
[32m"../../../../../lib/prisma"[0m;
[31m[1m>[0m [90m5 |[0m [36mimport[0m { createRateLimit, 
rateLimitPresets } [36mfrom[0m 
[32m"../../../../../lib/security/rate-limit"[0m;
  [90m  |[0m [31m[1m^^^^^^^^^^^^^^^^^^^^^^^^^^^^^^^^^^^^^^^^^^^^^^^^^^^^
^^^^^^^^^^^^^^^^^^^^^^^^^^^^^^^^^^^^^^^[0m
  [90m6 |[0m
  [90m7 |[0m [36mexport[0m [36mconst[0m runtime = [32m"nodejs"[0m;
  [90m8 |[0m



https://nextjs.org/docs/messages/module-not-found


./src/app/companies/[slug]/page.tsx:8:1
Module not found: Can't resolve '../../../../features/companies/service'
  [90m 6 |[0m ...[33mutton[0m } [36mfrom[0m 
[32m"../../../components/ui/button"[0m;
  [90m 7 |[0m ...[33mard[0m, [33mCardContent[0m, 
[33mCardDescription[0m, [33mCardHeader[0m, [33mCardTitle[0m } 
[36mfrom[0m [32m"../../../components/ui...[0m
[31m[1m>[0m [90m 8 |[0m ...etCompanyBySlug, getCompanyJobs, 
getCompanyStats } [36mfrom[0m [32m"../../../../features/companies...[0m
  [90m   |[0m    [31m[1m^^^^^^^^^^^^^^^^^^^^^^^^^^^^^^^^^^^^^^^^^^^^^^^^
^^^^^^^^^^^^^^^^^^^^^^^^^^^^^^^^^^^^^^^^^^[0m
  [90m 9 |[0m ...[33mobCard[0m } [36mfrom[0m 
[32m"../../jobs/_components/job-card"[0m;
  [90m10 |[0m ...
  [90m11 |[0m ...[36mst[0m dynamic = [32m"force-dynamic"[0m;



https://nextjs.org/docs/messages/module-not-found


./src/app/api/jobs/alerts/[alertId]/route.ts:4:1
Module not found: Can't resolve '../../../../features/jobs/alerts.service'
  [90m 2 |[0m [36mimport[0m { z } [36mfrom[0m [32m"zod"[0m;
  [90m 3 |[0m
[31m[1m>[0m [90m 4 |[0m [36mimport[0m {
  [90m   |[0m [31m[1m^^^^^^^[0m
[31m[1m>[0m [90m 5 |[0m   deleteJobAlert,
  [90m   |[0m [31m[1m^^^^^^^^^^^^^^^^^[0m
[31m[1m>[0m [90m 6 |[0m   findMatchingJobs,
  [90m   |[0m [31m[1m^^^^^^^^^^^^^^^^^^^[0m
[31m[1m>[0m [90m 7 |[0m   getJobAlertById,
  [90m   |[0m [31m[1m^^^^^^^^^^^^^^^^^^[0m
[31m[1m>[0m [90m 8 |[0m   updateJobAlert,
  [90m   |[0m [31m[1m^^^^^^^^^^^^^^^^^[0m
[31m[1m>[0m [90m 9 |[0m } [36mfrom[0m 
[32m"../../../../features/jobs/alerts.service"[0m;
  [90m   |[0m 
[31m[1m^^^^^^^^^^^^^^^^^^^^^^^^^^^^^^^^^^^^^^^^^^^^^^^^^^[0m
  [90m10 |[0m [36mimport[0m { requireAuth } [36mfrom[0m 
[32m"../../../../lib/auth/guards"[0m;
  [90m11 |[0m [36mimport[0m [36mtype[0m { [33mJobType[0m } 
[36mfrom[0m [32m"@prisma/client"[0m;
  [90m12 |[0m



https://nextjs.org/docs/messages/module-not-found


./src/app/tutor/courses/[slug]/edit/page.tsx:4:1
Module not found: Can't resolve '../../../../features/tutor/service'
  [90m2 |[0m
  [90m3 |[0m [36mimport[0m { requireSession } [36mfrom[0m 
[32m"../../../../lib/auth/session"[0m;
[31m[1m>[0m [90m4 |[0m [36mimport[0m { getTutorCourseForEdit } 
[36mfrom[0m [32m"../../../../features/tutor/service"[0m;
  [90m  |[0m [31m[1m^^^^^^^^^^^^^^^^^^^^^^^^^^^^^^^^^^^^^^^^^^^^^^^^^^^^
^^^^^^^^^^^^^^^^^^^^^^^[0m
  [90m5 |[0m
  [90m6 |[0m [36mimport[0m { [33mEditCourseClient[0m } [36mfrom[0m 
[32m"./edit-course-client"[0m;
  [90m7 |[0m



https://nextjs.org/docs/messages/module-not-found


./src/app/api/resume/ai/achievements/route.ts:4:1
Module not found: Can't resolve '../../../../lib/ai/resume'
  [90m2 |[0m [36mimport[0m { z } [36mfrom[0m [32m"zod"[0m;
  [90m3 |[0m
[31m[1m>[0m [90m4 |[0m [36mimport[0m { 
generateAchievementsFromContext } [36mfrom[0m 
[32m"../../../../lib/ai/resume"[0m;
  [90m  |[0m [31m[1m^^^^^^^^^^^^^^^^^^^^^^^^^^^^^^^^^^^^^^^^^^^^^^^^^^^^
^^^^^^^^^^^^^^^^^^^^^^^^[0m
  [90m5 |[0m [36mimport[0m { verifyToken } [36mfrom[0m 
[32m"../../../../lib/auth/jwt"[0m;
  [90m6 |[0m
  [90m7 |[0m [36mconst[0m [33mAchievementRequestSchema[0m = z.object({



https://nextjs.org/docs/messages/module-not-found


./src/app/api/jobs/alerts/[alertId]/route.ts:10:1
Module not found: Can't resolve '../../../../lib/auth/guards'
  [90m 8 |[0m   updateJobAlert,
  [90m 9 |[0m } [36mfrom[0m 
[32m"../../../../features/jobs/alerts.service"[0m;
[31m[1m>[0m [90m10 |[0m [36mimport[0m { requireAuth } [36mfrom[0m 
[32m"../../../../lib/auth/guards"[0m;
  [90m   |[0m 
[31m[1m^^^^^^^^^^^^^^^^^^^^^^^^^^^^^^^^^^^^^^^^^^^^^^^^^^^^^^^^^^[0m
  [90m11 |[0m [36mimport[0m [36mtype[0m { [33mJobType[0m } 
[36mfrom[0m [32m"@prisma/client"[0m;
  [90m12 |[0m
  [90m13 |[0m [36mexport[0m [36mconst[0m runtime = [32m"nodejs"[0m;



https://nextjs.org/docs/messages/module-not-found


./src/app/api/resume/ai/achievements/route.ts:5:1
Module not found: Can't resolve '../../../../lib/auth/jwt'
  [90m3 |[0m
  [90m4 |[0m [36mimport[0m { generateAchievementsFromContext } 
[36mfrom[0m [32m"../../../../lib/ai/resume"[0m;
[31m[1m>[0m [90m5 |[0m [36mimport[0m { verifyToken } [36mfrom[0m 
[32m"../../../../lib/auth/jwt"[0m;
  [90m  |[0m 
[31m[1m^^^^^^^^^^^^^^^^^^^^^^^^^^^^^^^^^^^^^^^^^^^^^^^^^^^^^^^[0m
  [90m6 |[0m
  [90m7 |[0m [36mconst[0m [33mAchievementRequestSchema[0m = z.object({
  [90m8 |[0m   jobTitle: z.string().min([35m2[0m, [32m"Job title is 
required"[0m),



https://nextjs.org/docs/messages/module-not-found


./src/app/tutor/courses/[slug]/edit/page.tsx:3:1
Module not found: Can't resolve '../../../../lib/auth/session'
  [90m1 |[0m [36mimport[0m { notFound } [36mfrom[0m 
[32m"next/navigation"[0m;
  [90m2 |[0m
[31m[1m>[0m [90m3 |[0m [36mimport[0m { requireSession } 
[36mfrom[0m [32m"../../../../lib/auth/session"[0m;
  [90m  |[0m 
[31m[1m^^^^^^^^^^^^^^^^^^^^^^^^^^^^^^^^^^^^^^^^^^^^^^^^^^^^^^^^^^^^^^[0m
  [90m4 |[0m [36mimport[0m { getTutorCourseForEdit } [36mfrom[0m 
[32m"../../../../features/tutor/service"[0m;
  [90m5 |[0m
  [90m6 |[0m [36mimport[0m { [33mEditCourseClient[0m } [36mfrom[0m 
[32m"./edit-course-client"[0m;



https://nextjs.org/docs/messages/module-not-found


./src/app/resume/[slug]/edit/ai-forms.tsx:7:1
Module not found: Can't resolve '../../../components/ai/bullet-suggestions'
  [90m 5 |[0m
  [90m 6 |[0m [36mimport[0m { [33mButton[0m } [36mfrom[0m 
[32m"../../../components/ui/button"[0m;
[31m[1m>[0m [90m 7 |[0m [36mimport[0m { [33mBulletSuggestions[0m } 
[36mfrom[0m [32m"../../../components/ai/bullet-suggestions"[0m;
  [90m   |[0m [31m[1m^^^^^^^^^^^^^^^^^^^^^^^^^^^^^^^^^^^^^^^^^^^^^^^^^^^
^^^^^^^^^^^^^^^^^^^^^^^^^^^[0m
  [90m 8 |[0m [36mimport[0m { [33mSkillAnalysis[0m } [36mfrom[0m 
[32m"../../../components/ai/skill-analysis"[0m;
  [90m 9 |[0m [36mimport[0m { [33mInput[0m } [36mfrom[0m 
[32m"../../../components/ui/input"[0m;
  [90m10 |[0m [36mimport[0m { [33mBadge[0m } [36mfrom[0m 
[32m"../../../components/ui/badge"[0m;



Import trace:
  Server Component:
    ./src/app/resume/[slug]/edit/ai-forms.tsx
    ./src/app/resume/[slug]/edit/page.tsx

https://nextjs.org/docs/messages/module-not-found


./src/app/resume/[slug]/edit/ai-forms.tsx:8:1
Module not found: Can't resolve '../../../components/ai/skill-analysis'
  [90m 6 |[0m [36mimport[0m { [33mButton[0m } [36mfrom[0m 
[32m"../../../components/ui/button"[0m;
  [90m 7 |[0m [36mimport[0m { [33mBulletSuggestions[0m } 
[36mfrom[0m [32m"../../../components/ai/bullet-suggestions"[0m;
[31m[1m>[0m [90m 8 |[0m [36mimport[0m { [33mSkillAnalysis[0m } 
[36mfrom[0m [32m"../../../components/ai/skill-analysis"[0m;
  [90m   |[0m [31m[1m^^^^^^^^^^^^^^^^^^^^^^^^^^^^^^^^^^^^^^^^^^^^^^^^^^^
^^^^^^^^^^^^^^^^^^^[0m
  [90m 9 |[0m [36mimport[0m { [33mInput[0m } [36mfrom[0m 
[32m"../../../components/ui/input"[0m;
  [90m10 |[0m [36mimport[0m { [33mBadge[0m } [36mfrom[0m 
[32m"../../../components/ui/badge"[0m;
  [90m11 |[0m [36mimport[0m { [33mTextarea[0m } [36mfrom[0m 
[32m"../../../components/ui/textarea"[0m;



Import trace:
  Server Component:
    ./src/app/resume/[slug]/edit/ai-forms.tsx
    ./src/app/resume/[slug]/edit/page.tsx

https://nextjs.org/docs/messages/module-not-found


./src/app/courses/layout.tsx:10:1
Module not found: Can't resolve '../../../components/chat/chat-avatar'
  [90m 8 |[0m [36mimport[0m { getCourses } [36mfrom[0m 
[32m"../../features/lms/data/course-service"[0m;
  [90m 9 |[0m [36mimport[0m { [33mNotificationsBell[0m } 
[36mfrom[0m 
[32m"../../../components/notifications/notifications-bell"[0m;
[31m[1m>[0m [90m10 |[0m [36mimport[0m { [33mChatAvatar[0m } 
[36mfrom[0m [32m"../../../components/chat/chat-avatar"[0m;
  [90m   |[0m [31m[1m^^^^^^^^^^^^^^^^^^^^^^^^^^^^^^^^^^^^^^^^^^^^^^^^^^^
^^^^^^^^^^^^^^^[0m
  [90m11 |[0m [36mimport[0m { requireSession } [36mfrom[0m 
[32m"../../../lib/auth/session"[0m;
  [90m12 |[0m [36mimport[0m { [33mDashboardSidebar[0m } [36mfrom[0m 
[32m"../../../components/dashboard/dashboard-sidebar"[0m;
  [90m13 |[0m [36mimport[0m { [33mCard[0m, [33mCardContent[0m, 
[33mCardDescription[0m, [33mCardHeader[0m, [33mCardTitle[0m } 
[36mfrom[0m [32m"../../component...[0m



https://nextjs.org/docs/messages/module-not-found


./src/app/courses/layout.tsx:14:1
Module not found: Can't resolve '../../../components/current-user-provider'
  [90m12 |[0m [36mimport[0m { [33mDashboardSidebar[0m } [36mfrom[0m 
[32m"../../../components/dashboard/dashboard-sidebar"[0m;
  [90m13 |[0m [36mimport[0m { [33mCard[0m, [33mCardContent[0m, 
[33mCardDescription[0m, [33mCardHeader[0m, [33mCardTitle[0m } 
[36mfrom[0m [32m"../../component...[0m
[31m[1m>[0m [90m14 |[0m [36mimport[0m { [33mCurrentUserProvider[0m 
} [36mfrom[0m [32m"../../../components/current-user-provider"[0m;
  [90m   |[0m [31m[1m^^^^^^^^^^^^^^^^^^^^^^^^^^^^^^^^^^^^^^^^^^^^^^^^^^^
^^^^^^^^^^^^^^^^^^^^^^^^^^^^^[0m
  [90m15 |[0m [36mimport[0m { buildDashboardCoursesUrl } [36mfrom[0m 
[32m"../../../lib/dashboard-courses-url"[0m;
  [90m16 |[0m [36mimport[0m { prisma } [36mfrom[0m 
[32m"../../../lib/prisma"[0m;
  [90m17 |[0m



https://nextjs.org/docs/messages/module-not-found


./src/app/courses/layout.tsx:9:1
Module not found: Can't resolve 
'../../../components/notifications/notifications-bell'
  [90m 7 |[0m [36mimport[0m { siteConfig } [36mfrom[0m 
[32m"../../../config/site"[0m;
  [90m 8 |[0m [36mimport[0m { getCourses } [36mfrom[0m 
[32m"../../features/lms/data/course-service"[0m;
[31m[1m>[0m [90m 9 |[0m [36mimport[0m { [33mNotificationsBell[0m } 
[36mfrom[0m 
[32m"../../../components/notifications/notifications-bell"[0m;
  [90m   |[0m [31m[1m^^^^^^^^^^^^^^^^^^^^^^^^^^^^^^^^^^^^^^^^^^^^^^^^^^^
^^^^^^^^^^^^^^^^^^^^^^^^^^^^^^^^^^^^^^[0m
  [90m10 |[0m [36mimport[0m { [33mChatAvatar[0m } [36mfrom[0m 
[32m"../../../components/chat/chat-avatar"[0m;
  [90m11 |[0m [36mimport[0m { requireSession } [36mfrom[0m 
[32m"../../../lib/auth/session"[0m;
  [90m12 |[0m [36mimport[0m { [33mDashboardSidebar[0m } [36mfrom[0m 
[32m"../../../components/dashboard/dashboard-sidebar"[0m;



https://nextjs.org/docs/messages/module-not-found


./src/app/resume/[slug]/edit/ai-forms.tsx:9:1
Module not found: Can't resolve '../../../components/ui/input'
  [90m 7 |[0m [36mimport[0m { [33mBulletSuggestions[0m } 
[36mfrom[0m [32m"../../../components/ai/bullet-suggestions"[0m;
  [90m 8 |[0m [36mimport[0m { [33mSkillAnalysis[0m } [36mfrom[0m 
[32m"../../../components/ai/skill-analysis"[0m;
[31m[1m>[0m [90m 9 |[0m [36mimport[0m { [33mInput[0m } 
[36mfrom[0m [32m"../../../components/ui/input"[0m;
  [90m   |[0m 
[31m[1m^^^^^^^^^^^^^^^^^^^^^^^^^^^^^^^^^^^^^^^^^^^^^^^^^^^^^[0m
  [90m10 |[0m [36mimport[0m { [33mBadge[0m } [36mfrom[0m 
[32m"../../../components/ui/badge"[0m;
  [90m11 |[0m [36mimport[0m { [33mTextarea[0m } [36mfrom[0m 
[32m"../../../components/ui/textarea"[0m;
  [90m12 |[0m [36mimport[0m { useToast } [36mfrom[0m 
[32m"../../../hooks/use-toast"[0m;



Import trace:
  Server Component:
    ./src/app/resume/[slug]/edit/ai-forms.tsx
    ./src/app/resume/[slug]/edit/page.tsx

https://nextjs.org/docs/messages/module-not-found


./src/app/superadmin/page.tsx:6:1
Module not found: Can't resolve '../../../components/ui/stat-card'
  [90m4 |[0m [36mimport[0m { [33mButton[0m } [36mfrom[0m 
[32m"../../components/ui/button"[0m;
  [90m5 |[0m [36mimport[0m { [33mGlassCard[0m } [36mfrom[0m 
[32m"../../components/ui/glass-card"[0m;
[31m[1m>[0m [90m6 |[0m [36mimport[0m { [33mStatCard[0m } 
[36mfrom[0m [32m"../../../components/ui/stat-card"[0m;
  [90m  |[0m 
[31m[1m^^^^^^^^^^^^^^^^^^^^^^^^^^^^^^^^^^^^^^^^^^^^^^^^^^^^^^^^^^^^[0m
  [90m7 |[0m [36mimport[0m { getSuperAdminOverview } [36mfrom[0m 
[32m"../../features/superadmin/dashboard"[0m;
  [90m8 |[0m
  [90m9 |[0m [36mexport[0m [36mconst[0m dynamic = 
[32m"force-dynamic"[0m;



https://nextjs.org/docs/messages/module-not-found


./src/app/resume/[slug]/edit/ai-forms.tsx:11:1
Module not found: Can't resolve '../../../components/ui/textarea'
  [90m 9 |[0m [36mimport[0m { [33mInput[0m } [36mfrom[0m 
[32m"../../../components/ui/input"[0m;
  [90m10 |[0m [36mimport[0m { [33mBadge[0m } [36mfrom[0m 
[32m"../../../components/ui/badge"[0m;
[31m[1m>[0m [90m11 |[0m [36mimport[0m { [33mTextarea[0m } 
[36mfrom[0m [32m"../../../components/ui/textarea"[0m;
  [90m   |[0m 
[31m[1m^^^^^^^^^^^^^^^^^^^^^^^^^^^^^^^^^^^^^^^^^^^^^^^^^^^^^^^^^^^[0m
  [90m12 |[0m [36mimport[0m { useToast } [36mfrom[0m 
[32m"../../../hooks/use-toast"[0m;
  [90m13 |[0m [36mimport[0m [36mtype[0m {
  [90m14 |[0m   [33mATSActionState[0m,



Import trace:
  Server Component:
    ./src/app/resume/[slug]/edit/ai-forms.tsx
    ./src/app/resume/[slug]/edit/page.tsx

https://nextjs.org/docs/messages/module-not-found


./src/app/courses/layout.tsx:7:1
Module not found: Can't resolve '../../../config/site'
  [90m 5 |[0m
  [90m 6 |[0m [36mimport[0m { [33mBadge[0m } [36mfrom[0m 
[32m"../../components/ui/badge"[0m;
[31m[1m>[0m [90m 7 |[0m [36mimport[0m { siteConfig } [36mfrom[0m 
[32m"../../../config/site"[0m;
  [90m   |[0m 
[31m[1m^^^^^^^^^^^^^^^^^^^^^^^^^^^^^^^^^^^^^^^^^^^^^^^^^^[0m
  [90m 8 |[0m [36mimport[0m { getCourses } [36mfrom[0m 
[32m"../../features/lms/data/course-service"[0m;
  [90m 9 |[0m [36mimport[0m { [33mNotificationsBell[0m } 
[36mfrom[0m 
[32m"../../../components/notifications/notifications-bell"[0m;
  [90m10 |[0m [36mimport[0m { [33mChatAvatar[0m } [36mfrom[0m 
[32m"../../../components/chat/chat-avatar"[0m;



https://nextjs.org/docs/messages/module-not-found


./src/app/api/auth/forgot-password/route.ts:4:1
Module not found: Can't resolve '../../../features/auth/schemas'
  [90m2 |[0m
  [90m3 |[0m [36mimport[0m { requestPasswordReset } [36mfrom[0m 
[32m"../../../features/auth/service"[0m;
[31m[1m>[0m [90m4 |[0m [36mimport[0m { [33mForgotPasswordSchema[0m 
} [36mfrom[0m [32m"../../../features/auth/schemas"[0m;
  [90m  |[0m [31m[1m^^^^^^^^^^^^^^^^^^^^^^^^^^^^^^^^^^^^^^^^^^^^^^^^^^^^
^^^^^^^^^^^^^^^^^^[0m
  [90m5 |[0m
  [90m6 |[0m [36mexport[0m [36mconst[0m runtime = [32m"nodejs"[0m;
  [90m7 |[0m



https://nextjs.org/docs/messages/module-not-found


./src/app/api/auth/forgot-password/route.ts:3:1
Module not found: Can't resolve '../../../features/auth/service'
  [90m1 |[0m [36mimport[0m { [33mNextRequest[0m, 
[33mNextResponse[0m } [36mfrom[0m [32m"next/server"[0m;
  [90m2 |[0m
[31m[1m>[0m [90m3 |[0m [36mimport[0m { requestPasswordReset } 
[36mfrom[0m [32m"../../../features/auth/service"[0m;
  [90m  |[0m [31m[1m^^^^^^^^^^^^^^^^^^^^^^^^^^^^^^^^^^^^^^^^^^^^^^^^^^^^
^^^^^^^^^^^^^^^^^^[0m
  [90m4 |[0m [36mimport[0m { [33mForgotPasswordSchema[0m } 
[36mfrom[0m [32m"../../../features/auth/schemas"[0m;
  [90m5 |[0m
  [90m6 |[0m [36mexport[0m [36mconst[0m runtime = [32m"nodejs"[0m;



https://nextjs.org/docs/messages/module-not-found


./src/app/companies/page.tsx:8:1
Module not found: Can't resolve '../../../features/companies/service'
  [90m 6 |[0m [36mimport[0m { [33mCard[0m, [33mCardContent[0m, 
[33mCardDescription[0m, [33mCardHeader[0m, [33mCardTitle[0m } 
[36mfrom[0m [32m"../../component...[0m
  [90m 7 |[0m [36mimport[0m { [33mInput[0m } [36mfrom[0m 
[32m"../../components/ui/input"[0m;
[31m[1m>[0m [90m 8 |[0m [36mimport[0m { getCompanies } [36mfrom[0m 
[32m"../../../features/companies/service"[0m;
  [90m   |[0m [31m[1m^^^^^^^^^^^^^^^^^^^^^^^^^^^^^^^^^^^^^^^^^^^^^^^^^^^
^^^^^^^^^^^^^^^^[0m
  [90m 9 |[0m
  [90m10 |[0m [36mexport[0m [36mconst[0m dynamic = 
[32m"force-dynamic"[0m;
  [90m11 |[0m [36mexport[0m [36mconst[0m revalidate = [35m0[0m;



https://nextjs.org/docs/messages/module-not-found


./src/app/api/dashboard/insights/route.ts:3:1
Module not found: Can't resolve '../../../features/dashboard/insights'
  [90m 1 |[0m [36mimport[0m { [33mNextRequest[0m, 
[33mNextResponse[0m } [36mfrom[0m [32m"next/server"[0m;
  [90m 2 |[0m
[31m[1m>[0m [90m 3 |[0m [36mimport[0m {
  [90m   |[0m [31m[1m^^^^^^^[0m
[31m[1m>[0m [90m 4 |[0m   getAdminDashboardInsights,
  [90m   |[0m [31m[1m^^^^^^^^^^^^^^^^^^^^^^^^^^^^[0m
[31m[1m>[0m [90m 5 |[0m   getEmployerDashboardInsights,
  [90m   |[0m [31m[1m^^^^^^^^^^^^^^^^^^^^^^^^^^^^^^^[0m
[31m[1m>[0m [90m 6 |[0m   getStudentDashboardInsights,
  [90m   |[0m [31m[1m^^^^^^^^^^^^^^^^^^^^^^^^^^^^^^[0m
[31m[1m>[0m [90m 7 |[0m   getTutorDashboardInsights,
  [90m   |[0m [31m[1m^^^^^^^^^^^^^^^^^^^^^^^^^^^^[0m
[31m[1m>[0m [90m 8 |[0m   getUserActivityFeed,
  [90m   |[0m [31m[1m^^^^^^^^^^^^^^^^^^^^^^[0m
[31m[1m>[0m [90m 9 |[0m } [36mfrom[0m 
[32m"../../../features/dashboard/insights"[0m;
  [90m   |[0m [31m[1m^^^^^^^^^^^^^^^^^^^^^^^^^^^^^^^^^^^^^^^^^^^^^^[0m
  [90m10 |[0m [36mimport[0m { requireAuth } [36mfrom[0m 
[32m"../../../lib/auth/guards"[0m;
  [90m11 |[0m [36mimport[0m { createRateLimit, rateLimitPresets } 
[36mfrom[0m [32m"../../../lib/security/rate-limit"[0m;
  [90m12 |[0m [36mimport[0m [36mtype[0m { [33mRole[0m } 
[36mfrom[0m [32m"@prisma/client"[0m;



https://nextjs.org/docs/messages/module-not-found


./src/app/api/forum/posts/route.ts:2:1
Module not found: Can't resolve '../../../features/forum/service'
  [90m1 |[0m ... { [33mNextRequest[0m, [33mNextResponse[0m } 
[36mfrom[0m [32m'next/server'[0m;
[31m[1m>[0m [90m2 |[0m ... { createForumPost, listThreadPosts, 
listPostReplies } [36mfrom[0m [32m'../../../features/forum/ser...[0m
  [90m  |[0m    [31m[1m^^^^^^^^^^^^^^^^^^^^^^^^^^^^^^^^^^^^^^^^^^^^^^^^^
^^^^^^^^^^^^^^^^^^^^^^^^^^^^^^^^^^^^^^^^^^[0m
  [90m3 |[0m ...
  [90m4 |[0m ...[90m /api/forum/posts?threadId=xxx - list top-level 
posts for a thread[0m
  [90m5 |[0m ...[90m /api/forum/posts?parentId=xxx - list replies to a 
post[0m



https://nextjs.org/docs/messages/module-not-found


./src/app/api/notifications/preferences/route.ts:3:1
Module not found: Can't resolve 
'../../../features/resume/notification-service'
  [90m1 |[0m [36mimport[0m { [33mNextRequest[0m, 
[33mNextResponse[0m } [36mfrom[0m [32m"next/server"[0m;
  [90m2 |[0m [36mimport[0m { requireSession } [36mfrom[0m 
[32m"../../../lib/auth/session"[0m;
[31m[1m>[0m [90m3 |[0m [36mimport[0m { notificationService } 
[36mfrom[0m [32m"../../../features/resume/notification-service"[0m;
  [90m  |[0m [31m[1m^^^^^^^^^^^^^^^^^^^^^^^^^^^^^^^^^^^^^^^^^^^^^^^^^^^^
^^^^^^^^^^^^^^^^^^^^^^^^^^^^^^^^[0m
  [90m4 |[0m
  [90m5 |[0m /**
  [90m6 |[0m  * [33mGET[0m /api/notifications/preferences



https://nextjs.org/docs/messages/module-not-found


./src/app/resume/[slug]/edit/ai-forms.tsx:12:1
Module not found: Can't resolve '../../../hooks/use-toast'
  [90m10 |[0m [36mimport[0m { [33mBadge[0m } [36mfrom[0m 
[32m"../../../components/ui/badge"[0m;
  [90m11 |[0m [36mimport[0m { [33mTextarea[0m } [36mfrom[0m 
[32m"../../../components/ui/textarea"[0m;
[31m[1m>[0m [90m12 |[0m [36mimport[0m { useToast } [36mfrom[0m 
[32m"../../../hooks/use-toast"[0m;
  [90m   |[0m 
[31m[1m^^^^^^^^^^^^^^^^^^^^^^^^^^^^^^^^^^^^^^^^^^^^^^^^^^^^[0m
  [90m13 |[0m [36mimport[0m [36mtype[0m {
  [90m14 |[0m   [33mATSActionState[0m,
  [90m15 |[0m   [33mBulletActionState[0m,



Import trace:
  Server Component:
    ./src/app/resume/[slug]/edit/ai-forms.tsx
    ./src/app/resume/[slug]/edit/page.tsx

https://nextjs.org/docs/messages/module-not-found


./src/app/api/ai/optimize-summary/route.ts:3:1
Module not found: Can't resolve '../../../lib/ai/resume'
  [90m1 |[0m [36mimport[0m { [33mNextRequest[0m, 
[33mNextResponse[0m } [36mfrom[0m [32m"next/server"[0m;
  [90m2 |[0m
[31m[1m>[0m [90m3 |[0m [36mimport[0m { optimizeResumeSummary } 
[36mfrom[0m [32m"../../../lib/ai/resume"[0m;
  [90m  |[0m 
[31m[1m^^^^^^^^^^^^^^^^^^^^^^^^^^^^^^^^^^^^^^^^^^^^^^^^^^^^^^^^^^^^^^^[0m
  [90m4 |[0m [36mimport[0m { verifyToken } [36mfrom[0m 
[32m"../../../lib/auth/jwt"[0m;
  [90m5 |[0m [36mimport[0m { z } [36mfrom[0m [32m"zod"[0m;
  [90m6 |[0m



https://nextjs.org/docs/messages/module-not-found


./src/app/api/dashboard/insights/route.ts:10:1
Module not found: Can't resolve '../../../lib/auth/guards'
  [90m 8 |[0m   getUserActivityFeed,
  [90m 9 |[0m } [36mfrom[0m 
[32m"../../../features/dashboard/insights"[0m;
[31m[1m>[0m [90m10 |[0m [36mimport[0m { requireAuth } [36mfrom[0m 
[32m"../../../lib/auth/guards"[0m;
  [90m   |[0m 
[31m[1m^^^^^^^^^^^^^^^^^^^^^^^^^^^^^^^^^^^^^^^^^^^^^^^^^^^^^^^[0m
  [90m11 |[0m [36mimport[0m { createRateLimit, rateLimitPresets } 
[36mfrom[0m [32m"../../../lib/security/rate-limit"[0m;
  [90m12 |[0m [36mimport[0m [36mtype[0m { [33mRole[0m } 
[36mfrom[0m [32m"@prisma/client"[0m;
  [90m13 |[0m



https://nextjs.org/docs/messages/module-not-found


./src/app/api/ai/optimize-summary/route.ts:4:1
Module not found: Can't resolve '../../../lib/auth/jwt'
  [90m2 |[0m
  [90m3 |[0m [36mimport[0m { optimizeResumeSummary } [36mfrom[0m 
[32m"../../../lib/ai/resume"[0m;
[31m[1m>[0m [90m4 |[0m [36mimport[0m { verifyToken } [36mfrom[0m 
[32m"../../../lib/auth/jwt"[0m;
  [90m  |[0m 
[31m[1m^^^^^^^^^^^^^^^^^^^^^^^^^^^^^^^^^^^^^^^^^^^^^^^^^^^^[0m
  [90m5 |[0m [36mimport[0m { z } [36mfrom[0m [32m"zod"[0m;
  [90m6 |[0m
  [90m7 |[0m [36mconst[0m [33mOptimizeSummarySchema[0m = z.object({



https://nextjs.org/docs/messages/module-not-found


./src/app/api/user/applications/route.ts:3:1
Module not found: Can't resolve '../../../lib/auth/jwt'
  [90m1 |[0m [36mimport[0m { [33mNextRequest[0m, 
[33mNextResponse[0m } [36mfrom[0m [32m"next/server"[0m;
  [90m2 |[0m
[31m[1m>[0m [90m3 |[0m [36mimport[0m { verifyToken } [36mfrom[0m 
[32m"../../../lib/auth/jwt"[0m;
  [90m  |[0m 
[31m[1m^^^^^^^^^^^^^^^^^^^^^^^^^^^^^^^^^^^^^^^^^^^^^^^^^^^^[0m
  [90m4 |[0m [36mimport[0m { prisma } [36mfrom[0m 
[32m"../../../lib/prisma"[0m;
  [90m5 |[0m
  [90m6 |[0m [36mexport[0m [36masync[0m [36mfunction[0m 
[33mGET[0m(request: [33mNextRequest[0m) {



https://nextjs.org/docs/messages/module-not-found


./src/app/api/user/dashboard/route.ts:3:1
Module not found: Can't resolve '../../../lib/auth/jwt'
  [90m1 |[0m [36mimport[0m { [33mNextRequest[0m, 
[33mNextResponse[0m } [36mfrom[0m [32m"next/server"[0m;
  [90m2 |[0m
[31m[1m>[0m [90m3 |[0m [36mimport[0m { verifyToken } [36mfrom[0m 
[32m"../../../lib/auth/jwt"[0m;
  [90m  |[0m 
[31m[1m^^^^^^^^^^^^^^^^^^^^^^^^^^^^^^^^^^^^^^^^^^^^^^^^^^^^[0m
  [90m4 |[0m [36mimport[0m { prisma } [36mfrom[0m 
[32m"../../../lib/prisma"[0m;
  [90m5 |[0m
  [90m6 |[0m [36mexport[0m [36masync[0m [36mfunction[0m 
[33mGET[0m(request: [33mNextRequest[0m) {



https://nextjs.org/docs/messages/module-not-found


./src/app/api/notifications/preferences/route.ts:2:1
Module not found: Can't resolve '../../../lib/auth/session'
  [90m1 |[0m [36mimport[0m { [33mNextRequest[0m, 
[33mNextResponse[0m } [36mfrom[0m [32m"next/server"[0m;
[31m[1m>[0m [90m2 |[0m [36mimport[0m { requireSession } 
[36mfrom[0m [32m"../../../lib/auth/session"[0m;
  [90m  |[0m 
[31m[1m^^^^^^^^^^^^^^^^^^^^^^^^^^^^^^^^^^^^^^^^^^^^^^^^^^^^^^^^^^^[0m
  [90m3 |[0m [36mimport[0m { notificationService } [36mfrom[0m 
[32m"../../../features/resume/notification-service"[0m;
  [90m4 |[0m
  [90m5 |[0m /**



https://nextjs.org/docs/messages/module-not-found


./src/app/courses/layout.tsx:11:1
Module not found: Can't resolve '../../../lib/auth/session'
  [90m 9 |[0m [36mimport[0m { [33mNotificationsBell[0m } 
[36mfrom[0m 
[32m"../../../components/notifications/notifications-bell"[0m;
  [90m10 |[0m [36mimport[0m { [33mChatAvatar[0m } [36mfrom[0m 
[32m"../../../components/chat/chat-avatar"[0m;
[31m[1m>[0m [90m11 |[0m [36mimport[0m { requireSession } 
[36mfrom[0m [32m"../../../lib/auth/session"[0m;
  [90m   |[0m 
[31m[1m^^^^^^^^^^^^^^^^^^^^^^^^^^^^^^^^^^^^^^^^^^^^^^^^^^^^^^^^^^^[0m
  [90m12 |[0m [36mimport[0m { [33mDashboardSidebar[0m } [36mfrom[0m 
[32m"../../../components/dashboard/dashboard-sidebar"[0m;
  [90m13 |[0m [36mimport[0m { [33mCard[0m, [33mCardContent[0m, 
[33mCardDescription[0m, [33mCardHeader[0m, [33mCardTitle[0m } 
[36mfrom[0m [32m"../../component...[0m
  [90m14 |[0m [36mimport[0m { [33mCurrentUserProvider[0m } 
[36mfrom[0m [32m"../../../components/current-user-provider"[0m;



https://nextjs.org/docs/messages/module-not-found


./src/app/api/admin/run-migration/route.ts:2:1
Module not found: Can't resolve '../../../lib/prisma'
  [90m1 |[0m [36mimport[0m { [33mNextRequest[0m, 
[33mNextResponse[0m } [36mfrom[0m [32m"next/server"[0m;
[31m[1m>[0m [90m2 |[0m [36mimport[0m { prisma } [36mfrom[0m 
[32m"../../../lib/prisma"[0m;
  [90m  |[0m [31m[1m^^^^^^^^^^^^^^^^^^^^^^^^^^^^^^^^^^^^^^^^^^^^^[0m
  [90m3 |[0m
  [90m4 |[0m [36mexport[0m [36mconst[0m runtime = [32m"nodejs"[0m;
  [90m5 |[0m



https://nextjs.org/docs/messages/module-not-found


./src/app/api/user/applications/route.ts:4:1
Module not found: Can't resolve '../../../lib/prisma'
  [90m2 |[0m
  [90m3 |[0m [36mimport[0m { verifyToken } [36mfrom[0m 
[32m"../../../lib/auth/jwt"[0m;
[31m[1m>[0m [90m4 |[0m [36mimport[0m { prisma } [36mfrom[0m 
[32m"../../../lib/prisma"[0m;
  [90m  |[0m [31m[1m^^^^^^^^^^^^^^^^^^^^^^^^^^^^^^^^^^^^^^^^^^^^^[0m
  [90m5 |[0m
  [90m6 |[0m [36mexport[0m [36masync[0m [36mfunction[0m 
[33mGET[0m(request: [33mNextRequest[0m) {
  [90m7 |[0m   [36mtry[0m {



https://nextjs.org/docs/messages/module-not-found


./src/app/api/user/dashboard/route.ts:4:1
Module not found: Can't resolve '../../../lib/prisma'
  [90m2 |[0m
  [90m3 |[0m [36mimport[0m { verifyToken } [36mfrom[0m 
[32m"../../../lib/auth/jwt"[0m;
[31m[1m>[0m [90m4 |[0m [36mimport[0m { prisma } [36mfrom[0m 
[32m"../../../lib/prisma"[0m;
  [90m  |[0m [31m[1m^^^^^^^^^^^^^^^^^^^^^^^^^^^^^^^^^^^^^^^^^^^^^[0m
  [90m5 |[0m
  [90m6 |[0m [36mexport[0m [36masync[0m [36mfunction[0m 
[33mGET[0m(request: [33mNextRequest[0m) {
  [90m7 |[0m   [36mtry[0m {



https://nextjs.org/docs/messages/module-not-found


./src/app/courses/layout.tsx:16:1
Module not found: Can't resolve '../../../lib/prisma'
  [90m14 |[0m [36mimport[0m { [33mCurrentUserProvider[0m } 
[36mfrom[0m [32m"../../../components/current-user-provider"[0m;
  [90m15 |[0m [36mimport[0m { buildDashboardCoursesUrl } [36mfrom[0m 
[32m"../../../lib/dashboard-courses-url"[0m;
[31m[1m>[0m [90m16 |[0m [36mimport[0m { prisma } [36mfrom[0m 
[32m"../../../lib/prisma"[0m;
  [90m   |[0m [31m[1m^^^^^^^^^^^^^^^^^^^^^^^^^^^^^^^^^^^^^^^^^^^^^[0m
  [90m17 |[0m
  [90m18 |[0m [36mexport[0m [36mconst[0m dynamic = 
[32m"force-dynamic"[0m;
  [90m19 |[0m [36mexport[0m [36mconst[0m revalidate = [35m0[0m;



https://nextjs.org/docs/messages/module-not-found


./src/app/api/dashboard/insights/route.ts:11:1
Module not found: Can't resolve '../../../lib/security/rate-limit'
  [90m 9 |[0m } [36mfrom[0m 
[32m"../../../features/dashboard/insights"[0m;
  [90m10 |[0m [36mimport[0m { requireAuth } [36mfrom[0m 
[32m"../../../lib/auth/guards"[0m;
[31m[1m>[0m [90m11 |[0m [36mimport[0m { createRateLimit, 
rateLimitPresets } [36mfrom[0m 
[32m"../../../lib/security/rate-limit"[0m;
  [90m   |[0m [31m[1m^^^^^^^^^^^^^^^^^^^^^^^^^^^^^^^^^^^^^^^^^^^^^^^^^^^
^^^^^^^^^^^^^^^^^^^^^^^^^^^^^^^^^^[0m
  [90m12 |[0m [36mimport[0m [36mtype[0m { [33mRole[0m } 
[36mfrom[0m [32m"@prisma/client"[0m;
  [90m13 |[0m
  [90m14 |[0m [36mexport[0m [36mconst[0m runtime = [32m"nodejs"[0m;



https://nextjs.org/docs/messages/module-not-found


./src/features/chat/components/unified-chat-hub.tsx:30:1
Module not found: Can't resolve '../../components/current-user-provider'
  [90m28 |[0m [36mimport[0m { useChatWebSocket } [36mfrom[0m 
[32m"../services/websocket-manager"[0m;
  [90m29 |[0m [36mimport[0m { useChatSpaces, useDirectConversations } 
[36mfrom[0m [32m"../hooks"[0m;
[31m[1m>[0m [90m30 |[0m [36mimport[0m { useCurrentUserId } 
[36mfrom[0m [32m"../../components/current-user-provider"[0m;
  [90m   |[0m [31m[1m^^^^^^^^^^^^^^^^^^^^^^^^^^^^^^^^^^^^^^^^^^^^^^^^^^^
^^^^^^^^^^^^^^^^^^^^^^^[0m
  [90m31 |[0m
  [90m32 |[0m [36mimport[0m { [33mChatArea[0m } [36mfrom[0m 
[32m"./chat-area"[0m;
  [90m33 |[0m [36mimport[0m { [33mChatSearch[0m } [36mfrom[0m 
[32m"./chat-search"[0m;



Import trace:
  Server Component:
    ./src/features/chat/components/unified-chat-hub.tsx
    ./src/app/chat/page.tsx

https://nextjs.org/docs/messages/module-not-found


./src/features/interview/components/question-bank-selector.tsx:10:1
Module not found: Can't resolve '../../components/ui/alert'
  [90m 8 |[0m [36mimport[0m { [33mCheckbox[0m } [36mfrom[0m 
[32m"../../components/ui/checkbox"[0m;
  [90m 9 |[0m [36mimport[0m { [33mAlertCircle[0m, [33mLoader2[0m, 
[33mPlus[0m, [33mTrash2[0m } [36mfrom[0m [32m'lucide-react'[0m;
[31m[1m>[0m [90m10 |[0m [36mimport[0m { [33mAlert[0m, 
[33mAlertDescription[0m } [36mfrom[0m 
[32m"../../components/ui/alert"[0m;
  [90m   |[0m [31m[1m^^^^^^^^^^^^^^^^^^^^^^^^^^^^^^^^^^^^^^^^^^^^^^^^^^^
^^^^^^^^^^^^^^^^^[0m
  [90m11 |[0m
  [90m12 |[0m [36minterface[0m [33mQuestionTemplate[0m {
  [90m13 |[0m   id: string;



Import traces:
  Client Component Browser:
    ./src/features/interview/components/question-bank-selector.tsx [Client 
Component Browser]
    ./src/features/interview/components/interview-dashboard.tsx [Client 
Component Browser]
    ./src/features/interview/components/interview-dashboard.tsx [Server 
Component]
    ./src/app/dashboard/interview/page.tsx [Server Component]

  Client Component SSR:
    ./src/features/interview/components/question-bank-selector.tsx [Client 
Component SSR]
    ./src/features/interview/components/interview-dashboard.tsx [Client 
Component SSR]
    ./src/features/interview/components/interview-dashboard.tsx [Server 
Component]
    ./src/app/dashboard/interview/page.tsx [Server Component]

https://nextjs.org/docs/messages/module-not-found


./src/features/chat/components/chat-notifications.tsx:8:1
Module not found: Can't resolve '../../components/ui/avatar'
  [90m 6 |[0m [36mimport[0m { [33mButton[0m } [36mfrom[0m 
[32m"../../components/ui/button"[0m;
  [90m 7 |[0m [36mimport[0m { [33mBadge[0m } [36mfrom[0m 
[32m"../../components/ui/badge"[0m;
[31m[1m>[0m [90m 8 |[0m [36mimport[0m { [33mAvatar[0m } 
[36mfrom[0m [32m"../../components/ui/avatar"[0m;
  [90m   |[0m 
[31m[1m^^^^^^^^^^^^^^^^^^^^^^^^^^^^^^^^^^^^^^^^^^^^^^^^^^^^[0m
  [90m 9 |[0m [36mimport[0m { [33mCard[0m, [33mCardContent[0m, 
[33mCardDescription[0m, [33mCardHeader[0m, [33mCardTitle[0m } 
[36mfrom[0m [32m"../../component...[0m
  [90m10 |[0m [36mimport[0m { [33mScrollArea[0m } [36mfrom[0m 
[32m"../../components/ui/scroll-area"[0m;
  [90m11 |[0m [36mimport[0m { listChatNotifications } [36mfrom[0m 
[32m"../service"[0m;



Import traces:
  Client Component Browser:
    ./src/features/chat/components/chat-notifications.tsx [Client Component 
Browser]
    ./src/features/chat/components/unified-chat-hub.tsx [Client Component 
Browser]
    ./src/features/chat/components/unified-chat-hub.tsx [Server Component]
    ./src/app/chat/page.tsx [Server Component]

  Client Component SSR:
    ./src/features/chat/components/chat-notifications.tsx [Client Component 
SSR]
    ./src/features/chat/components/unified-chat-hub.tsx [Client Component 
SSR]
    ./src/features/chat/components/unified-chat-hub.tsx [Server Component]
    ./src/app/chat/page.tsx [Server Component]

https://nextjs.org/docs/messages/module-not-found


./src/features/chat/components/chat-search.tsx:8:1
Module not found: Can't resolve '../../components/ui/avatar'
  [90m 6 |[0m [36mimport[0m { [33mButton[0m } [36mfrom[0m 
[32m"../../components/ui/button"[0m;
  [90m 7 |[0m [36mimport[0m { [33mBadge[0m } [36mfrom[0m 
[32m"../../components/ui/badge"[0m;
[31m[1m>[0m [90m 8 |[0m [36mimport[0m { [33mAvatar[0m } 
[36mfrom[0m [32m"../../components/ui/avatar"[0m;
  [90m   |[0m 
[31m[1m^^^^^^^^^^^^^^^^^^^^^^^^^^^^^^^^^^^^^^^^^^^^^^^^^^^^[0m
  [90m 9 |[0m [36mimport[0m { [33mSelect[0m, [33mSelectContent[0m, 
[33mSelectItem[0m, [33mSelectTrigger[0m, [33mSelectValue[0m } 
[36mfrom[0m [32m"../../compo...[0m
  [90m10 |[0m [36mimport[0m { [33mCard[0m, [33mCardContent[0m, 
[33mCardDescription[0m, [33mCardHeader[0m, [33mCardTitle[0m } 
[36mfrom[0m [32m"../../component...[0m
  [90m11 |[0m [36mimport[0m { [33mScrollArea[0m } [36mfrom[0m 
[32m"../../components/ui/scroll-area"[0m;



Import traces:
  Client Component Browser:
    ./src/features/chat/components/chat-search.tsx [Client Component 
Browser]
    ./src/features/chat/components/unified-chat-hub.tsx [Client Component 
Browser]
    ./src/features/chat/components/unified-chat-hub.tsx [Server Component]
    ./src/app/chat/page.tsx [Server Component]

  Client Component SSR:
    ./src/features/chat/components/chat-search.tsx [Client Component SSR]
    ./src/features/chat/components/unified-chat-hub.tsx [Client Component 
SSR]
    ./src/features/chat/components/unified-chat-hub.tsx [Server Component]
    ./src/app/chat/page.tsx [Server Component]

https://nextjs.org/docs/messages/module-not-found


./src/features/chat/components/unified-chat-hub.tsx:21:1
Module not found: Can't resolve '../../components/ui/avatar'
  [90m19 |[0m [36mimport[0m { [33mInput[0m } [36mfrom[0m 
[32m"../../components/ui/input"[0m;
  [90m20 |[0m [36mimport[0m { [33mBadge[0m } [36mfrom[0m 
[32m"../../components/ui/badge"[0m;
[31m[1m>[0m [90m21 |[0m [36mimport[0m { [33mAvatar[0m } 
[36mfrom[0m [32m"../../components/ui/avatar"[0m;
  [90m   |[0m 
[31m[1m^^^^^^^^^^^^^^^^^^^^^^^^^^^^^^^^^^^^^^^^^^^^^^^^^^^^[0m
  [90m22 |[0m [36mimport[0m { [33mSeparator[0m } [36mfrom[0m 
[32m"../../components/ui/separator"[0m;
  [90m23 |[0m
  [90m24 |[0m [36mimport[0m { [33mChatSidebar[0m } [36mfrom[0m 
[32m"./chat-sidebar"[0m;



Import trace:
  Server Component:
    ./src/features/chat/components/unified-chat-hub.tsx
    ./src/app/chat/page.tsx

https://nextjs.org/docs/messages/module-not-found


./src/features/chat/components/chat-notifications.tsx:7:1
Module not found: Can't resolve '../../components/ui/badge'
  [90m 5 |[0m [36mimport[0m { [33mBell[0m, [33mMessageCircle[0m, 
[33mUsers[0m, [33mHash[0m, [33mX[0m, [33mCheck[0m, 
[33mCheckCheck[0m } [36mfrom[0m [32m"lucide-react"[0m;
  [90m 6 |[0m [36mimport[0m { [33mButton[0m } [36mfrom[0m 
[32m"../../components/ui/button"[0m;
[31m[1m>[0m [90m 7 |[0m [36mimport[0m { [33mBadge[0m } 
[36mfrom[0m [32m"../../components/ui/badge"[0m;
  [90m   |[0m 
[31m[1m^^^^^^^^^^^^^^^^^^^^^^^^^^^^^^^^^^^^^^^^^^^^^^^^^^[0m
  [90m 8 |[0m [36mimport[0m { [33mAvatar[0m } [36mfrom[0m 
[32m"../../components/ui/avatar"[0m;
  [90m 9 |[0m [36mimport[0m { [33mCard[0m, [33mCardContent[0m, 
[33mCardDescription[0m, [33mCardHeader[0m, [33mCardTitle[0m } 
[36mfrom[0m [32m"../../component...[0m
  [90m10 |[0m [36mimport[0m { [33mScrollArea[0m } [36mfrom[0m 
[32m"../../components/ui/scroll-area"[0m;



Import traces:
  Client Component Browser:
    ./src/features/chat/components/chat-notifications.tsx [Client Component 
Browser]
    ./src/features/chat/components/unified-chat-hub.tsx [Client Component 
Browser]
    ./src/features/chat/components/unified-chat-hub.tsx [Server Component]
    ./src/app/chat/page.tsx [Server Component]

  Client Component SSR:
    ./src/features/chat/components/chat-notifications.tsx [Client Component 
SSR]
    ./src/features/chat/components/unified-chat-hub.tsx [Client Component 
SSR]
    ./src/features/chat/components/unified-chat-hub.tsx [Server Component]
    ./src/app/chat/page.tsx [Server Component]

https://nextjs.org/docs/messages/module-not-found


./src/features/chat/components/chat-search.tsx:7:1
Module not found: Can't resolve '../../components/ui/badge'
  [90m 5 |[0m [36mimport[0m { [33mInput[0m } [36mfrom[0m 
[32m"../../components/ui/input"[0m;
  [90m 6 |[0m [36mimport[0m { [33mButton[0m } [36mfrom[0m 
[32m"../../components/ui/button"[0m;
[31m[1m>[0m [90m 7 |[0m [36mimport[0m { [33mBadge[0m } 
[36mfrom[0m [32m"../../components/ui/badge"[0m;
  [90m   |[0m 
[31m[1m^^^^^^^^^^^^^^^^^^^^^^^^^^^^^^^^^^^^^^^^^^^^^^^^^^[0m
  [90m 8 |[0m [36mimport[0m { [33mAvatar[0m } [36mfrom[0m 
[32m"../../components/ui/avatar"[0m;
  [90m 9 |[0m [36mimport[0m { [33mSelect[0m, [33mSelectContent[0m, 
[33mSelectItem[0m, [33mSelectTrigger[0m, [33mSelectValue[0m } 
[36mfrom[0m [32m"../../compo...[0m
  [90m10 |[0m [36mimport[0m { [33mCard[0m, [33mCardContent[0m, 
[33mCardDescription[0m, [33mCardHeader[0m, [33mCardTitle[0m } 
[36mfrom[0m [32m"../../component...[0m



Import traces:
  Client Component Browser:
    ./src/features/chat/components/chat-search.tsx [Client Component 
Browser]
    ./src/features/chat/components/unified-chat-hub.tsx [Client Component 
Browser]
    ./src/features/chat/components/unified-chat-hub.tsx [Server Component]
    ./src/app/chat/page.tsx [Server Component]

  Client Component SSR:
    ./src/features/chat/components/chat-search.tsx [Client Component SSR]
    ./src/features/chat/components/unified-chat-hub.tsx [Client Component 
SSR]
    ./src/features/chat/components/unified-chat-hub.tsx [Server Component]
    ./src/app/chat/page.tsx [Server Component]

https://nextjs.org/docs/messages/module-not-found


./src/features/chat/components/chat-sidebar.tsx:8:1
Module not found: Can't resolve '../../components/ui/badge'
  [90m 6 |[0m
  [90m 7 |[0m [36mimport[0m { [33mButton[0m } [36mfrom[0m 
[32m"../../components/ui/button"[0m;
[31m[1m>[0m [90m 8 |[0m [36mimport[0m { [33mBadge[0m } 
[36mfrom[0m [32m"../../components/ui/badge"[0m;
  [90m   |[0m 
[31m[1m^^^^^^^^^^^^^^^^^^^^^^^^^^^^^^^^^^^^^^^^^^^^^^^^^^[0m
  [90m 9 |[0m [36mimport[0m { [33mScrollArea[0m } [36mfrom[0m 
[32m"../../components/ui/scroll-area"[0m;
  [90m10 |[0m [36mimport[0m { getChatThreads } [36mfrom[0m 
[32m"../service"[0m;
  [90m11 |[0m [36mimport[0m { [33mInput[0m } [36mfrom[0m 
[32m"../../components/ui/input"[0m;



Import traces:
  Client Component Browser:
    ./src/features/chat/components/chat-sidebar.tsx [Client Component 
Browser]
    ./src/features/chat/components/unified-chat-hub.tsx [Client Component 
Browser]
    ./src/features/chat/components/unified-chat-hub.tsx [Server Component]
    ./src/app/chat/page.tsx [Server Component]

  Client Component SSR:
    ./src/features/chat/components/chat-sidebar.tsx [Client Component SSR]
    ./src/features/chat/components/unified-chat-hub.tsx [Client Component 
SSR]
    ./src/features/chat/components/unified-chat-hub.tsx [Server Component]
    ./src/app/chat/page.tsx [Server Component]

https://nextjs.org/docs/messages/module-not-found


./src/features/chat/components/unified-chat-hub.tsx:20:1
Module not found: Can't resolve '../../components/ui/badge'
  [90m18 |[0m [36mimport[0m { [33mButton[0m } [36mfrom[0m 
[32m"../../components/ui/button"[0m;
  [90m19 |[0m [36mimport[0m { [33mInput[0m } [36mfrom[0m 
[32m"../../components/ui/input"[0m;
[31m[1m>[0m [90m20 |[0m [36mimport[0m { [33mBadge[0m } 
[36mfrom[0m [32m"../../components/ui/badge"[0m;
  [90m   |[0m 
[31m[1m^^^^^^^^^^^^^^^^^^^^^^^^^^^^^^^^^^^^^^^^^^^^^^^^^^[0m
  [90m21 |[0m [36mimport[0m { [33mAvatar[0m } [36mfrom[0m 
[32m"../../components/ui/avatar"[0m;
  [90m22 |[0m [36mimport[0m { [33mSeparator[0m } [36mfrom[0m 
[32m"../../components/ui/separator"[0m;
  [90m23 |[0m



Import trace:
  Server Component:
    ./src/features/chat/components/unified-chat-hub.tsx
    ./src/app/chat/page.tsx

https://nextjs.org/docs/messages/module-not-found


./src/features/interview/components/interview-dashboard.tsx:16:1
Module not found: Can't resolve '../../components/ui/badge'
  [90m14 |[0m [36mimport[0m { [33mQueryClient[0m, 
[33mQueryClientProvider[0m } [36mfrom[0m 
[32m"@tanstack/react-query"[0m;
  [90m15 |[0m
[31m[1m>[0m [90m16 |[0m [36mimport[0m { [33mBadge[0m } 
[36mfrom[0m [32m"../../components/ui/badge"[0m;
  [90m   |[0m 
[31m[1m^^^^^^^^^^^^^^^^^^^^^^^^^^^^^^^^^^^^^^^^^^^^^^^^^^[0m
  [90m17 |[0m [36mimport[0m { [33mButton[0m } [36mfrom[0m 
[32m"../../components/ui/button"[0m;
  [90m18 |[0m [36mimport[0m { [33mCard[0m, [33mCardContent[0m, 
[33mCardDescription[0m, [33mCardHeader[0m, [33mCardTitle[0m } 
[36mfrom[0m [32m"../../component...[0m
  [90m19 |[0m [36mimport[0m { [33mInput[0m } [36mfrom[0m 
[32m"../../components/ui/input"[0m;



Import trace:
  Server Component:
    ./src/features/interview/components/interview-dashboard.tsx
    ./src/app/dashboard/interview/page.tsx

https://nextjs.org/docs/messages/module-not-found


./src/features/interview/components/question-bank-selector.tsx:7:1
Module not found: Can't resolve '../../components/ui/badge'
  [90m 5 |[0m [36mimport[0m { [33mButton[0m } [36mfrom[0m 
[32m"../../components/ui/button"[0m;
  [90m 6 |[0m [36mimport[0m { [33mCard[0m, [33mCardContent[0m, 
[33mCardDescription[0m, [33mCardHeader[0m, [33mCardTitle[0m } 
[36mfrom[0m [32m"../../component...[0m
[31m[1m>[0m [90m 7 |[0m [36mimport[0m { [33mBadge[0m } 
[36mfrom[0m [32m"../../components/ui/badge"[0m;
  [90m   |[0m 
[31m[1m^^^^^^^^^^^^^^^^^^^^^^^^^^^^^^^^^^^^^^^^^^^^^^^^^^[0m
  [90m 8 |[0m [36mimport[0m { [33mCheckbox[0m } [36mfrom[0m 
[32m"../../components/ui/checkbox"[0m;
  [90m 9 |[0m [36mimport[0m { [33mAlertCircle[0m, [33mLoader2[0m, 
[33mPlus[0m, [33mTrash2[0m } [36mfrom[0m [32m'lucide-react'[0m;
  [90m10 |[0m [36mimport[0m { [33mAlert[0m, [33mAlertDescription[0m 
} [36mfrom[0m [32m"../../components/ui/alert"[0m;



Import traces:
  Client Component Browser:
    ./src/features/interview/components/question-bank-selector.tsx [Client 
Component Browser]
    ./src/features/interview/components/interview-dashboard.tsx [Client 
Component Browser]
    ./src/features/interview/components/interview-dashboard.tsx [Server 
Component]
    ./src/app/dashboard/interview/page.tsx [Server Component]

  Client Component SSR:
    ./src/features/interview/components/question-bank-selector.tsx [Client 
Component SSR]
    ./src/features/interview/components/interview-dashboard.tsx [Client 
Component SSR]
    ./src/features/interview/components/interview-dashboard.tsx [Server 
Component]
    ./src/app/dashboard/interview/page.tsx [Server Component]

https://nextjs.org/docs/messages/module-not-found


./src/features/progress/components/progress-components.tsx:3:1
Module not found: Can't resolve '../../components/ui/badge'
  [90m1 |[0m [36mimport[0m [33mReact[0m [36mfrom[0m 
[32m"react"[0m;
  [90m2 |[0m [36mimport[0m { [33mProgress[0m } [36mfrom[0m 
[32m"../../components/ui/progress"[0m;
[31m[1m>[0m [90m3 |[0m [36mimport[0m { [33mBadge[0m } 
[36mfrom[0m [32m"../../components/ui/badge"[0m;
  [90m  |[0m 
[31m[1m^^^^^^^^^^^^^^^^^^^^^^^^^^^^^^^^^^^^^^^^^^^^^^^^^^[0m
  [90m4 |[0m [36mimport[0m { [33mCard[0m, [33mCardContent[0m, 
[33mCardHeader[0m, [33mCardTitle[0m } [36mfrom[0m 
[32m"../../components/ui/card"[0m;
  [90m5 |[0m [36mimport[0m { [33mTrophy[0m, [33mFlame[0m, 
[33mClock[0m, [33mTarget[0m, [33mTrendingUp[0m, [33mAward[0m } 
[36mfrom[0m [32m"lucide-react"[0m;
  [90m6 |[0m



Import traces:
  Client Component Browser:
    ./src/features/progress/components/progress-components.tsx [Client 
Component Browser]
    ./src/app/courses/[courseId]/lessons/[lessonId]/lesson-client.tsx 
[Client Component Browser]
    ./src/app/courses/[courseId]/lessons/[lessonId]/lesson-client.tsx 
[Server Component]
    ./src/app/courses/[courseId]/lessons/[lessonId]/page.tsx [Server 
Component]

  Client Component SSR:
    ./src/features/progress/components/progress-components.tsx [Client 
Component SSR]
    ./src/app/courses/[courseId]/lessons/[lessonId]/lesson-client.tsx 
[Client Component SSR]
    ./src/app/courses/[courseId]/lessons/[lessonId]/lesson-client.tsx 
[Server Component]
    ./src/app/courses/[courseId]/lessons/[lessonId]/page.tsx [Server 
Component]

https://nextjs.org/docs/messages/module-not-found


./src/features/superadmin/tenants/page.tsx:21:1
Module not found: Can't resolve '../../components/ui/badge'
  [90m19 |[0m } [36mfrom[0m [32m"lucide-react"[0m;
  [90m20 |[0m
[31m[1m>[0m [90m21 |[0m [36mimport[0m { [33mBadge[0m } 
[36mfrom[0m [32m"../../components/ui/badge"[0m;
  [90m   |[0m 
[31m[1m^^^^^^^^^^^^^^^^^^^^^^^^^^^^^^^^^^^^^^^^^^^^^^^^^^[0m
  [90m22 |[0m [36mimport[0m { [33mButton[0m } [36mfrom[0m 
[32m"../../components/ui/button"[0m;
  [90m23 |[0m [36mimport[0m { [33mGlassCard[0m } [36mfrom[0m 
[32m"../../components/ui/glass-card"[0m;
  [90m24 |[0m [36mimport[0m { [33mInput[0m } [36mfrom[0m 
[32m"../../components/ui/input"[0m;



Import trace:
  Server Component:
    ./src/features/superadmin/tenants/page.tsx
    ./src/app/superadmin/tenants/page.tsx

https://nextjs.org/docs/messages/module-not-found


./src/features/chat/components/chat-area.tsx:12:1
Module not found: Can't resolve '../../components/ui/button'
  [90m10 |[0m [36mimport[0m { [33mInfo[0m, [33mPhone[0m, 
[33mVideo[0m, [33mUsers[0m, [33mHash[0m, [33mSend[0m, 
[33mPaperclip[0m, [33mSmile[0m } [36mfrom[0m [32m"lucide-react"[0m;
  [90m11 |[0m [36mimport[0m { useChatMessages, useConversationMessages 
} [36mfrom[0m [32m"../hooks"[0m;
[31m[1m>[0m [90m12 |[0m [36mimport[0m { [33mButton[0m } 
[36mfrom[0m [32m"../../components/ui/button"[0m;
  [90m   |[0m 
[31m[1m^^^^^^^^^^^^^^^^^^^^^^^^^^^^^^^^^^^^^^^^^^^^^^^^^^^^[0m
  [90m13 |[0m [36mimport[0m { [33mBadge[0m } [36mfrom[0m 
[32m"../../components/ui/badge"[0m;
  [90m14 |[0m [36mimport[0m { [33mTextarea[0m } [36mfrom[0m 
[32m"../../components/ui/textarea"[0m;
  [90m15 |[0m [36mimport[0m { [33mScrollArea[0m } [36mfrom[0m 
[32m"../../components/ui/scroll-area"[0m;



Import traces:
  Client Component Browser:
    ./src/features/chat/components/chat-area.tsx [Client Component Browser]
    ./src/features/chat/components/unified-chat-hub.tsx [Client Component 
Browser]
    ./src/features/chat/components/unified-chat-hub.tsx [Server Component]
    ./src/app/chat/page.tsx [Server Component]

  Client Component SSR:
    ./src/features/chat/components/chat-area.tsx [Client Component SSR]
    ./src/features/chat/components/unified-chat-hub.tsx [Client Component 
SSR]
    ./src/features/chat/components/unified-chat-hub.tsx [Server Component]
    ./src/app/chat/page.tsx [Server Component]

https://nextjs.org/docs/messages/module-not-found


./src/features/chat/components/chat-notifications.tsx:6:1
Module not found: Can't resolve '../../components/ui/button'
  [90m4 |[0m [36mimport[0m { useChatMessages } [36mfrom[0m 
[32m"../hooks"[0m;
  [90m5 |[0m [36mimport[0m { [33mBell[0m, [33mMessageCircle[0m, 
[33mUsers[0m, [33mHash[0m, [33mX[0m, [33mCheck[0m, 
[33mCheckCheck[0m } [36mfrom[0m [32m"lucide-react"[0m;
[31m[1m>[0m [90m6 |[0m [36mimport[0m { [33mButton[0m } 
[36mfrom[0m [32m"../../components/ui/button"[0m;
  [90m  |[0m 
[31m[1m^^^^^^^^^^^^^^^^^^^^^^^^^^^^^^^^^^^^^^^^^^^^^^^^^^^^[0m
  [90m7 |[0m [36mimport[0m { [33mBadge[0m } [36mfrom[0m 
[32m"../../components/ui/badge"[0m;
  [90m8 |[0m [36mimport[0m { [33mAvatar[0m } [36mfrom[0m 
[32m"../../components/ui/avatar"[0m;
  [90m9 |[0m [36mimport[0m { [33mCard[0m, [33mCardContent[0m, 
[33mCardDescription[0m, [33mCardHeader[0m, [33mCardTitle[0m } 
[36mfrom[0m [32m"../../components...[0m



Import traces:
  Client Component Browser:
    ./src/features/chat/components/chat-notifications.tsx [Client Component 
Browser]
    ./src/features/chat/components/unified-chat-hub.tsx [Client Component 
Browser]
    ./src/features/chat/components/unified-chat-hub.tsx [Server Component]
    ./src/app/chat/page.tsx [Server Component]

  Client Component SSR:
    ./src/features/chat/components/chat-notifications.tsx [Client Component 
SSR]
    ./src/features/chat/components/unified-chat-hub.tsx [Client Component 
SSR]
    ./src/features/chat/components/unified-chat-hub.tsx [Server Component]
    ./src/app/chat/page.tsx [Server Component]

https://nextjs.org/docs/messages/module-not-found


./src/features/chat/components/chat-sidebar.tsx:7:1
Module not found: Can't resolve '../../components/ui/button'
  [90m 5 |[0m [36mimport[0m { [33mHash[0m, [33mUsers[0m, 
[33mBookOpen[0m, [33mMessageCircle[0m, [33mMoreHorizontal[0m, 
[33mPin[0m, [33mArchive[0m } [36mfrom[0m [32m"lucide...[0m
  [90m 6 |[0m
[31m[1m>[0m [90m 7 |[0m [36mimport[0m { [33mButton[0m } 
[36mfrom[0m [32m"../../components/ui/button"[0m;
  [90m   |[0m 
[31m[1m^^^^^^^^^^^^^^^^^^^^^^^^^^^^^^^^^^^^^^^^^^^^^^^^^^^^[0m
  [90m 8 |[0m [36mimport[0m { [33mBadge[0m } [36mfrom[0m 
[32m"../../components/ui/badge"[0m;
  [90m 9 |[0m [36mimport[0m { [33mScrollArea[0m } [36mfrom[0m 
[32m"../../components/ui/scroll-area"[0m;
  [90m10 |[0m [36mimport[0m { getChatThreads } [36mfrom[0m 
[32m"../service"[0m;



Import traces:
  Client Component Browser:
    ./src/features/chat/components/chat-sidebar.tsx [Client Component 
Browser]
    ./src/features/chat/components/unified-chat-hub.tsx [Client Component 
Browser]
    ./src/features/chat/components/unified-chat-hub.tsx [Server Component]
    ./src/app/chat/page.tsx [Server Component]

  Client Component SSR:
    ./src/features/chat/components/chat-sidebar.tsx [Client Component SSR]
    ./src/features/chat/components/unified-chat-hub.tsx [Client Component 
SSR]
    ./src/features/chat/components/unified-chat-hub.tsx [Server Component]
    ./src/app/chat/page.tsx [Server Component]

https://nextjs.org/docs/messages/module-not-found


./src/features/chat/components/unified-chat-hub.tsx:18:1
Module not found: Can't resolve '../../components/ui/button'
  [90m16 |[0m } [36mfrom[0m [32m"lucide-react"[0m;
  [90m17 |[0m
[31m[1m>[0m [90m18 |[0m [36mimport[0m { [33mButton[0m } 
[36mfrom[0m [32m"../../components/ui/button"[0m;
  [90m   |[0m 
[31m[1m^^^^^^^^^^^^^^^^^^^^^^^^^^^^^^^^^^^^^^^^^^^^^^^^^^^^[0m
  [90m19 |[0m [36mimport[0m { [33mInput[0m } [36mfrom[0m 
[32m"../../components/ui/input"[0m;
  [90m20 |[0m [36mimport[0m { [33mBadge[0m } [36mfrom[0m 
[32m"../../components/ui/badge"[0m;
  [90m21 |[0m [36mimport[0m { [33mAvatar[0m } [36mfrom[0m 
[32m"../../components/ui/avatar"[0m;



Import trace:
  Server Component:
    ./src/features/chat/components/unified-chat-hub.tsx
    ./src/app/chat/page.tsx

https://nextjs.org/docs/messages/module-not-found


./src/features/interview/components/interview-dashboard.tsx:17:1
Module not found: Can't resolve '../../components/ui/button'
  [90m15 |[0m
  [90m16 |[0m [36mimport[0m { [33mBadge[0m } [36mfrom[0m 
[32m"../../components/ui/badge"[0m;
[31m[1m>[0m [90m17 |[0m [36mimport[0m { [33mButton[0m } 
[36mfrom[0m [32m"../../components/ui/button"[0m;
  [90m   |[0m 
[31m[1m^^^^^^^^^^^^^^^^^^^^^^^^^^^^^^^^^^^^^^^^^^^^^^^^^^^^[0m
  [90m18 |[0m [36mimport[0m { [33mCard[0m, [33mCardContent[0m, 
[33mCardDescription[0m, [33mCardHeader[0m, [33mCardTitle[0m } 
[36mfrom[0m [32m"../../component...[0m
  [90m19 |[0m [36mimport[0m { [33mInput[0m } [36mfrom[0m 
[32m"../../components/ui/input"[0m;
  [90m20 |[0m [36mimport[0m { [33mTextarea[0m } [36mfrom[0m 
[32m"../../components/ui/textarea"[0m;



Import trace:
  Server Component:
    ./src/features/interview/components/interview-dashboard.tsx
    ./src/app/dashboard/interview/page.tsx

https://nextjs.org/docs/messages/module-not-found


./src/features/interview/components/question-bank-selector.tsx:5:1
Module not found: Can't resolve '../../components/ui/button'
  [90m3 |[0m [36mimport[0m [33mReact[0m, { useState, useEffect } 
[36mfrom[0m [32m'react'[0m;
  [90m4 |[0m [36mimport[0m { [33mSelect[0m, [33mSelectContent[0m, 
[33mSelectItem[0m, [33mSelectTrigger[0m, [33mSelectValue[0m } 
[36mfrom[0m [32m"../../compon...[0m
[31m[1m>[0m [90m5 |[0m [36mimport[0m { [33mButton[0m } 
[36mfrom[0m [32m"../../components/ui/button"[0m;
  [90m  |[0m 
[31m[1m^^^^^^^^^^^^^^^^^^^^^^^^^^^^^^^^^^^^^^^^^^^^^^^^^^^^[0m
  [90m6 |[0m [36mimport[0m { [33mCard[0m, [33mCardContent[0m, 
[33mCardDescription[0m, [33mCardHeader[0m, [33mCardTitle[0m } 
[36mfrom[0m [32m"../../components...[0m
  [90m7 |[0m [36mimport[0m { [33mBadge[0m } [36mfrom[0m 
[32m"../../components/ui/badge"[0m;
  [90m8 |[0m [36mimport[0m { [33mCheckbox[0m } [36mfrom[0m 
[32m"../../components/ui/checkbox"[0m;



Import traces:
  Client Component Browser:
    ./src/features/interview/components/question-bank-selector.tsx [Client 
Component Browser]
    ./src/features/interview/components/interview-dashboard.tsx [Client 
Component Browser]
    ./src/features/interview/components/interview-dashboard.tsx [Server 
Component]
    ./src/app/dashboard/interview/page.tsx [Server Component]

  Client Component SSR:
    ./src/features/interview/components/question-bank-selector.tsx [Client 
Component SSR]
    ./src/features/interview/components/interview-dashboard.tsx [Client 
Component SSR]
    ./src/features/interview/components/interview-dashboard.tsx [Server 
Component]
    ./src/app/dashboard/interview/page.tsx [Server Component]

https://nextjs.org/docs/messages/module-not-found


./src/features/superadmin/tenants/page.tsx:22:1
Module not found: Can't resolve '../../components/ui/button'
  [90m20 |[0m
  [90m21 |[0m [36mimport[0m { [33mBadge[0m } [36mfrom[0m 
[32m"../../components/ui/badge"[0m;
[31m[1m>[0m [90m22 |[0m [36mimport[0m { [33mButton[0m } 
[36mfrom[0m [32m"../../components/ui/button"[0m;
  [90m   |[0m 
[31m[1m^^^^^^^^^^^^^^^^^^^^^^^^^^^^^^^^^^^^^^^^^^^^^^^^^^^^[0m
  [90m23 |[0m [36mimport[0m { [33mGlassCard[0m } [36mfrom[0m 
[32m"../../components/ui/glass-card"[0m;
  [90m24 |[0m [36mimport[0m { [33mInput[0m } [36mfrom[0m 
[32m"../../components/ui/input"[0m;
  [90m25 |[0m [36mimport[0m {



Import trace:
  Server Component:
    ./src/features/superadmin/tenants/page.tsx
    ./src/app/superadmin/tenants/page.tsx

https://nextjs.org/docs/messages/module-not-found


./src/features/chat/components/chat-notifications.tsx:9:1
Module not found: Can't resolve '../../components/ui/card'
  [90m 7 |[0m ...{ [33mBadge[0m } [36mfrom[0m 
[32m"../../components/ui/badge"[0m;
  [90m 8 |[0m ...{ [33mAvatar[0m } [36mfrom[0m 
[32m"../../components/ui/avatar"[0m;
[31m[1m>[0m [90m 9 |[0m ...{ [33mCard[0m, [33mCardContent[0m, 
[33mCardDescription[0m, [33mCardHeader[0m, [33mCardTitle[0m } 
[36mfrom[0m [32m"../../components/ui...[0m
  [90m   |[0m    [31m[1m^^^^^^^^^^^^^^^^^^^^^^^^^^^^^^^^^^^^^^^^^^^^^^^^
^^^^^^^^^^^^^^^^^^^^^^^^^^^^^^^^^^^^^^^^^^[0m
  [90m10 |[0m ...{ [33mScrollArea[0m } [36mfrom[0m 
[32m"../../components/ui/scroll-area"[0m;
  [90m11 |[0m ...{ listChatNotifications } [36mfrom[0m 
[32m"../service"[0m;
  [90m12 |[0m ...



Import traces:
  Client Component Browser:
    ./src/features/chat/components/chat-notifications.tsx [Client Component 
Browser]
    ./src/features/chat/components/unified-chat-hub.tsx [Client Component 
Browser]
    ./src/features/chat/components/unified-chat-hub.tsx [Server Component]
    ./src/app/chat/page.tsx [Server Component]

  Client Component SSR:
    ./src/features/chat/components/chat-notifications.tsx [Client Component 
SSR]
    ./src/features/chat/components/unified-chat-hub.tsx [Client Component 
SSR]
    ./src/features/chat/components/unified-chat-hub.tsx [Server Component]
    ./src/app/chat/page.tsx [Server Component]

https://nextjs.org/docs/messages/module-not-found


./src/features/chat/components/chat-search.tsx:10:1
Module not found: Can't resolve '../../components/ui/card'
  [90m 8 |[0m ...{ [33mAvatar[0m } [36mfrom[0m 
[32m"../../components/ui/avatar"[0m;
  [90m 9 |[0m ...{ [33mSelect[0m, [33mSelectContent[0m, 
[33mSelectItem[0m, [33mSelectTrigger[0m, [33mSelectValue[0m } 
[36mfrom[0m [32m"../../component...[0m
[31m[1m>[0m [90m10 |[0m ...{ [33mCard[0m, [33mCardContent[0m, 
[33mCardDescription[0m, [33mCardHeader[0m, [33mCardTitle[0m } 
[36mfrom[0m [32m"../../components/ui...[0m
  [90m   |[0m    [31m[1m^^^^^^^^^^^^^^^^^^^^^^^^^^^^^^^^^^^^^^^^^^^^^^^^
^^^^^^^^^^^^^^^^^^^^^^^^^^^^^^^^^^^^^^^^^^[0m
  [90m11 |[0m ...{ [33mScrollArea[0m } [36mfrom[0m 
[32m"../../components/ui/scroll-area"[0m;
  [90m12 |[0m ...{ searchChatMessages } [36mfrom[0m 
[32m"../service"[0m;
  [90m13 |[0m ...{ useChatMessages } [36mfrom[0m [32m"../hooks"[0m;



Import traces:
  Client Component Browser:
    ./src/features/chat/components/chat-search.tsx [Client Component 
Browser]
    ./src/features/chat/components/unified-chat-hub.tsx [Client Component 
Browser]
    ./src/features/chat/components/unified-chat-hub.tsx [Server Component]
    ./src/app/chat/page.tsx [Server Component]

  Client Component SSR:
    ./src/features/chat/components/chat-search.tsx [Client Component SSR]
    ./src/features/chat/components/unified-chat-hub.tsx [Client Component 
SSR]
    ./src/features/chat/components/unified-chat-hub.tsx [Server Component]
    ./src/app/chat/page.tsx [Server Component]

https://nextjs.org/docs/messages/module-not-found


./src/features/interview/components/interview-dashboard.tsx:18:1
Module not found: Can't resolve '../../components/ui/card'
  [90m16 |[0m ...{ [33mBadge[0m } [36mfrom[0m 
[32m"../../components/ui/badge"[0m;
  [90m17 |[0m ...{ [33mButton[0m } [36mfrom[0m 
[32m"../../components/ui/button"[0m;
[31m[1m>[0m [90m18 |[0m ...{ [33mCard[0m, [33mCardContent[0m, 
[33mCardDescription[0m, [33mCardHeader[0m, [33mCardTitle[0m } 
[36mfrom[0m [32m"../../components/ui...[0m
  [90m   |[0m    [31m[1m^^^^^^^^^^^^^^^^^^^^^^^^^^^^^^^^^^^^^^^^^^^^^^^^
^^^^^^^^^^^^^^^^^^^^^^^^^^^^^^^^^^^^^^^^^^[0m
  [90m19 |[0m ...{ [33mInput[0m } [36mfrom[0m 
[32m"../../components/ui/input"[0m;
  [90m20 |[0m ...{ [33mTextarea[0m } [36mfrom[0m 
[32m"../../components/ui/textarea"[0m;
  [90m21 |[0m ...{



Import trace:
  Server Component:
    ./src/features/interview/components/interview-dashboard.tsx
    ./src/app/dashboard/interview/page.tsx

https://nextjs.org/docs/messages/module-not-found


./src/features/interview/components/question-bank-selector.tsx:6:1
Module not found: Can't resolve '../../components/ui/card'
  [90m4 |[0m ... { [33mSelect[0m, [33mSelectContent[0m, 
[33mSelectItem[0m, [33mSelectTrigger[0m, [33mSelectValue[0m } 
[36mfrom[0m [32m"../../component...[0m
  [90m5 |[0m ... { [33mButton[0m } [36mfrom[0m 
[32m"../../components/ui/button"[0m;
[31m[1m>[0m [90m6 |[0m ... { [33mCard[0m, [33mCardContent[0m, 
[33mCardDescription[0m, [33mCardHeader[0m, [33mCardTitle[0m } 
[36mfrom[0m [32m"../../components/ui...[0m
  [90m  |[0m    [31m[1m^^^^^^^^^^^^^^^^^^^^^^^^^^^^^^^^^^^^^^^^^^^^^^^^^
^^^^^^^^^^^^^^^^^^^^^^^^^^^^^^^^^^^^^^^^^^[0m
  [90m7 |[0m ... { [33mBadge[0m } [36mfrom[0m 
[32m"../../components/ui/badge"[0m;
  [90m8 |[0m ... { [33mCheckbox[0m } [36mfrom[0m 
[32m"../../components/ui/checkbox"[0m;
  [90m9 |[0m ... { [33mAlertCircle[0m, [33mLoader2[0m, [33mPlus[0m, 
[33mTrash2[0m } [36mfrom[0m [32m'lucide-react'[0m;



Import traces:
  Client Component Browser:
    ./src/features/interview/components/question-bank-selector.tsx [Client 
Component Browser]
    ./src/features/interview/components/interview-dashboard.tsx [Client 
Component Browser]
    ./src/features/interview/components/interview-dashboard.tsx [Server 
Component]
    ./src/app/dashboard/interview/page.tsx [Server Component]

  Client Component SSR:
    ./src/features/interview/components/question-bank-selector.tsx [Client 
Component SSR]
    ./src/features/interview/components/interview-dashboard.tsx [Client 
Component SSR]
    ./src/features/interview/components/interview-dashboard.tsx [Server 
Component]
    ./src/app/dashboard/interview/page.tsx [Server Component]

https://nextjs.org/docs/messages/module-not-found


./src/features/progress/components/progress-components.tsx:4:1
Module not found: Can't resolve '../../components/ui/card'
  [90m2 |[0m [36mimport[0m { [33mProgress[0m } [36mfrom[0m 
[32m"../../components/ui/progress"[0m;
  [90m3 |[0m [36mimport[0m { [33mBadge[0m } [36mfrom[0m 
[32m"../../components/ui/badge"[0m;
[31m[1m>[0m [90m4 |[0m [36mimport[0m { [33mCard[0m, 
[33mCardContent[0m, [33mCardHeader[0m, [33mCardTitle[0m } 
[36mfrom[0m [32m"../../components/ui/card"[0m;
  [90m  |[0m [31m[1m^^^^^^^^^^^^^^^^^^^^^^^^^^^^^^^^^^^^^^^^^^^^^^^^^^^^
^^^^^^^^^^^^^^^^^^^^^^^^^^^^^^^^[0m
  [90m5 |[0m [36mimport[0m { [33mTrophy[0m, [33mFlame[0m, 
[33mClock[0m, [33mTarget[0m, [33mTrendingUp[0m, [33mAward[0m } 
[36mfrom[0m [32m"lucide-react"[0m;
  [90m6 |[0m
  [90m7 |[0m [36minterface[0m [33mCourseProgressCardProps[0m {



Import traces:
  Client Component Browser:
    ./src/features/progress/components/progress-components.tsx [Client 
Component Browser]
    ./src/app/courses/[courseId]/lessons/[lessonId]/lesson-client.tsx 
[Client Component Browser]
    ./src/app/courses/[courseId]/lessons/[lessonId]/lesson-client.tsx 
[Server Component]
    ./src/app/courses/[courseId]/lessons/[lessonId]/page.tsx [Server 
Component]

  Client Component SSR:
    ./src/features/progress/components/progress-components.tsx [Client 
Component SSR]
    ./src/app/courses/[courseId]/lessons/[lessonId]/lesson-client.tsx 
[Client Component SSR]
    ./src/app/courses/[courseId]/lessons/[lessonId]/lesson-client.tsx 
[Server Component]
    ./src/app/courses/[courseId]/lessons/[lessonId]/page.tsx [Server 
Component]

https://nextjs.org/docs/messages/module-not-found


./src/features/interview/components/question-bank-selector.tsx:8:1
Module not found: Can't resolve '../../components/ui/checkbox'
  [90m 6 |[0m [36mimport[0m { [33mCard[0m, [33mCardContent[0m, 
[33mCardDescription[0m, [33mCardHeader[0m, [33mCardTitle[0m } 
[36mfrom[0m [32m"../../component...[0m
  [90m 7 |[0m [36mimport[0m { [33mBadge[0m } [36mfrom[0m 
[32m"../../components/ui/badge"[0m;
[31m[1m>[0m [90m 8 |[0m [36mimport[0m { [33mCheckbox[0m } 
[36mfrom[0m [32m"../../components/ui/checkbox"[0m;
  [90m   |[0m 
[31m[1m^^^^^^^^^^^^^^^^^^^^^^^^^^^^^^^^^^^^^^^^^^^^^^^^^^^^^^^^[0m
  [90m 9 |[0m [36mimport[0m { [33mAlertCircle[0m, [33mLoader2[0m, 
[33mPlus[0m, [33mTrash2[0m } [36mfrom[0m [32m'lucide-react'[0m;
  [90m10 |[0m [36mimport[0m { [33mAlert[0m, [33mAlertDescription[0m 
} [36mfrom[0m [32m"../../components/ui/alert"[0m;
  [90m11 |[0m



Import traces:
  Client Component Browser:
    ./src/features/interview/components/question-bank-selector.tsx [Client 
Component Browser]
    ./src/features/interview/components/interview-dashboard.tsx [Client 
Component Browser]
    ./src/features/interview/components/interview-dashboard.tsx [Server 
Component]
    ./src/app/dashboard/interview/page.tsx [Server Component]

  Client Component SSR:
    ./src/features/interview/components/question-bank-selector.tsx [Client 
Component SSR]
    ./src/features/interview/components/interview-dashboard.tsx [Client 
Component SSR]
    ./src/features/interview/components/interview-dashboard.tsx [Server 
Component]
    ./src/app/dashboard/interview/page.tsx [Server Component]

https://nextjs.org/docs/messages/module-not-found


./src/features/chat/components/chat-sidebar.tsx:12:1
Module not found: Can't resolve '../../components/ui/dropdown-menu'
  [90m10 |[0m [36mimport[0m { getChatThreads } [36mfrom[0m 
[32m"../service"[0m;
  [90m11 |[0m [36mimport[0m { [33mInput[0m } [36mfrom[0m 
[32m"../../components/ui/input"[0m;
[31m[1m>[0m [90m12 |[0m [36mimport[0m { 
  [90m   |[0m [31m[1m^^^^^^^^[0m
[31m[1m>[0m [90m13 |[0m   [33mDropdownMenu[0m, 
  [90m   |[0m [31m[1m^^^^^^^^^^^^^^^^[0m
[31m[1m>[0m [90m14 |[0m   [33mDropdownMenuContent[0m, 
  [90m   |[0m [31m[1m^^^^^^^^^^^^^^^^^^^^^^^[0m
[31m[1m>[0m [90m15 |[0m   [33mDropdownMenuItem[0m, 
  [90m   |[0m [31m[1m^^^^^^^^^^^^^^^^^^^^[0m
[31m[1m>[0m [90m16 |[0m   [33mDropdownMenuTrigger[0m 
  [90m   |[0m [31m[1m^^^^^^^^^^^^^^^^^^^^^^[0m
[31m[1m>[0m [90m17 |[0m } [36mfrom[0m 
[32m"../../components/ui/dropdown-menu"[0m;
  [90m   |[0m [31m[1m^^^^^^^^^^^^^^^^^^^^^^^^^^^^^^^^^^^^^^^^^^^[0m
  [90m18 |[0m
  [90m19 |[0m [36mimport[0m [36mtype[0m { [33mChatSpace[0m, 
[33mDirectConversation[0m } [36mfrom[0m [32m"../hooks"[0m;
  [90m20 |[0m



Import traces:
  Client Component Browser:
    ./src/features/chat/components/chat-sidebar.tsx [Client Component 
Browser]
    ./src/features/chat/components/unified-chat-hub.tsx [Client Component 
Browser]
    ./src/features/chat/components/unified-chat-hub.tsx [Server Component]
    ./src/app/chat/page.tsx [Server Component]

  Client Component SSR:
    ./src/features/chat/components/chat-sidebar.tsx [Client Component SSR]
    ./src/features/chat/components/unified-chat-hub.tsx [Client Component 
SSR]
    ./src/features/chat/components/unified-chat-hub.tsx [Server Component]
    ./src/app/chat/page.tsx [Server Component]

https://nextjs.org/docs/messages/module-not-found


./src/features/superadmin/tenants/page.tsx:23:1
Module not found: Can't resolve '../../components/ui/glass-card'
  [90m21 |[0m [36mimport[0m { [33mBadge[0m } [36mfrom[0m 
[32m"../../components/ui/badge"[0m;
  [90m22 |[0m [36mimport[0m { [33mButton[0m } [36mfrom[0m 
[32m"../../components/ui/button"[0m;
[31m[1m>[0m [90m23 |[0m [36mimport[0m { [33mGlassCard[0m } 
[36mfrom[0m [32m"../../components/ui/glass-card"[0m;
  [90m   |[0m 
[31m[1m^^^^^^^^^^^^^^^^^^^^^^^^^^^^^^^^^^^^^^^^^^^^^^^^^^^^^^^^^^^[0m
  [90m24 |[0m [36mimport[0m { [33mInput[0m } [36mfrom[0m 
[32m"../../components/ui/input"[0m;
  [90m25 |[0m [36mimport[0m {
  [90m26 |[0m   [33mSheet[0m,



Import trace:
  Server Component:
    ./src/features/superadmin/tenants/page.tsx
    ./src/app/superadmin/tenants/page.tsx

https://nextjs.org/docs/messages/module-not-found


./src/features/chat/components/chat-search.tsx:5:1
Module not found: Can't resolve '../../components/ui/input'
  [90m3 |[0m [36mimport[0m { useState, useEffect, useMemo } 
[36mfrom[0m [32m"react"[0m;
  [90m4 |[0m [36mimport[0m { [33mSearch[0m, [33mMessageCircle[0m, 
[33mUsers[0m, [33mHash[0m, [33mClock[0m, [33mFilter[0m } 
[36mfrom[0m [32m"lucide-react"[0m;
[31m[1m>[0m [90m5 |[0m [36mimport[0m { [33mInput[0m } 
[36mfrom[0m [32m"../../components/ui/input"[0m;
  [90m  |[0m 
[31m[1m^^^^^^^^^^^^^^^^^^^^^^^^^^^^^^^^^^^^^^^^^^^^^^^^^^[0m
  [90m6 |[0m [36mimport[0m { [33mButton[0m } [36mfrom[0m 
[32m"../../components/ui/button"[0m;
  [90m7 |[0m [36mimport[0m { [33mBadge[0m } [36mfrom[0m 
[32m"../../components/ui/badge"[0m;
  [90m8 |[0m [36mimport[0m { [33mAvatar[0m } [36mfrom[0m 
[32m"../../components/ui/avatar"[0m;



Import traces:
  Client Component Browser:
    ./src/features/chat/components/chat-search.tsx [Client Component 
Browser]
    ./src/features/chat/components/unified-chat-hub.tsx [Client Component 
Browser]
    ./src/features/chat/components/unified-chat-hub.tsx [Server Component]
    ./src/app/chat/page.tsx [Server Component]

  Client Component SSR:
    ./src/features/chat/components/chat-search.tsx [Client Component SSR]
    ./src/features/chat/components/unified-chat-hub.tsx [Client Component 
SSR]
    ./src/features/chat/components/unified-chat-hub.tsx [Server Component]
    ./src/app/chat/page.tsx [Server Component]

https://nextjs.org/docs/messages/module-not-found


./src/features/chat/components/chat-sidebar.tsx:11:1
Module not found: Can't resolve '../../components/ui/input'
  [90m 9 |[0m [36mimport[0m { [33mScrollArea[0m } [36mfrom[0m 
[32m"../../components/ui/scroll-area"[0m;
  [90m10 |[0m [36mimport[0m { getChatThreads } [36mfrom[0m 
[32m"../service"[0m;
[31m[1m>[0m [90m11 |[0m [36mimport[0m { [33mInput[0m } 
[36mfrom[0m [32m"../../components/ui/input"[0m;
  [90m   |[0m 
[31m[1m^^^^^^^^^^^^^^^^^^^^^^^^^^^^^^^^^^^^^^^^^^^^^^^^^^[0m
  [90m12 |[0m [36mimport[0m { 
  [90m13 |[0m   [33mDropdownMenu[0m, 
  [90m14 |[0m   [33mDropdownMenuContent[0m,



Import traces:
  Client Component Browser:
    ./src/features/chat/components/chat-sidebar.tsx [Client Component 
Browser]
    ./src/features/chat/components/unified-chat-hub.tsx [Client Component 
Browser]
    ./src/features/chat/components/unified-chat-hub.tsx [Server Component]
    ./src/app/chat/page.tsx [Server Component]

  Client Component SSR:
    ./src/features/chat/components/chat-sidebar.tsx [Client Component SSR]
    ./src/features/chat/components/unified-chat-hub.tsx [Client Component 
SSR]
    ./src/features/chat/components/unified-chat-hub.tsx [Server Component]
    ./src/app/chat/page.tsx [Server Component]

https://nextjs.org/docs/messages/module-not-found


./src/features/chat/components/unified-chat-hub.tsx:19:1
Module not found: Can't resolve '../../components/ui/input'
  [90m17 |[0m
  [90m18 |[0m [36mimport[0m { [33mButton[0m } [36mfrom[0m 
[32m"../../components/ui/button"[0m;
[31m[1m>[0m [90m19 |[0m [36mimport[0m { [33mInput[0m } 
[36mfrom[0m [32m"../../components/ui/input"[0m;
  [90m   |[0m 
[31m[1m^^^^^^^^^^^^^^^^^^^^^^^^^^^^^^^^^^^^^^^^^^^^^^^^^^[0m
  [90m20 |[0m [36mimport[0m { [33mBadge[0m } [36mfrom[0m 
[32m"../../components/ui/badge"[0m;
  [90m21 |[0m [36mimport[0m { [33mAvatar[0m } [36mfrom[0m 
[32m"../../components/ui/avatar"[0m;
  [90m22 |[0m [36mimport[0m { [33mSeparator[0m } [36mfrom[0m 
[32m"../../components/ui/separator"[0m;



Import trace:
  Server Component:
    ./src/features/chat/components/unified-chat-hub.tsx
    ./src/app/chat/page.tsx

https://nextjs.org/docs/messages/module-not-found


./src/features/interview/components/interview-dashboard.tsx:19:1
Module not found: Can't resolve '../../components/ui/input'
  [90m17 |[0m [36mimport[0m { [33mButton[0m } [36mfrom[0m 
[32m"../../components/ui/button"[0m;
  [90m18 |[0m [36mimport[0m { [33mCard[0m, [33mCardContent[0m, 
[33mCardDescription[0m, [33mCardHeader[0m, [33mCardTitle[0m } 
[36mfrom[0m [32m"../../component...[0m
[31m[1m>[0m [90m19 |[0m [36mimport[0m { [33mInput[0m } 
[36mfrom[0m [32m"../../components/ui/input"[0m;
  [90m   |[0m 
[31m[1m^^^^^^^^^^^^^^^^^^^^^^^^^^^^^^^^^^^^^^^^^^^^^^^^^^[0m
  [90m20 |[0m [36mimport[0m { [33mTextarea[0m } [36mfrom[0m 
[32m"../../components/ui/textarea"[0m;
  [90m21 |[0m [36mimport[0m {
  [90m22 |[0m   useCreateInterviewSession,



Import trace:
  Server Component:
    ./src/features/interview/components/interview-dashboard.tsx
    ./src/app/dashboard/interview/page.tsx

https://nextjs.org/docs/messages/module-not-found


./src/features/superadmin/tenants/page.tsx:24:1
Module not found: Can't resolve '../../components/ui/input'
  [90m22 |[0m [36mimport[0m { [33mButton[0m } [36mfrom[0m 
[32m"../../components/ui/button"[0m;
  [90m23 |[0m [36mimport[0m { [33mGlassCard[0m } [36mfrom[0m 
[32m"../../components/ui/glass-card"[0m;
[31m[1m>[0m [90m24 |[0m [36mimport[0m { [33mInput[0m } 
[36mfrom[0m [32m"../../components/ui/input"[0m;
  [90m   |[0m 
[31m[1m^^^^^^^^^^^^^^^^^^^^^^^^^^^^^^^^^^^^^^^^^^^^^^^^^^[0m
  [90m25 |[0m [36mimport[0m {
  [90m26 |[0m   [33mSheet[0m,
  [90m27 |[0m   [33mSheetContent[0m,



Import trace:
  Server Component:
    ./src/features/superadmin/tenants/page.tsx
    ./src/app/superadmin/tenants/page.tsx

https://nextjs.org/docs/messages/module-not-found


./src/features/progress/components/progress-components.tsx:2:1
Module not found: Can't resolve '../../components/ui/progress'
  [90m1 |[0m [36mimport[0m [33mReact[0m [36mfrom[0m 
[32m"react"[0m;
[31m[1m>[0m [90m2 |[0m [36mimport[0m { [33mProgress[0m } 
[36mfrom[0m [32m"../../components/ui/progress"[0m;
  [90m  |[0m 
[31m[1m^^^^^^^^^^^^^^^^^^^^^^^^^^^^^^^^^^^^^^^^^^^^^^^^^^^^^^^^[0m
  [90m3 |[0m [36mimport[0m { [33mBadge[0m } [36mfrom[0m 
[32m"../../components/ui/badge"[0m;
  [90m4 |[0m [36mimport[0m { [33mCard[0m, [33mCardContent[0m, 
[33mCardHeader[0m, [33mCardTitle[0m } [36mfrom[0m 
[32m"../../components/ui/card"[0m;
  [90m5 |[0m [36mimport[0m { [33mTrophy[0m, [33mFlame[0m, 
[33mClock[0m, [33mTarget[0m, [33mTrendingUp[0m, [33mAward[0m } 
[36mfrom[0m [32m"lucide-react"[0m;



Import traces:
  Client Component Browser:
    ./src/features/progress/components/progress-components.tsx [Client 
Component Browser]
    ./src/app/courses/[courseId]/lessons/[lessonId]/lesson-client.tsx 
[Client Component Browser]
    ./src/app/courses/[courseId]/lessons/[lessonId]/lesson-client.tsx 
[Server Component]
    ./src/app/courses/[courseId]/lessons/[lessonId]/page.tsx [Server 
Component]

  Client Component SSR:
    ./src/features/progress/components/progress-components.tsx [Client 
Component SSR]
    ./src/app/courses/[courseId]/lessons/[lessonId]/lesson-client.tsx 
[Client Component SSR]
    ./src/app/courses/[courseId]/lessons/[lessonId]/lesson-client.tsx 
[Server Component]
    ./src/app/courses/[courseId]/lessons/[lessonId]/page.tsx [Server 
Component]

https://nextjs.org/docs/messages/module-not-found


./src/features/chat/components/chat-area.tsx:15:1
Module not found: Can't resolve '../../components/ui/scroll-area'
  [90m13 |[0m [36mimport[0m { [33mBadge[0m } [36mfrom[0m 
[32m"../../components/ui/badge"[0m;
  [90m14 |[0m [36mimport[0m { [33mTextarea[0m } [36mfrom[0m 
[32m"../../components/ui/textarea"[0m;
[31m[1m>[0m [90m15 |[0m [36mimport[0m { [33mScrollArea[0m } 
[36mfrom[0m [32m"../../components/ui/scroll-area"[0m;
  [90m   |[0m 
[31m[1m^^^^^^^^^^^^^^^^^^^^^^^^^^^^^^^^^^^^^^^^^^^^^^^^^^^^^^^^^^^^^[0m
  [90m16 |[0m [36mimport[0m { [33mTypingIndicator[0m } [36mfrom[0m 
[32m"./typing-indicator"[0m;
  [90m17 |[0m [36mimport[0m { [33mMessageReactions[0m } [36mfrom[0m 
[32m"./message-reactions"[0m;
  [90m18 |[0m



Import traces:
  Client Component Browser:
    ./src/features/chat/components/chat-area.tsx [Client Component Browser]
    ./src/features/chat/components/unified-chat-hub.tsx [Client Component 
Browser]
    ./src/features/chat/components/unified-chat-hub.tsx [Server Component]
    ./src/app/chat/page.tsx [Server Component]

  Client Component SSR:
    ./src/features/chat/components/chat-area.tsx [Client Component SSR]
    ./src/features/chat/components/unified-chat-hub.tsx [Client Component 
SSR]
    ./src/features/chat/components/unified-chat-hub.tsx [Server Component]
    ./src/app/chat/page.tsx [Server Component]

https://nextjs.org/docs/messages/module-not-found


./src/features/chat/components/chat-notifications.tsx:10:1
Module not found: Can't resolve '../../components/ui/scroll-area'
  [90m 8 |[0m [36mimport[0m { [33mAvatar[0m } [36mfrom[0m 
[32m"../../components/ui/avatar"[0m;
  [90m 9 |[0m [36mimport[0m { [33mCard[0m, [33mCardContent[0m, 
[33mCardDescription[0m, [33mCardHeader[0m, [33mCardTitle[0m } 
[36mfrom[0m [32m"../../component...[0m
[31m[1m>[0m [90m10 |[0m [36mimport[0m { [33mScrollArea[0m } 
[36mfrom[0m [32m"../../components/ui/scroll-area"[0m;
  [90m   |[0m 
[31m[1m^^^^^^^^^^^^^^^^^^^^^^^^^^^^^^^^^^^^^^^^^^^^^^^^^^^^^^^^^^^^^[0m
  [90m11 |[0m [36mimport[0m { listChatNotifications } [36mfrom[0m 
[32m"../service"[0m;
  [90m12 |[0m
  [90m13 |[0m [36minterface[0m [33mNotification[0m {



Import traces:
  Client Component Browser:
    ./src/features/chat/components/chat-notifications.tsx [Client Component 
Browser]
    ./src/features/chat/components/unified-chat-hub.tsx [Client Component 
Browser]
    ./src/features/chat/components/unified-chat-hub.tsx [Server Component]
    ./src/app/chat/page.tsx [Server Component]

  Client Component SSR:
    ./src/features/chat/components/chat-notifications.tsx [Client Component 
SSR]
    ./src/features/chat/components/unified-chat-hub.tsx [Client Component 
SSR]
    ./src/features/chat/components/unified-chat-hub.tsx [Server Component]
    ./src/app/chat/page.tsx [Server Component]

https://nextjs.org/docs/messages/module-not-found


./src/features/chat/components/chat-search.tsx:11:1
Module not found: Can't resolve '../../components/ui/scroll-area'
  [90m 9 |[0m [36mimport[0m { [33mSelect[0m, [33mSelectContent[0m, 
[33mSelectItem[0m, [33mSelectTrigger[0m, [33mSelectValue[0m } 
[36mfrom[0m [32m"../../compo...[0m
  [90m10 |[0m [36mimport[0m { [33mCard[0m, [33mCardContent[0m, 
[33mCardDescription[0m, [33mCardHeader[0m, [33mCardTitle[0m } 
[36mfrom[0m [32m"../../component...[0m
[31m[1m>[0m [90m11 |[0m [36mimport[0m { [33mScrollArea[0m } 
[36mfrom[0m [32m"../../components/ui/scroll-area"[0m;
  [90m   |[0m 
[31m[1m^^^^^^^^^^^^^^^^^^^^^^^^^^^^^^^^^^^^^^^^^^^^^^^^^^^^^^^^^^^^^[0m
  [90m12 |[0m [36mimport[0m { searchChatMessages } [36mfrom[0m 
[32m"../service"[0m;
  [90m13 |[0m [36mimport[0m { useChatMessages } [36mfrom[0m 
[32m"../hooks"[0m;
  [90m14 |[0m



Import traces:
  Client Component Browser:
    ./src/features/chat/components/chat-search.tsx [Client Component 
Browser]
    ./src/features/chat/components/unified-chat-hub.tsx [Client Component 
Browser]
    ./src/features/chat/components/unified-chat-hub.tsx [Server Component]
    ./src/app/chat/page.tsx [Server Component]

  Client Component SSR:
    ./src/features/chat/components/chat-search.tsx [Client Component SSR]
    ./src/features/chat/components/unified-chat-hub.tsx [Client Component 
SSR]
    ./src/features/chat/components/unified-chat-hub.tsx [Server Component]
    ./src/app/chat/page.tsx [Server Component]

https://nextjs.org/docs/messages/module-not-found


./src/features/chat/components/chat-search.tsx:9:1
Module not found: Can't resolve '../../components/ui/select'
  [90m 7 |[0m ...[33madge[0m } [36mfrom[0m 
[32m"../../components/ui/badge"[0m;
  [90m 8 |[0m ...[33mvatar[0m } [36mfrom[0m 
[32m"../../components/ui/avatar"[0m;
[31m[1m>[0m [90m 9 |[0m ...[33melect[0m, [33mSelectContent[0m, 
[33mSelectItem[0m, [33mSelectTrigger[0m, [33mSelectValue[0m } 
[36mfrom[0m [32m"../../components/u...[0m
  [90m   |[0m    [31m[1m^^^^^^^^^^^^^^^^^^^^^^^^^^^^^^^^^^^^^^^^^^^^^^^^
^^^^^^^^^^^^^^^^^^^^^^^^^^^^^^^^^^^^^^^^^^[0m
  [90m10 |[0m ...[33mard[0m, [33mCardContent[0m, 
[33mCardDescription[0m, [33mCardHeader[0m, [33mCardTitle[0m } 
[36mfrom[0m [32m"../../components/ui/ca...[0m
  [90m11 |[0m ...[33mcrollArea[0m } [36mfrom[0m 
[32m"../../components/ui/scroll-area"[0m;
  [90m12 |[0m ...earchChatMessages } [36mfrom[0m [32m"../service"[0m;



Import traces:
  Client Component Browser:
    ./src/features/chat/components/chat-search.tsx [Client Component 
Browser]
    ./src/features/chat/components/unified-chat-hub.tsx [Client Component 
Browser]
    ./src/features/chat/components/unified-chat-hub.tsx [Server Component]
    ./src/app/chat/page.tsx [Server Component]

  Client Component SSR:
    ./src/features/chat/components/chat-search.tsx [Client Component SSR]
    ./src/features/chat/components/unified-chat-hub.tsx [Client Component 
SSR]
    ./src/features/chat/components/unified-chat-hub.tsx [Server Component]
    ./src/app/chat/page.tsx [Server Component]

https://nextjs.org/docs/messages/module-not-found


./src/features/interview/components/question-bank-selector.tsx:4:1
Module not found: Can't resolve '../../components/ui/select'
  [90m2 |[0m ...
  [90m3 |[0m ...[33mact[0m, { useState, useEffect } [36mfrom[0m 
[32m'react'[0m;
[31m[1m>[0m [90m4 |[0m ...[33mSelect[0m, [33mSelectContent[0m, 
[33mSelectItem[0m, [33mSelectTrigger[0m, [33mSelectValue[0m } 
[36mfrom[0m [32m"../../components/u...[0m
  [90m  |[0m    [31m[1m^^^^^^^^^^^^^^^^^^^^^^^^^^^^^^^^^^^^^^^^^^^^^^^^^
^^^^^^^^^^^^^^^^^^^^^^^^^^^^^^^^^^^^^^^^^^[0m
  [90m5 |[0m ...[33mButton[0m } [36mfrom[0m 
[32m"../../components/ui/button"[0m;
  [90m6 |[0m ...[33mCard[0m, [33mCardContent[0m, 
[33mCardDescription[0m, [33mCardHeader[0m, [33mCardTitle[0m } 
[36mfrom[0m [32m"../../components/ui/ca...[0m
  [90m7 |[0m ...[33mBadge[0m } [36mfrom[0m 
[32m"../../components/ui/badge"[0m;



Import traces:
  Client Component Browser:
    ./src/features/interview/components/question-bank-selector.tsx [Client 
Component Browser]
    ./src/features/interview/components/interview-dashboard.tsx [Client 
Component Browser]
    ./src/features/interview/components/interview-dashboard.tsx [Server 
Component]
    ./src/app/dashboard/interview/page.tsx [Server Component]

  Client Component SSR:
    ./src/features/interview/components/question-bank-selector.tsx [Client 
Component SSR]
    ./src/features/interview/components/interview-dashboard.tsx [Client 
Component SSR]
    ./src/features/interview/components/interview-dashboard.tsx [Server 
Component]
    ./src/app/dashboard/interview/page.tsx [Server Component]

https://nextjs.org/docs/messages/module-not-found


./src/features/superadmin/tenants/page.tsx:25:1
Module not found: Can't resolve '../../components/ui/sheet'
  [90m23 |[0m [36mimport[0m { [33mGlassCard[0m } [36mfrom[0m 
[32m"../../components/ui/glass-card"[0m;
  [90m24 |[0m [36mimport[0m { [33mInput[0m } [36mfrom[0m 
[32m"../../components/ui/input"[0m;
[31m[1m>[0m [90m25 |[0m [36mimport[0m {
  [90m   |[0m [31m[1m^^^^^^^[0m
[31m[1m>[0m [90m26 |[0m   [33mSheet[0m,
  [90m   |[0m [31m[1m^^^^^^^^[0m
[31m[1m>[0m [90m27 |[0m   [33mSheetContent[0m,
  [90m   |[0m [31m[1m^^^^^^^^^^^^^^^[0m
[31m[1m>[0m [90m28 |[0m   [33mSheetFooter[0m,
  [90m   |[0m [31m[1m^^^^^^^^^^^^^^[0m
[31m[1m>[0m [90m29 |[0m   [33mSheetHeader[0m,
  [90m   |[0m [31m[1m^^^^^^^^^^^^^^[0m
[31m[1m>[0m [90m30 |[0m   [33mSheetTitle[0m,
  [90m   |[0m [31m[1m^^^^^^^^^^^^^[0m
[31m[1m>[0m [90m31 |[0m   [33mSheetDescription[0m,
  [90m   |[0m [31m[1m^^^^^^^^^^^^^^^^^^^[0m
[31m[1m>[0m [90m32 |[0m } [36mfrom[0m 
[32m"../../components/ui/sheet"[0m;
  [90m   |[0m [31m[1m^^^^^^^^^^^^^^^^^^^^^^^^^^^^^^^^^^^[0m
  [90m33 |[0m
  [90m34 |[0m [36mtype[0m [33mTenantStatus[0m = [32m"ACTIVE"[0m | 
[32m"TRIAL"[0m | [32m"SUSPENDED"[0m | [32m"CANCELLED"[0m;
  [90m35 |[0m [36mtype[0m [33mTenantPlanTier[0m = [32m"STARTER"[0m 
| [32m"PROFESSIONAL"[0m | [32m"ENTERPRISE"[0m;



Import trace:
  Server Component:
    ./src/features/superadmin/tenants/page.tsx
    ./src/app/superadmin/tenants/page.tsx

https://nextjs.org/docs/messages/module-not-found


./src/app/admin/system/page.tsx:8:1
Module not found: Can't resolve '../../components/ui/stat-card'
  [90m 6 |[0m [36mimport[0m { [33mCard[0m, [33mCardContent[0m, 
[33mCardHeader[0m, [33mCardTitle[0m } [36mfrom[0m 
[32m"@/components/ui/card"[0m;
  [90m 7 |[0m [36mimport[0m { [33mInput[0m } [36mfrom[0m 
[32m"@/components/ui/input"[0m;
[31m[1m>[0m [90m 8 |[0m [36mimport[0m { [33mStatCard[0m } 
[36mfrom[0m [32m"../../components/ui/stat-card"[0m;
  [90m   |[0m 
[31m[1m^^^^^^^^^^^^^^^^^^^^^^^^^^^^^^^^^^^^^^^^^^^^^^^^^^^^^^^^^[0m
  [90m 9 |[0m [36mimport[0m {
  [90m10 |[0m   updateUserRole,
  [90m11 |[0m   requireAdminUser,



https://nextjs.org/docs/messages/module-not-found


./src/features/interview/components/interview-dashboard.tsx:20:1
Module not found: Can't resolve '../../components/ui/textarea'
  [90m18 |[0m [36mimport[0m { [33mCard[0m, [33mCardContent[0m, 
[33mCardDescription[0m, [33mCardHeader[0m, [33mCardTitle[0m } 
[36mfrom[0m [32m"../../component...[0m
  [90m19 |[0m [36mimport[0m { [33mInput[0m } [36mfrom[0m 
[32m"../../components/ui/input"[0m;
[31m[1m>[0m [90m20 |[0m [36mimport[0m { [33mTextarea[0m } 
[36mfrom[0m [32m"../../components/ui/textarea"[0m;
  [90m   |[0m 
[31m[1m^^^^^^^^^^^^^^^^^^^^^^^^^^^^^^^^^^^^^^^^^^^^^^^^^^^^^^^^[0m
  [90m21 |[0m [36mimport[0m {
  [90m22 |[0m   useCreateInterviewSession,
  [90m23 |[0m   useInterviewSessions,



Import trace:
  Server Component:
    ./src/features/interview/components/interview-dashboard.tsx
    ./src/app/dashboard/interview/page.tsx

https://nextjs.org/docs/messages/module-not-found


./src/features/chat/components/chat-area.tsx:8:1
Module not found: Can't resolve '../../lib/utils'
  [90m 6 |[0m [36mimport[0m { [33mThreadMessageList[0m } 
[36mfrom[0m [32m"./thread-message-list"[0m;
  [90m 7 |[0m [36mimport[0m { [33mMessageInput[0m } [36mfrom[0m 
[32m"./message-input"[0m;
[31m[1m>[0m [90m 8 |[0m [36mimport[0m { cn } [36mfrom[0m 
[32m"../../lib/utils"[0m;
  [90m   |[0m [31m[1m^^^^^^^^^^^^^^^^^^^^^^^^^^^^^^^^^^^^^[0m
  [90m 9 |[0m [36mimport[0m { sendMessage } [36mfrom[0m 
[32m"../service"[0m;
  [90m10 |[0m [36mimport[0m { [33mInfo[0m, [33mPhone[0m, 
[33mVideo[0m, [33mUsers[0m, [33mHash[0m, [33mSend[0m, 
[33mPaperclip[0m, [33mSmile[0m } [36mfrom[0m [32m"lucide-react"[0m;
  [90m11 |[0m [36mimport[0m { useChatMessages, useConversationMessages 
} [36mfrom[0m [32m"../hooks"[0m;



Import traces:
  Client Component Browser:
    ./src/features/chat/components/chat-area.tsx [Client Component Browser]
    ./src/features/chat/components/unified-chat-hub.tsx [Client Component 
Browser]
    ./src/features/chat/components/unified-chat-hub.tsx [Server Component]
    ./src/app/chat/page.tsx [Server Component]

  Client Component SSR:
    ./src/features/chat/components/chat-area.tsx [Client Component SSR]
    ./src/features/chat/components/unified-chat-hub.tsx [Client Component 
SSR]
    ./src/features/chat/components/unified-chat-hub.tsx [Server Component]
    ./src/app/chat/page.tsx [Server Component]

https://nextjs.org/docs/messages/module-not-found


./src/features/interview/components/interview-dashboard.tsx:27:1
Module not found: Can't resolve '../../lib/utils'
  [90m25 |[0m } [36mfrom[0m [32m"../hooks"[0m;
  [90m26 |[0m [36mimport[0m { getInterviewSessions } [36mfrom[0m 
[32m"../service"[0m;
[31m[1m>[0m [90m27 |[0m [36mimport[0m { cn } [36mfrom[0m 
[32m"../../lib/utils"[0m;
  [90m   |[0m [31m[1m^^^^^^^^^^^^^^^^^^^^^^^^^^^^^^^^^^^^^[0m
  [90m28 |[0m [36mimport[0m { [33mQuestionBankSelector[0m } 
[36mfrom[0m [32m"./question-bank-selector"[0m;
  [90m29 |[0m [36mimport[0m { [33mAnalyticsDashboard[0m } 
[36mfrom[0m [32m"./analytics-dashboard"[0m;
  [90m30 |[0m



Import trace:
  Server Component:
    ./src/features/interview/components/interview-dashboard.tsx
    ./src/app/dashboard/interview/page.tsx

https://nextjs.org/docs/messages/module-not-found


./src/components/admin/certificate-configuration-step.tsx:8:1
Module not found: Can't resolve '../../ui/badge'
  [90m 6 |[0m [36mimport[0m { [33mLabel[0m } [36mfrom[0m 
[32m"../../ui/label"[0m;
  [90m 7 |[0m [36mimport[0m { [33mCard[0m, [33mCardContent[0m, 
[33mCardDescription[0m, [33mCardHeader[0m, [33mCardTitle[0m } 
[36mfrom[0m [32m"../../ui/card"[0m;
[31m[1m>[0m [90m 8 |[0m [36mimport[0m { [33mBadge[0m } 
[36mfrom[0m [32m"../../ui/badge"[0m;
  [90m   |[0m [31m[1m^^^^^^^^^^^^^^^^^^^^^^^^^^^^^^^^^^^^^^^[0m
  [90m 9 |[0m [36mimport[0m { 
  [90m10 |[0m   [33mAward[0m, 
  [90m11 |[0m   [33mSettings[0m,



Import traces:
  Client Component Browser:
    ./src/components/admin/certificate-configuration-step.tsx [Client 
Component Browser]
    ./src/components/admin/course-edit-modal-enhanced.tsx [Client Component 
Browser]
    ./src/components/admin/admin-courses-grid.tsx [Client Component Browser]
    ./src/app/admin/courses-test/page.tsx [Client Component Browser]
    ./src/app/admin/courses-test/page.tsx [Server Component]

  Client Component SSR:
    ./src/components/admin/certificate-configuration-step.tsx [Client 
Component SSR]
    ./src/components/admin/course-edit-modal-enhanced.tsx [Client Component 
SSR]
    ./src/components/admin/admin-courses-grid.tsx [Client Component SSR]
    ./src/app/admin/courses-test/page.tsx [Client Component SSR]
    ./src/app/admin/courses-test/page.tsx [Server Component]

https://nextjs.org/docs/messages/module-not-found


./src/components/admin/course-edit-modal-enhanced.tsx:11:1
Module not found: Can't resolve '../../ui/badge'
  [90m 9 |[0m [36mimport[0m { [33mSelect[0m, [33mSelectContent[0m, 
[33mSelectItem[0m, [33mSelectTrigger[0m, [33mSelectValue[0m } 
[36mfrom[0m [32m"../../ui/se...[0m
  [90m10 |[0m [36mimport[0m { [33mCard[0m, [33mCardContent[0m, 
[33mCardDescription[0m, [33mCardHeader[0m, [33mCardTitle[0m } 
[36mfrom[0m [32m"../../ui/card"[0m;
[31m[1m>[0m [90m11 |[0m [36mimport[0m { [33mBadge[0m } 
[36mfrom[0m [32m"../../ui/badge"[0m;
  [90m   |[0m [31m[1m^^^^^^^^^^^^^^^^^^^^^^^^^^^^^^^^^^^^^^^[0m
  [90m12 |[0m [36mimport[0m { [33mProgress[0m } [36mfrom[0m 
[32m"../../ui/progress"[0m;
  [90m13 |[0m [36mimport[0m { [33mSafeImage[0m } [36mfrom[0m 
[32m"../../ui/safe-image"[0m;
  [90m14 |[0m [36mimport[0m { [33mCourseStructureStep[0m } 
[36mfrom[0m [32m"./course-structure-step"[0m;



Import traces:
  Client Component Browser:
    ./src/components/admin/course-edit-modal-enhanced.tsx [Client Component 
Browser]
    ./src/components/admin/admin-courses-grid.tsx [Client Component Browser]
    ./src/app/admin/courses-test/page.tsx [Client Component Browser]
    ./src/app/admin/courses-test/page.tsx [Server Component]

  Client Component SSR:
    ./src/components/admin/course-edit-modal-enhanced.tsx [Client Component 
SSR]
    ./src/components/admin/admin-courses-grid.tsx [Client Component SSR]
    ./src/app/admin/courses-test/page.tsx [Client Component SSR]
    ./src/app/admin/courses-test/page.tsx [Server Component]

https://nextjs.org/docs/messages/module-not-found


./src/components/admin/course-structure-step.tsx:8:1
Module not found: Can't resolve '../../ui/badge'
  [90m 6 |[0m [36mimport[0m { [33mTextarea[0m } [36mfrom[0m 
[32m"../../ui/textarea"[0m;
  [90m 7 |[0m [36mimport[0m { [33mCard[0m, [33mCardContent[0m, 
[33mCardDescription[0m, [33mCardHeader[0m, [33mCardTitle[0m } 
[36mfrom[0m [32m"../../ui/card"[0m;
[31m[1m>[0m [90m 8 |[0m [36mimport[0m { [33mBadge[0m } 
[36mfrom[0m [32m"../../ui/badge"[0m;
  [90m   |[0m [31m[1m^^^^^^^^^^^^^^^^^^^^^^^^^^^^^^^^^^^^^^^[0m
  [90m 9 |[0m [36mimport[0m { [33mPlus[0m, [33mTrash[0m, 
[33mLayers3[0m, [33mBookOpen[0m, [33mTarget[0m, [33mFileText[0m, 
[33mUpload[0m, [33mCheckCircle[0m, [33mX[0m } [36mfrom[0m 
[32m"...[0m
  [90m10 |[0m [36mimport[0m [36mtype[0m { [33mCourseSection[0m, 
[33mCourseModule[0m, [33mSectionExam[0m } [36mfrom[0m 
[32m"./course-edit-modal-enhanced"[0m;
  [90m11 |[0m



Import traces:
  Client Component Browser:
    ./src/components/admin/course-structure-step.tsx [Client Component 
Browser]
    ./src/components/admin/course-edit-modal-enhanced.tsx [Client Component 
Browser]
    ./src/components/admin/admin-courses-grid.tsx [Client Component Browser]
    ./src/app/admin/courses-test/page.tsx [Client Component Browser]
    ./src/app/admin/courses-test/page.tsx [Server Component]

  Client Component SSR:
    ./src/components/admin/course-structure-step.tsx [Client Component SSR]
    ./src/components/admin/course-edit-modal-enhanced.tsx [Client Component 
SSR]
    ./src/components/admin/admin-courses-grid.tsx [Client Component SSR]
    ./src/app/admin/courses-test/page.tsx [Client Component SSR]
    ./src/app/admin/courses-test/page.tsx [Server Component]

https://nextjs.org/docs/messages/module-not-found


./src/components/admin/exam-configuration-step.tsx:8:1
Module not found: Can't resolve '../../ui/badge'
  [90m 6 |[0m [36mimport[0m { [33mLabel[0m } [36mfrom[0m 
[32m"../../ui/label"[0m;
  [90m 7 |[0m [36mimport[0m { [33mCard[0m, [33mCardContent[0m, 
[33mCardDescription[0m, [33mCardHeader[0m, [33mCardTitle[0m } 
[36mfrom[0m [32m"../../ui/card"[0m;
[31m[1m>[0m [90m 8 |[0m [36mimport[0m { [33mBadge[0m } 
[36mfrom[0m [32m"../../ui/badge"[0m;
  [90m   |[0m [31m[1m^^^^^^^^^^^^^^^^^^^^^^^^^^^^^^^^^^^^^^^[0m
  [90m 9 |[0m [36mimport[0m { [33mUpload[0m, [33mFileText[0m, 
[33mClock[0m, [33mTarget[0m, [33mCheckCircle[0m, [33mTrash[0m, 
[33mPlus[0m, [33mX[0m } [36mfrom[0m [32m"lucide-react"[0m;
  [90m10 |[0m [36mimport[0m [36mtype[0m { [33mSectionExam[0m } 
[36mfrom[0m [32m"./course-edit-modal-enhanced"[0m;
  [90m11 |[0m



Import traces:
  Client Component Browser:
    ./src/components/admin/exam-configuration-step.tsx [Client Component 
Browser]
    ./src/components/admin/course-edit-modal-enhanced.tsx [Client Component 
Browser]
    ./src/components/admin/admin-courses-grid.tsx [Client Component Browser]
    ./src/app/admin/courses-test/page.tsx [Client Component Browser]
    ./src/app/admin/courses-test/page.tsx [Server Component]

  Client Component SSR:
    ./src/components/admin/exam-configuration-step.tsx [Client Component 
SSR]
    ./src/components/admin/course-edit-modal-enhanced.tsx [Client Component 
SSR]
    ./src/components/admin/admin-courses-grid.tsx [Client Component SSR]
    ./src/app/admin/courses-test/page.tsx [Client Component SSR]
    ./src/app/admin/courses-test/page.tsx [Server Component]

https://nextjs.org/docs/messages/module-not-found


./src/components/tutor/courses-table.tsx:8:1
Module not found: Can't resolve '../../ui/badge'
  [90m 6 |[0m [36mimport[0m { [33mButton[0m } [36mfrom[0m 
[32m"../../ui/button"[0m;
  [90m 7 |[0m [36mimport[0m { [33mInput[0m } [36mfrom[0m 
[32m"../../ui/input"[0m;
[31m[1m>[0m [90m 8 |[0m [36mimport[0m { [33mBadge[0m } 
[36mfrom[0m [32m"../../ui/badge"[0m;
  [90m   |[0m [31m[1m^^^^^^^^^^^^^^^^^^^^^^^^^^^^^^^^^^^^^^^[0m
  [90m 9 |[0m [36mimport[0m { [33mCard[0m, [33mCardContent[0m, 
[33mCardDescription[0m, [33mCardHeader[0m, [33mCardTitle[0m } 
[36mfrom[0m [32m"../../ui/card"[0m;
  [90m10 |[0m [36mimport[0m { useCreateCourseModal } [36mfrom[0m 
[32m"../../components/course/create-course-modal"[0m;
  [90m11 |[0m [36mimport[0m { getTutorCourses } [36mfrom[0m 
[32m"../../features/tutor/service"[0m;



Import traces:
  Client Component Browser:
    ./src/components/tutor/courses-table.tsx [Client Component Browser]
    ./src/app/tutor/courses/courses-page-client.tsx [Client Component 
Browser]
    ./src/app/tutor/courses/courses-page-client.tsx [Server Component]
    ./src/app/tutor/courses/page.tsx [Server Component]

  Client Component SSR:
    ./src/components/tutor/courses-table.tsx [Client Component SSR]
    ./src/app/tutor/courses/courses-page-client.tsx [Client Component SSR]
    ./src/app/tutor/courses/courses-page-client.tsx [Server Component]
    ./src/app/tutor/courses/page.tsx [Server Component]

https://nextjs.org/docs/messages/module-not-found


./src/components/admin/course-edit-modal-enhanced.tsx:5:1
Module not found: Can't resolve '../../ui/button'
  [90m3 |[0m [36mimport[0m { useState, useEffect } [36mfrom[0m 
[32m"react"[0m;
  [90m4 |[0m [36mimport[0m { updateCourse } [36mfrom[0m 
[32m"../../features/admin/service"[0m;
[31m[1m>[0m [90m5 |[0m [36mimport[0m { [33mButton[0m } 
[36mfrom[0m [32m"../../ui/button"[0m;
  [90m  |[0m [31m[1m^^^^^^^^^^^^^^^^^^^^^^^^^^^^^^^^^^^^^^^^^[0m
  [90m6 |[0m [36mimport[0m { [33mInput[0m } [36mfrom[0m 
[32m"../../ui/input"[0m;
  [90m7 |[0m [36mimport[0m { [33mTextarea[0m } [36mfrom[0m 
[32m"../../ui/textarea"[0m;
  [90m8 |[0m [36mimport[0m { [33mLabel[0m } [36mfrom[0m 
[32m"../../ui/label"[0m;



Import traces:
  Client Component Browser:
    ./src/components/admin/course-edit-modal-enhanced.tsx [Client Component 
Browser]
    ./src/components/admin/admin-courses-grid.tsx [Client Component Browser]
    ./src/app/admin/courses-test/page.tsx [Client Component Browser]
    ./src/app/admin/courses-test/page.tsx [Server Component]

  Client Component SSR:
    ./src/components/admin/course-edit-modal-enhanced.tsx [Client Component 
SSR]
    ./src/components/admin/admin-courses-grid.tsx [Client Component SSR]
    ./src/app/admin/courses-test/page.tsx [Client Component SSR]
    ./src/app/admin/courses-test/page.tsx [Server Component]

https://nextjs.org/docs/messages/module-not-found


./src/components/admin/course-structure-step.tsx:4:1
Module not found: Can't resolve '../../ui/button'
  [90m2 |[0m
  [90m3 |[0m [36mimport[0m { useState } [36mfrom[0m [32m"react"[0m;
[31m[1m>[0m [90m4 |[0m [36mimport[0m { [33mButton[0m } 
[36mfrom[0m [32m"../../ui/button"[0m;
  [90m  |[0m [31m[1m^^^^^^^^^^^^^^^^^^^^^^^^^^^^^^^^^^^^^^^^^[0m
  [90m5 |[0m [36mimport[0m { [33mInput[0m } [36mfrom[0m 
[32m"../../ui/input"[0m;
  [90m6 |[0m [36mimport[0m { [33mTextarea[0m } [36mfrom[0m 
[32m"../../ui/textarea"[0m;
  [90m7 |[0m [36mimport[0m { [33mCard[0m, [33mCardContent[0m, 
[33mCardDescription[0m, [33mCardHeader[0m, [33mCardTitle[0m } 
[36mfrom[0m [32m"../../ui/card"[0m;



Import traces:
  Client Component Browser:
    ./src/components/admin/course-structure-step.tsx [Client Component 
Browser]
    ./src/components/admin/course-edit-modal-enhanced.tsx [Client Component 
Browser]
    ./src/components/admin/admin-courses-grid.tsx [Client Component Browser]
    ./src/app/admin/courses-test/page.tsx [Client Component Browser]
    ./src/app/admin/courses-test/page.tsx [Server Component]

  Client Component SSR:
    ./src/components/admin/course-structure-step.tsx [Client Component SSR]
    ./src/components/admin/course-edit-modal-enhanced.tsx [Client Component 
SSR]
    ./src/components/admin/admin-courses-grid.tsx [Client Component SSR]
    ./src/app/admin/courses-test/page.tsx [Client Component SSR]
    ./src/app/admin/courses-test/page.tsx [Server Component]

https://nextjs.org/docs/messages/module-not-found


./src/components/admin/exam-configuration-step.tsx:4:1
Module not found: Can't resolve '../../ui/button'
  [90m2 |[0m
  [90m3 |[0m [36mimport[0m { useState } [36mfrom[0m [32m"react"[0m;
[31m[1m>[0m [90m4 |[0m [36mimport[0m { [33mButton[0m } 
[36mfrom[0m [32m"../../ui/button"[0m;
  [90m  |[0m [31m[1m^^^^^^^^^^^^^^^^^^^^^^^^^^^^^^^^^^^^^^^^^[0m
  [90m5 |[0m [36mimport[0m { [33mInput[0m } [36mfrom[0m 
[32m"../../ui/input"[0m;
  [90m6 |[0m [36mimport[0m { [33mLabel[0m } [36mfrom[0m 
[32m"../../ui/label"[0m;
  [90m7 |[0m [36mimport[0m { [33mCard[0m, [33mCardContent[0m, 
[33mCardDescription[0m, [33mCardHeader[0m, [33mCardTitle[0m } 
[36mfrom[0m [32m"../../ui/card"[0m;



Import traces:
  Client Component Browser:
    ./src/components/admin/exam-configuration-step.tsx [Client Component 
Browser]
    ./src/components/admin/course-edit-modal-enhanced.tsx [Client Component 
Browser]
    ./src/components/admin/admin-courses-grid.tsx [Client Component Browser]
    ./src/app/admin/courses-test/page.tsx [Client Component Browser]
    ./src/app/admin/courses-test/page.tsx [Server Component]

  Client Component SSR:
    ./src/components/admin/exam-configuration-step.tsx [Client Component 
SSR]
    ./src/components/admin/course-edit-modal-enhanced.tsx [Client Component 
SSR]
    ./src/components/admin/admin-courses-grid.tsx [Client Component SSR]
    ./src/app/admin/courses-test/page.tsx [Client Component SSR]
    ./src/app/admin/courses-test/page.tsx [Server Component]

https://nextjs.org/docs/messages/module-not-found


./src/components/tutor/courses-table.tsx:6:1
Module not found: Can't resolve '../../ui/button'
  [90m4 |[0m [36mimport[0m [33mLink[0m [36mfrom[0m 
[32m"next/link"[0m;
  [90m5 |[0m [36mimport[0m { [33mSearch[0m, [33mFilter[0m, 
[33mEdit[0m, [33mTrash2[0m, [33mPlus[0m, [33mChevronLeft[0m, 
[33mChevronRight[0m } [36mfrom[0m [32m"lucide-react"[0m;
[31m[1m>[0m [90m6 |[0m [36mimport[0m { [33mButton[0m } 
[36mfrom[0m [32m"../../ui/button"[0m;
  [90m  |[0m [31m[1m^^^^^^^^^^^^^^^^^^^^^^^^^^^^^^^^^^^^^^^^^[0m
  [90m7 |[0m [36mimport[0m { [33mInput[0m } [36mfrom[0m 
[32m"../../ui/input"[0m;
  [90m8 |[0m [36mimport[0m { [33mBadge[0m } [36mfrom[0m 
[32m"../../ui/badge"[0m;
  [90m9 |[0m [36mimport[0m { [33mCard[0m, [33mCardContent[0m, 
[33mCardDescription[0m, [33mCardHeader[0m, [33mCardTitle[0m } 
[36mfrom[0m [32m"../../ui/card"[0m;



Import traces:
  Client Component Browser:
    ./src/components/tutor/courses-table.tsx [Client Component Browser]
    ./src/app/tutor/courses/courses-page-client.tsx [Client Component 
Browser]
    ./src/app/tutor/courses/courses-page-client.tsx [Server Component]
    ./src/app/tutor/courses/page.tsx [Server Component]

  Client Component SSR:
    ./src/components/tutor/courses-table.tsx [Client Component SSR]
    ./src/app/tutor/courses/courses-page-client.tsx [Client Component SSR]
    ./src/app/tutor/courses/courses-page-client.tsx [Server Component]
    ./src/app/tutor/courses/page.tsx [Server Component]

https://nextjs.org/docs/messages/module-not-found


./src/components/tutor/exam-builder.tsx:7:1
Module not found: Can't resolve '../../ui/button'
  [90m 5 |[0m [36mimport[0m { [33mAlertTriangle[0m, [33mLoader2[0m, 
[33mPlus[0m, [33mTrash[0m, [33mUpload[0m } [36mfrom[0m 
[32m"lucide-react"[0m;
  [90m 6 |[0m
[31m[1m>[0m [90m 7 |[0m [36mimport[0m { [33mButton[0m } 
[36mfrom[0m [32m"../../ui/button"[0m;
  [90m   |[0m [31m[1m^^^^^^^^^^^^^^^^^^^^^^^^^^^^^^^^^^^^^^^^^[0m
  [90m 8 |[0m [36mimport[0m { [33mCard[0m, [33mCardContent[0m, 
[33mCardDescription[0m, [33mCardHeader[0m, [33mCardTitle[0m } 
[36mfrom[0m [32m"../../ui/card"[0m;
  [90m 9 |[0m [36mimport[0m { [33mInput[0m } [36mfrom[0m 
[32m"../../ui/input"[0m;
  [90m10 |[0m [36mimport[0m { [33mBadge[0m } [36mfrom[0m 
[32m"../../ui/badge"[0m;



Import traces:
  Client Component Browser:
    ./src/components/tutor/exam-builder.tsx [Client Component Browser]
    ./src/app/tutor/courses/new/page.tsx [Client Component Browser]
    ./src/app/tutor/courses/new/page.tsx [Server Component]

  Client Component SSR:
    ./src/components/tutor/exam-builder.tsx [Client Component SSR]
    ./src/app/tutor/courses/new/page.tsx [Client Component SSR]
    ./src/app/tutor/courses/new/page.tsx [Server Component]

https://nextjs.org/docs/messages/module-not-found


./src/components/admin/certificate-configuration-step.tsx:7:1
Module not found: Can't resolve '../../ui/card'
  [90m 5 |[0m [36mimport[0m { [33mInput[0m } [36mfrom[0m 
[32m"../../ui/input"[0m;
  [90m 6 |[0m [36mimport[0m { [33mLabel[0m } [36mfrom[0m 
[32m"../../ui/label"[0m;
[31m[1m>[0m [90m 7 |[0m [36mimport[0m { [33mCard[0m, 
[33mCardContent[0m, [33mCardDescription[0m, [33mCardHeader[0m, 
[33mCardTitle[0m } [36mfrom[0m [32m"../../ui/card"[0m;
  [90m   |[0m [31m[1m^^^^^^^^^^^^^^^^^^^^^^^^^^^^^^^^^^^^^^^^^^^^^^^^^^^
^^^^^^^^^^^^^^^^^^^^^^^^^^^^^^^^^^^^^^^[0m
  [90m 8 |[0m [36mimport[0m { [33mBadge[0m } [36mfrom[0m 
[32m"../../ui/badge"[0m;
  [90m 9 |[0m [36mimport[0m { 
  [90m10 |[0m   [33mAward[0m,



Import traces:
  Client Component Browser:
    ./src/components/admin/certificate-configuration-step.tsx [Client 
Component Browser]
    ./src/components/admin/course-edit-modal-enhanced.tsx [Client Component 
Browser]
    ./src/components/admin/admin-courses-grid.tsx [Client Component Browser]
    ./src/app/admin/courses-test/page.tsx [Client Component Browser]
    ./src/app/admin/courses-test/page.tsx [Server Component]

  Client Component SSR:
    ./src/components/admin/certificate-configuration-step.tsx [Client 
Component SSR]
    ./src/components/admin/course-edit-modal-enhanced.tsx [Client Component 
SSR]
    ./src/components/admin/admin-courses-grid.tsx [Client Component SSR]
    ./src/app/admin/courses-test/page.tsx [Client Component SSR]
    ./src/app/admin/courses-test/page.tsx [Server Component]

https://nextjs.org/docs/messages/module-not-found


./src/components/admin/course-edit-modal-enhanced.tsx:10:1
Module not found: Can't resolve '../../ui/card'
  [90m 8 |[0m ...[36mport[0m { [33mLabel[0m } [36mfrom[0m 
[32m"../../ui/label"[0m;
  [90m 9 |[0m ...[36mport[0m { [33mSelect[0m, [33mSelectContent[0m, 
[33mSelectItem[0m, [33mSelectTrigger[0m, [33mSelectValue[0m } 
[36mfrom[0m [32m"../../ui/s...[0m
[31m[1m>[0m [90m10 |[0m ...[36mport[0m { [33mCard[0m, 
[33mCardContent[0m, [33mCardDescription[0m, [33mCardHeader[0m, 
[33mCardTitle[0m } [36mfrom[0m [32m"../../ui/card"[0m;
  [90m   |[0m    [31m[1m^^^^^^^^^^^^^^^^^^^^^^^^^^^^^^^^^^^^^^^^^^^^^^^^
^^^^^^^^^^^^^^^^^^^^^^^^^^^^^^^^^^^^^^^^^^[0m
  [90m11 |[0m ...[36mport[0m { [33mBadge[0m } [36mfrom[0m 
[32m"../../ui/badge"[0m;
  [90m12 |[0m ...[36mport[0m { [33mProgress[0m } [36mfrom[0m 
[32m"../../ui/progress"[0m;
  [90m13 |[0m ...[36mport[0m { [33mSafeImage[0m } [36mfrom[0m 
[32m"../../ui/safe-image"[0m;



Import traces:
  Client Component Browser:
    ./src/components/admin/course-edit-modal-enhanced.tsx [Client Component 
Browser]
    ./src/components/admin/admin-courses-grid.tsx [Client Component Browser]
    ./src/app/admin/courses-test/page.tsx [Client Component Browser]
    ./src/app/admin/courses-test/page.tsx [Server Component]

  Client Component SSR:
    ./src/components/admin/course-edit-modal-enhanced.tsx [Client Component 
SSR]
    ./src/components/admin/admin-courses-grid.tsx [Client Component SSR]
    ./src/app/admin/courses-test/page.tsx [Client Component SSR]
    ./src/app/admin/courses-test/page.tsx [Server Component]

https://nextjs.org/docs/messages/module-not-found


./src/components/admin/course-structure-step.tsx:7:1
Module not found: Can't resolve '../../ui/card'
  [90m 5 |[0m ...[36mport[0m { [33mInput[0m } [36mfrom[0m 
[32m"../../ui/input"[0m;
  [90m 6 |[0m ...[36mport[0m { [33mTextarea[0m } [36mfrom[0m 
[32m"../../ui/textarea"[0m;
[31m[1m>[0m [90m 7 |[0m ...[36mport[0m { [33mCard[0m, 
[33mCardContent[0m, [33mCardDescription[0m, [33mCardHeader[0m, 
[33mCardTitle[0m } [36mfrom[0m [32m"../../ui/card"[0m;
  [90m   |[0m    [31m[1m^^^^^^^^^^^^^^^^^^^^^^^^^^^^^^^^^^^^^^^^^^^^^^^^
^^^^^^^^^^^^^^^^^^^^^^^^^^^^^^^^^^^^^^^^^^[0m
  [90m 8 |[0m ...[36mport[0m { [33mBadge[0m } [36mfrom[0m 
[32m"../../ui/badge"[0m;
  [90m 9 |[0m ...[36mport[0m { [33mPlus[0m, [33mTrash[0m, 
[33mLayers3[0m, [33mBookOpen[0m, [33mTarget[0m, [33mFileText[0m, 
[33mUpload[0m, [33mCheckCircle[0m, [33mX[0m } [36mfrom[0m 
[32m...[0m
  [90m10 |[0m ...[36mport[0m [36mtype[0m { [33mCourseSection[0m, 
[33mCourseModule[0m, [33mSectionExam[0m } [36mfrom[0m 
[32m"./course-edit-modal-enhanc...[0m



Import traces:
  Client Component Browser:
    ./src/components/admin/course-structure-step.tsx [Client Component 
Browser]
    ./src/components/admin/course-edit-modal-enhanced.tsx [Client Component 
Browser]
    ./src/components/admin/admin-courses-grid.tsx [Client Component Browser]
    ./src/app/admin/courses-test/page.tsx [Client Component Browser]
    ./src/app/admin/courses-test/page.tsx [Server Component]

  Client Component SSR:
    ./src/components/admin/course-structure-step.tsx [Client Component SSR]
    ./src/components/admin/course-edit-modal-enhanced.tsx [Client Component 
SSR]
    ./src/components/admin/admin-courses-grid.tsx [Client Component SSR]
    ./src/app/admin/courses-test/page.tsx [Client Component SSR]
    ./src/app/admin/courses-test/page.tsx [Server Component]

https://nextjs.org/docs/messages/module-not-found


./src/components/admin/exam-configuration-step.tsx:7:1
Module not found: Can't resolve '../../ui/card'
  [90m 5 |[0m [36mimport[0m { [33mInput[0m } [36mfrom[0m 
[32m"../../ui/input"[0m;
  [90m 6 |[0m [36mimport[0m { [33mLabel[0m } [36mfrom[0m 
[32m"../../ui/label"[0m;
[31m[1m>[0m [90m 7 |[0m [36mimport[0m { [33mCard[0m, 
[33mCardContent[0m, [33mCardDescription[0m, [33mCardHeader[0m, 
[33mCardTitle[0m } [36mfrom[0m [32m"../../ui/card"[0m;
  [90m   |[0m [31m[1m^^^^^^^^^^^^^^^^^^^^^^^^^^^^^^^^^^^^^^^^^^^^^^^^^^^
^^^^^^^^^^^^^^^^^^^^^^^^^^^^^^^^^^^^^^^[0m
  [90m 8 |[0m [36mimport[0m { [33mBadge[0m } [36mfrom[0m 
[32m"../../ui/badge"[0m;
  [90m 9 |[0m [36mimport[0m { [33mUpload[0m, [33mFileText[0m, 
[33mClock[0m, [33mTarget[0m, [33mCheckCircle[0m, [33mTrash[0m, 
[33mPlus[0m, [33mX[0m } [36mfrom[0m [32m"lucide-react"[0m;
  [90m10 |[0m [36mimport[0m [36mtype[0m { [33mSectionExam[0m } 
[36mfrom[0m [32m"./course-edit-modal-enhanced"[0m;



Import traces:
  Client Component Browser:
    ./src/components/admin/exam-configuration-step.tsx [Client Component 
Browser]
    ./src/components/admin/course-edit-modal-enhanced.tsx [Client Component 
Browser]
    ./src/components/admin/admin-courses-grid.tsx [Client Component Browser]
    ./src/app/admin/courses-test/page.tsx [Client Component Browser]
    ./src/app/admin/courses-test/page.tsx [Server Component]

  Client Component SSR:
    ./src/components/admin/exam-configuration-step.tsx [Client Component 
SSR]
    ./src/components/admin/course-edit-modal-enhanced.tsx [Client Component 
SSR]
    ./src/components/admin/admin-courses-grid.tsx [Client Component SSR]
    ./src/app/admin/courses-test/page.tsx [Client Component SSR]
    ./src/app/admin/courses-test/page.tsx [Server Component]

https://nextjs.org/docs/messages/module-not-found


./src/components/tutor/courses-table.tsx:9:1
Module not found: Can't resolve '../../ui/card'
  [90m 7 |[0m [36mimport[0m { [33mInput[0m } [36mfrom[0m 
[32m"../../ui/input"[0m;
  [90m 8 |[0m [36mimport[0m { [33mBadge[0m } [36mfrom[0m 
[32m"../../ui/badge"[0m;
[31m[1m>[0m [90m 9 |[0m [36mimport[0m { [33mCard[0m, 
[33mCardContent[0m, [33mCardDescription[0m, [33mCardHeader[0m, 
[33mCardTitle[0m } [36mfrom[0m [32m"../../ui/card"[0m;
  [90m   |[0m [31m[1m^^^^^^^^^^^^^^^^^^^^^^^^^^^^^^^^^^^^^^^^^^^^^^^^^^^
^^^^^^^^^^^^^^^^^^^^^^^^^^^^^^^^^^^^^^^[0m
  [90m10 |[0m [36mimport[0m { useCreateCourseModal } [36mfrom[0m 
[32m"../../components/course/create-course-modal"[0m;
  [90m11 |[0m [36mimport[0m { getTutorCourses } [36mfrom[0m 
[32m"../../features/tutor/service"[0m;
  [90m12 |[0m



Import traces:
  Client Component Browser:
    ./src/components/tutor/courses-table.tsx [Client Component Browser]
    ./src/app/tutor/courses/courses-page-client.tsx [Client Component 
Browser]
    ./src/app/tutor/courses/courses-page-client.tsx [Server Component]
    ./src/app/tutor/courses/page.tsx [Server Component]

  Client Component SSR:
    ./src/components/tutor/courses-table.tsx [Client Component SSR]
    ./src/app/tutor/courses/courses-page-client.tsx [Client Component SSR]
    ./src/app/tutor/courses/courses-page-client.tsx [Server Component]
    ./src/app/tutor/courses/page.tsx [Server Component]

https://nextjs.org/docs/messages/module-not-found


./src/components/tutor/exam-builder.tsx:8:1
Module not found: Can't resolve '../../ui/card'
  [90m 6 |[0m
  [90m 7 |[0m [36mimport[0m { [33mButton[0m } [36mfrom[0m 
[32m"../../ui/button"[0m;
[31m[1m>[0m [90m 8 |[0m [36mimport[0m { [33mCard[0m, 
[33mCardContent[0m, [33mCardDescription[0m, [33mCardHeader[0m, 
[33mCardTitle[0m } [36mfrom[0m [32m"../../ui/card"[0m;
  [90m   |[0m [31m[1m^^^^^^^^^^^^^^^^^^^^^^^^^^^^^^^^^^^^^^^^^^^^^^^^^^^
^^^^^^^^^^^^^^^^^^^^^^^^^^^^^^^^^^^^^^^[0m
  [90m 9 |[0m [36mimport[0m { [33mInput[0m } [36mfrom[0m 
[32m"../../ui/input"[0m;
  [90m10 |[0m [36mimport[0m { [33mBadge[0m } [36mfrom[0m 
[32m"../../ui/badge"[0m;
  [90m11 |[0m [36mimport[0m { [33mTextarea[0m } [36mfrom[0m 
[32m"../../ui/textarea"[0m;



Import traces:
  Client Component Browser:
    ./src/components/tutor/exam-builder.tsx [Client Component Browser]
    ./src/app/tutor/courses/new/page.tsx [Client Component Browser]
    ./src/app/tutor/courses/new/page.tsx [Server Component]

  Client Component SSR:
    ./src/components/tutor/exam-builder.tsx [Client Component SSR]
    ./src/app/tutor/courses/new/page.tsx [Client Component SSR]
    ./src/app/tutor/courses/new/page.tsx [Server Component]

https://nextjs.org/docs/messages/module-not-found


./src/components/admin/certificate-configuration-step.tsx:5:1
Module not found: Can't resolve '../../ui/input'
  [90m3 |[0m [36mimport[0m { useState } [36mfrom[0m [32m"react"[0m;
  [90m4 |[0m [36mimport[0m { [33mButton[0m } [36mfrom[0m 
[32m"../../ui/button"[0m;
[31m[1m>[0m [90m5 |[0m [36mimport[0m { [33mInput[0m } 
[36mfrom[0m [32m"../../ui/input"[0m;
  [90m  |[0m [31m[1m^^^^^^^^^^^^^^^^^^^^^^^^^^^^^^^^^^^^^^^[0m
  [90m6 |[0m [36mimport[0m { [33mLabel[0m } [36mfrom[0m 
[32m"../../ui/label"[0m;
  [90m7 |[0m [36mimport[0m { [33mCard[0m, [33mCardContent[0m, 
[33mCardDescription[0m, [33mCardHeader[0m, [33mCardTitle[0m } 
[36mfrom[0m [32m"../../ui/card"[0m;
  [90m8 |[0m [36mimport[0m { [33mBadge[0m } [36mfrom[0m 
[32m"../../ui/badge"[0m;



Import traces:
  Client Component Browser:
    ./src/components/admin/certificate-configuration-step.tsx [Client 
Component Browser]
    ./src/components/admin/course-edit-modal-enhanced.tsx [Client Component 
Browser]
    ./src/components/admin/admin-courses-grid.tsx [Client Component Browser]
    ./src/app/admin/courses-test/page.tsx [Client Component Browser]
    ./src/app/admin/courses-test/page.tsx [Server Component]

  Client Component SSR:
    ./src/components/admin/certificate-configuration-step.tsx [Client 
Component SSR]
    ./src/components/admin/course-edit-modal-enhanced.tsx [Client Component 
SSR]
    ./src/components/admin/admin-courses-grid.tsx [Client Component SSR]
    ./src/app/admin/courses-test/page.tsx [Client Component SSR]
    ./src/app/admin/courses-test/page.tsx [Server Component]

https://nextjs.org/docs/messages/module-not-found


./src/components/admin/course-edit-modal-enhanced.tsx:6:1
Module not found: Can't resolve '../../ui/input'
  [90m4 |[0m [36mimport[0m { updateCourse } [36mfrom[0m 
[32m"../../features/admin/service"[0m;
  [90m5 |[0m [36mimport[0m { [33mButton[0m } [36mfrom[0m 
[32m"../../ui/button"[0m;
[31m[1m>[0m [90m6 |[0m [36mimport[0m { [33mInput[0m } 
[36mfrom[0m [32m"../../ui/input"[0m;
  [90m  |[0m [31m[1m^^^^^^^^^^^^^^^^^^^^^^^^^^^^^^^^^^^^^^^[0m
  [90m7 |[0m [36mimport[0m { [33mTextarea[0m } [36mfrom[0m 
[32m"../../ui/textarea"[0m;
  [90m8 |[0m [36mimport[0m { [33mLabel[0m } [36mfrom[0m 
[32m"../../ui/label"[0m;
  [90m9 |[0m [36mimport[0m { [33mSelect[0m, [33mSelectContent[0m, 
[33mSelectItem[0m, [33mSelectTrigger[0m, [33mSelectValue[0m } 
[36mfrom[0m [32m"../../ui/sel...[0m



Import traces:
  Client Component Browser:
    ./src/components/admin/course-edit-modal-enhanced.tsx [Client Component 
Browser]
    ./src/components/admin/admin-courses-grid.tsx [Client Component Browser]
    ./src/app/admin/courses-test/page.tsx [Client Component Browser]
    ./src/app/admin/courses-test/page.tsx [Server Component]

  Client Component SSR:
    ./src/components/admin/course-edit-modal-enhanced.tsx [Client Component 
SSR]
    ./src/components/admin/admin-courses-grid.tsx [Client Component SSR]
    ./src/app/admin/courses-test/page.tsx [Client Component SSR]
    ./src/app/admin/courses-test/page.tsx [Server Component]

https://nextjs.org/docs/messages/module-not-found


./src/components/admin/course-structure-step.tsx:5:1
Module not found: Can't resolve '../../ui/input'
  [90m3 |[0m [36mimport[0m { useState } [36mfrom[0m [32m"react"[0m;
  [90m4 |[0m [36mimport[0m { [33mButton[0m } [36mfrom[0m 
[32m"../../ui/button"[0m;
[31m[1m>[0m [90m5 |[0m [36mimport[0m { [33mInput[0m } 
[36mfrom[0m [32m"../../ui/input"[0m;
  [90m  |[0m [31m[1m^^^^^^^^^^^^^^^^^^^^^^^^^^^^^^^^^^^^^^^[0m
  [90m6 |[0m [36mimport[0m { [33mTextarea[0m } [36mfrom[0m 
[32m"../../ui/textarea"[0m;
  [90m7 |[0m [36mimport[0m { [33mCard[0m, [33mCardContent[0m, 
[33mCardDescription[0m, [33mCardHeader[0m, [33mCardTitle[0m } 
[36mfrom[0m [32m"../../ui/card"[0m;
  [90m8 |[0m [36mimport[0m { [33mBadge[0m } [36mfrom[0m 
[32m"../../ui/badge"[0m;



Import traces:
  Client Component Browser:
    ./src/components/admin/course-structure-step.tsx [Client Component 
Browser]
    ./src/components/admin/course-edit-modal-enhanced.tsx [Client Component 
Browser]
    ./src/components/admin/admin-courses-grid.tsx [Client Component Browser]
    ./src/app/admin/courses-test/page.tsx [Client Component Browser]
    ./src/app/admin/courses-test/page.tsx [Server Component]

  Client Component SSR:
    ./src/components/admin/course-structure-step.tsx [Client Component SSR]
    ./src/components/admin/course-edit-modal-enhanced.tsx [Client Component 
SSR]
    ./src/components/admin/admin-courses-grid.tsx [Client Component SSR]
    ./src/app/admin/courses-test/page.tsx [Client Component SSR]
    ./src/app/admin/courses-test/page.tsx [Server Component]

https://nextjs.org/docs/messages/module-not-found


./src/components/admin/exam-configuration-step.tsx:5:1
Module not found: Can't resolve '../../ui/input'
  [90m3 |[0m [36mimport[0m { useState } [36mfrom[0m [32m"react"[0m;
  [90m4 |[0m [36mimport[0m { [33mButton[0m } [36mfrom[0m 
[32m"../../ui/button"[0m;
[31m[1m>[0m [90m5 |[0m [36mimport[0m { [33mInput[0m } 
[36mfrom[0m [32m"../../ui/input"[0m;
  [90m  |[0m [31m[1m^^^^^^^^^^^^^^^^^^^^^^^^^^^^^^^^^^^^^^^[0m
  [90m6 |[0m [36mimport[0m { [33mLabel[0m } [36mfrom[0m 
[32m"../../ui/label"[0m;
  [90m7 |[0m [36mimport[0m { [33mCard[0m, [33mCardContent[0m, 
[33mCardDescription[0m, [33mCardHeader[0m, [33mCardTitle[0m } 
[36mfrom[0m [32m"../../ui/card"[0m;
  [90m8 |[0m [36mimport[0m { [33mBadge[0m } [36mfrom[0m 
[32m"../../ui/badge"[0m;



Import traces:
  Client Component Browser:
    ./src/components/admin/exam-configuration-step.tsx [Client Component 
Browser]
    ./src/components/admin/course-edit-modal-enhanced.tsx [Client Component 
Browser]
    ./src/components/admin/admin-courses-grid.tsx [Client Component Browser]
    ./src/app/admin/courses-test/page.tsx [Client Component Browser]
    ./src/app/admin/courses-test/page.tsx [Server Component]

  Client Component SSR:
    ./src/components/admin/exam-configuration-step.tsx [Client Component 
SSR]
    ./src/components/admin/course-edit-modal-enhanced.tsx [Client Component 
SSR]
    ./src/components/admin/admin-courses-grid.tsx [Client Component SSR]
    ./src/app/admin/courses-test/page.tsx [Client Component SSR]
    ./src/app/admin/courses-test/page.tsx [Server Component]

https://nextjs.org/docs/messages/module-not-found


./src/components/tutor/courses-table.tsx:7:1
Module not found: Can't resolve '../../ui/input'
  [90m 5 |[0m [36mimport[0m { [33mSearch[0m, [33mFilter[0m, 
[33mEdit[0m, [33mTrash2[0m, [33mPlus[0m, [33mChevronLeft[0m, 
[33mChevronRight[0m } [36mfrom[0m [32m"lucide-react"[0m;
  [90m 6 |[0m [36mimport[0m { [33mButton[0m } [36mfrom[0m 
[32m"../../ui/button"[0m;
[31m[1m>[0m [90m 7 |[0m [36mimport[0m { [33mInput[0m } 
[36mfrom[0m [32m"../../ui/input"[0m;
  [90m   |[0m [31m[1m^^^^^^^^^^^^^^^^^^^^^^^^^^^^^^^^^^^^^^^[0m
  [90m 8 |[0m [36mimport[0m { [33mBadge[0m } [36mfrom[0m 
[32m"../../ui/badge"[0m;
  [90m 9 |[0m [36mimport[0m { [33mCard[0m, [33mCardContent[0m, 
[33mCardDescription[0m, [33mCardHeader[0m, [33mCardTitle[0m } 
[36mfrom[0m [32m"../../ui/card"[0m;
  [90m10 |[0m [36mimport[0m { useCreateCourseModal } [36mfrom[0m 
[32m"../../components/course/create-course-modal"[0m;



Import traces:
  Client Component Browser:
    ./src/components/tutor/courses-table.tsx [Client Component Browser]
    ./src/app/tutor/courses/courses-page-client.tsx [Client Component 
Browser]
    ./src/app/tutor/courses/courses-page-client.tsx [Server Component]
    ./src/app/tutor/courses/page.tsx [Server Component]

  Client Component SSR:
    ./src/components/tutor/courses-table.tsx [Client Component SSR]
    ./src/app/tutor/courses/courses-page-client.tsx [Client Component SSR]
    ./src/app/tutor/courses/courses-page-client.tsx [Server Component]
    ./src/app/tutor/courses/page.tsx [Server Component]

https://nextjs.org/docs/messages/module-not-found


./src/components/tutor/exam-builder.tsx:9:1
Module not found: Can't resolve '../../ui/input'
  [90m 7 |[0m [36mimport[0m { [33mButton[0m } [36mfrom[0m 
[32m"../../ui/button"[0m;
  [90m 8 |[0m [36mimport[0m { [33mCard[0m, [33mCardContent[0m, 
[33mCardDescription[0m, [33mCardHeader[0m, [33mCardTitle[0m } 
[36mfrom[0m [32m"../../ui/card"[0m;
[31m[1m>[0m [90m 9 |[0m [36mimport[0m { [33mInput[0m } 
[36mfrom[0m [32m"../../ui/input"[0m;
  [90m   |[0m [31m[1m^^^^^^^^^^^^^^^^^^^^^^^^^^^^^^^^^^^^^^^[0m
  [90m10 |[0m [36mimport[0m { [33mBadge[0m } [36mfrom[0m 
[32m"../../ui/badge"[0m;
  [90m11 |[0m [36mimport[0m { [33mTextarea[0m } [36mfrom[0m 
[32m"../../ui/textarea"[0m;
  [90m12 |[0m [36mimport[0m { [33mLabel[0m } [36mfrom[0m 
[32m"../../ui/label"[0m;



Import traces:
  Client Component Browser:
    ./src/components/tutor/exam-builder.tsx [Client Component Browser]
    ./src/app/tutor/courses/new/page.tsx [Client Component Browser]
    ./src/app/tutor/courses/new/page.tsx [Server Component]

  Client Component SSR:
    ./src/components/tutor/exam-builder.tsx [Client Component SSR]
    ./src/app/tutor/courses/new/page.tsx [Client Component SSR]
    ./src/app/tutor/courses/new/page.tsx [Server Component]

https://nextjs.org/docs/messages/module-not-found


./src/components/admin/certificate-configuration-step.tsx:6:1
Module not found: Can't resolve '../../ui/label'
  [90m4 |[0m [36mimport[0m { [33mButton[0m } [36mfrom[0m 
[32m"../../ui/button"[0m;
  [90m5 |[0m [36mimport[0m { [33mInput[0m } [36mfrom[0m 
[32m"../../ui/input"[0m;
[31m[1m>[0m [90m6 |[0m [36mimport[0m { [33mLabel[0m } 
[36mfrom[0m [32m"../../ui/label"[0m;
  [90m  |[0m [31m[1m^^^^^^^^^^^^^^^^^^^^^^^^^^^^^^^^^^^^^^^[0m
  [90m7 |[0m [36mimport[0m { [33mCard[0m, [33mCardContent[0m, 
[33mCardDescription[0m, [33mCardHeader[0m, [33mCardTitle[0m } 
[36mfrom[0m [32m"../../ui/card"[0m;
  [90m8 |[0m [36mimport[0m { [33mBadge[0m } [36mfrom[0m 
[32m"../../ui/badge"[0m;
  [90m9 |[0m [36mimport[0m {



Import traces:
  Client Component Browser:
    ./src/components/admin/certificate-configuration-step.tsx [Client 
Component Browser]
    ./src/components/admin/course-edit-modal-enhanced.tsx [Client Component 
Browser]
    ./src/components/admin/admin-courses-grid.tsx [Client Component Browser]
    ./src/app/admin/courses-test/page.tsx [Client Component Browser]
    ./src/app/admin/courses-test/page.tsx [Server Component]

  Client Component SSR:
    ./src/components/admin/certificate-configuration-step.tsx [Client 
Component SSR]
    ./src/components/admin/course-edit-modal-enhanced.tsx [Client Component 
SSR]
    ./src/components/admin/admin-courses-grid.tsx [Client Component SSR]
    ./src/app/admin/courses-test/page.tsx [Client Component SSR]
    ./src/app/admin/courses-test/page.tsx [Server Component]

https://nextjs.org/docs/messages/module-not-found


./src/components/admin/course-edit-modal-enhanced.tsx:8:1
Module not found: Can't resolve '../../ui/label'
  [90m 6 |[0m [36mimport[0m { [33mInput[0m } [36mfrom[0m 
[32m"../../ui/input"[0m;
  [90m 7 |[0m [36mimport[0m { [33mTextarea[0m } [36mfrom[0m 
[32m"../../ui/textarea"[0m;
[31m[1m>[0m [90m 8 |[0m [36mimport[0m { [33mLabel[0m } 
[36mfrom[0m [32m"../../ui/label"[0m;
  [90m   |[0m [31m[1m^^^^^^^^^^^^^^^^^^^^^^^^^^^^^^^^^^^^^^^[0m
  [90m 9 |[0m [36mimport[0m { [33mSelect[0m, [33mSelectContent[0m, 
[33mSelectItem[0m, [33mSelectTrigger[0m, [33mSelectValue[0m } 
[36mfrom[0m [32m"../../ui/se...[0m
  [90m10 |[0m [36mimport[0m { [33mCard[0m, [33mCardContent[0m, 
[33mCardDescription[0m, [33mCardHeader[0m, [33mCardTitle[0m } 
[36mfrom[0m [32m"../../ui/card"[0m;
  [90m11 |[0m [36mimport[0m { [33mBadge[0m } [36mfrom[0m 
[32m"../../ui/badge"[0m;



Import traces:
  Client Component Browser:
    ./src/components/admin/course-edit-modal-enhanced.tsx [Client Component 
Browser]
    ./src/components/admin/admin-courses-grid.tsx [Client Component Browser]
    ./src/app/admin/courses-test/page.tsx [Client Component Browser]
    ./src/app/admin/courses-test/page.tsx [Server Component]

  Client Component SSR:
    ./src/components/admin/course-edit-modal-enhanced.tsx [Client Component 
SSR]
    ./src/components/admin/admin-courses-grid.tsx [Client Component SSR]
    ./src/app/admin/courses-test/page.tsx [Client Component SSR]
    ./src/app/admin/courses-test/page.tsx [Server Component]

https://nextjs.org/docs/messages/module-not-found


./src/components/admin/exam-configuration-step.tsx:6:1
Module not found: Can't resolve '../../ui/label'
  [90m4 |[0m [36mimport[0m { [33mButton[0m } [36mfrom[0m 
[32m"../../ui/button"[0m;
  [90m5 |[0m [36mimport[0m { [33mInput[0m } [36mfrom[0m 
[32m"../../ui/input"[0m;
[31m[1m>[0m [90m6 |[0m [36mimport[0m { [33mLabel[0m } 
[36mfrom[0m [32m"../../ui/label"[0m;
  [90m  |[0m [31m[1m^^^^^^^^^^^^^^^^^^^^^^^^^^^^^^^^^^^^^^^[0m
  [90m7 |[0m [36mimport[0m { [33mCard[0m, [33mCardContent[0m, 
[33mCardDescription[0m, [33mCardHeader[0m, [33mCardTitle[0m } 
[36mfrom[0m [32m"../../ui/card"[0m;
  [90m8 |[0m [36mimport[0m { [33mBadge[0m } [36mfrom[0m 
[32m"../../ui/badge"[0m;
  [90m9 |[0m [36mimport[0m { [33mUpload[0m, [33mFileText[0m, 
[33mClock[0m, [33mTarget[0m, [33mCheckCircle[0m, [33mTrash[0m, 
[33mPlus[0m, [33mX[0m } [36mfrom[0m [32m"lucide-react"[0m;



Import traces:
  Client Component Browser:
    ./src/components/admin/exam-configuration-step.tsx [Client Component 
Browser]
    ./src/components/admin/course-edit-modal-enhanced.tsx [Client Component 
Browser]
    ./src/components/admin/admin-courses-grid.tsx [Client Component Browser]
    ./src/app/admin/courses-test/page.tsx [Client Component Browser]
    ./src/app/admin/courses-test/page.tsx [Server Component]

  Client Component SSR:
    ./src/components/admin/exam-configuration-step.tsx [Client Component 
SSR]
    ./src/components/admin/course-edit-modal-enhanced.tsx [Client Component 
SSR]
    ./src/components/admin/admin-courses-grid.tsx [Client Component SSR]
    ./src/app/admin/courses-test/page.tsx [Client Component SSR]
    ./src/app/admin/courses-test/page.tsx [Server Component]

https://nextjs.org/docs/messages/module-not-found


./src/components/tutor/exam-builder.tsx:12:1
Module not found: Can't resolve '../../ui/label'
  [90m10 |[0m [36mimport[0m { [33mBadge[0m } [36mfrom[0m 
[32m"../../ui/badge"[0m;
  [90m11 |[0m [36mimport[0m { [33mTextarea[0m } [36mfrom[0m 
[32m"../../ui/textarea"[0m;
[31m[1m>[0m [90m12 |[0m [36mimport[0m { [33mLabel[0m } 
[36mfrom[0m [32m"../../ui/label"[0m;
  [90m   |[0m [31m[1m^^^^^^^^^^^^^^^^^^^^^^^^^^^^^^^^^^^^^^^[0m
  [90m13 |[0m
  [90m14 |[0m [36mtype[0m [33mExamImportIssue[0m = {
  [90m15 |[0m   row: number;



Import traces:
  Client Component Browser:
    ./src/components/tutor/exam-builder.tsx [Client Component Browser]
    ./src/app/tutor/courses/new/page.tsx [Client Component Browser]
    ./src/app/tutor/courses/new/page.tsx [Server Component]

  Client Component SSR:
    ./src/components/tutor/exam-builder.tsx [Client Component SSR]
    ./src/app/tutor/courses/new/page.tsx [Client Component SSR]
    ./src/app/tutor/courses/new/page.tsx [Server Component]

https://nextjs.org/docs/messages/module-not-found


./src/components/admin/course-edit-modal-enhanced.tsx:12:1
Module not found: Can't resolve '../../ui/progress'
  [90m10 |[0m [36mimport[0m { [33mCard[0m, [33mCardContent[0m, 
[33mCardDescription[0m, [33mCardHeader[0m, [33mCardTitle[0m } 
[36mfrom[0m [32m"../../ui/card"[0m;
  [90m11 |[0m [36mimport[0m { [33mBadge[0m } [36mfrom[0m 
[32m"../../ui/badge"[0m;
[31m[1m>[0m [90m12 |[0m [36mimport[0m { [33mProgress[0m } 
[36mfrom[0m [32m"../../ui/progress"[0m;
  [90m   |[0m [31m[1m^^^^^^^^^^^^^^^^^^^^^^^^^^^^^^^^^^^^^^^^^^^^^[0m
  [90m13 |[0m [36mimport[0m { [33mSafeImage[0m } [36mfrom[0m 
[32m"../../ui/safe-image"[0m;
  [90m14 |[0m [36mimport[0m { [33mCourseStructureStep[0m } 
[36mfrom[0m [32m"./course-structure-step"[0m;
  [90m15 |[0m [36mimport[0m { [33mExamConfigurationStep[0m } 
[36mfrom[0m [32m"./exam-configuration-step"[0m;



Import traces:
  Client Component Browser:
    ./src/components/admin/course-edit-modal-enhanced.tsx [Client Component 
Browser]
    ./src/components/admin/admin-courses-grid.tsx [Client Component Browser]
    ./src/app/admin/courses-test/page.tsx [Client Component Browser]
    ./src/app/admin/courses-test/page.tsx [Server Component]

  Client Component SSR:
    ./src/components/admin/course-edit-modal-enhanced.tsx [Client Component 
SSR]
    ./src/components/admin/admin-courses-grid.tsx [Client Component SSR]
    ./src/app/admin/courses-test/page.tsx [Client Component SSR]
    ./src/app/admin/courses-test/page.tsx [Server Component]

https://nextjs.org/docs/messages/module-not-found


./src/components/admin/course-edit-modal-enhanced.tsx:13:1
Module not found: Can't resolve '../../ui/safe-image'
  [90m11 |[0m [36mimport[0m { [33mBadge[0m } [36mfrom[0m 
[32m"../../ui/badge"[0m;
  [90m12 |[0m [36mimport[0m { [33mProgress[0m } [36mfrom[0m 
[32m"../../ui/progress"[0m;
[31m[1m>[0m [90m13 |[0m [36mimport[0m { [33mSafeImage[0m } 
[36mfrom[0m [32m"../../ui/safe-image"[0m;
  [90m   |[0m 
[31m[1m^^^^^^^^^^^^^^^^^^^^^^^^^^^^^^^^^^^^^^^^^^^^^^^^[0m
  [90m14 |[0m [36mimport[0m { [33mCourseStructureStep[0m } 
[36mfrom[0m [32m"./course-structure-step"[0m;
  [90m15 |[0m [36mimport[0m { [33mExamConfigurationStep[0m } 
[36mfrom[0m [32m"./exam-configuration-step"[0m;
  [90m16 |[0m [36mimport[0m { [33mCertificateConfigurationStep[0m } 
[36mfrom[0m [32m"./certificate-configuration-step"[0m;



Import traces:
  Client Component Browser:
    ./src/components/admin/course-edit-modal-enhanced.tsx [Client Component 
Browser]
    ./src/components/admin/admin-courses-grid.tsx [Client Component Browser]
    ./src/app/admin/courses-test/page.tsx [Client Component Browser]
    ./src/app/admin/courses-test/page.tsx [Server Component]

  Client Component SSR:
    ./src/components/admin/course-edit-modal-enhanced.tsx [Client Component 
SSR]
    ./src/components/admin/admin-courses-grid.tsx [Client Component SSR]
    ./src/app/admin/courses-test/page.tsx [Client Component SSR]
    ./src/app/admin/courses-test/page.tsx [Server Component]

https://nextjs.org/docs/messages/module-not-found


./src/components/admin/course-edit-modal-enhanced.tsx:7:1
Module not found: Can't resolve '../../ui/textarea'
  [90m 5 |[0m [36mimport[0m { [33mButton[0m } [36mfrom[0m 
[32m"../../ui/button"[0m;
  [90m 6 |[0m [36mimport[0m { [33mInput[0m } [36mfrom[0m 
[32m"../../ui/input"[0m;
[31m[1m>[0m [90m 7 |[0m [36mimport[0m { [33mTextarea[0m } 
[36mfrom[0m [32m"../../ui/textarea"[0m;
  [90m   |[0m [31m[1m^^^^^^^^^^^^^^^^^^^^^^^^^^^^^^^^^^^^^^^^^^^^^[0m
  [90m 8 |[0m [36mimport[0m { [33mLabel[0m } [36mfrom[0m 
[32m"../../ui/label"[0m;
  [90m 9 |[0m [36mimport[0m { [33mSelect[0m, [33mSelectContent[0m, 
[33mSelectItem[0m, [33mSelectTrigger[0m, [33mSelectValue[0m } 
[36mfrom[0m [32m"../../ui/se...[0m
  [90m10 |[0m [36mimport[0m { [33mCard[0m, [33mCardContent[0m, 
[33mCardDescription[0m, [33mCardHeader[0m, [33mCardTitle[0m } 
[36mfrom[0m [32m"../../ui/card"[0m;



Import traces:
  Client Component Browser:
    ./src/components/admin/course-edit-modal-enhanced.tsx [Client Component 
Browser]
    ./src/components/admin/admin-courses-grid.tsx [Client Component Browser]
    ./src/app/admin/courses-test/page.tsx [Client Component Browser]
    ./src/app/admin/courses-test/page.tsx [Server Component]

  Client Component SSR:
    ./src/components/admin/course-edit-modal-enhanced.tsx [Client Component 
SSR]
    ./src/components/admin/admin-courses-grid.tsx [Client Component SSR]
    ./src/app/admin/courses-test/page.tsx [Client Component SSR]
    ./src/app/admin/courses-test/page.tsx [Server Component]

https://nextjs.org/docs/messages/module-not-found


./src/components/admin/course-structure-step.tsx:6:1
Module not found: Can't resolve '../../ui/textarea'
  [90m4 |[0m [36mimport[0m { [33mButton[0m } [36mfrom[0m 
[32m"../../ui/button"[0m;
  [90m5 |[0m [36mimport[0m { [33mInput[0m } [36mfrom[0m 
[32m"../../ui/input"[0m;
[31m[1m>[0m [90m6 |[0m [36mimport[0m { [33mTextarea[0m } 
[36mfrom[0m [32m"../../ui/textarea"[0m;
  [90m  |[0m [31m[1m^^^^^^^^^^^^^^^^^^^^^^^^^^^^^^^^^^^^^^^^^^^^^[0m
  [90m7 |[0m [36mimport[0m { [33mCard[0m, [33mCardContent[0m, 
[33mCardDescription[0m, [33mCardHeader[0m, [33mCardTitle[0m } 
[36mfrom[0m [32m"../../ui/card"[0m;
  [90m8 |[0m [36mimport[0m { [33mBadge[0m } [36mfrom[0m 
[32m"../../ui/badge"[0m;
  [90m9 |[0m [36mimport[0m { [33mPlus[0m, [33mTrash[0m, 
[33mLayers3[0m, [33mBookOpen[0m, [33mTarget[0m, [33mFileText[0m, 
[33mUpload[0m, [33mCheckCircle[0m, [33mX[0m } [36mfrom[0m 
[32m"l...[0m



Import traces:
  Client Component Browser:
    ./src/components/admin/course-structure-step.tsx [Client Component 
Browser]
    ./src/components/admin/course-edit-modal-enhanced.tsx [Client Component 
Browser]
    ./src/components/admin/admin-courses-grid.tsx [Client Component Browser]
    ./src/app/admin/courses-test/page.tsx [Client Component Browser]
    ./src/app/admin/courses-test/page.tsx [Server Component]

  Client Component SSR:
    ./src/components/admin/course-structure-step.tsx [Client Component SSR]
    ./src/components/admin/course-edit-modal-enhanced.tsx [Client Component 
SSR]
    ./src/components/admin/admin-courses-grid.tsx [Client Component SSR]
    ./src/app/admin/courses-test/page.tsx [Client Component SSR]
    ./src/app/admin/courses-test/page.tsx [Server Component]

https://nextjs.org/docs/messages/module-not-found


./src/components/tutor/exam-builder.tsx:11:1
Module not found: Can't resolve '../../ui/textarea'
  [90m 9 |[0m [36mimport[0m { [33mInput[0m } [36mfrom[0m 
[32m"../../ui/input"[0m;
  [90m10 |[0m [36mimport[0m { [33mBadge[0m } [36mfrom[0m 
[32m"../../ui/badge"[0m;
[31m[1m>[0m [90m11 |[0m [36mimport[0m { [33mTextarea[0m } 
[36mfrom[0m [32m"../../ui/textarea"[0m;
  [90m   |[0m [31m[1m^^^^^^^^^^^^^^^^^^^^^^^^^^^^^^^^^^^^^^^^^^^^^[0m
  [90m12 |[0m [36mimport[0m { [33mLabel[0m } [36mfrom[0m 
[32m"../../ui/label"[0m;
  [90m13 |[0m
  [90m14 |[0m [36mtype[0m [33mExamImportIssue[0m = {



Import traces:
  Client Component Browser:
    ./src/components/tutor/exam-builder.tsx [Client Component Browser]
    ./src/app/tutor/courses/new/page.tsx [Client Component Browser]
    ./src/app/tutor/courses/new/page.tsx [Server Component]

  Client Component SSR:
    ./src/components/tutor/exam-builder.tsx [Client Component SSR]
    ./src/app/tutor/courses/new/page.tsx [Client Component SSR]
    ./src/app/tutor/courses/new/page.tsx [Server Component]

https://nextjs.org/docs/messages/module-not-found


./src/app/pricing/page.tsx:3:1
Module not found: Can't resolve '../components/ui/badge'
  [90m1 |[0m [36mimport[0m [33mLink[0m [36mfrom[0m 
[32m"next/link"[0m;
  [90m2 |[0m
[31m[1m>[0m [90m3 |[0m [36mimport[0m { [33mBadge[0m } 
[36mfrom[0m [32m"../components/ui/badge"[0m;
  [90m  |[0m [31m[1m^^^^^^^^^^^^^^^^^^^^^^^^^^^^^^^^^^^^^^^^^^^^^^^[0m
  [90m4 |[0m [36mimport[0m { [33mButton[0m } [36mfrom[0m 
[32m"../components/ui/button"[0m;
  [90m5 |[0m [36mimport[0m { [33mCard[0m, [33mCardContent[0m, 
[33mCardDescription[0m, [33mCardHeader[0m, [33mCardTitle[0m } 
[36mfrom[0m [32m"../components/ui...[0m
  [90m6 |[0m [36mimport[0m { [33mSeparator[0m } [36mfrom[0m 
[32m"../../components/ui/separator"[0m;



https://nextjs.org/docs/messages/module-not-found


./src/app/security/page.tsx:1:1
Module not found: Can't resolve '../components/ui/badge'
[31m[1m>[0m [90m1 |[0m [36mimport[0m { [33mBadge[0m } 
[36mfrom[0m [32m"../components/ui/badge"[0m;
  [90m  |[0m [31m[1m^^^^^^^^^^^^^^^^^^^^^^^^^^^^^^^^^^^^^^^^^^^^^^^[0m
  [90m2 |[0m [36mimport[0m { [33mCard[0m, [33mCardHeader[0m, 
[33mCardTitle[0m } [36mfrom[0m [32m"../components/ui/card"[0m;
  [90m3 |[0m [36mimport[0m { [33mSeparator[0m } [36mfrom[0m 
[32m"../../components/ui/separator"[0m;
  [90m4 |[0m [36mimport[0m { [33mShieldCheck[0m, [33mLock[0m, 
[33mServer[0m, [33mUsers[0m } [36mfrom[0m [32m"lucide-react"[0m;



https://nextjs.org/docs/messages/module-not-found


./src/app/pricing/page.tsx:4:1
Module not found: Can't resolve '../components/ui/button'
  [90m2 |[0m
  [90m3 |[0m [36mimport[0m { [33mBadge[0m } [36mfrom[0m 
[32m"../components/ui/badge"[0m;
[31m[1m>[0m [90m4 |[0m [36mimport[0m { [33mButton[0m } 
[36mfrom[0m [32m"../components/ui/button"[0m;
  [90m  |[0m 
[31m[1m^^^^^^^^^^^^^^^^^^^^^^^^^^^^^^^^^^^^^^^^^^^^^^^^^[0m
  [90m5 |[0m [36mimport[0m { [33mCard[0m, [33mCardContent[0m, 
[33mCardDescription[0m, [33mCardHeader[0m, [33mCardTitle[0m } 
[36mfrom[0m [32m"../components/ui...[0m
  [90m6 |[0m [36mimport[0m { [33mSeparator[0m } [36mfrom[0m 
[32m"../../components/ui/separator"[0m;
  [90m7 |[0m [36mimport[0m { [33mCheck[0m, [33mArrowRight[0m, 
[33mSparkles[0m } [36mfrom[0m [32m"lucide-react"[0m;



https://nextjs.org/docs/messages/module-not-found


./src/app/reset-password/reset-password-form.tsx:7:1
Module not found: Can't resolve '../components/ui/button'
  [90m 5 |[0m [36mimport[0m { useEffect, useState } [36mfrom[0m 
[32m"react"[0m;
  [90m 6 |[0m
[31m[1m>[0m [90m 7 |[0m [36mimport[0m { [33mButton[0m } 
[36mfrom[0m [32m"../components/ui/button"[0m;
  [90m   |[0m 
[31m[1m^^^^^^^^^^^^^^^^^^^^^^^^^^^^^^^^^^^^^^^^^^^^^^^^^[0m
  [90m 8 |[0m [36mimport[0m { [33mCard[0m, [33mCardContent[0m, 
[33mCardDescription[0m, [33mCardHeader[0m, [33mCardTitle[0m } 
[36mfrom[0m [32m"../components/u...[0m
  [90m 9 |[0m [36mimport[0m { [33mInput[0m } [36mfrom[0m 
[32m"../components/ui/input"[0m;
  [90m10 |[0m [36mimport[0m { [33mLabel[0m } [36mfrom[0m 
[32m"../components/ui/label"[0m;



Import trace:
  Server Component:
    ./src/app/reset-password/reset-password-form.tsx
    ./src/app/reset-password/page.tsx

https://nextjs.org/docs/messages/module-not-found


./src/app/pricing/page.tsx:5:1
Module not found: Can't resolve '../components/ui/card'
  [90m3 |[0m ...[36mt[0m { [33mBadge[0m } [36mfrom[0m 
[32m"../components/ui/badge"[0m;
  [90m4 |[0m ...[36mt[0m { [33mButton[0m } [36mfrom[0m 
[32m"../components/ui/button"[0m;
[31m[1m>[0m [90m5 |[0m ...[36mt[0m { [33mCard[0m, 
[33mCardContent[0m, [33mCardDescription[0m, [33mCardHeader[0m, 
[33mCardTitle[0m } [36mfrom[0m [32m"../components/ui/c...[0m
  [90m  |[0m    [31m[1m^^^^^^^^^^^^^^^^^^^^^^^^^^^^^^^^^^^^^^^^^^^^^^^^^
^^^^^^^^^^^^^^^^^^^^^^^^^^^^^^^^^^^^^^^^^^[0m
  [90m6 |[0m ...[36mt[0m { [33mSeparator[0m } [36mfrom[0m 
[32m"../../components/ui/separator"[0m;
  [90m7 |[0m ...[36mt[0m { [33mCheck[0m, [33mArrowRight[0m, 
[33mSparkles[0m } [36mfrom[0m [32m"lucide-react"[0m;
  [90m8 |[0m ...



https://nextjs.org/docs/messages/module-not-found


./src/app/reset-password/reset-password-form.tsx:8:1
Module not found: Can't resolve '../components/ui/card'
  [90m 6 |[0m ...
  [90m 7 |[0m ... { [33mButton[0m } [36mfrom[0m 
[32m"../components/ui/button"[0m;
[31m[1m>[0m [90m 8 |[0m ... { [33mCard[0m, [33mCardContent[0m, 
[33mCardDescription[0m, [33mCardHeader[0m, [33mCardTitle[0m } 
[36mfrom[0m [32m"../components/ui/c...[0m
  [90m   |[0m    [31m[1m^^^^^^^^^^^^^^^^^^^^^^^^^^^^^^^^^^^^^^^^^^^^^^^^
^^^^^^^^^^^^^^^^^^^^^^^^^^^^^^^^^^^^^^^^^^[0m
  [90m 9 |[0m ... { [33mInput[0m } [36mfrom[0m 
[32m"../components/ui/input"[0m;
  [90m10 |[0m ... { [33mLabel[0m } [36mfrom[0m 
[32m"../components/ui/label"[0m;
  [90m11 |[0m ...



Import trace:
  Server Component:
    ./src/app/reset-password/reset-password-form.tsx
    ./src/app/reset-password/page.tsx

https://nextjs.org/docs/messages/module-not-found


./src/app/security/page.tsx:2:1
Module not found: Can't resolve '../components/ui/card'
  [90m1 |[0m [36mimport[0m { [33mBadge[0m } [36mfrom[0m 
[32m"../components/ui/badge"[0m;
[31m[1m>[0m [90m2 |[0m [36mimport[0m { [33mCard[0m, 
[33mCardHeader[0m, [33mCardTitle[0m } [36mfrom[0m 
[32m"../components/ui/card"[0m;
  [90m  |[0m [31m[1m^^^^^^^^^^^^^^^^^^^^^^^^^^^^^^^^^^^^^^^^^^^^^^^^^^^^
^^^^^^^^^^^^^^^^[0m
  [90m3 |[0m [36mimport[0m { [33mSeparator[0m } [36mfrom[0m 
[32m"../../components/ui/separator"[0m;
  [90m4 |[0m [36mimport[0m { [33mShieldCheck[0m, [33mLock[0m, 
[33mServer[0m, [33mUsers[0m } [36mfrom[0m [32m"lucide-react"[0m;
  [90m5 |[0m



https://nextjs.org/docs/messages/module-not-found


./src/app/reset-password/reset-password-form.tsx:9:1
Module not found: Can't resolve '../components/ui/input'
  [90m 7 |[0m [36mimport[0m { [33mButton[0m } [36mfrom[0m 
[32m"../components/ui/button"[0m;
  [90m 8 |[0m [36mimport[0m { [33mCard[0m, [33mCardContent[0m, 
[33mCardDescription[0m, [33mCardHeader[0m, [33mCardTitle[0m } 
[36mfrom[0m [32m"../components/u...[0m
[31m[1m>[0m [90m 9 |[0m [36mimport[0m { [33mInput[0m } 
[36mfrom[0m [32m"../components/ui/input"[0m;
  [90m   |[0m [31m[1m^^^^^^^^^^^^^^^^^^^^^^^^^^^^^^^^^^^^^^^^^^^^^^^[0m
  [90m10 |[0m [36mimport[0m { [33mLabel[0m } [36mfrom[0m 
[32m"../components/ui/label"[0m;
  [90m11 |[0m
  [90m12 |[0m [36mexport[0m [36mfunction[0m 
[33mResetPasswordForm[0m() {



Import trace:
  Server Component:
    ./src/app/reset-password/reset-password-form.tsx
    ./src/app/reset-password/page.tsx

https://nextjs.org/docs/messages/module-not-found


./src/app/reset-password/reset-password-form.tsx:10:1
Module not found: Can't resolve '../components/ui/label'
  [90m 8 |[0m [36mimport[0m { [33mCard[0m, [33mCardContent[0m, 
[33mCardDescription[0m, [33mCardHeader[0m, [33mCardTitle[0m } 
[36mfrom[0m [32m"../components/u...[0m
  [90m 9 |[0m [36mimport[0m { [33mInput[0m } [36mfrom[0m 
[32m"../components/ui/input"[0m;
[31m[1m>[0m [90m10 |[0m [36mimport[0m { [33mLabel[0m } 
[36mfrom[0m [32m"../components/ui/label"[0m;
  [90m   |[0m [31m[1m^^^^^^^^^^^^^^^^^^^^^^^^^^^^^^^^^^^^^^^^^^^^^^^[0m
  [90m11 |[0m
  [90m12 |[0m [36mexport[0m [36mfunction[0m 
[33mResetPasswordForm[0m() {
  [90m13 |[0m   [36mconst[0m searchParams = useSearchParams();



Import trace:
  Server Component:
    ./src/app/reset-password/reset-password-form.tsx
    ./src/app/reset-password/page.tsx

https://nextjs.org/docs/messages/module-not-found


./src/components/resume/resume-edit-form.tsx:8:1
Module not found: Can't resolve '../hooks/use-toast'
  [90m 6 |[0m [36mimport[0m { [33mLabel[0m } [36mfrom[0m 
[32m"../ui/label"[0m;
  [90m 7 |[0m [36mimport[0m { [33mTextarea[0m } [36mfrom[0m 
[32m"../ui/textarea"[0m;
[31m[1m>[0m [90m 8 |[0m [36mimport[0m { useToast } [36mfrom[0m 
[32m"../hooks/use-toast"[0m;
  [90m   |[0m [31m[1m^^^^^^^^^^^^^^^^^^^^^^^^^^^^^^^^^^^^^^^^^^^^^^[0m
  [90m 9 |[0m
  [90m10 |[0m [36minterface[0m [33mResumeEditFormProps[0m {
  [90m11 |[0m   slug: string;



Import trace:
  Server Component:
    ./src/components/resume/resume-edit-form.tsx
    ./src/app/resume/[slug]/edit/page.tsx

https://nextjs.org/docs/messages/module-not-found


./node_modules/pg/lib/connection-parameters.js:3:13
Module not found: Can't resolve 'dns'
  [90m1 |[0m [32m'use strict'[0m
  [90m2 |[0m
[31m[1m>[0m [90m3 |[0m [36mconst[0m dns = require([32m'dns'[0m)
  [90m  |[0m             [31m[1m^^^^^^^^^^^^^^[0m
  [90m4 |[0m
  [90m5 |[0m [36mconst[0m defaults = require([32m'./defaults'[0m)
  [90m6 |[0m



Import trace:
  Client Component Browser:
    ./node_modules/pg/lib/connection-parameters.js [Client Component 
Browser]
    ./node_modules/pg/lib/client.js [Client Component Browser]
    ./node_modules/pg/lib/index.js [Client Component Browser]
    ./node_modules/pg/esm/index.mjs [Client Component Browser]
    ./node_modules/@prisma/adapter-pg/dist/index.mjs [Client Component 
Browser]
    ./src/lib/prisma.ts [Client Component Browser]
    ./src/features/admin/service.ts [Client Component Browser]
    ./src/components/admin/admin-courses-grid.tsx [Client Component Browser]
    ./src/app/admin/courses-test/page.tsx [Client Component Browser]
    ./src/app/admin/courses-test/page.tsx [Server Component]

https://nextjs.org/docs/messages/module-not-found


./node_modules/pg-connection-string/index.js:82:70
Module not found: Can't resolve 'fs'
  [90m80 |[0m
  [90m81 |[0m   [90m// Only try to load fs if we expect to read from the 
disk[0m
[31m[1m>[0m [90m82 |[0m   [36mconst[0m fs = config.sslcert || 
config.sslkey || config.sslrootcert ? require([32m'fs'[0m) : [36mnull[0m
  [90m   |[0m                                                             
         [31m[1m^^^^^^^^^^^^^[0m
  [90m83 |[0m
  [90m84 |[0m   [36mif[0m (config.sslcert) {
  [90m85 |[0m     config.ssl.cert = 
fs.readFileSync(config.sslcert).toString()



Import trace:
  Client Component Browser:
    ./node_modules/pg-connection-string/index.js [Client Component Browser]
    ./node_modules/pg/lib/connection-parameters.js [Client Component 
Browser]
    ./node_modules/pg/lib/client.js [Client Component Browser]
    ./node_modules/pg/lib/index.js [Client Component Browser]
    ./node_modules/pg/esm/index.mjs [Client Component Browser]
    ./node_modules/@prisma/adapter-pg/dist/index.mjs [Client Component 
Browser]
    ./src/lib/prisma.ts [Client Component Browser]
    ./src/features/admin/service.ts [Client Component Browser]
    ./src/components/admin/admin-courses-grid.tsx [Client Component Browser]
    ./src/app/admin/courses-test/page.tsx [Client Component Browser]
    ./src/app/admin/courses-test/page.tsx [Server Component]

https://nextjs.org/docs/messages/module-not-found


./node_modules/pgpass/lib/index.js:4:10
Module not found: Can't resolve 'fs'
  [90m2 |[0m
  [90m3 |[0m [36mvar[0m path = require([32m'path'[0m)
[31m[1m>[0m [90m4 |[0m   , fs = require([32m'fs'[0m)
  [90m  |[0m          [31m[1m^^^^^^^^^^^^^[0m
  [90m5 |[0m   , helper = require([32m'./helper.js'[0m)
  [90m6 |[0m ;
  [90m7 |[0m



Import trace:
  Client Component Browser:
    ./node_modules/pgpass/lib/index.js [Client Component Browser]
    ./node_modules/pg/lib/client.js [Client Component Browser]
    ./node_modules/pg/lib/index.js [Client Component Browser]
    ./node_modules/pg/esm/index.mjs [Client Component Browser]
    ./node_modules/@prisma/adapter-pg/dist/index.mjs [Client Component 
Browser]
    ./src/lib/prisma.ts [Client Component Browser]
    ./src/features/admin/service.ts [Client Component Browser]
    ./src/components/admin/admin-courses-grid.tsx [Client Component Browser]
    ./src/app/admin/courses-test/page.tsx [Client Component Browser]
    ./src/app/admin/courses-test/page.tsx [Server Component]

https://nextjs.org/docs/messages/module-not-found


./node_modules/pg/lib/connection.js:93:19
Module not found: Can't resolve 'net'
  [90m91 |[0m       }
  [90m92 |[0m
[31m[1m>[0m [90m93 |[0m       [36mconst[0m net = 
require([32m'net'[0m)
  [90m   |[0m                   [31m[1m^^^^^^^^^^^^^^[0m
  [90m94 |[0m       [36mif[0m (net.isIP && net.isIP(host) === 
[35m0[0m) {
  [90m95 |[0m         options.servername = host
  [90m96 |[0m       }



Import trace:
  Client Component Browser:
    ./node_modules/pg/lib/connection.js [Client Component Browser]
    ./node_modules/pg/lib/index.js [Client Component Browser]
    ./node_modules/pg/esm/index.mjs [Client Component Browser]
    ./node_modules/@prisma/adapter-pg/dist/index.mjs [Client Component 
Browser]
    ./src/lib/prisma.ts [Client Component Browser]
    ./src/features/admin/service.ts [Client Component Browser]
    ./src/components/admin/admin-courses-grid.tsx [Client Component Browser]
    ./src/app/admin/courses-test/page.tsx [Client Component Browser]
    ./src/app/admin/courses-test/page.tsx [Server Component]

https://nextjs.org/docs/messages/module-not-found


./node_modules/pg/lib/stream.js:22:17
Module not found: Can't resolve 'net'
  [90m20 |[0m [36mfunction[0m getNodejsStreamFuncs() {
  [90m21 |[0m   [36mfunction[0m getStream(ssl) {
[31m[1m>[0m [90m22 |[0m     [36mconst[0m net = 
require([32m'net'[0m)
  [90m   |[0m                 [31m[1m^^^^^^^^^^^^^^[0m
  [90m23 |[0m     [36mreturn[0m [36mnew[0m net.[33mSocket[0m()
  [90m24 |[0m   }
  [90m25 |[0m



Import trace:
  Client Component Browser:
    ./node_modules/pg/lib/stream.js [Client Component Browser]
    ./node_modules/pg/lib/connection.js [Client Component Browser]
    ./node_modules/pg/lib/index.js [Client Component Browser]
    ./node_modules/pg/esm/index.mjs [Client Component Browser]
    ./node_modules/@prisma/adapter-pg/dist/index.mjs [Client Component 
Browser]
    ./src/lib/prisma.ts [Client Component Browser]
    ./src/features/admin/service.ts [Client Component Browser]
    ./src/components/admin/admin-courses-grid.tsx [Client Component Browser]
    ./src/app/admin/courses-test/page.tsx [Client Component Browser]
    ./src/app/admin/courses-test/page.tsx [Server Component]

https://nextjs.org/docs/messages/module-not-found


./node_modules/pg/lib/stream.js:41:34
Module not found: Can't resolve 'pg-cloudflare'
  [90m39 |[0m [36mfunction[0m getCloudflareStreamFuncs() {
  [90m40 |[0m   [36mfunction[0m getStream(ssl) {
[31m[1m>[0m [90m41 |[0m     [36mconst[0m { [33mCloudflareSocket[0m 
} = require([32m'pg-cloudflare'[0m)
  [90m   |[0m                                  
[31m[1m^^^^^^^^^^^^^^^^^^^^^^^^[0m
  [90m42 |[0m     [36mreturn[0m [36mnew[0m 
[33mCloudflareSocket[0m(ssl)
  [90m43 |[0m   }
  [90m44 |[0m



Import trace:
  Client Component Browser:
    ./node_modules/pg/lib/stream.js [Client Component Browser]
    ./node_modules/pg/lib/connection.js [Client Component Browser]
    ./node_modules/pg/lib/index.js [Client Component Browser]
    ./node_modules/pg/esm/index.mjs [Client Component Browser]
    ./node_modules/@prisma/adapter-pg/dist/index.mjs [Client Component 
Browser]
    ./src/lib/prisma.ts [Client Component Browser]
    ./src/features/admin/service.ts [Client Component Browser]
    ./src/components/admin/admin-courses-grid.tsx [Client Component Browser]
    ./src/app/admin/courses-test/page.tsx [Client Component Browser]
    ./src/app/admin/courses-test/page.tsx [Server Component]

https://nextjs.org/docs/messages/module-not-found


./src/features/interview/components/score-trend-chart.tsx:4:1
Module not found: Can't resolve 'recharts'
  [90m 2 |[0m
  [90m 3 |[0m [36mimport[0m [33mReact[0m, { useMemo } [36mfrom[0m 
[32m'react'[0m;
[31m[1m>[0m [90m 4 |[0m [36mimport[0m {
  [90m   |[0m [31m[1m^^^^^^^[0m
[31m[1m>[0m [90m 5 |[0m   [33mLineChart[0m,
  [90m   |[0m [31m[1m^^^^^^^^^^^^[0m
[31m[1m>[0m [90m 6 |[0m   [33mLine[0m,
  [90m   |[0m [31m[1m^^^^^^^[0m
[31m[1m>[0m [90m 7 |[0m   [33mXAxis[0m,
  [90m   |[0m [31m[1m^^^^^^^^[0m
[31m[1m>[0m [90m 8 |[0m   [33mYAxis[0m,
  [90m   |[0m [31m[1m^^^^^^^^[0m
[31m[1m>[0m [90m 9 |[0m   [33mCartesianGrid[0m,
  [90m   |[0m [31m[1m^^^^^^^^^^^^^^^^[0m
[31m[1m>[0m [90m10 |[0m   [33mTooltip[0m,
  [90m   |[0m [31m[1m^^^^^^^^^^[0m
[31m[1m>[0m [90m11 |[0m   [33mLegend[0m,
  [90m   |[0m [31m[1m^^^^^^^^^[0m
[31m[1m>[0m [90m12 |[0m   [33mResponsiveContainer[0m,
  [90m   |[0m [31m[1m^^^^^^^^^^^^^^^^^^^^^^[0m
[31m[1m>[0m [90m13 |[0m   [33mReferenceLine[0m,
  [90m   |[0m [31m[1m^^^^^^^^^^^^^^^^[0m
[31m[1m>[0m [90m14 |[0m } [36mfrom[0m [32m'recharts'[0m;
  [90m   |[0m [31m[1m^^^^^^^^^^^^^^^^^^[0m
  [90m15 |[0m [36mimport[0m [36mtype[0m { [33mScoreTrend[0m } 
[36mfrom[0m [32m'@/features/interview/analytics-service'[0m;
  [90m16 |[0m
  [90m17 |[0m [36minterface[0m [33mScoreTrendChartProps[0m {



Import traces:
  Client Component Browser:
    ./src/features/interview/components/score-trend-chart.tsx [Client 
Component Browser]
    ./src/features/interview/components/analytics-dashboard.tsx [Client 
Component Browser]
    ./src/features/interview/components/interview-dashboard.tsx [Client 
Component Browser]
    ./src/features/interview/components/interview-dashboard.tsx [Server 
Component]
    ./src/app/dashboard/interview/page.tsx [Server Component]

  Client Component SSR:
    ./src/features/interview/components/score-trend-chart.tsx [Client 
Component SSR]
    ./src/features/interview/components/analytics-dashboard.tsx [Client 
Component SSR]
    ./src/features/interview/components/interview-dashboard.tsx [Client 
Component SSR]
    ./src/features/interview/components/interview-dashboard.tsx [Server 
Component]
    ./src/app/dashboard/interview/page.tsx [Server Component]

https://nextjs.org/docs/messages/module-not-found


./node_modules/pg/lib/stream.js:27:17
Module not found: Can't resolve 'tls'
  [90m25 |[0m
  [90m26 |[0m   [36mfunction[0m getSecureStream(options) {
[31m[1m>[0m [90m27 |[0m     [36mconst[0m tls = 
require([32m'tls'[0m)
  [90m   |[0m                 [31m[1m^^^^^^^^^^^^^^[0m
  [90m28 |[0m     [36mreturn[0m tls.connect(options)
  [90m29 |[0m   }
  [90m30 |[0m   [36mreturn[0m {



Import trace:
  Client Component Browser:
    ./node_modules/pg/lib/stream.js [Client Component Browser]
    ./node_modules/pg/lib/connection.js [Client Component Browser]
    ./node_modules/pg/lib/index.js [Client Component Browser]
    ./node_modules/pg/esm/index.mjs [Client Component Browser]
    ./node_modules/@prisma/adapter-pg/dist/index.mjs [Client Component 
Browser]
    ./src/lib/prisma.ts [Client Component Browser]
    ./src/features/admin/service.ts [Client Component Browser]
    ./src/components/admin/admin-courses-grid.tsx [Client Component Browser]
    ./src/app/admin/courses-test/page.tsx [Client Component Browser]
    ./src/app/admin/courses-test/page.tsx [Server Component]

https://nextjs.org/docs/messages/module-not-found


./src/app/api/auth/login/route.ts:7:1
Export LoginSchema doesn't exist in target module
  [90m 5 |[0m [36mimport[0m { prisma } [36mfrom[0m 
[32m"../../../../lib/prisma"[0m;
  [90m 6 |[0m [36mimport[0m { loginUser } [36mfrom[0m 
[32m"../../../../features/auth/service"[0m;
[31m[1m>[0m [90m 7 |[0m [36mimport[0m { [33mLoginSchema[0m } 
[36mfrom[0m [32m"../../../../features/auth/schemas"[0m;
  [90m   |[0m [31m[1m^^^^^^^^^^^^^^^^^^^^^^^^^^^^^^^^^^^^^^^^^^^^^^^^^^^
^^^^^^^^^^^^^[0m
  [90m 8 |[0m [36mimport[0m { setAuthCookies } [36mfrom[0m 
[32m"../../../../lib/auth/cookies"[0m;
  [90m 9 |[0m [36mimport[0m { verifyPassword } [36mfrom[0m 
[32m"../../../../lib/auth/password"[0m;
  [90m10 |[0m [36mimport[0m { verifyToken } [36mfrom[0m 
[32m"../../../../lib/auth/jwt"[0m;

The export LoginSchema was not found in module 
[project]/src/features/auth/schemas.ts [app-route] (ecmascript).
Did you mean to import passwordResetSchema?
All exports of the module are statically known (It doesn't have dynamic 
exports). So it's known statically that the requested export doesn't exist.


./src/app/api/resumes/view/[shareToken]/route.ts:4:1
Export NotificationService doesn't exist in target module
  [90m2 |[0m [36mimport[0m { [33mSharingService[0m } [36mfrom[0m 
[32m'@/features/resume/sharing-service'[0m;
  [90m3 |[0m [36mimport[0m { [33mAnalyticsService[0m } [36mfrom[0m 
[32m'@/features/resume/analytics-service'[0m;
[31m[1m>[0m [90m4 |[0m [36mimport[0m { [33mNotificationService[0m 
} [36mfrom[0m [32m'@/features/resume/notification-service'[0m;
  [90m  |[0m [31m[1m^^^^^^^^^^^^^^^^^^^^^^^^^^^^^^^^^^^^^^^^^^^^^^^^^^^^
^^^^^^^^^^^^^^^^^^^^^^^^^[0m
  [90m5 |[0m [36mimport[0m { prisma } [36mfrom[0m 
[32m'@/lib/prisma'[0m;
  [90m6 |[0m
  [90m7 |[0m /**

The export NotificationService was not found in module 
[project]/src/features/resume/notification-service.ts [app-route] 
(ecmascript).
Did you mean to import getNotificationPreferences?
All exports of the module are statically known (It doesn't have dynamic 
exports). So it's known statically that the requested export doesn't exist.


./src/features/resume/analytics-service.ts:3:1
Export NotificationService doesn't exist in target module
  [90m1 |[0m [36mimport[0m { prisma } [36mfrom[0m 
[32m'../../lib/prisma'[0m;
  [90m2 |[0m [36mimport[0m { [33mUAParser[0m } [36mfrom[0m 
[32m'ua-parser-js'[0m;
[31m[1m>[0m [90m3 |[0m [36mimport[0m { [33mNotificationService[0m 
} [36mfrom[0m [32m'./notification-service'[0m;
  [90m  |[0m 
[31m[1m^^^^^^^^^^^^^^^^^^^^^^^^^^^^^^^^^^^^^^^^^^^^^^^^^^^^^^^^^^^^^[0m
  [90m4 |[0m
  [90m5 |[0m [36mexport[0m [36minterface[0m [33mViewMetadata[0m {
  [90m6 |[0m   userAgent?: string;

The export NotificationService was not found in module 
[project]/src/features/resume/notification-service.ts [app-route] 
(ecmascript).
Did you mean to import getNotificationPreferences?
All exports of the module are statically known (It doesn't have dynamic 
exports). So it's known statically that the requested export doesn't exist.

Import trace:
  App Route:
    ./src/features/resume/analytics-service.ts
    ./src/app/api/resumes/view/[shareToken]/route.ts


./src/app/api/auth/register/route.ts:5:1
Export RegisterSchema doesn't exist in target module
  [90m3 |[0m [36mimport[0m path [36mfrom[0m [32m"path"[0m;
  [90m4 |[0m
[31m[1m>[0m [90m5 |[0m [36mimport[0m { [33mRegisterSchema[0m } 
[36mfrom[0m [32m"../../../../features/auth/schemas"[0m;
  [90m  |[0m [31m[1m^^^^^^^^^^^^^^^^^^^^^^^^^^^^^^^^^^^^^^^^^^^^^^^^^^^^
^^^^^^^^^^^^^^^[0m
  [90m6 |[0m [36mimport[0m { upsertStudentProfile } [36mfrom[0m 
[32m"../../../../features/profile/service"[0m;
  [90m7 |[0m [36mimport[0m { setAuthCookies } [36mfrom[0m 
[32m"../../../../lib/auth/cookies"[0m;
  [90m8 |[0m [36mimport[0m { hashPassword } [36mfrom[0m 
[32m"../../../../lib/auth/password"[0m;

The export RegisterSchema was not found in module 
[project]/src/features/auth/schemas.ts [app-route] (ecmascript).
Did you mean to import passwordResetSchema?
All exports of the module are statically known (It doesn't have dynamic 
exports). So it's known statically that the requested export doesn't exist.


./src/app/api/auth/reset-password/route.ts:4:1
Export ResetPasswordSchema doesn't exist in target module
  [90m2 |[0m
  [90m3 |[0m [36mimport[0m { resetPassword } [36mfrom[0m 
[32m"../../../../features/auth/service"[0m;
[31m[1m>[0m [90m4 |[0m [36mimport[0m { [33mResetPasswordSchema[0m 
} [36mfrom[0m [32m"../../../../features/auth/schemas"[0m;
  [90m  |[0m [31m[1m^^^^^^^^^^^^^^^^^^^^^^^^^^^^^^^^^^^^^^^^^^^^^^^^^^^^
^^^^^^^^^^^^^^^^^^^^[0m
  [90m5 |[0m
  [90m6 |[0m [36mexport[0m [36mconst[0m runtime = [32m"nodejs"[0m;
  [90m7 |[0m

The export ResetPasswordSchema was not found in module 
[project]/src/features/auth/schemas.ts [app-route] (ecmascript).
Did you mean to import resetPasswordSchema?
All exports of the module are statically known (It doesn't have dynamic 
exports). So it's known statically that the requested export doesn't exist.


./src/app/api/interview-sessions/[sessionId]/questions/route.ts:4:1
Export addInterviewQuestion doesn't exist in target module
  [90m2 |[0m [36mimport[0m { z } [36mfrom[0m [32m"zod"[0m;
  [90m3 |[0m
[31m[1m>[0m [90m4 |[0m [36mimport[0m { addInterviewQuestion } 
[36mfrom[0m [32m"@/features/interview/service"[0m;
  [90m  |[0m [31m[1m^^^^^^^^^^^^^^^^^^^^^^^^^^^^^^^^^^^^^^^^^^^^^^^^^^^^
^^^^^^^^^^^^^^^^[0m
  [90m5 |[0m [36mimport[0m { requireSession } [36mfrom[0m 
[32m"@/lib/auth/session"[0m;
  [90m6 |[0m
  [90m7 |[0m [36mconst[0m createQuestionSchema = z.object({

The export addInterviewQuestion was not found in module 
[project]/src/features/interview/service.ts [app-route] (ecmascript).
Did you mean to import assertQuestionOwnership?
All exports of the module are statically known (It doesn't have dynamic 
exports). So it's known statically that the requested export doesn't exist.


./src/app/api/forum/posts/reactions/route.ts:2:1
Export addPostReaction doesn't exist in target module
  [90m1 |[0m ...[33mxtRequest[0m, [33mNextResponse[0m } [36mfrom[0m 
[32m'next/server'[0m;
[31m[1m>[0m [90m2 |[0m ...dPostReaction, removePostReaction, 
listPostReactions } [36mfrom[0m [32m'../../../../../features/for...[0m
  [90m  |[0m    [31m[1m^^^^^^^^^^^^^^^^^^^^^^^^^^^^^^^^^^^^^^^^^^^^^^^^^
^^^^^^^^^^^^^^^^^^^^^^^^^^^^^^^^^^^^^^^^^^[0m
  [90m3 |[0m ...
  [90m4 |[0m ...[90mi/forum/posts/reactions - add reaction[0m
  [90m5 |[0m ...[36mc[0m [36mfunction[0m [33mPOST[0m(req: 
[33mNextRequest[0m) {

The export addPostReaction was not found in module 
[project]/src/features/forum/service.ts [app-route] (ecmascript).
Did you mean to import listPostReplies?
All exports of the module are statically known (It doesn't have dynamic 
exports). So it's known statically that the requested export doesn't exist.


./src/app/api/ai/ats-analysis/route.ts:3:1
Export analyzeATSMatch doesn't exist in target module
  [90m1 |[0m [36mimport[0m { [33mNextRequest[0m, 
[33mNextResponse[0m } [36mfrom[0m [32m"next/server"[0m;
  [90m2 |[0m
[31m[1m>[0m [90m3 |[0m [36mimport[0m { analyzeATSMatch } 
[36mfrom[0m [32m"../../../../lib/ai/resume"[0m;
  [90m  |[0m 
[31m[1m^^^^^^^^^^^^^^^^^^^^^^^^^^^^^^^^^^^^^^^^^^^^^^^^^^^^^^^^^^^^[0m
  [90m4 |[0m [36mimport[0m { verifyToken } [36mfrom[0m 
[32m"../../../../lib/auth/jwt"[0m;
  [90m5 |[0m [36mimport[0m { z } [36mfrom[0m [32m"zod"[0m;
  [90m6 |[0m

The export analyzeATSMatch was not found in module 
[project]/src/lib/ai/resume.ts [app-route] (ecmascript).
Did you mean to import optimizeResumeSummary?
All exports of the module are statically known (It doesn't have dynamic 
exports). So it's known statically that the requested export doesn't exist.


./src/app/resume/[slug]/edit/page.tsx:26:1
Export analyzeATSMatch doesn't exist in target module
  [90m24 |[0m [36mimport[0m { upsertStudentProfile } [36mfrom[0m 
[32m"../../../../features/profile/service"[0m;
  [90m25 |[0m [36mimport[0m { [33mResumeExperienceSchema[0m, 
[33mResumeProjectSchema[0m } [36mfrom[0m 
[32m"../../../../features/resume/s...[0m
[31m[1m>[0m [90m26 |[0m [36mimport[0m {
  [90m   |[0m [31m[1m^^^^^^^[0m
[31m[1m>[0m [90m27 |[0m   analyzeATSMatch,
  [90m   |[0m [31m[1m^^^^^^^^^^^^^^^^^^[0m
[31m[1m>[0m [90m28 |[0m   analyzeSkills,
  [90m   |[0m [31m[1m^^^^^^^^^^^^^^^^[0m
[31m[1m>[0m [90m29 |[0m   generateBulletPoints,
  [90m   |[0m [31m[1m^^^^^^^^^^^^^^^^^^^^^^^[0m
[31m[1m>[0m [90m30 |[0m   generateCoverLetter,
  [90m   |[0m [31m[1m^^^^^^^^^^^^^^^^^^^^^^[0m
[31m[1m>[0m [90m31 |[0m   optimizeResumeSummary,
  [90m   |[0m [31m[1m^^^^^^^^^^^^^^^^^^^^^^^^[0m
[31m[1m>[0m [90m32 |[0m } [36mfrom[0m 
[32m"../../../../lib/ai/resume"[0m;
  [90m   |[0m [31m[1m^^^^^^^^^^^^^^^^^^^^^^^^^^^^^^^^^^^[0m
  [90m33 |[0m [36mimport[0m { requireSession } [36mfrom[0m 
[32m"../../../../lib/auth/session"[0m;
  [90m34 |[0m [36mimport[0m { invalidateDashboardInsights } 
[36mfrom[0m [32m"../../../../features/dashboard/service"[0m;
  [90m35 |[0m [36mimport[0m [36mtype[0m {

The export analyzeATSMatch was not found in module 
[project]/src/lib/ai/resume.ts [app-rsc] (ecmascript).
Did you mean to import optimizeResumeSummary?
All exports of the module are statically known (It doesn't have dynamic 
exports). So it's known statically that the requested export doesn't exist.


./src/app/api/ai/analyze-skills/route.ts:3:1
Export analyzeSkills doesn't exist in target module
  [90m1 |[0m [36mimport[0m { [33mNextRequest[0m, 
[33mNextResponse[0m } [36mfrom[0m [32m"next/server"[0m;
  [90m2 |[0m
[31m[1m>[0m [90m3 |[0m [36mimport[0m { analyzeSkills } [36mfrom[0m 
[32m"../../../../lib/ai/resume"[0m;
  [90m  |[0m 
[31m[1m^^^^^^^^^^^^^^^^^^^^^^^^^^^^^^^^^^^^^^^^^^^^^^^^^^^^^^^^^^[0m
  [90m4 |[0m [36mimport[0m { verifyToken } [36mfrom[0m 
[32m"../../../../lib/auth/jwt"[0m;
  [90m5 |[0m [36mimport[0m { z } [36mfrom[0m [32m"zod"[0m;
  [90m6 |[0m

The export analyzeSkills was not found in module 
[project]/src/lib/ai/resume.ts [app-route] (ecmascript).
Did you mean to import generateAchievementsFromContext?
All exports of the module are statically known (It doesn't have dynamic 
exports). So it's known statically that the requested export doesn't exist.


./src/app/resume/[slug]/edit/page.tsx:26:1
Export analyzeSkills doesn't exist in target module
  [90m24 |[0m [36mimport[0m { upsertStudentProfile } [36mfrom[0m 
[32m"../../../../features/profile/service"[0m;
  [90m25 |[0m [36mimport[0m { [33mResumeExperienceSchema[0m, 
[33mResumeProjectSchema[0m } [36mfrom[0m 
[32m"../../../../features/resume/s...[0m
[31m[1m>[0m [90m26 |[0m [36mimport[0m {
  [90m   |[0m [31m[1m^^^^^^^[0m
[31m[1m>[0m [90m27 |[0m   analyzeATSMatch,
  [90m   |[0m [31m[1m^^^^^^^^^^^^^^^^^^[0m
[31m[1m>[0m [90m28 |[0m   analyzeSkills,
  [90m   |[0m [31m[1m^^^^^^^^^^^^^^^^[0m
[31m[1m>[0m [90m29 |[0m   generateBulletPoints,
  [90m   |[0m [31m[1m^^^^^^^^^^^^^^^^^^^^^^^[0m
[31m[1m>[0m [90m30 |[0m   generateCoverLetter,
  [90m   |[0m [31m[1m^^^^^^^^^^^^^^^^^^^^^^[0m
[31m[1m>[0m [90m31 |[0m   optimizeResumeSummary,
  [90m   |[0m [31m[1m^^^^^^^^^^^^^^^^^^^^^^^^[0m
[31m[1m>[0m [90m32 |[0m } [36mfrom[0m 
[32m"../../../../lib/ai/resume"[0m;
  [90m   |[0m [31m[1m^^^^^^^^^^^^^^^^^^^^^^^^^^^^^^^^^^^[0m
  [90m33 |[0m [36mimport[0m { requireSession } [36mfrom[0m 
[32m"../../../../lib/auth/session"[0m;
  [90m34 |[0m [36mimport[0m { invalidateDashboardInsights } 
[36mfrom[0m [32m"../../../../features/dashboard/service"[0m;
  [90m35 |[0m [36mimport[0m [36mtype[0m {

The export analyzeSkills was not found in module 
[project]/src/lib/ai/resume.ts [app-rsc] (ecmascript).
Did you mean to import generateAchievementsFromContext?
All exports of the module are statically known (It doesn't have dynamic 
exports). So it's known statically that the requested export doesn't exist.


./src/app/api/interview/analytics/session/[sessionId]/route.ts:4:1
Export assertSessionOwnership doesn't exist in target module
  [90m2 |[0m [36mimport[0m { requireAuth } [36mfrom[0m 
[32m'@/lib/auth/guards'[0m;
  [90m3 |[0m [36mimport[0m { getSessionAnalytics } [36mfrom[0m 
[32m'@/features/interview/analytics-service'[0m;
[31m[1m>[0m [90m4 |[0m [36mimport[0m { assertSessionOwnership } 
[36mfrom[0m [32m'@/features/interview/service'[0m;
  [90m  |[0m [31m[1m^^^^^^^^^^^^^^^^^^^^^^^^^^^^^^^^^^^^^^^^^^^^^^^^^^^^
^^^^^^^^^^^^^^^^^^[0m
  [90m5 |[0m
  [90m6 |[0m [36mexport[0m [36masync[0m [36mfunction[0m 
[33mGET[0m(
  [90m7 |[0m   request: [33mNextRequest[0m,

The export assertSessionOwnership was not found in module 
[project]/src/features/interview/service.ts [app-route] (ecmascript).
Did you mean to import assertQuestionOwnership?
All exports of the module are statically known (It doesn't have dynamic 
exports). So it's known statically that the requested export doesn't exist.


./src/app/admin/students/page.tsx:9:1
Export assignCourseToStudent doesn't exist in target module
  [90m 7 |[0m [36mimport[0m { [33mButton[0m } [36mfrom[0m 
[32m"@/components/ui/button"[0m;
  [90m 8 |[0m [36mimport[0m { [33mCard[0m, [33mCardContent[0m, 
[33mCardHeader[0m, [33mCardTitle[0m } [36mfrom[0m 
[32m"@/components/ui/card"[0m;
[31m[1m>[0m [90m 9 |[0m [36mimport[0m {
  [90m   |[0m [31m[1m^^^^^^^[0m
[31m[1m>[0m [90m10 |[0m   assignCourseToStudent,
  [90m   |[0m [31m[1m^^^^^^^^^^^^^^^^^^^^^^^^[0m
[31m[1m>[0m [90m11 |[0m   assignCourseToStudentsBulk,
  [90m   |[0m [31m[1m^^^^^^^^^^^^^^^^^^^^^^^^^^^^^[0m
[31m[1m>[0m [90m12 |[0m   listAssignableCourses,
  [90m   |[0m [31m[1m^^^^^^^^^^^^^^^^^^^^^^^^[0m
[31m[1m>[0m [90m13 |[0m   listRecentCourseAssignmentEvents,
  [90m   |[0m [31m[1m^^^^^^^^^^^^^^^^^^^^^^^^^^^^^^^^^^^[0m
[31m[1m>[0m [90m14 |[0m   listStudentAssignedCourses,
  [90m   |[0m [31m[1m^^^^^^^^^^^^^^^^^^^^^^^^^^^^^[0m
[31m[1m>[0m [90m15 |[0m   listStudents,
  [90m   |[0m [31m[1m^^^^^^^^^^^^^^^[0m
[31m[1m>[0m [90m16 |[0m   requireAdminUser,
  [90m   |[0m [31m[1m^^^^^^^^^^^^^^^^^^^[0m
[31m[1m>[0m [90m17 |[0m   unassignCourseFromStudent,
  [90m   |[0m [31m[1m^^^^^^^^^^^^^^^^^^^^^^^^^^^^[0m
[31m[1m>[0m [90m18 |[0m   updateStudentStatus,
  [90m   |[0m [31m[1m^^^^^^^^^^^^^^^^^^^^^^[0m
[31m[1m>[0m [90m19 |[0m } [36mfrom[0m 
[32m"@/features/admin/service"[0m;
  [90m   |[0m [31m[1m^^^^^^^^^^^^^^^^^^^^^^^^^^^^^^^^^^[0m
  [90m20 |[0m [36mimport[0m { [33mBulkStudentSelector[0m } 
[36mfrom[0m [32m"./_components/bulk-student-selector"[0m;
  [90m21 |[0m [36mimport[0m { [33mStudentDetailsModal[0m } 
[36mfrom[0m [32m"./_components/student-details-modal"[0m;
  [90m22 |[0m

The export assignCourseToStudent was not found in module 
[project]/src/features/admin/service.ts [app-rsc] (ecmascript).
Did you mean to import approveCourseEdit?
All exports of the module are statically known (It doesn't have dynamic 
exports). So it's known statically that the requested export doesn't exist.


./src/app/admin/students/page.tsx:9:1
Export assignCourseToStudentsBulk doesn't exist in target module
  [90m 7 |[0m [36mimport[0m { [33mButton[0m } [36mfrom[0m 
[32m"@/components/ui/button"[0m;
  [90m 8 |[0m [36mimport[0m { [33mCard[0m, [33mCardContent[0m, 
[33mCardHeader[0m, [33mCardTitle[0m } [36mfrom[0m 
[32m"@/components/ui/card"[0m;
[31m[1m>[0m [90m 9 |[0m [36mimport[0m {
  [90m   |[0m [31m[1m^^^^^^^[0m
[31m[1m>[0m [90m10 |[0m   assignCourseToStudent,
  [90m   |[0m [31m[1m^^^^^^^^^^^^^^^^^^^^^^^^[0m
[31m[1m>[0m [90m11 |[0m   assignCourseToStudentsBulk,
  [90m   |[0m [31m[1m^^^^^^^^^^^^^^^^^^^^^^^^^^^^^[0m
[31m[1m>[0m [90m12 |[0m   listAssignableCourses,
  [90m   |[0m [31m[1m^^^^^^^^^^^^^^^^^^^^^^^^[0m
[31m[1m>[0m [90m13 |[0m   listRecentCourseAssignmentEvents,
  [90m   |[0m [31m[1m^^^^^^^^^^^^^^^^^^^^^^^^^^^^^^^^^^^[0m
[31m[1m>[0m [90m14 |[0m   listStudentAssignedCourses,
  [90m   |[0m [31m[1m^^^^^^^^^^^^^^^^^^^^^^^^^^^^^[0m
[31m[1m>[0m [90m15 |[0m   listStudents,
  [90m   |[0m [31m[1m^^^^^^^^^^^^^^^[0m
[31m[1m>[0m [90m16 |[0m   requireAdminUser,
  [90m   |[0m [31m[1m^^^^^^^^^^^^^^^^^^^[0m
[31m[1m>[0m [90m17 |[0m   unassignCourseFromStudent,
  [90m   |[0m [31m[1m^^^^^^^^^^^^^^^^^^^^^^^^^^^^[0m
[31m[1m>[0m [90m18 |[0m   updateStudentStatus,
  [90m   |[0m [31m[1m^^^^^^^^^^^^^^^^^^^^^^[0m
[31m[1m>[0m [90m19 |[0m } [36mfrom[0m 
[32m"@/features/admin/service"[0m;
  [90m   |[0m [31m[1m^^^^^^^^^^^^^^^^^^^^^^^^^^^^^^^^^^[0m
  [90m20 |[0m [36mimport[0m { [33mBulkStudentSelector[0m } 
[36mfrom[0m [32m"./_components/bulk-student-selector"[0m;
  [90m21 |[0m [36mimport[0m { [33mStudentDetailsModal[0m } 
[36mfrom[0m [32m"./_components/student-details-modal"[0m;
  [90m22 |[0m

The export assignCourseToStudentsBulk was not found in module 
[project]/src/features/admin/service.ts [app-rsc] (ecmascript).
Did you mean to import restoreCourse?
All exports of the module are statically known (It doesn't have dynamic 
exports). So it's known statically that the requested export doesn't exist.


./src/app/api/uploads/cover/route.ts:4:1
Export cloudinary doesn't exist in target module
  [90m2 |[0m
  [90m3 |[0m [36mimport[0m { verifyToken } [36mfrom[0m 
[32m"../../../../lib/auth/jwt"[0m;
[31m[1m>[0m [90m4 |[0m [36mimport[0m { cloudinary } [36mfrom[0m 
[32m"../../../../lib/cloudinary"[0m;
  [90m  |[0m 
[31m[1m^^^^^^^^^^^^^^^^^^^^^^^^^^^^^^^^^^^^^^^^^^^^^^^^^^^^^^^^[0m
  [90m5 |[0m
  [90m6 |[0m [36mexport[0m [36masync[0m [36mfunction[0m 
[33mPOST[0m(req: [33mNextRequest[0m) {
  [90m7 |[0m   [36mtry[0m {

The export cloudinary was not found in module 
[project]/src/lib/cloudinary.ts [app-route] (ecmascript).
Did you mean to import uploadToCloudinary?
All exports of the module are statically known (It doesn't have dynamic 
exports). So it's known statically that the requested export doesn't exist.


./src/app/api/uploads/lesson/route.ts:4:1
Export cloudinary doesn't exist in target module
  [90m2 |[0m
  [90m3 |[0m [36mimport[0m { verifyToken } [36mfrom[0m 
[32m"../../../../lib/auth/jwt"[0m;
[31m[1m>[0m [90m4 |[0m [36mimport[0m { cloudinary } [36mfrom[0m 
[32m"../../../../lib/cloudinary"[0m;
  [90m  |[0m 
[31m[1m^^^^^^^^^^^^^^^^^^^^^^^^^^^^^^^^^^^^^^^^^^^^^^^^^^^^^^^^[0m
  [90m5 |[0m
  [90m6 |[0m [36mconst[0m [33mRESOURCE_MAX_SIZE_BYTES[0m = 
[35m10[0m * [35m1024[0m * [35m1024[0m; [90m// 10MB[0m
  [90m7 |[0m [36mconst[0m [33mVIDEO_MAX_SIZE_BYTES[0m = [35m250[0m 
* [35m1024[0m * [35m1024[0m; [90m// 250MB[0m

The export cloudinary was not found in module 
[project]/src/lib/cloudinary.ts [app-route] (ecmascript).
Did you mean to import uploadToCloudinary?
All exports of the module are statically known (It doesn't have dynamic 
exports). So it's known statically that the requested export doesn't exist.


./src/app/api/chat/threads/route.ts:4:1
Export createChatThread doesn't exist in target module
  [90m2 |[0m [36mimport[0m { [33mNextRequest[0m, 
[33mNextResponse[0m } [36mfrom[0m [32m'next/server'[0m;
  [90m3 |[0m [36mimport[0m { requireAuth } [36mfrom[0m 
[32m"../_helpers"[0m;
[31m[1m>[0m [90m4 |[0m [36mimport[0m { listChatThreads, 
createChatThread } [36mfrom[0m 
[32m"../../../../features/chat/service"[0m;
  [90m  |[0m [31m[1m^^^^^^^^^^^^^^^^^^^^^^^^^^^^^^^^^^^^^^^^^^^^^^^^^^^^
^^^^^^^^^^^^^^^^^^^^^^^^^^^^^^^^^^[0m
  [90m5 |[0m
  [90m6 |[0m [36mexport[0m [36masync[0m [36mfunction[0m 
[33mGET[0m(req: [33mNextRequest[0m) {
  [90m7 |[0m   [36mtry[0m {

The export createChatThread was not found in module 
[project]/src/features/chat/service.ts [app-route] (ecmascript).
Did you mean to import getChatThreads?
All exports of the module are statically known (It doesn't have dynamic 
exports). So it's known statically that the requested export doesn't exist.


./src/app/api/forum/threads/route.ts:2:1
Export createForumThread doesn't exist in target module
  [90m1 |[0m ...[32mrver"[0m;
[31m[1m>[0m [90m2 |[0m ...nreadThreadCount, createThreadWithTags, 
listThreadsByTag, listThreadsByQuery, createForu...
  [90m  |[0m    [31m[1m^^^^^^^^^^^^^^^^^^^^^^^^^^^^^^^^^^^^^^^^^^^^^^^^^
^^^^^^^^^^^^^^^^^^^^^^^^^^^^^^^^^^^^^^^^^^[0m
  [90m3 |[0m ...[32mjwt"[0m;
  [90m4 |[0m ...
  [90m5 |[0m ...[32mures/forum/types"[0m;

The export createForumThread was not found in module 
[project]/src/features/forum/service.ts [app-route] (ecmascript).
Did you mean to import createForumPost?
All exports of the module are statically known (It doesn't have dynamic 
exports). So it's known statically that the requested export doesn't exist.


./src/app/forum/new/page.tsx:10:1
Export createForumThread doesn't exist in target module
  [90m 8 |[0m [36mimport[0m { [33mTextarea[0m } [36mfrom[0m 
[32m"../../../components/ui/textarea"[0m;
  [90m 9 |[0m [36mimport[0m { listStudentEnrollmentsWithCourses } 
[36mfrom[0m [32m"../../../features/dashboard/service"[0m;
[31m[1m>[0m [90m10 |[0m [36mimport[0m { createForumThread } 
[36mfrom[0m [32m"../../../features/forum/service"[0m;
  [90m   |[0m [31m[1m^^^^^^^^^^^^^^^^^^^^^^^^^^^^^^^^^^^^^^^^^^^^^^^^^^^
^^^^^^^^^^^^^^^^^[0m
  [90m11 |[0m [36mimport[0m { requireSession } [36mfrom[0m 
[32m"../../../lib/auth/session"[0m;
  [90m12 |[0m
  [90m13 |[0m [36mexport[0m [36mconst[0m dynamic = 
[32m"force-dynamic"[0m;

The export createForumThread was not found in module 
[project]/src/features/forum/service.ts [app-rsc] (ecmascript).
Did you mean to import createForumPost?
All exports of the module are statically known (It doesn't have dynamic 
exports). So it's known statically that the requested export doesn't exist.


./src/app/api/chat/direct/conversations/route.ts:3:1
Export createGroupConversation doesn't exist in target module
  [90m 1 |[0m [36mimport[0m { [33mNextRequest[0m, 
[33mNextResponse[0m } [36mfrom[0m [32m"next/server"[0m;
  [90m 2 |[0m [36mimport[0m { requireAuth } [36mfrom[0m 
[32m"../../_helpers"[0m;
[31m[1m>[0m [90m 3 |[0m [36mimport[0m {
  [90m   |[0m [31m[1m^^^^^^^[0m
[31m[1m>[0m [90m 4 |[0m   listUserConversations,
  [90m   |[0m [31m[1m^^^^^^^^^^^^^^^^^^^^^^^^[0m
[31m[1m>[0m [90m 5 |[0m   getOrCreateDirectConversation,
  [90m   |[0m [31m[1m^^^^^^^^^^^^^^^^^^^^^^^^^^^^^^^^[0m
[31m[1m>[0m [90m 6 |[0m   createGroupConversation,
  [90m   |[0m [31m[1m^^^^^^^^^^^^^^^^^^^^^^^^^^[0m
[31m[1m>[0m [90m 7 |[0m } [36mfrom[0m 
[32m"@/features/chat/service"[0m;
  [90m   |[0m [31m[1m^^^^^^^^^^^^^^^^^^^^^^^^^^^^^^^^^[0m
  [90m 8 |[0m
  [90m 9 |[0m [36mexport[0m [36masync[0m [36mfunction[0m 
[33mGET[0m(req: [33mNextRequest[0m) {
  [90m10 |[0m   [36mtry[0m {

The export createGroupConversation was not found in module 
[project]/src/features/chat/service.ts [app-route] (ecmascript).
Did you mean to import sendChatMessage?
All exports of the module are statically known (It doesn't have dynamic 
exports). So it's known statically that the requested export doesn't exist.


./src/app/api/interview-sessions/route.ts:4:1
Export createInterviewSession doesn't exist in target module
  [90m2 |[0m [36mimport[0m { z } [36mfrom[0m [32m"zod"[0m;
  [90m3 |[0m
[31m[1m>[0m [90m4 |[0m [36mimport[0m { createInterviewSession, 
listInterviewSessions } [36mfrom[0m 
[32m"@/features/interview/service"[0m;
  [90m  |[0m [31m[1m^^^^^^^^^^^^^^^^^^^^^^^^^^^^^^^^^^^^^^^^^^^^^^^^^^^^
^^^^^^^^^^^^^^^^^^^^^^^^^^^^^^^^^^^^^^^^^[0m
  [90m5 |[0m [36mimport[0m { requireSession } [36mfrom[0m 
[32m"@/lib/auth/session"[0m;
  [90m6 |[0m
  [90m7 |[0m [36mconst[0m createSessionSchema = z.object({

The export createInterviewSession was not found in module 
[project]/src/features/interview/service.ts [app-route] (ecmascript).
Did you mean to import getInterviewSessions?
All exports of the module are statically known (It doesn't have dynamic 
exports). So it's known statically that the requested export doesn't exist.


./src/app/api/jobs/alerts/route.ts:4:1
Export createJobAlert doesn't exist in target module
  [90m 2 |[0m [36mimport[0m { z } [36mfrom[0m [32m"zod"[0m;
  [90m 3 |[0m
[31m[1m>[0m [90m 4 |[0m [36mimport[0m {
  [90m   |[0m [31m[1m^^^^^^^[0m
[31m[1m>[0m [90m 5 |[0m   createJobAlert,
  [90m   |[0m [31m[1m^^^^^^^^^^^^^^^^^[0m
[31m[1m>[0m [90m 6 |[0m   deleteJobAlert,
  [90m   |[0m [31m[1m^^^^^^^^^^^^^^^^^[0m
[31m[1m>[0m [90m 7 |[0m   findMatchingJobs,
  [90m   |[0m [31m[1m^^^^^^^^^^^^^^^^^^^[0m
[31m[1m>[0m [90m 8 |[0m   getJobAlertById,
  [90m   |[0m [31m[1m^^^^^^^^^^^^^^^^^^[0m
[31m[1m>[0m [90m 9 |[0m   getSuggestedKeywords,
  [90m   |[0m [31m[1m^^^^^^^^^^^^^^^^^^^^^^^[0m
[31m[1m>[0m [90m10 |[0m   getUserJobAlerts,
  [90m   |[0m [31m[1m^^^^^^^^^^^^^^^^^^^[0m
[31m[1m>[0m [90m11 |[0m   updateJobAlert,
  [90m   |[0m [31m[1m^^^^^^^^^^^^^^^^^[0m
[31m[1m>[0m [90m12 |[0m } [36mfrom[0m 
[32m"@/features/jobs/alerts.service"[0m;
  [90m   |[0m [31m[1m^^^^^^^^^^^^^^^^^^^^^^^^^^^^^^^^^^^^^^^^[0m
  [90m13 |[0m [36mimport[0m { requireAuth } [36mfrom[0m 
[32m"@/lib/auth/guards"[0m;
  [90m14 |[0m [36mimport[0m { createRateLimit, rateLimitPresets } 
[36mfrom[0m [32m"@/lib/security/rate-limit"[0m;
  [90m15 |[0m [36mimport[0m [36mtype[0m { [33mJobType[0m } 
[36mfrom[0m [32m"@prisma/client"[0m;

The export createJobAlert was not found in module 
[project]/src/features/jobs/alerts.service.ts [app-route] (ecmascript).
Did you mean to import getJobAlert?
All exports of the module are statically known (It doesn't have dynamic 
exports). So it's known statically that the requested export doesn't exist.


./src/app/admin/jobs/page.tsx:14:1
Export createJobPosting doesn't exist in target module
  [90m12 |[0m [36mimport[0m { [33mCard[0m, [33mCardContent[0m, 
[33mCardHeader[0m, [33mCardTitle[0m } [36mfrom[0m 
[32m"../../../components/ui/card"[0m;
  [90m13 |[0m [36mimport[0m { [33mStatCard[0m } [36mfrom[0m 
[32m"../../../components/ui/stat-card"[0m;
[31m[1m>[0m [90m14 |[0m [36mimport[0m {
  [90m   |[0m [31m[1m^^^^^^^[0m
[31m[1m>[0m [90m15 |[0m   createJobPosting,
  [90m   |[0m [31m[1m^^^^^^^^^^^^^^^^^^^[0m
[31m[1m>[0m [90m16 |[0m   getJobManagementSnapshot,
  [90m   |[0m [31m[1m^^^^^^^^^^^^^^^^^^^^^^^^^^^[0m
[31m[1m>[0m [90m17 |[0m   listAllJobs,
  [90m   |[0m [31m[1m^^^^^^^^^^^^^^[0m
[31m[1m>[0m [90m18 |[0m   updateJobPostingStatus,
  [90m   |[0m [31m[1m^^^^^^^^^^^^^^^^^^^^^^^^^[0m
[31m[1m>[0m [90m19 |[0m } [36mfrom[0m 
[32m"../../../features/admin/service"[0m;
  [90m   |[0m [31m[1m^^^^^^^^^^^^^^^^^^^^^^^^^^^^^^^^^^^^^^^^^[0m
  [90m20 |[0m
  [90m21 |[0m [36mimport[0m { [33mAdminShell[0m } [36mfrom[0m 
[32m"../_components/admin-shell"[0m;
  [90m22 |[0m [36mimport[0m { [33mCreateJobSheet[0m } [36mfrom[0m 
[32m"./_components/create-job-sheet"[0m;

The export createJobPosting was not found in module 
[project]/src/features/admin/service.ts [app-rsc] (ecmascript).
Did you mean to import restoreCourse?
All exports of the module are statically known (It doesn't have dynamic 
exports). So it's known statically that the requested export doesn't exist.


./src/app/api/achievements/route.ts:4:1
Export createRateLimit doesn't exist in target module
  [90m2 |[0m [36mimport[0m { requireAuth } [36mfrom[0m 
[32m"../../../lib/auth/guards"[0m;
  [90m3 |[0m [36mimport[0m { prisma } [36mfrom[0m 
[32m"../../../lib/prisma"[0m;
[31m[1m>[0m [90m4 |[0m [36mimport[0m { createRateLimit, 
rateLimitPresets } [36mfrom[0m 
[32m"../../../lib/security/rate-limit"[0m;
  [90m  |[0m [31m[1m^^^^^^^^^^^^^^^^^^^^^^^^^^^^^^^^^^^^^^^^^^^^^^^^^^^^
^^^^^^^^^^^^^^^^^^^^^^^^^^^^^^^^^[0m
  [90m5 |[0m
  [90m6 |[0m [36mexport[0m [36mconst[0m runtime = [32m"nodejs"[0m;
  [90m7 |[0m

The export createRateLimit was not found in module 
[project]/src/lib/security/rate-limit.ts [app-route] (ecmascript).
Did you mean to import checkRateLimit?
All exports of the module are statically known (It doesn't have dynamic 
exports). So it's known statically that the requested export doesn't exist.


./src/app/api/analytics/course/[courseId]/route.ts:4:1
Export createRateLimit doesn't exist in target module
  [90m2 |[0m [36mimport[0m { requireAuth } [36mfrom[0m 
[32m"../../../../../lib/auth/guards"[0m;
  [90m3 |[0m [36mimport[0m { prisma } [36mfrom[0m 
[32m"../../../../../lib/prisma"[0m;
[31m[1m>[0m [90m4 |[0m [36mimport[0m { createRateLimit, 
rateLimitPresets } [36mfrom[0m 
[32m"../../../../../lib/security/rate-limit"[0m;
  [90m  |[0m [31m[1m^^^^^^^^^^^^^^^^^^^^^^^^^^^^^^^^^^^^^^^^^^^^^^^^^^^^
^^^^^^^^^^^^^^^^^^^^^^^^^^^^^^^^^^^^^^^[0m
  [90m5 |[0m
  [90m6 |[0m [36mexport[0m [36mconst[0m runtime = [32m"nodejs"[0m;
  [90m7 |[0m

The export createRateLimit was not found in module 
[project]/src/lib/security/rate-limit.ts [app-route] (ecmascript).
Did you mean to import checkRateLimit?
All exports of the module are statically known (It doesn't have dynamic 
exports). So it's known statically that the requested export doesn't exist.


./src/app/api/courses/[courseId]/progress/route.ts:4:1
Export createRateLimit doesn't exist in target module
  [90m2 |[0m [36mimport[0m { requireAuth } [36mfrom[0m 
[32m"@/lib/auth/guards"[0m;
  [90m3 |[0m [36mimport[0m { prisma } [36mfrom[0m 
[32m"@/lib/prisma"[0m;
[31m[1m>[0m [90m4 |[0m [36mimport[0m { createRateLimit, 
rateLimitPresets } [36mfrom[0m [32m"@/lib/security/rate-limit"[0m;
  [90m  |[0m [31m[1m^^^^^^^^^^^^^^^^^^^^^^^^^^^^^^^^^^^^^^^^^^^^^^^^^^^^
^^^^^^^^^^^^^^^^^^^^^^^^^^[0m
  [90m5 |[0m
  [90m6 |[0m [36mexport[0m [36mconst[0m runtime = [32m"nodejs"[0m;
  [90m7 |[0m

The export createRateLimit was not found in module 
[project]/src/lib/security/rate-limit.ts [app-route] (ecmascript).
Did you mean to import checkRateLimit?
All exports of the module are statically known (It doesn't have dynamic 
exports). So it's known statically that the requested export doesn't exist.


./src/app/api/courses/[courseId]/resources/route.ts:4:1
Export createRateLimit doesn't exist in target module
  [90m2 |[0m [36mimport[0m { z } [36mfrom[0m [32m"zod"[0m;
  [90m3 |[0m [36mimport[0m { requireAuth } [36mfrom[0m 
[32m"../../../../../lib/auth/guards"[0m;
[31m[1m>[0m [90m4 |[0m [36mimport[0m { createRateLimit, 
rateLimitPresets } [36mfrom[0m 
[32m"../../../../../lib/security/rate-limit"[0m;
  [90m  |[0m [31m[1m^^^^^^^^^^^^^^^^^^^^^^^^^^^^^^^^^^^^^^^^^^^^^^^^^^^^
^^^^^^^^^^^^^^^^^^^^^^^^^^^^^^^^^^^^^^^[0m
  [90m5 |[0m [36mimport[0m { prisma } [36mfrom[0m 
[32m"../../../../../lib/prisma"[0m;
  [90m6 |[0m [36mimport[0m { verifyToken } [36mfrom[0m 
[32m"../../../../../lib/auth/jwt"[0m;
  [90m7 |[0m

The export createRateLimit was not found in module 
[project]/src/lib/security/rate-limit.ts [app-route] (ecmascript).
Did you mean to import checkRateLimit?
All exports of the module are statically known (It doesn't have dynamic 
exports). So it's known statically that the requested export doesn't exist.


./src/app/api/courses/route.ts:6:1
Export createRateLimit doesn't exist in target module
  [90m4 |[0m [36mimport[0m { listLearnerCourses } [36mfrom[0m 
[32m"../../../features/lms/data/course-service"[0m;
  [90m5 |[0m [36mimport[0m { requireAuth } [36mfrom[0m 
[32m"../../../lib/auth/guards"[0m;
[31m[1m>[0m [90m6 |[0m [36mimport[0m { createRateLimit, 
rateLimitPresets } [36mfrom[0m 
[32m"../../../lib/security/rate-limit"[0m;
  [90m  |[0m [31m[1m^^^^^^^^^^^^^^^^^^^^^^^^^^^^^^^^^^^^^^^^^^^^^^^^^^^^
^^^^^^^^^^^^^^^^^^^^^^^^^^^^^^^^^[0m
  [90m7 |[0m [36mimport[0m { prisma } [36mfrom[0m 
[32m"../../../lib/prisma"[0m;
  [90m8 |[0m
  [90m9 |[0m [36mexport[0m [36mconst[0m runtime = [32m"nodejs"[0m;

The export createRateLimit was not found in module 
[project]/src/lib/security/rate-limit.ts [app-route] (ecmascript).
Did you mean to import checkRateLimit?
All exports of the module are statically known (It doesn't have dynamic 
exports). So it's known statically that the requested export doesn't exist.


./src/app/api/enrollments/route.ts:4:1
Export createRateLimit doesn't exist in target module
  [90m2 |[0m [36mimport[0m { requireAuth } [36mfrom[0m 
[32m"../../../lib/auth/guards"[0m;
  [90m3 |[0m [36mimport[0m { prisma } [36mfrom[0m 
[32m"../../../lib/prisma"[0m;
[31m[1m>[0m [90m4 |[0m [36mimport[0m { createRateLimit, 
rateLimitPresets } [36mfrom[0m 
[32m"../../../lib/security/rate-limit"[0m;
  [90m  |[0m [31m[1m^^^^^^^^^^^^^^^^^^^^^^^^^^^^^^^^^^^^^^^^^^^^^^^^^^^^
^^^^^^^^^^^^^^^^^^^^^^^^^^^^^^^^^[0m
  [90m5 |[0m [36mimport[0m { [33mEnrollmentStatus[0m } [36mfrom[0m 
[32m"@prisma/client"[0m;
  [90m6 |[0m
  [90m7 |[0m [36mexport[0m [36mconst[0m runtime = [32m"nodejs"[0m;

The export createRateLimit was not found in module 
[project]/src/lib/security/rate-limit.ts [app-route] (ecmascript).
Did you mean to import checkRateLimit?
All exports of the module are statically known (It doesn't have dynamic 
exports). So it's known statically that the requested export doesn't exist.


./src/app/api/jobs/alerts/route.ts:14:1
Export createRateLimit doesn't exist in target module
  [90m12 |[0m } [36mfrom[0m [32m"@/features/jobs/alerts.service"[0m;
  [90m13 |[0m [36mimport[0m { requireAuth } [36mfrom[0m 
[32m"@/lib/auth/guards"[0m;
[31m[1m>[0m [90m14 |[0m [36mimport[0m { createRateLimit, 
rateLimitPresets } [36mfrom[0m [32m"@/lib/security/rate-limit"[0m;
  [90m   |[0m [31m[1m^^^^^^^^^^^^^^^^^^^^^^^^^^^^^^^^^^^^^^^^^^^^^^^^^^^
^^^^^^^^^^^^^^^^^^^^^^^^^^^[0m
  [90m15 |[0m [36mimport[0m [36mtype[0m { [33mJobType[0m } 
[36mfrom[0m [32m"@prisma/client"[0m;
  [90m16 |[0m
  [90m17 |[0m [36mexport[0m [36mconst[0m runtime = [32m"nodejs"[0m;

The export createRateLimit was not found in module 
[project]/src/lib/security/rate-limit.ts [app-route] (ecmascript).
Did you mean to import checkRateLimit?
All exports of the module are statically known (It doesn't have dynamic 
exports). So it's known statically that the requested export doesn't exist.


./src/app/api/jobs/public/[id]/route.ts:4:1
Export createRateLimit doesn't exist in target module
  [90m2 |[0m
  [90m3 |[0m [36mimport[0m { prisma } [36mfrom[0m 
[32m"@/lib/prisma"[0m;
[31m[1m>[0m [90m4 |[0m [36mimport[0m { createRateLimit, 
rateLimitPresets } [36mfrom[0m [32m"@/lib/security/rate-limit"[0m;
  [90m  |[0m [31m[1m^^^^^^^^^^^^^^^^^^^^^^^^^^^^^^^^^^^^^^^^^^^^^^^^^^^^
^^^^^^^^^^^^^^^^^^^^^^^^^^[0m
  [90m5 |[0m
  [90m6 |[0m [36mexport[0m [36mconst[0m runtime = [32m"nodejs"[0m;
  [90m7 |[0m

The export createRateLimit was not found in module 
[project]/src/lib/security/rate-limit.ts [app-route] (ecmascript).
Did you mean to import checkRateLimit?
All exports of the module are statically known (It doesn't have dynamic 
exports). So it's known statically that the requested export doesn't exist.


./src/app/api/jobs/public/route.ts:5:1
Export createRateLimit doesn't exist in target module
  [90m3 |[0m
  [90m4 |[0m [36mimport[0m { prisma } [36mfrom[0m 
[32m"@/lib/prisma"[0m;
[31m[1m>[0m [90m5 |[0m [36mimport[0m { createRateLimit, 
rateLimitPresets } [36mfrom[0m [32m"@/lib/security/rate-limit"[0m;
  [90m  |[0m [31m[1m^^^^^^^^^^^^^^^^^^^^^^^^^^^^^^^^^^^^^^^^^^^^^^^^^^^^
^^^^^^^^^^^^^^^^^^^^^^^^^^[0m
  [90m6 |[0m
  [90m7 |[0m [36mexport[0m [36mconst[0m runtime = [32m"nodejs"[0m;
  [90m8 |[0m

The export createRateLimit was not found in module 
[project]/src/lib/security/rate-limit.ts [app-route] (ecmascript).
Did you mean to import checkRateLimit?
All exports of the module are statically known (It doesn't have dynamic 
exports). So it's known statically that the requested export doesn't exist.


./src/app/api/jobs/public/search/suggestions/route.ts:4:1
Export createRateLimit doesn't exist in target module
  [90m2 |[0m
  [90m3 |[0m [36mimport[0m { prisma } [36mfrom[0m 
[32m"@/lib/prisma"[0m;
[31m[1m>[0m [90m4 |[0m [36mimport[0m { createRateLimit, 
rateLimitPresets } [36mfrom[0m [32m"@/lib/security/rate-limit"[0m;
  [90m  |[0m [31m[1m^^^^^^^^^^^^^^^^^^^^^^^^^^^^^^^^^^^^^^^^^^^^^^^^^^^^
^^^^^^^^^^^^^^^^^^^^^^^^^^[0m
  [90m5 |[0m
  [90m6 |[0m [36mexport[0m [36mconst[0m runtime = [32m"nodejs"[0m;
  [90m7 |[0m

The export createRateLimit was not found in module 
[project]/src/lib/security/rate-limit.ts [app-route] (ecmascript).
Did you mean to import checkRateLimit?
All exports of the module are statically known (It doesn't have dynamic 
exports). So it's known statically that the requested export doesn't exist.


./src/app/api/resumes/[resumeId]/analytics/route.ts:5:1
Export createRateLimit doesn't exist in target module
  [90m3 |[0m [36mimport[0m { [33mAnalyticsService[0m } [36mfrom[0m 
[32m'@/features/resume/analytics-service'[0m;
  [90m4 |[0m [36mimport[0m { prisma } [36mfrom[0m 
[32m'@/lib/prisma'[0m;
[31m[1m>[0m [90m5 |[0m [36mimport[0m { createRateLimit } 
[36mfrom[0m [32m'@/lib/security/rate-limit'[0m;
  [90m  |[0m 
[31m[1m^^^^^^^^^^^^^^^^^^^^^^^^^^^^^^^^^^^^^^^^^^^^^^^^^^^^^^^^^^^^[0m
  [90m6 |[0m
  [90m7 |[0m [90m// Rate limit: 100 analytics queries per hour per 
user[0m
  [90m8 |[0m [36mconst[0m analyticsRateLimit = createRateLimit({

The export createRateLimit was not found in module 
[project]/src/lib/security/rate-limit.ts [app-route] (ecmascript).
Did you mean to import checkRateLimit?
All exports of the module are statically known (It doesn't have dynamic 
exports). So it's known statically that the requested export doesn't exist.


./src/app/api/resumes/[resumeId]/export-history/route.ts:6:1
Export createRateLimit doesn't exist in target module
  [90m4 |[0m [36mimport[0m { getExportHistory } [36mfrom[0m 
[32m"@/features/resume/export-service"[0m;
  [90m5 |[0m [36mimport[0m { requireAuth } [36mfrom[0m 
[32m"@/lib/auth/guards"[0m;
[31m[1m>[0m [90m6 |[0m [36mimport[0m { createRateLimit, 
rateLimitPresets } [36mfrom[0m [32m"@/lib/security/rate-limit"[0m;
  [90m  |[0m [31m[1m^^^^^^^^^^^^^^^^^^^^^^^^^^^^^^^^^^^^^^^^^^^^^^^^^^^^
^^^^^^^^^^^^^^^^^^^^^^^^^^[0m
  [90m7 |[0m
  [90m8 |[0m [36mexport[0m [36mconst[0m runtime = [32m"nodejs"[0m;
  [90m9 |[0m

The export createRateLimit was not found in module 
[project]/src/lib/security/rate-limit.ts [app-route] (ecmascript).
Did you mean to import checkRateLimit?
All exports of the module are statically known (It doesn't have dynamic 
exports). So it's known statically that the requested export doesn't exist.


./src/app/api/resumes/[resumeId]/export/route.ts:11:1
Export createRateLimit doesn't exist in target module
  [90m 9 |[0m } [36mfrom[0m [32m"@/features/resume/export-service"[0m;
  [90m10 |[0m [36mimport[0m { requireAuth } [36mfrom[0m 
[32m"@/lib/auth/guards"[0m;
[31m[1m>[0m [90m11 |[0m [36mimport[0m { createRateLimit, 
rateLimitPresets } [36mfrom[0m [32m"@/lib/security/rate-limit"[0m;
  [90m   |[0m [31m[1m^^^^^^^^^^^^^^^^^^^^^^^^^^^^^^^^^^^^^^^^^^^^^^^^^^^
^^^^^^^^^^^^^^^^^^^^^^^^^^^[0m
  [90m12 |[0m [36mimport[0m { prisma } [36mfrom[0m 
[32m"@/lib/prisma"[0m;
  [90m13 |[0m [36mimport[0m { generateResumePDF } [36mfrom[0m 
[32m"@/lib/pdf-generator"[0m;
  [90m14 |[0m

The export createRateLimit was not found in module 
[project]/src/lib/security/rate-limit.ts [app-route] (ecmascript).
Did you mean to import checkRateLimit?
All exports of the module are statically known (It doesn't have dynamic 
exports). So it's known statically that the requested export doesn't exist.


./src/app/api/resumes/[resumeId]/share/route.ts:6:1
Export createRateLimit doesn't exist in target module
  [90m4 |[0m [36mimport[0m { [33mSharingService[0m } [36mfrom[0m 
[32m'@/features/resume/sharing-service'[0m;
  [90m5 |[0m [36mimport[0m { prisma } [36mfrom[0m 
[32m'@/lib/prisma'[0m;
[31m[1m>[0m [90m6 |[0m [36mimport[0m { createRateLimit, 
rateLimitPresets } [36mfrom[0m [32m'@/lib/security/rate-limit'[0m;
  [90m  |[0m [31m[1m^^^^^^^^^^^^^^^^^^^^^^^^^^^^^^^^^^^^^^^^^^^^^^^^^^^^
^^^^^^^^^^^^^^^^^^^^^^^^^^[0m
  [90m7 |[0m
  [90m8 |[0m [36mconst[0m [33mShareSchema[0m = z.object({
  [90m9 |[0m   recipients: 
z.array(z.string().email()).min([35m1[0m).max([35m50[0m),

The export createRateLimit was not found in module 
[project]/src/lib/security/rate-limit.ts [app-route] (ecmascript).
Did you mean to import checkRateLimit?
All exports of the module are statically known (It doesn't have dynamic 
exports). So it's known statically that the requested export doesn't exist.


./src/app/api/resumes/ai/route.ts:11:1
Export createRateLimit doesn't exist in target module
  [90m 9 |[0m } [36mfrom[0m [32m"@/features/resume/ai-service"[0m;
  [90m10 |[0m [36mimport[0m { requireAuth } [36mfrom[0m 
[32m"@/lib/auth/guards"[0m;
[31m[1m>[0m [90m11 |[0m [36mimport[0m { createRateLimit, 
rateLimitPresets } [36mfrom[0m [32m"@/lib/security/rate-limit"[0m;
  [90m   |[0m [31m[1m^^^^^^^^^^^^^^^^^^^^^^^^^^^^^^^^^^^^^^^^^^^^^^^^^^^
^^^^^^^^^^^^^^^^^^^^^^^^^^^[0m
  [90m12 |[0m
  [90m13 |[0m [36mexport[0m [36mconst[0m runtime = [32m"nodejs"[0m;
  [90m14 |[0m

The export createRateLimit was not found in module 
[project]/src/lib/security/rate-limit.ts [app-route] (ecmascript).
Did you mean to import checkRateLimit?
All exports of the module are statically known (It doesn't have dynamic 
exports). So it's known statically that the requested export doesn't exist.


./src/app/api/resumes/export/route.ts:14:1
Export createRateLimit doesn't exist in target module
  [90m12 |[0m } [36mfrom[0m [32m"@/features/resume/export-service"[0m;
  [90m13 |[0m [36mimport[0m { requireAuth } [36mfrom[0m 
[32m"@/lib/auth/guards"[0m;
[31m[1m>[0m [90m14 |[0m [36mimport[0m { createRateLimit, 
rateLimitPresets } [36mfrom[0m [32m"@/lib/security/rate-limit"[0m;
  [90m   |[0m [31m[1m^^^^^^^^^^^^^^^^^^^^^^^^^^^^^^^^^^^^^^^^^^^^^^^^^^^
^^^^^^^^^^^^^^^^^^^^^^^^^^^[0m
  [90m15 |[0m [36mimport[0m { prisma } [36mfrom[0m 
[32m"@/lib/prisma"[0m;
  [90m16 |[0m
  [90m17 |[0m [36mexport[0m [36mconst[0m runtime = [32m"nodejs"[0m;

The export createRateLimit was not found in module 
[project]/src/lib/security/rate-limit.ts [app-route] (ecmascript).
Did you mean to import checkRateLimit?
All exports of the module are statically known (It doesn't have dynamic 
exports). So it's known statically that the requested export doesn't exist.


./src/app/api/resumes/route.ts:5:1
Export createRateLimit doesn't exist in target module
  [90m3 |[0m [36mimport[0m { listUserResumes } [36mfrom[0m 
[32m"@/features/resume/service"[0m;
  [90m4 |[0m [36mimport[0m { requireAuth } [36mfrom[0m 
[32m"@/lib/auth/guards"[0m;
[31m[1m>[0m [90m5 |[0m [36mimport[0m { createRateLimit, 
rateLimitPresets } [36mfrom[0m [32m"@/lib/security/rate-limit"[0m;
  [90m  |[0m [31m[1m^^^^^^^^^^^^^^^^^^^^^^^^^^^^^^^^^^^^^^^^^^^^^^^^^^^^
^^^^^^^^^^^^^^^^^^^^^^^^^^[0m
  [90m6 |[0m
  [90m7 |[0m [36mexport[0m [36mconst[0m runtime = [32m"nodejs"[0m;
  [90m8 |[0m

The export createRateLimit was not found in module 
[project]/src/lib/security/rate-limit.ts [app-route] (ecmascript).
Did you mean to import checkRateLimit?
All exports of the module are statically known (It doesn't have dynamic 
exports). So it's known statically that the requested export doesn't exist.


./src/app/admin/system/page.tsx:9:1
Export createTenantInvite doesn't exist in target module
  [90m 7 |[0m [36mimport[0m { [33mInput[0m } [36mfrom[0m 
[32m"@/components/ui/input"[0m;
  [90m 8 |[0m [36mimport[0m { [33mStatCard[0m } [36mfrom[0m 
[32m"../../components/ui/stat-card"[0m;
[31m[1m>[0m [90m 9 |[0m [36mimport[0m {
  [90m   |[0m [31m[1m^^^^^^^[0m
[31m[1m>[0m [90m10 |[0m   updateUserRole,
  [90m   |[0m [31m[1m^^^^^^^^^^^^^^^^^[0m
[31m[1m>[0m [90m11 |[0m   requireAdminUser,
  [90m   |[0m [31m[1m^^^^^^^^^^^^^^^^^^^[0m
[31m[1m>[0m [90m12 |[0m   getSystemSnapshot,
  [90m   |[0m [31m[1m^^^^^^^^^^^^^^^^^^^^[0m
[31m[1m>[0m [90m13 |[0m   toggleFeatureFlag,
  [90m   |[0m [31m[1m^^^^^^^^^^^^^^^^^^^^[0m
[31m[1m>[0m [90m14 |[0m   createTenantInvite,
  [90m   |[0m [31m[1m^^^^^^^^^^^^^^^^^^^^^[0m
[31m[1m>[0m [90m15 |[0m   listTenantInvites,
  [90m   |[0m [31m[1m^^^^^^^^^^^^^^^^^^^^[0m
[31m[1m>[0m [90m16 |[0m } [36mfrom[0m 
[32m"@/features/admin/service"[0m;
  [90m   |[0m [31m[1m^^^^^^^^^^^^^^^^^^^^^^^^^^^^^^^^^^[0m
  [90m17 |[0m
  [90m18 |[0m [36mimport[0m { [33mAdminShell[0m } [36mfrom[0m 
[32m"../_components/admin-shell"[0m;
  [90m19 |[0m

The export createTenantInvite was not found in module 
[project]/src/features/admin/service.ts [app-rsc] (ecmascript).
Did you mean to import restoreCourse?
All exports of the module are statically known (It doesn't have dynamic 
exports). So it's known statically that the requested export doesn't exist.


./src/app/admin/users/page.tsx:10:1
Export createTenantInvite doesn't exist in target module
  [90m 8 |[0m [36mimport[0m { [33mLabel[0m } [36mfrom[0m 
[32m"../../../components/ui/label"[0m;
  [90m 9 |[0m [36mimport[0m { [33mTextarea[0m } [36mfrom[0m 
[32m"../../../components/ui/textarea"[0m;
[31m[1m>[0m [90m10 |[0m [36mimport[0m {
  [90m   |[0m [31m[1m^^^^^^^[0m
[31m[1m>[0m [90m11 |[0m   createTenantInvite,
  [90m   |[0m [31m[1m^^^^^^^^^^^^^^^^^^^^^[0m
[31m[1m>[0m [90m12 |[0m   listAllUsers,
  [90m   |[0m [31m[1m^^^^^^^^^^^^^^^[0m
[31m[1m>[0m [90m13 |[0m   updateUserRole,
  [90m   |[0m [31m[1m^^^^^^^^^^^^^^^^^[0m
[31m[1m>[0m [90m14 |[0m   updateUserStatus,
  [90m   |[0m [31m[1m^^^^^^^^^^^^^^^^^^^[0m
[31m[1m>[0m [90m15 |[0m } [36mfrom[0m 
[32m"../../../features/admin/service"[0m;
  [90m   |[0m [31m[1m^^^^^^^^^^^^^^^^^^^^^^^^^^^^^^^^^^^^^^^^^[0m
  [90m16 |[0m [36mimport[0m { upsertStudentProfile } [36mfrom[0m 
[32m"../../../features/profile/service"[0m;
  [90m17 |[0m [36mimport[0m { requireSession } [36mfrom[0m 
[32m"../../../lib/auth/session"[0m;
  [90m18 |[0m [36mimport[0m { prisma } [36mfrom[0m 
[32m"../../../lib/prisma"[0m;

The export createTenantInvite was not found in module 
[project]/src/features/admin/service.ts [app-rsc] (ecmascript).
Did you mean to import restoreCourse?
All exports of the module are statically known (It doesn't have dynamic 
exports). So it's known statically that the requested export doesn't exist.


./src/app/api/forum/threads/route.ts:2:1
Export createThreadWithTags doesn't exist in target module
  [90m1 |[0m ...[32mrver"[0m;
[31m[1m>[0m [90m2 |[0m ...nreadThreadCount, createThreadWithTags, 
listThreadsByTag, listThreadsByQuery, createForu...
  [90m  |[0m    [31m[1m^^^^^^^^^^^^^^^^^^^^^^^^^^^^^^^^^^^^^^^^^^^^^^^^^
^^^^^^^^^^^^^^^^^^^^^^^^^^^^^^^^^^^^^^^^^^[0m
  [90m3 |[0m ...[32mjwt"[0m;
  [90m4 |[0m ...
  [90m5 |[0m ...[32mures/forum/types"[0m;

The export createThreadWithTags was not found in module 
[project]/src/features/forum/service.ts [app-route] (ecmascript).
Did you mean to import createForumPost?
All exports of the module are statically known (It doesn't have dynamic 
exports). So it's known statically that the requested export doesn't exist.


./src/app/api/tutor/exams/route.ts:3:1
Export createTutorExam doesn't exist in target module
  [90m1 |[0m ...[33mquest[0m, [33mNextResponse[0m } [36mfrom[0m 
[32m"next/server"[0m;
  [90m2 |[0m ...
[31m[1m>[0m [90m3 |[0m ...TutorExam, listTutorExams, 
upsertTutorCourseDraft, [33mExamType[0m } [36mfrom[0m 
[32m"../../../../features...[0m
  [90m  |[0m    [31m[1m^^^^^^^^^^^^^^^^^^^^^^^^^^^^^^^^^^^^^^^^^^^^^^^^^
^^^^^^^^^^^^^^^^^^^^^^^^^^^^^^^^^^^^^^^^^^[0m
  [90m4 |[0m ...Token } [36mfrom[0m [32m"../../../../lib/auth/jwt"[0m;
  [90m5 |[0m ...
  [90m6 |[0m ...[36mnction[0m [33mGET[0m(request: 
[33mNextRequest[0m) {

The export createTutorExam was not found in module 
[project]/src/features/tutor/service.ts [app-route] (ecmascript).
Did you mean to import updateTutorCourse?
All exports of the module are statically known (It doesn't have dynamic 
exports). So it's known statically that the requested export doesn't exist.


./src/app/courses/[courseId]/chat/page.tsx:6:1
Export ensureCourseChatContext doesn't exist in target module
  [90m4 |[0m [36mimport[0m { [33mBadge[0m } [36mfrom[0m 
[32m"@/components/ui/badge"[0m;
  [90m5 |[0m [36mimport[0m { [33mButton[0m } [36mfrom[0m 
[32m"@/components/ui/button"[0m;
[31m[1m>[0m [90m6 |[0m [36mimport[0m { ensureCourseChatContext } 
[36mfrom[0m [32m"@/features/chat/service"[0m;
  [90m  |[0m [31m[1m^^^^^^^^^^^^^^^^^^^^^^^^^^^^^^^^^^^^^^^^^^^^^^^^^^^^
^^^^^^^^^^^^^^[0m
  [90m7 |[0m [36mimport[0m { requireSession } [36mfrom[0m 
[32m"@/lib/auth/session"[0m;
  [90m8 |[0m
  [90m9 |[0m [36mimport[0m { [33mCourseChatContent[0m } [36mfrom[0m 
[32m"./course-chat-content"[0m;

The export ensureCourseChatContext was not found in module 
[project]/src/features/chat/service.ts [app-rsc] (ecmascript).
Did you mean to import getChatMessages?
All exports of the module are statically known (It doesn't have dynamic 
exports). So it's known statically that the requested export doesn't exist.


./src/app/api/ai/generate-bullets/route.ts:3:1
Export generateBulletPoints doesn't exist in target module
  [90m1 |[0m [36mimport[0m { [33mNextRequest[0m, 
[33mNextResponse[0m } [36mfrom[0m [32m"next/server"[0m;
  [90m2 |[0m
[31m[1m>[0m [90m3 |[0m [36mimport[0m { generateBulletPoints } 
[36mfrom[0m [32m"../../../../lib/ai/resume"[0m;
  [90m  |[0m [31m[1m^^^^^^^^^^^^^^^^^^^^^^^^^^^^^^^^^^^^^^^^^^^^^^^^^^^^
^^^^^^^^^^^^^[0m
  [90m4 |[0m [36mimport[0m { verifyToken } [36mfrom[0m 
[32m"../../../../lib/auth/jwt"[0m;
  [90m5 |[0m [36mimport[0m { z } [36mfrom[0m [32m"zod"[0m;
  [90m6 |[0m

The export generateBulletPoints was not found in module 
[project]/src/lib/ai/resume.ts [app-route] (ecmascript).
Did you mean to import generateAchievementsFromContext?
All exports of the module are statically known (It doesn't have dynamic 
exports). So it's known statically that the requested export doesn't exist.


./src/app/api/resume/ai-generate/route.ts:5:1
Export generateBulletPoints doesn't exist in target module
  [90m 3 |[0m [36mimport[0m { withAuth } [36mfrom[0m 
[32m"@/lib/auth/guards"[0m;
  [90m 4 |[0m [36mimport[0m { getOpenAIClient } [36mfrom[0m 
[32m"@/lib/ai/client"[0m;
[31m[1m>[0m [90m 5 |[0m [36mimport[0m {
  [90m   |[0m [31m[1m^^^^^^^[0m
[31m[1m>[0m [90m 6 |[0m   optimizeResumeSummary,
  [90m   |[0m [31m[1m^^^^^^^^^^^^^^^^^^^^^^^^[0m
[31m[1m>[0m [90m 7 |[0m   generateAchievementsFromContext,
  [90m   |[0m [31m[1m^^^^^^^^^^^^^^^^^^^^^^^^^^^^^^^^^^[0m
[31m[1m>[0m [90m 8 |[0m   generateBulletPoints,
  [90m   |[0m [31m[1m^^^^^^^^^^^^^^^^^^^^^^^[0m
[31m[1m>[0m [90m 9 |[0m } [36mfrom[0m [32m"@/lib/ai/resume"[0m;
  [90m   |[0m [31m[1m^^^^^^^^^^^^^^^^^^^^^^^^^[0m
  [90m10 |[0m
  [90m11 |[0m [90m// Simple in-memory rate limiter per user (POC). 
Limits to 10 requests per 60s window.[0m
  [90m12 |[0m [36mconst[0m [33mRATE_LIMIT_WINDOW_MS[0m = [35m60[0m 
* [35m1000[0m;

The export generateBulletPoints was not found in module 
[project]/src/lib/ai/resume.ts [app-route] (ecmascript).
Did you mean to import generateAchievementsFromContext?
All exports of the module are statically known (It doesn't have dynamic 
exports). So it's known statically that the requested export doesn't exist.


./src/app/resume/[slug]/edit/page.tsx:26:1
Export generateBulletPoints doesn't exist in target module
  [90m24 |[0m [36mimport[0m { upsertStudentProfile } [36mfrom[0m 
[32m"../../../../features/profile/service"[0m;
  [90m25 |[0m [36mimport[0m { [33mResumeExperienceSchema[0m, 
[33mResumeProjectSchema[0m } [36mfrom[0m 
[32m"../../../../features/resume/s...[0m
[31m[1m>[0m [90m26 |[0m [36mimport[0m {
  [90m   |[0m [31m[1m^^^^^^^[0m
[31m[1m>[0m [90m27 |[0m   analyzeATSMatch,
  [90m   |[0m [31m[1m^^^^^^^^^^^^^^^^^^[0m
[31m[1m>[0m [90m28 |[0m   analyzeSkills,
  [90m   |[0m [31m[1m^^^^^^^^^^^^^^^^[0m
[31m[1m>[0m [90m29 |[0m   generateBulletPoints,
  [90m   |[0m [31m[1m^^^^^^^^^^^^^^^^^^^^^^^[0m
[31m[1m>[0m [90m30 |[0m   generateCoverLetter,
  [90m   |[0m [31m[1m^^^^^^^^^^^^^^^^^^^^^^[0m
[31m[1m>[0m [90m31 |[0m   optimizeResumeSummary,
  [90m   |[0m [31m[1m^^^^^^^^^^^^^^^^^^^^^^^^[0m
[31m[1m>[0m [90m32 |[0m } [36mfrom[0m 
[32m"../../../../lib/ai/resume"[0m;
  [90m   |[0m [31m[1m^^^^^^^^^^^^^^^^^^^^^^^^^^^^^^^^^^^[0m
  [90m33 |[0m [36mimport[0m { requireSession } [36mfrom[0m 
[32m"../../../../lib/auth/session"[0m;
  [90m34 |[0m [36mimport[0m { invalidateDashboardInsights } 
[36mfrom[0m [32m"../../../../features/dashboard/service"[0m;
  [90m35 |[0m [36mimport[0m [36mtype[0m {

The export generateBulletPoints was not found in module 
[project]/src/lib/ai/resume.ts [app-rsc] (ecmascript).
Did you mean to import generateAchievementsFromContext?
All exports of the module are statically known (It doesn't have dynamic 
exports). So it's known statically that the requested export doesn't exist.


./src/app/resume/[slug]/edit/page.tsx:26:1
Export generateCoverLetter doesn't exist in target module
  [90m24 |[0m [36mimport[0m { upsertStudentProfile } [36mfrom[0m 
[32m"../../../../features/profile/service"[0m;
  [90m25 |[0m [36mimport[0m { [33mResumeExperienceSchema[0m, 
[33mResumeProjectSchema[0m } [36mfrom[0m 
[32m"../../../../features/resume/s...[0m
[31m[1m>[0m [90m26 |[0m [36mimport[0m {
  [90m   |[0m [31m[1m^^^^^^^[0m
[31m[1m>[0m [90m27 |[0m   analyzeATSMatch,
  [90m   |[0m [31m[1m^^^^^^^^^^^^^^^^^^[0m
[31m[1m>[0m [90m28 |[0m   analyzeSkills,
  [90m   |[0m [31m[1m^^^^^^^^^^^^^^^^[0m
[31m[1m>[0m [90m29 |[0m   generateBulletPoints,
  [90m   |[0m [31m[1m^^^^^^^^^^^^^^^^^^^^^^^[0m
[31m[1m>[0m [90m30 |[0m   generateCoverLetter,
  [90m   |[0m [31m[1m^^^^^^^^^^^^^^^^^^^^^^[0m
[31m[1m>[0m [90m31 |[0m   optimizeResumeSummary,
  [90m   |[0m [31m[1m^^^^^^^^^^^^^^^^^^^^^^^^[0m
[31m[1m>[0m [90m32 |[0m } [36mfrom[0m 
[32m"../../../../lib/ai/resume"[0m;
  [90m   |[0m [31m[1m^^^^^^^^^^^^^^^^^^^^^^^^^^^^^^^^^^^[0m
  [90m33 |[0m [36mimport[0m { requireSession } [36mfrom[0m 
[32m"../../../../lib/auth/session"[0m;
  [90m34 |[0m [36mimport[0m { invalidateDashboardInsights } 
[36mfrom[0m [32m"../../../../features/dashboard/service"[0m;
  [90m35 |[0m [36mimport[0m [36mtype[0m {

The export generateCoverLetter was not found in module 
[project]/src/lib/ai/resume.ts [app-rsc] (ecmascript).
Did you mean to import generateAchievementsFromContext?
All exports of the module are statically known (It doesn't have dynamic 
exports). So it's known statically that the requested export doesn't exist.


./src/app/admin/analytics/page.tsx:5:1
Export getAnalyticsOverview doesn't exist in target module
  [90m3 |[0m [36mimport[0m { [33mBadge[0m } [36mfrom[0m 
[32m"../../../components/ui/badge"[0m;
  [90m4 |[0m [36mimport[0m { [33mCard[0m, [33mCardContent[0m, 
[33mCardHeader[0m, [33mCardTitle[0m } [36mfrom[0m 
[32m"../../../components/ui/card"[0m;
[31m[1m>[0m [90m5 |[0m [36mimport[0m { getAnalyticsOverview } 
[36mfrom[0m [32m"../../../features/admin/service"[0m;
  [90m  |[0m [31m[1m^^^^^^^^^^^^^^^^^^^^^^^^^^^^^^^^^^^^^^^^^^^^^^^^^^^^
^^^^^^^^^^^^^^^^^^^[0m
  [90m6 |[0m
  [90m7 |[0m [36mimport[0m { [33mAdminShell[0m } [36mfrom[0m 
[32m"../_components/admin-shell"[0m;
  [90m8 |[0m

The export getAnalyticsOverview was not found in module 
[project]/src/features/admin/service.ts [app-rsc] (ecmascript).
Did you mean to import archiveCourse?
All exports of the module are statically known (It doesn't have dynamic 
exports). So it's known statically that the requested export doesn't exist.


./src/app/api/chat/direct/conversations/[conversationId]/route.ts:3:1
Export getConversation doesn't exist in target module
  [90m1 |[0m [36mimport[0m { [33mNextRequest[0m, 
[33mNextResponse[0m } [36mfrom[0m [32m"next/server"[0m;
  [90m2 |[0m [36mimport[0m { requireAuth } [36mfrom[0m 
[32m"../../../_helpers"[0m;
[31m[1m>[0m [90m3 |[0m [36mimport[0m { getConversation } 
[36mfrom[0m [32m"@/features/chat/service"[0m;
  [90m  |[0m 
[31m[1m^^^^^^^^^^^^^^^^^^^^^^^^^^^^^^^^^^^^^^^^^^^^^^^^^^^^^^^^^^[0m
  [90m4 |[0m
  [90m5 |[0m [36mexport[0m [36masync[0m [36mfunction[0m 
[33mGET[0m(
  [90m6 |[0m   req: [33mNextRequest[0m,

The export getConversation was not found in module 
[project]/src/features/chat/service.ts [app-route] (ecmascript).
Did you mean to import getChatThreads?
All exports of the module are statically known (It doesn't have dynamic 
exports). So it's known statically that the requested export doesn't exist.


./src/app/api/interview-sessions/[sessionId]/route.ts:5:1
Export getInterviewSession doesn't exist in target module
  [90m3 |[0m [36mimport[0m { z } [36mfrom[0m [32m"zod"[0m;
  [90m4 |[0m
[31m[1m>[0m [90m5 |[0m [36mimport[0m { getInterviewSession, 
updateInterviewSession } [36mfrom[0m 
[32m"@/features/interview/service"[0m;
  [90m  |[0m [31m[1m^^^^^^^^^^^^^^^^^^^^^^^^^^^^^^^^^^^^^^^^^^^^^^^^^^^^
^^^^^^^^^^^^^^^^^^^^^^^^^^^^^^^^^^^^^^^[0m
  [90m6 |[0m [36mimport[0m { requireSession } [36mfrom[0m 
[32m"@/lib/auth/session"[0m;
  [90m7 |[0m
  [90m8 |[0m [36mconst[0m updateSessionSchema = z.object({

The export getInterviewSession was not found in module 
[project]/src/features/interview/service.ts [app-route] (ecmascript).
Did you mean to import getInterviewSessions?
All exports of the module are statically known (It doesn't have dynamic 
exports). So it's known statically that the requested export doesn't exist.


./src/app/join/[token]/page.tsx:10:1
Export getInviteByToken doesn't exist in target module
  [90m 8 |[0m [36mimport[0m { [33mInput[0m } [36mfrom[0m 
[32m"../../../components/ui/input"[0m;
  [90m 9 |[0m [36mimport[0m { [33mTextarea[0m } [36mfrom[0m 
[32m"../../../components/ui/textarea"[0m;
[31m[1m>[0m [90m10 |[0m [36mimport[0m { getInviteByToken, 
markInviteStatus } [36mfrom[0m [32m"../../../features/admin/service"[0m;
  [90m   |[0m [31m[1m^^^^^^^^^^^^^^^^^^^^^^^^^^^^^^^^^^^^^^^^^^^^^^^^^^^
^^^^^^^^^^^^^^^^^^^^^^^^^^^^^^^^^^[0m
  [90m11 |[0m [36mimport[0m { registerUser } [36mfrom[0m 
[32m"../../../features/auth/service"[0m;
  [90m12 |[0m
  [90m13 |[0m [36mtype[0m [33mJoinPageProps[0m = {

The export getInviteByToken was not found in module 
[project]/src/features/admin/service.ts [app-rsc] (ecmascript).
Did you mean to import restoreCourse?
All exports of the module are statically known (It doesn't have dynamic 
exports). So it's known statically that the requested export doesn't exist.


./src/app/admin/jobs/page.tsx:14:1
Export getJobManagementSnapshot doesn't exist in target module
  [90m12 |[0m [36mimport[0m { [33mCard[0m, [33mCardContent[0m, 
[33mCardHeader[0m, [33mCardTitle[0m } [36mfrom[0m 
[32m"../../../components/ui/card"[0m;
  [90m13 |[0m [36mimport[0m { [33mStatCard[0m } [36mfrom[0m 
[32m"../../../components/ui/stat-card"[0m;
[31m[1m>[0m [90m14 |[0m [36mimport[0m {
  [90m   |[0m [31m[1m^^^^^^^[0m
[31m[1m>[0m [90m15 |[0m   createJobPosting,
  [90m   |[0m [31m[1m^^^^^^^^^^^^^^^^^^^[0m
[31m[1m>[0m [90m16 |[0m   getJobManagementSnapshot,
  [90m   |[0m [31m[1m^^^^^^^^^^^^^^^^^^^^^^^^^^^[0m
[31m[1m>[0m [90m17 |[0m   listAllJobs,
  [90m   |[0m [31m[1m^^^^^^^^^^^^^^[0m
[31m[1m>[0m [90m18 |[0m   updateJobPostingStatus,
  [90m   |[0m [31m[1m^^^^^^^^^^^^^^^^^^^^^^^^^[0m
[31m[1m>[0m [90m19 |[0m } [36mfrom[0m 
[32m"../../../features/admin/service"[0m;
  [90m   |[0m [31m[1m^^^^^^^^^^^^^^^^^^^^^^^^^^^^^^^^^^^^^^^^^[0m
  [90m20 |[0m
  [90m21 |[0m [36mimport[0m { [33mAdminShell[0m } [36mfrom[0m 
[32m"../_components/admin-shell"[0m;
  [90m22 |[0m [36mimport[0m { [33mCreateJobSheet[0m } [36mfrom[0m 
[32m"./_components/create-job-sheet"[0m;

The export getJobManagementSnapshot was not found in module 
[project]/src/features/admin/service.ts [app-rsc] (ecmascript).
Did you mean to import restoreCourse?
All exports of the module are statically known (It doesn't have dynamic 
exports). So it's known statically that the requested export doesn't exist.


./src/app/courses/[courseId]/lessons/[lessonId]/page.tsx:7:1
Export getLearnerLesson doesn't exist in target module
  [90m 5 |[0m [36mimport[0m { [33mButton[0m } [36mfrom[0m 
[32m"../../../../../components/ui/button"[0m;
  [90m 6 |[0m [36mimport[0m { [33mCard[0m, [33mCardContent[0m, 
[33mCardDescription[0m, [33mCardHeader[0m, [33mCardTitle[0m } 
[36mfrom[0m [32m"../../../../../...[0m
[31m[1m>[0m [90m 7 |[0m [36mimport[0m { getLearnerLesson } 
[36mfrom[0m [32m"../../../../../features/lms/data/course-service"[0m;
  [90m   |[0m [31m[1m^^^^^^^^^^^^^^^^^^^^^^^^^^^^^^^^^^^^^^^^^^^^^^^^^^^
^^^^^^^^^^^^^^^^^^^^^^^^^^^^^^^^[0m
  [90m 8 |[0m [36mimport[0m { requireSession } [36mfrom[0m 
[32m"../../../../../lib/auth/session"[0m;
  [90m 9 |[0m [36mimport[0m [33mLessonPageClient[0m [36mfrom[0m 
[32m"./lesson-client"[0m;
  [90m10 |[0m

The export getLearnerLesson was not found in module 
[project]/src/features/lms/data/course-service.ts [app-rsc] (ecmascript).
Did you mean to import getCourses?
All exports of the module are statically known (It doesn't have dynamic 
exports). So it's known statically that the requested export doesn't exist.


./src/app/api/chat/direct/conversations/route.ts:3:1
Export getOrCreateDirectConversation doesn't exist in target module
  [90m 1 |[0m [36mimport[0m { [33mNextRequest[0m, 
[33mNextResponse[0m } [36mfrom[0m [32m"next/server"[0m;
  [90m 2 |[0m [36mimport[0m { requireAuth } [36mfrom[0m 
[32m"../../_helpers"[0m;
[31m[1m>[0m [90m 3 |[0m [36mimport[0m {
  [90m   |[0m [31m[1m^^^^^^^[0m
[31m[1m>[0m [90m 4 |[0m   listUserConversations,
  [90m   |[0m [31m[1m^^^^^^^^^^^^^^^^^^^^^^^^[0m
[31m[1m>[0m [90m 5 |[0m   getOrCreateDirectConversation,
  [90m   |[0m [31m[1m^^^^^^^^^^^^^^^^^^^^^^^^^^^^^^^^[0m
[31m[1m>[0m [90m 6 |[0m   createGroupConversation,
  [90m   |[0m [31m[1m^^^^^^^^^^^^^^^^^^^^^^^^^^[0m
[31m[1m>[0m [90m 7 |[0m } [36mfrom[0m 
[32m"@/features/chat/service"[0m;
  [90m   |[0m [31m[1m^^^^^^^^^^^^^^^^^^^^^^^^^^^^^^^^^[0m
  [90m 8 |[0m
  [90m 9 |[0m [36mexport[0m [36masync[0m [36mfunction[0m 
[33mGET[0m(req: [33mNextRequest[0m) {
  [90m10 |[0m   [36mtry[0m {

The export getOrCreateDirectConversation was not found in module 
[project]/src/features/chat/service.ts [app-route] (ecmascript).
Did you mean to import getChatThreads?
All exports of the module are statically known (It doesn't have dynamic 
exports). So it's known statically that the requested export doesn't exist.


./src/app/api/admin/courses/route.ts:3:1
Export getSessionUser doesn't exist in target module
  [90m1 |[0m [36mimport[0m { [33mNextRequest[0m, 
[33mNextResponse[0m } [36mfrom[0m [32m'next/server'[0m;
  [90m2 |[0m [36mimport[0m { prisma } [36mfrom[0m 
[32m'../../../../lib/prisma'[0m;
[31m[1m>[0m [90m3 |[0m [36mimport[0m { requireAuth, requireRole, 
getSessionUser } [36mfrom[0m [32m'../../../../lib/auth'[0m;
  [90m  |[0m [31m[1m^^^^^^^^^^^^^^^^^^^^^^^^^^^^^^^^^^^^^^^^^^^^^^^^^^^^
^^^^^^^^^^^^^^^^^^^^^^^^^^^^[0m
  [90m4 |[0m [36mimport[0m { z } [36mfrom[0m [32m'zod'[0m;
  [90m5 |[0m
  [90m6 |[0m [90m// Validation schema for course creation[0m

The export getSessionUser was not found in module 
[project]/src/lib/auth/guards.ts [app-route] (ecmascript).
Did you mean to import AuthError?
All exports of the module are statically known (It doesn't have dynamic 
exports). So it's known statically that the requested export doesn't exist.


./src/lib/auth/index.ts:29:1
Export getSessionUser doesn't exist in target module
  [90m27 |[0m
  [90m28 |[0m [90m// Auth guards for API routes[0m
[31m[1m>[0m [90m29 |[0m [36mexport[0m {
  [90m   |[0m [31m[1m^^^^^^^[0m
[31m[1m>[0m [90m30 |[0m   [33mAuthError[0m,
  [90m   |[0m [31m[1m^^^^^^^^^^^^[0m
[31m[1m>[0m [90m31 |[0m   extractSessionFromRequest,
  [90m   |[0m [31m[1m^^^^^^^^^^^^^^^^^^^^^^^^^^^^[0m
[31m[1m>[0m [90m32 |[0m   requireAuth,
  [90m   |[0m [31m[1m^^^^^^^^^^^^^^[0m
[31m[1m>[0m [90m33 |[0m   requireRole,
  [90m   |[0m [31m[1m^^^^^^^^^^^^^^[0m
[31m[1m>[0m [90m34 |[0m   requirePermission,
  [90m   |[0m [31m[1m^^^^^^^^^^^^^^^^^^^^[0m
[31m[1m>[0m [90m35 |[0m   requireRouteAccess,
  [90m   |[0m [31m[1m^^^^^^^^^^^^^^^^^^^^^[0m
[31m[1m>[0m [90m36 |[0m   getSessionUser,
  [90m   |[0m [31m[1m^^^^^^^^^^^^^^^^^[0m
[31m[1m>[0m [90m37 |[0m   requireTenant,
  [90m   |[0m [31m[1m^^^^^^^^^^^^^^^^[0m
[31m[1m>[0m [90m38 |[0m   requireSuperAdmin,
  [90m   |[0m [31m[1m^^^^^^^^^^^^^^^^^^^^[0m
[31m[1m>[0m [90m39 |[0m   requireAdminOrSuperAdmin,
  [90m   |[0m [31m[1m^^^^^^^^^^^^^^^^^^^^^^^^^^^[0m
[31m[1m>[0m [90m40 |[0m   createAuthErrorResponse,
  [90m   |[0m [31m[1m^^^^^^^^^^^^^^^^^^^^^^^^^^[0m
[31m[1m>[0m [90m41 |[0m   withAuth,
  [90m   |[0m [31m[1m^^^^^^^^^^^[0m
[31m[1m>[0m [90m42 |[0m   withRole,
  [90m   |[0m [31m[1m^^^^^^^^^^^[0m
[31m[1m>[0m [90m43 |[0m   withPermission,
  [90m   |[0m [31m[1m^^^^^^^^^^^^^^^^^[0m
[31m[1m>[0m [90m44 |[0m } [36mfrom[0m [32m"./guards"[0m;
  [90m   |[0m [31m[1m^^^^^^^^^^^^^^^^^^[0m
  [90m45 |[0m
  [90m46 |[0m [90m// Constants[0m
  [90m47 |[0m [36mexport[0m { [33mNOT_AUTH_REDIRECT[0m, 
[33mNOT_AUTH_REASON[0m } [36mfrom[0m [32m"./constants"[0m;

The export getSessionUser was not found in module 
[project]/src/lib/auth/guards.ts [app-route] (ecmascript).
Did you mean to import AuthError?
All exports of the module are statically known (It doesn't have dynamic 
exports). So it's known statically that the requested export doesn't exist.

Import trace:
  App Route:
    ./src/lib/auth/index.ts
    ./src/app/api/admin/courses/route.ts


./src/app/admin/system/page.tsx:9:1
Export getSystemSnapshot doesn't exist in target module
  [90m 7 |[0m [36mimport[0m { [33mInput[0m } [36mfrom[0m 
[32m"@/components/ui/input"[0m;
  [90m 8 |[0m [36mimport[0m { [33mStatCard[0m } [36mfrom[0m 
[32m"../../components/ui/stat-card"[0m;
[31m[1m>[0m [90m 9 |[0m [36mimport[0m {
  [90m   |[0m [31m[1m^^^^^^^[0m
[31m[1m>[0m [90m10 |[0m   updateUserRole,
  [90m   |[0m [31m[1m^^^^^^^^^^^^^^^^^[0m
[31m[1m>[0m [90m11 |[0m   requireAdminUser,
  [90m   |[0m [31m[1m^^^^^^^^^^^^^^^^^^^[0m
[31m[1m>[0m [90m12 |[0m   getSystemSnapshot,
  [90m   |[0m [31m[1m^^^^^^^^^^^^^^^^^^^^[0m
[31m[1m>[0m [90m13 |[0m   toggleFeatureFlag,
  [90m   |[0m [31m[1m^^^^^^^^^^^^^^^^^^^^[0m
[31m[1m>[0m [90m14 |[0m   createTenantInvite,
  [90m   |[0m [31m[1m^^^^^^^^^^^^^^^^^^^^^[0m
[31m[1m>[0m [90m15 |[0m   listTenantInvites,
  [90m   |[0m [31m[1m^^^^^^^^^^^^^^^^^^^^[0m
[31m[1m>[0m [90m16 |[0m } [36mfrom[0m 
[32m"@/features/admin/service"[0m;
  [90m   |[0m [31m[1m^^^^^^^^^^^^^^^^^^^^^^^^^^^^^^^^^^[0m
  [90m17 |[0m
  [90m18 |[0m [36mimport[0m { [33mAdminShell[0m } [36mfrom[0m 
[32m"../_components/admin-shell"[0m;
  [90m19 |[0m

The export getSystemSnapshot was not found in module 
[project]/src/features/admin/service.ts [app-rsc] (ecmascript).
Did you mean to import requireAdminUser?
All exports of the module are statically known (It doesn't have dynamic 
exports). So it's known statically that the requested export doesn't exist.


./src/app/admin/page.tsx:20:1
Export getTenantAdminDashboard doesn't exist in target module
  [90m18 |[0m [36mimport[0m { [33mProgress[0m } [36mfrom[0m 
[32m"../../components/ui/progress"[0m;
  [90m19 |[0m [36mimport[0m { [33mStatCard[0m } [36mfrom[0m 
[32m"../../components/ui/stat-card"[0m;
[31m[1m>[0m [90m20 |[0m [36mimport[0m { getTenantAdminDashboard } 
[36mfrom[0m [32m"../../features/admin/service"[0m;
  [90m   |[0m [31m[1m^^^^^^^^^^^^^^^^^^^^^^^^^^^^^^^^^^^^^^^^^^^^^^^^^^^
^^^^^^^^^^^^^^^^^^^^[0m
  [90m21 |[0m
  [90m22 |[0m [36mimport[0m { [33mAdminShell[0m } [36mfrom[0m 
[32m"./_components/admin-shell"[0m;
  [90m23 |[0m

The export getTenantAdminDashboard was not found in module 
[project]/src/features/admin/service.ts [app-rsc] (ecmascript).
Did you mean to import requireAdminUser?
All exports of the module are statically known (It doesn't have dynamic 
exports). So it's known statically that the requested export doesn't exist.


./src/app/api/tutor/cohorts/route.ts:3:1
Export getTutorCohorts doesn't exist in target module
  [90m1 |[0m [36mimport[0m { [33mNextRequest[0m, 
[33mNextResponse[0m } [36mfrom[0m [32m"next/server"[0m;
  [90m2 |[0m
[31m[1m>[0m [90m3 |[0m [36mimport[0m { getTutorCohorts } 
[36mfrom[0m [32m"../../../../features/tutor/service"[0m;
  [90m  |[0m [31m[1m^^^^^^^^^^^^^^^^^^^^^^^^^^^^^^^^^^^^^^^^^^^^^^^^^^^^
^^^^^^^^^^^^^^^^^[0m
  [90m4 |[0m [36mimport[0m { verifyToken } [36mfrom[0m 
[32m"../../../../lib/auth/jwt"[0m;
  [90m5 |[0m
  [90m6 |[0m [36mexport[0m [36masync[0m [36mfunction[0m 
[33mGET[0m(request: [33mNextRequest[0m) {

The export getTutorCohorts was not found in module 
[project]/src/features/tutor/service.ts [app-route] (ecmascript).
Did you mean to import getTutorCourses?
All exports of the module are statically known (It doesn't have dynamic 
exports). So it's known statically that the requested export doesn't exist.


./src/app/api/tutor/courses/draft/route.ts:3:1
Export getTutorCourseDraft doesn't exist in target module
  [90m1 |[0m [36mimport[0m { [33mNextRequest[0m, 
[33mNextResponse[0m } [36mfrom[0m [32m"next/server"[0m;
  [90m2 |[0m
[31m[1m>[0m [90m3 |[0m [36mimport[0m { getTutorCourseDraft } 
[36mfrom[0m [32m"../../../../../features/tutor/service"[0m;
  [90m  |[0m [31m[1m^^^^^^^^^^^^^^^^^^^^^^^^^^^^^^^^^^^^^^^^^^^^^^^^^^^^
^^^^^^^^^^^^^^^^^^^^^^^^[0m
  [90m4 |[0m [36mimport[0m { verifyToken } [36mfrom[0m 
[32m"../../../../../lib/auth/jwt"[0m;
  [90m5 |[0m
  [90m6 |[0m [36mexport[0m [36masync[0m [36mfunction[0m 
[33mGET[0m(request: [33mNextRequest[0m) {

The export getTutorCourseDraft was not found in module 
[project]/src/features/tutor/service.ts [app-route] (ecmascript).
Did you mean to import getTutorCourses?
All exports of the module are statically known (It doesn't have dynamic 
exports). So it's known statically that the requested export doesn't exist.


./src/app/api/tutor/forum-threads/route.ts:3:1
Export getTutorForumThreads doesn't exist in target module
  [90m1 |[0m [36mimport[0m { [33mNextRequest[0m, 
[33mNextResponse[0m } [36mfrom[0m [32m"next/server"[0m;
  [90m2 |[0m
[31m[1m>[0m [90m3 |[0m [36mimport[0m { getTutorForumThreads } 
[36mfrom[0m [32m"../../../../features/tutor/service"[0m;
  [90m  |[0m [31m[1m^^^^^^^^^^^^^^^^^^^^^^^^^^^^^^^^^^^^^^^^^^^^^^^^^^^^
^^^^^^^^^^^^^^^^^^^^^^[0m
  [90m4 |[0m [36mimport[0m { verifyToken } [36mfrom[0m 
[32m"../../../../lib/auth/jwt"[0m;
  [90m5 |[0m
  [90m6 |[0m [36mexport[0m [36masync[0m [36mfunction[0m 
[33mGET[0m(request: [33mNextRequest[0m) {

The export getTutorForumThreads was not found in module 
[project]/src/features/tutor/service.ts [app-route] (ecmascript).
Did you mean to import getTutorCourses?
All exports of the module are statically known (It doesn't have dynamic 
exports). So it's known statically that the requested export doesn't exist.


./src/app/admin/tutors/page.tsx:17:1
Export getTutorManagementSnapshot doesn't exist in target module
  [90m15 |[0m [36mimport[0m { [33mLabel[0m } [36mfrom[0m 
[32m"../../../components/ui/label"[0m;
  [90m16 |[0m [36mimport[0m { [33mStatCard[0m } [36mfrom[0m 
[32m"../../../components/ui/stat-card"[0m;
[31m[1m>[0m [90m17 |[0m [36mimport[0m {
  [90m   |[0m [31m[1m^^^^^^^[0m
[31m[1m>[0m [90m18 |[0m   getTutorManagementSnapshot,
  [90m   |[0m [31m[1m^^^^^^^^^^^^^^^^^^^^^^^^^^^^^[0m
[31m[1m>[0m [90m19 |[0m   listTutors,
  [90m   |[0m [31m[1m^^^^^^^^^^^^^[0m
[31m[1m>[0m [90m20 |[0m   requireAdminUser,
  [90m   |[0m [31m[1m^^^^^^^^^^^^^^^^^^^[0m
[31m[1m>[0m [90m21 |[0m   updateUserStatus,
  [90m   |[0m [31m[1m^^^^^^^^^^^^^^^^^^^[0m
[31m[1m>[0m [90m22 |[0m } [36mfrom[0m 
[32m"../../../features/admin/service"[0m;
  [90m   |[0m [31m[1m^^^^^^^^^^^^^^^^^^^^^^^^^^^^^^^^^^^^^^^^^[0m
  [90m23 |[0m
  [90m24 |[0m [36mimport[0m { [33mAdminShell[0m } [36mfrom[0m 
[32m"../_components/admin-shell"[0m;
  [90m25 |[0m [36mimport[0m { revalidatePath } [36mfrom[0m 
[32m"next/cache"[0m;

The export getTutorManagementSnapshot was not found in module 
[project]/src/features/admin/service.ts [app-rsc] (ecmascript).
Did you mean to import rejectCourseEdit?
All exports of the module are statically known (It doesn't have dynamic 
exports). So it's known statically that the requested export doesn't exist.


./src/app/admin/users/[userId]/page.tsx:7:1
Export getUserById doesn't exist in target module
  [90m 5 |[0m [36mimport[0m { [33mButton[0m } [36mfrom[0m 
[32m"@/components/ui/button"[0m;
  [90m 6 |[0m [36mimport[0m { [33mCard[0m, [33mCardContent[0m, 
[33mCardHeader[0m, [33mCardTitle[0m } [36mfrom[0m 
[32m"@/components/ui/card"[0m;
[31m[1m>[0m [90m 7 |[0m [36mimport[0m { getUserById, updateUserRole, 
updateUserStatus } [36mfrom[0m [32m"@/features/admin/service"[0m;
  [90m   |[0m [31m[1m^^^^^^^^^^^^^^^^^^^^^^^^^^^^^^^^^^^^^^^^^^^^^^^^^^^
^^^^^^^^^^^^^^^^^^^^^^^^^^^^^^^^^^^^^^[0m
  [90m 8 |[0m [36mimport[0m [36mtype[0m { [33mRole[0m, 
[33mUserStatus[0m } [36mfrom[0m [32m"@prisma/client"[0m;
  [90m 9 |[0m
  [90m10 |[0m [36mimport[0m { [33mAdminShell[0m } [36mfrom[0m 
[32m"../../_components/admin-shell"[0m;

The export getUserById was not found in module 
[project]/src/features/admin/service.ts [app-rsc] (ecmascript).
Did you mean to import rejectCourseEdit?
All exports of the module are statically known (It doesn't have dynamic 
exports). So it's known statically that the requested export doesn't exist.


./src/app/api/jobs/alerts/route.ts:4:1
Export getUserJobAlerts doesn't exist in target module
  [90m 2 |[0m [36mimport[0m { z } [36mfrom[0m [32m"zod"[0m;
  [90m 3 |[0m
[31m[1m>[0m [90m 4 |[0m [36mimport[0m {
  [90m   |[0m [31m[1m^^^^^^^[0m
[31m[1m>[0m [90m 5 |[0m   createJobAlert,
  [90m   |[0m [31m[1m^^^^^^^^^^^^^^^^^[0m
[31m[1m>[0m [90m 6 |[0m   deleteJobAlert,
  [90m   |[0m [31m[1m^^^^^^^^^^^^^^^^^[0m
[31m[1m>[0m [90m 7 |[0m   findMatchingJobs,
  [90m   |[0m [31m[1m^^^^^^^^^^^^^^^^^^^[0m
[31m[1m>[0m [90m 8 |[0m   getJobAlertById,
  [90m   |[0m [31m[1m^^^^^^^^^^^^^^^^^^[0m
[31m[1m>[0m [90m 9 |[0m   getSuggestedKeywords,
  [90m   |[0m [31m[1m^^^^^^^^^^^^^^^^^^^^^^^[0m
[31m[1m>[0m [90m10 |[0m   getUserJobAlerts,
  [90m   |[0m [31m[1m^^^^^^^^^^^^^^^^^^^[0m
[31m[1m>[0m [90m11 |[0m   updateJobAlert,
  [90m   |[0m [31m[1m^^^^^^^^^^^^^^^^^[0m
[31m[1m>[0m [90m12 |[0m } [36mfrom[0m 
[32m"@/features/jobs/alerts.service"[0m;
  [90m   |[0m [31m[1m^^^^^^^^^^^^^^^^^^^^^^^^^^^^^^^^^^^^^^^^[0m
  [90m13 |[0m [36mimport[0m { requireAuth } [36mfrom[0m 
[32m"@/lib/auth/guards"[0m;
  [90m14 |[0m [36mimport[0m { createRateLimit, rateLimitPresets } 
[36mfrom[0m [32m"@/lib/security/rate-limit"[0m;
  [90m15 |[0m [36mimport[0m [36mtype[0m { [33mJobType[0m } 
[36mfrom[0m [32m"@prisma/client"[0m;

The export getUserJobAlerts was not found in module 
[project]/src/features/jobs/alerts.service.ts [app-route] (ecmascript).
Did you mean to import getJobAlert?
All exports of the module are statically known (It doesn't have dynamic 
exports). So it's known statically that the requested export doesn't exist.


./src/components/admin/admin-courses-grid.tsx:8:1
Export listAdminCourses doesn't exist in target module
  [90m 6 |[0m [36mimport[0m { [33mButton[0m } [36mfrom[0m 
[32m"../ui/button"[0m;
  [90m 7 |[0m [36mimport[0m { [33mInput[0m } [36mfrom[0m 
[32m"../ui/input"[0m;
[31m[1m>[0m [90m 8 |[0m [36mimport[0m { listAdminCourses } 
[36mfrom[0m [32m"../../features/admin/service"[0m;
  [90m   |[0m [31m[1m^^^^^^^^^^^^^^^^^^^^^^^^^^^^^^^^^^^^^^^^^^^^^^^^^^^
^^^^^^^^^^^^^[0m
  [90m 9 |[0m [36mimport[0m { [33mCourseListRow[0m } [36mfrom[0m 
[32m"./course-list-row"[0m;
  [90m10 |[0m [36mimport[0m { [33mCourseEditModalEnhanced[0m } 
[36mfrom[0m [32m"./course-edit-modal-enhanced"[0m;
  [90m11 |[0m [36mimport[0m {

The export listAdminCourses was not found in module 
[project]/src/features/admin/service.ts [app-client] (ecmascript).
Did you mean to import archiveCourse?
All exports of the module are statically known (It doesn't have dynamic 
exports). So it's known statically that the requested export doesn't exist.

Import traces:
  Client Component Browser:
    ./src/components/admin/admin-courses-grid.tsx [Client Component Browser]
    ./src/app/admin/courses-test/page.tsx [Client Component Browser]
    ./src/app/admin/courses-test/page.tsx [Server Component]

  Client Component SSR:
    ./src/components/admin/admin-courses-grid.tsx [Client Component SSR]
    ./src/app/admin/courses-test/page.tsx [Client Component SSR]
    ./src/app/admin/courses-test/page.tsx [Server Component]


./src/components/admin/admin-courses-grid.tsx:8:1
Export listAdminCourses doesn't exist in target module
  [90m 6 |[0m [36mimport[0m { [33mButton[0m } [36mfrom[0m 
[32m"../ui/button"[0m;
  [90m 7 |[0m [36mimport[0m { [33mInput[0m } [36mfrom[0m 
[32m"../ui/input"[0m;
[31m[1m>[0m [90m 8 |[0m [36mimport[0m { listAdminCourses } 
[36mfrom[0m [32m"../../features/admin/service"[0m;
  [90m   |[0m [31m[1m^^^^^^^^^^^^^^^^^^^^^^^^^^^^^^^^^^^^^^^^^^^^^^^^^^^
^^^^^^^^^^^^^[0m
  [90m 9 |[0m [36mimport[0m { [33mCourseListRow[0m } [36mfrom[0m 
[32m"./course-list-row"[0m;
  [90m10 |[0m [36mimport[0m { [33mCourseEditModalEnhanced[0m } 
[36mfrom[0m [32m"./course-edit-modal-enhanced"[0m;
  [90m11 |[0m [36mimport[0m {

The export listAdminCourses was not found in module 
[project]/src/features/admin/service.ts [app-ssr] (ecmascript).
Did you mean to import archiveCourse?
All exports of the module are statically known (It doesn't have dynamic 
exports). So it's known statically that the requested export doesn't exist.

Import traces:
  Client Component Browser:
    ./src/components/admin/admin-courses-grid.tsx [Client Component Browser]
    ./src/app/admin/courses-test/page.tsx [Client Component Browser]
    ./src/app/admin/courses-test/page.tsx [Server Component]

  Client Component SSR:
    ./src/components/admin/admin-courses-grid.tsx [Client Component SSR]
    ./src/app/admin/courses-test/page.tsx [Client Component SSR]
    ./src/app/admin/courses-test/page.tsx [Server Component]


./src/app/admin/users/page.tsx:10:1
Export listAllUsers doesn't exist in target module
  [90m 8 |[0m [36mimport[0m { [33mLabel[0m } [36mfrom[0m 
[32m"../../../components/ui/label"[0m;
  [90m 9 |[0m [36mimport[0m { [33mTextarea[0m } [36mfrom[0m 
[32m"../../../components/ui/textarea"[0m;
[31m[1m>[0m [90m10 |[0m [36mimport[0m {
  [90m   |[0m [31m[1m^^^^^^^[0m
[31m[1m>[0m [90m11 |[0m   createTenantInvite,
  [90m   |[0m [31m[1m^^^^^^^^^^^^^^^^^^^^^[0m
[31m[1m>[0m [90m12 |[0m   listAllUsers,
  [90m   |[0m [31m[1m^^^^^^^^^^^^^^^[0m
[31m[1m>[0m [90m13 |[0m   updateUserRole,
  [90m   |[0m [31m[1m^^^^^^^^^^^^^^^^^[0m
[31m[1m>[0m [90m14 |[0m   updateUserStatus,
  [90m   |[0m [31m[1m^^^^^^^^^^^^^^^^^^^[0m
[31m[1m>[0m [90m15 |[0m } [36mfrom[0m 
[32m"../../../features/admin/service"[0m;
  [90m   |[0m [31m[1m^^^^^^^^^^^^^^^^^^^^^^^^^^^^^^^^^^^^^^^^^[0m
  [90m16 |[0m [36mimport[0m { upsertStudentProfile } [36mfrom[0m 
[32m"../../../features/profile/service"[0m;
  [90m17 |[0m [36mimport[0m { requireSession } [36mfrom[0m 
[32m"../../../lib/auth/session"[0m;
  [90m18 |[0m [36mimport[0m { prisma } [36mfrom[0m 
[32m"../../../lib/prisma"[0m;

The export listAllUsers was not found in module 
[project]/src/features/admin/service.ts [app-rsc] (ecmascript).
Did you mean to import restoreCourse?
All exports of the module are statically known (It doesn't have dynamic 
exports). So it's known statically that the requested export doesn't exist.


./src/app/admin/students/page.tsx:9:1
Export listAssignableCourses doesn't exist in target module
  [90m 7 |[0m [36mimport[0m { [33mButton[0m } [36mfrom[0m 
[32m"@/components/ui/button"[0m;
  [90m 8 |[0m [36mimport[0m { [33mCard[0m, [33mCardContent[0m, 
[33mCardHeader[0m, [33mCardTitle[0m } [36mfrom[0m 
[32m"@/components/ui/card"[0m;
[31m[1m>[0m [90m 9 |[0m [36mimport[0m {
  [90m   |[0m [31m[1m^^^^^^^[0m
[31m[1m>[0m [90m10 |[0m   assignCourseToStudent,
  [90m   |[0m [31m[1m^^^^^^^^^^^^^^^^^^^^^^^^[0m
[31m[1m>[0m [90m11 |[0m   assignCourseToStudentsBulk,
  [90m   |[0m [31m[1m^^^^^^^^^^^^^^^^^^^^^^^^^^^^^[0m
[31m[1m>[0m [90m12 |[0m   listAssignableCourses,
  [90m   |[0m [31m[1m^^^^^^^^^^^^^^^^^^^^^^^^[0m
[31m[1m>[0m [90m13 |[0m   listRecentCourseAssignmentEvents,
  [90m   |[0m [31m[1m^^^^^^^^^^^^^^^^^^^^^^^^^^^^^^^^^^^[0m
[31m[1m>[0m [90m14 |[0m   listStudentAssignedCourses,
  [90m   |[0m [31m[1m^^^^^^^^^^^^^^^^^^^^^^^^^^^^^[0m
[31m[1m>[0m [90m15 |[0m   listStudents,
  [90m   |[0m [31m[1m^^^^^^^^^^^^^^^[0m
[31m[1m>[0m [90m16 |[0m   requireAdminUser,
  [90m   |[0m [31m[1m^^^^^^^^^^^^^^^^^^^[0m
[31m[1m>[0m [90m17 |[0m   unassignCourseFromStudent,
  [90m   |[0m [31m[1m^^^^^^^^^^^^^^^^^^^^^^^^^^^^[0m
[31m[1m>[0m [90m18 |[0m   updateStudentStatus,
  [90m   |[0m [31m[1m^^^^^^^^^^^^^^^^^^^^^^[0m
[31m[1m>[0m [90m19 |[0m } [36mfrom[0m 
[32m"@/features/admin/service"[0m;
  [90m   |[0m [31m[1m^^^^^^^^^^^^^^^^^^^^^^^^^^^^^^^^^^[0m
  [90m20 |[0m [36mimport[0m { [33mBulkStudentSelector[0m } 
[36mfrom[0m [32m"./_components/bulk-student-selector"[0m;
  [90m21 |[0m [36mimport[0m { [33mStudentDetailsModal[0m } 
[36mfrom[0m [32m"./_components/student-details-modal"[0m;
  [90m22 |[0m

The export listAssignableCourses was not found in module 
[project]/src/features/admin/service.ts [app-rsc] (ecmascript).
Did you mean to import restoreCourse?
All exports of the module are statically known (It doesn't have dynamic 
exports). So it's known statically that the requested export doesn't exist.


./src/app/api/chat/threads/route.ts:4:1
Export listChatThreads doesn't exist in target module
  [90m2 |[0m [36mimport[0m { [33mNextRequest[0m, 
[33mNextResponse[0m } [36mfrom[0m [32m'next/server'[0m;
  [90m3 |[0m [36mimport[0m { requireAuth } [36mfrom[0m 
[32m"../_helpers"[0m;
[31m[1m>[0m [90m4 |[0m [36mimport[0m { listChatThreads, 
createChatThread } [36mfrom[0m 
[32m"../../../../features/chat/service"[0m;
  [90m  |[0m [31m[1m^^^^^^^^^^^^^^^^^^^^^^^^^^^^^^^^^^^^^^^^^^^^^^^^^^^^
^^^^^^^^^^^^^^^^^^^^^^^^^^^^^^^^^^[0m
  [90m5 |[0m
  [90m6 |[0m [36mexport[0m [36masync[0m [36mfunction[0m 
[33mGET[0m(req: [33mNextRequest[0m) {
  [90m7 |[0m   [36mtry[0m {

The export listChatThreads was not found in module 
[project]/src/features/chat/service.ts [app-route] (ecmascript).
Did you mean to import getChatThreads?
All exports of the module are statically known (It doesn't have dynamic 
exports). So it's known statically that the requested export doesn't exist.


./src/app/api/chat/direct/conversations/[conversationId]/messages/route.ts:3
:1
Export listConversationMessages doesn't exist in target module
  [90m1 |[0m [36mimport[0m { [33mNextRequest[0m, 
[33mNextResponse[0m } [36mfrom[0m [32m"next/server"[0m;
  [90m2 |[0m [36mimport[0m { requireAuth } [36mfrom[0m 
[32m"../../../../_helpers"[0m;
[31m[1m>[0m [90m3 |[0m [36mimport[0m {
  [90m  |[0m [31m[1m^^^^^^^[0m
[31m[1m>[0m [90m4 |[0m   listConversationMessages,
  [90m  |[0m [31m[1m^^^^^^^^^^^^^^^^^^^^^^^^^^^[0m
[31m[1m>[0m [90m5 |[0m   sendDirectMessage,
  [90m  |[0m [31m[1m^^^^^^^^^^^^^^^^^^^^[0m
[31m[1m>[0m [90m6 |[0m } [36mfrom[0m 
[32m"@/features/chat/service"[0m;
  [90m  |[0m [31m[1m^^^^^^^^^^^^^^^^^^^^^^^^^^^^^^^^^[0m
  [90m7 |[0m
  [90m8 |[0m [36mexport[0m [36masync[0m [36mfunction[0m 
[33mGET[0m(
  [90m9 |[0m   req: [33mNextRequest[0m,

The export listConversationMessages was not found in module 
[project]/src/features/chat/service.ts [app-route] (ecmascript).
Did you mean to import sendChatMessage?
All exports of the module are statically known (It doesn't have dynamic 
exports). So it's known statically that the requested export doesn't exist.


./src/app/api/forum/threads/route.ts:2:1
Export listForumThreads doesn't exist in target module
  [90m1 |[0m ...[32mrver"[0m;
[31m[1m>[0m [90m2 |[0m ...nreadThreadCount, createThreadWithTags, 
listThreadsByTag, listThreadsByQuery, createForu...
  [90m  |[0m    [31m[1m^^^^^^^^^^^^^^^^^^^^^^^^^^^^^^^^^^^^^^^^^^^^^^^^^
^^^^^^^^^^^^^^^^^^^^^^^^^^^^^^^^^^^^^^^^^^[0m
  [90m3 |[0m ...[32mjwt"[0m;
  [90m4 |[0m ...
  [90m5 |[0m ...[32mures/forum/types"[0m;

The export listForumThreads was not found in module 
[project]/src/features/forum/service.ts [app-route] (ecmascript).
Did you mean to import getForumThreadById?
All exports of the module are statically known (It doesn't have dynamic 
exports). So it's known statically that the requested export doesn't exist.


./src/app/tutor/forums/page.tsx:6:1
Export listForumThreads doesn't exist in target module
  [90m4 |[0m [36mimport[0m { [33mButton[0m } [36mfrom[0m 
[32m"../../../components/ui/button"[0m;
  [90m5 |[0m [36mimport[0m { [33mCard[0m, [33mCardContent[0m, 
[33mCardDescription[0m, [33mCardHeader[0m, [33mCardTitle[0m } 
[36mfrom[0m [32m"../../../compone...[0m
[31m[1m>[0m [90m6 |[0m [36mimport[0m { listForumThreads } 
[36mfrom[0m [32m"../../../features/forum/service"[0m;
  [90m  |[0m [31m[1m^^^^^^^^^^^^^^^^^^^^^^^^^^^^^^^^^^^^^^^^^^^^^^^^^^^^
^^^^^^^^^^^^^^^[0m
  [90m7 |[0m [36mimport[0m { requireSession } [36mfrom[0m 
[32m"../../../lib/auth/session"[0m;
  [90m8 |[0m
  [90m9 |[0m [36mexport[0m [36mconst[0m dynamic = 
[32m"force-dynamic"[0m;

The export listForumThreads was not found in module 
[project]/src/features/forum/service.ts [app-rsc] (ecmascript).
Did you mean to import getForumThreadById?
All exports of the module are statically known (It doesn't have dynamic 
exports). So it's known statically that the requested export doesn't exist.


./src/app/api/interview-sessions/route.ts:4:1
Export listInterviewSessions doesn't exist in target module
  [90m2 |[0m [36mimport[0m { z } [36mfrom[0m [32m"zod"[0m;
  [90m3 |[0m
[31m[1m>[0m [90m4 |[0m [36mimport[0m { createInterviewSession, 
listInterviewSessions } [36mfrom[0m 
[32m"@/features/interview/service"[0m;
  [90m  |[0m [31m[1m^^^^^^^^^^^^^^^^^^^^^^^^^^^^^^^^^^^^^^^^^^^^^^^^^^^^
^^^^^^^^^^^^^^^^^^^^^^^^^^^^^^^^^^^^^^^^^[0m
  [90m5 |[0m [36mimport[0m { requireSession } [36mfrom[0m 
[32m"@/lib/auth/session"[0m;
  [90m6 |[0m
  [90m7 |[0m [36mconst[0m createSessionSchema = z.object({

The export listInterviewSessions was not found in module 
[project]/src/features/interview/service.ts [app-route] (ecmascript).
Did you mean to import getInterviewSessions?
All exports of the module are statically known (It doesn't have dynamic 
exports). So it's known statically that the requested export doesn't exist.


./src/app/courses/page.tsx:5:1
Export listLearnerCourses doesn't exist in target module
  [90m3 |[0m [36mimport[0m { [33mButton[0m } [36mfrom[0m 
[32m"@/components/ui/button"[0m;
  [90m4 |[0m [36mimport[0m { [33mCourseCard[0m } [36mfrom[0m 
[32m"@/features/lms/components/course-card"[0m;
[31m[1m>[0m [90m5 |[0m [36mimport[0m { listLearnerCourses } 
[36mfrom[0m [32m"@/features/lms/data/course-service"[0m;
  [90m  |[0m [31m[1m^^^^^^^^^^^^^^^^^^^^^^^^^^^^^^^^^^^^^^^^^^^^^^^^^^^^
^^^^^^^^^^^^^^^^^^^^[0m
  [90m6 |[0m [36mimport[0m { [33mGradientText[0m } [36mfrom[0m 
[32m"@/components/shared/animated-components"[0m;
  [90m7 |[0m [36mimport[0m { [33mArrowRight[0m, [33mBookOpen[0m, 
[33mSearch[0m, [33mFilter[0m, [33mStar[0m, [33mUsers[0m, 
[33mClock[0m, [33mTrophy[0m } [36mfrom[0m [32m"lucide-re...[0m
  [90m8 |[0m [36mimport[0m [33mLink[0m [36mfrom[0m 
[32m"next/link"[0m;

The export listLearnerCourses was not found in module 
[project]/src/features/lms/data/course-service.ts [app-rsc] (ecmascript).
Did you mean to import getCourses?
All exports of the module are statically known (It doesn't have dynamic 
exports). So it's known statically that the requested export doesn't exist.


./src/app/api/forum/posts/[id]/edits/route.ts:2:1
Export listPostEdits doesn't exist in target module
  [90m1 |[0m [36mimport[0m { [33mNextRequest[0m, 
[33mNextResponse[0m } [36mfrom[0m [32m'next/server'[0m;
[31m[1m>[0m [90m2 |[0m [36mimport[0m { listPostEdits } [36mfrom[0m 
[32m'../../../../../../features/forum/service'[0m;
  [90m  |[0m [31m[1m^^^^^^^^^^^^^^^^^^^^^^^^^^^^^^^^^^^^^^^^^^^^^^^^^^^^
^^^^^^^^^^^^^^^^^^^^^[0m
  [90m3 |[0m
  [90m4 |[0m [36mexport[0m [36masync[0m [36mfunction[0m 
[33mGET[0m(req: [33mNextRequest[0m, context: any) {
  [90m5 |[0m   [36mtry[0m {

The export listPostEdits was not found in module 
[project]/src/features/forum/service.ts [app-route] (ecmascript).
Did you mean to import listPostReplies?
All exports of the module are statically known (It doesn't have dynamic 
exports). So it's known statically that the requested export doesn't exist.


./src/app/api/forum/posts/reactions/route.ts:2:1
Export listPostReactions doesn't exist in target module
  [90m1 |[0m ...[33mxtRequest[0m, [33mNextResponse[0m } [36mfrom[0m 
[32m'next/server'[0m;
[31m[1m>[0m [90m2 |[0m ...dPostReaction, removePostReaction, 
listPostReactions } [36mfrom[0m [32m'../../../../../features/for...[0m
  [90m  |[0m    [31m[1m^^^^^^^^^^^^^^^^^^^^^^^^^^^^^^^^^^^^^^^^^^^^^^^^^
^^^^^^^^^^^^^^^^^^^^^^^^^^^^^^^^^^^^^^^^^^[0m
  [90m3 |[0m ...
  [90m4 |[0m ...[90mi/forum/posts/reactions - add reaction[0m
  [90m5 |[0m ...[36mc[0m [36mfunction[0m [33mPOST[0m(req: 
[33mNextRequest[0m) {

The export listPostReactions was not found in module 
[project]/src/features/forum/service.ts [app-route] (ecmascript).
Did you mean to import listPostReplies?
All exports of the module are statically known (It doesn't have dynamic 
exports). So it's known statically that the requested export doesn't exist.


./src/app/admin/students/page.tsx:9:1
Export listRecentCourseAssignmentEvents doesn't exist in target module
  [90m 7 |[0m [36mimport[0m { [33mButton[0m } [36mfrom[0m 
[32m"@/components/ui/button"[0m;
  [90m 8 |[0m [36mimport[0m { [33mCard[0m, [33mCardContent[0m, 
[33mCardHeader[0m, [33mCardTitle[0m } [36mfrom[0m 
[32m"@/components/ui/card"[0m;
[31m[1m>[0m [90m 9 |[0m [36mimport[0m {
  [90m   |[0m [31m[1m^^^^^^^[0m
[31m[1m>[0m [90m10 |[0m   assignCourseToStudent,
  [90m   |[0m [31m[1m^^^^^^^^^^^^^^^^^^^^^^^^[0m
[31m[1m>[0m [90m11 |[0m   assignCourseToStudentsBulk,
  [90m   |[0m [31m[1m^^^^^^^^^^^^^^^^^^^^^^^^^^^^^[0m
[31m[1m>[0m [90m12 |[0m   listAssignableCourses,
  [90m   |[0m [31m[1m^^^^^^^^^^^^^^^^^^^^^^^^[0m
[31m[1m>[0m [90m13 |[0m   listRecentCourseAssignmentEvents,
  [90m   |[0m [31m[1m^^^^^^^^^^^^^^^^^^^^^^^^^^^^^^^^^^^[0m
[31m[1m>[0m [90m14 |[0m   listStudentAssignedCourses,
  [90m   |[0m [31m[1m^^^^^^^^^^^^^^^^^^^^^^^^^^^^^[0m
[31m[1m>[0m [90m15 |[0m   listStudents,
  [90m   |[0m [31m[1m^^^^^^^^^^^^^^^[0m
[31m[1m>[0m [90m16 |[0m   requireAdminUser,
  [90m   |[0m [31m[1m^^^^^^^^^^^^^^^^^^^[0m
[31m[1m>[0m [90m17 |[0m   unassignCourseFromStudent,
  [90m   |[0m [31m[1m^^^^^^^^^^^^^^^^^^^^^^^^^^^^[0m
[31m[1m>[0m [90m18 |[0m   updateStudentStatus,
  [90m   |[0m [31m[1m^^^^^^^^^^^^^^^^^^^^^^[0m
[31m[1m>[0m [90m19 |[0m } [36mfrom[0m 
[32m"@/features/admin/service"[0m;
  [90m   |[0m [31m[1m^^^^^^^^^^^^^^^^^^^^^^^^^^^^^^^^^^[0m
  [90m20 |[0m [36mimport[0m { [33mBulkStudentSelector[0m } 
[36mfrom[0m [32m"./_components/bulk-student-selector"[0m;
  [90m21 |[0m [36mimport[0m { [33mStudentDetailsModal[0m } 
[36mfrom[0m [32m"./_components/student-details-modal"[0m;
  [90m22 |[0m

The export listRecentCourseAssignmentEvents was not found in module 
[project]/src/features/admin/service.ts [app-rsc] (ecmascript).
Did you mean to import rejectCourseEdit?
All exports of the module are statically known (It doesn't have dynamic 
exports). So it's known statically that the requested export doesn't exist.


./src/app/admin/students/page.tsx:9:1
Export listStudentAssignedCourses doesn't exist in target module
  [90m 7 |[0m [36mimport[0m { [33mButton[0m } [36mfrom[0m 
[32m"@/components/ui/button"[0m;
  [90m 8 |[0m [36mimport[0m { [33mCard[0m, [33mCardContent[0m, 
[33mCardHeader[0m, [33mCardTitle[0m } [36mfrom[0m 
[32m"@/components/ui/card"[0m;
[31m[1m>[0m [90m 9 |[0m [36mimport[0m {
  [90m   |[0m [31m[1m^^^^^^^[0m
[31m[1m>[0m [90m10 |[0m   assignCourseToStudent,
  [90m   |[0m [31m[1m^^^^^^^^^^^^^^^^^^^^^^^^[0m
[31m[1m>[0m [90m11 |[0m   assignCourseToStudentsBulk,
  [90m   |[0m [31m[1m^^^^^^^^^^^^^^^^^^^^^^^^^^^^^[0m
[31m[1m>[0m [90m12 |[0m   listAssignableCourses,
  [90m   |[0m [31m[1m^^^^^^^^^^^^^^^^^^^^^^^^[0m
[31m[1m>[0m [90m13 |[0m   listRecentCourseAssignmentEvents,
  [90m   |[0m [31m[1m^^^^^^^^^^^^^^^^^^^^^^^^^^^^^^^^^^^[0m
[31m[1m>[0m [90m14 |[0m   listStudentAssignedCourses,
  [90m   |[0m [31m[1m^^^^^^^^^^^^^^^^^^^^^^^^^^^^^[0m
[31m[1m>[0m [90m15 |[0m   listStudents,
  [90m   |[0m [31m[1m^^^^^^^^^^^^^^^[0m
[31m[1m>[0m [90m16 |[0m   requireAdminUser,
  [90m   |[0m [31m[1m^^^^^^^^^^^^^^^^^^^[0m
[31m[1m>[0m [90m17 |[0m   unassignCourseFromStudent,
  [90m   |[0m [31m[1m^^^^^^^^^^^^^^^^^^^^^^^^^^^^[0m
[31m[1m>[0m [90m18 |[0m   updateStudentStatus,
  [90m   |[0m [31m[1m^^^^^^^^^^^^^^^^^^^^^^[0m
[31m[1m>[0m [90m19 |[0m } [36mfrom[0m 
[32m"@/features/admin/service"[0m;
  [90m   |[0m [31m[1m^^^^^^^^^^^^^^^^^^^^^^^^^^^^^^^^^^[0m
  [90m20 |[0m [36mimport[0m { [33mBulkStudentSelector[0m } 
[36mfrom[0m [32m"./_components/bulk-student-selector"[0m;
  [90m21 |[0m [36mimport[0m { [33mStudentDetailsModal[0m } 
[36mfrom[0m [32m"./_components/student-details-modal"[0m;
  [90m22 |[0m

The export listStudentAssignedCourses was not found in module 
[project]/src/features/admin/service.ts [app-rsc] (ecmascript).
Did you mean to import restoreCourse?
All exports of the module are statically known (It doesn't have dynamic 
exports). So it's known statically that the requested export doesn't exist.


./src/app/admin/students/page.tsx:9:1
Export listStudents doesn't exist in target module
  [90m 7 |[0m [36mimport[0m { [33mButton[0m } [36mfrom[0m 
[32m"@/components/ui/button"[0m;
  [90m 8 |[0m [36mimport[0m { [33mCard[0m, [33mCardContent[0m, 
[33mCardHeader[0m, [33mCardTitle[0m } [36mfrom[0m 
[32m"@/components/ui/card"[0m;
[31m[1m>[0m [90m 9 |[0m [36mimport[0m {
  [90m   |[0m [31m[1m^^^^^^^[0m
[31m[1m>[0m [90m10 |[0m   assignCourseToStudent,
  [90m   |[0m [31m[1m^^^^^^^^^^^^^^^^^^^^^^^^[0m
[31m[1m>[0m [90m11 |[0m   assignCourseToStudentsBulk,
  [90m   |[0m [31m[1m^^^^^^^^^^^^^^^^^^^^^^^^^^^^^[0m
[31m[1m>[0m [90m12 |[0m   listAssignableCourses,
  [90m   |[0m [31m[1m^^^^^^^^^^^^^^^^^^^^^^^^[0m
[31m[1m>[0m [90m13 |[0m   listRecentCourseAssignmentEvents,
  [90m   |[0m [31m[1m^^^^^^^^^^^^^^^^^^^^^^^^^^^^^^^^^^^[0m
[31m[1m>[0m [90m14 |[0m   listStudentAssignedCourses,
  [90m   |[0m [31m[1m^^^^^^^^^^^^^^^^^^^^^^^^^^^^^[0m
[31m[1m>[0m [90m15 |[0m   listStudents,
  [90m   |[0m [31m[1m^^^^^^^^^^^^^^^[0m
[31m[1m>[0m [90m16 |[0m   requireAdminUser,
  [90m   |[0m [31m[1m^^^^^^^^^^^^^^^^^^^[0m
[31m[1m>[0m [90m17 |[0m   unassignCourseFromStudent,
  [90m   |[0m [31m[1m^^^^^^^^^^^^^^^^^^^^^^^^^^^^[0m
[31m[1m>[0m [90m18 |[0m   updateStudentStatus,
  [90m   |[0m [31m[1m^^^^^^^^^^^^^^^^^^^^^^[0m
[31m[1m>[0m [90m19 |[0m } [36mfrom[0m 
[32m"@/features/admin/service"[0m;
  [90m   |[0m [31m[1m^^^^^^^^^^^^^^^^^^^^^^^^^^^^^^^^^^[0m
  [90m20 |[0m [36mimport[0m { [33mBulkStudentSelector[0m } 
[36mfrom[0m [32m"./_components/bulk-student-selector"[0m;
  [90m21 |[0m [36mimport[0m { [33mStudentDetailsModal[0m } 
[36mfrom[0m [32m"./_components/student-details-modal"[0m;
  [90m22 |[0m

The export listStudents was not found in module 
[project]/src/features/admin/service.ts [app-rsc] (ecmascript).
Did you mean to import requireAdminUser?
All exports of the module are statically known (It doesn't have dynamic 
exports). So it's known statically that the requested export doesn't exist.


./src/app/admin/system/page.tsx:9:1
Export listTenantInvites doesn't exist in target module
  [90m 7 |[0m [36mimport[0m { [33mInput[0m } [36mfrom[0m 
[32m"@/components/ui/input"[0m;
  [90m 8 |[0m [36mimport[0m { [33mStatCard[0m } [36mfrom[0m 
[32m"../../components/ui/stat-card"[0m;
[31m[1m>[0m [90m 9 |[0m [36mimport[0m {
  [90m   |[0m [31m[1m^^^^^^^[0m
[31m[1m>[0m [90m10 |[0m   updateUserRole,
  [90m   |[0m [31m[1m^^^^^^^^^^^^^^^^^[0m
[31m[1m>[0m [90m11 |[0m   requireAdminUser,
  [90m   |[0m [31m[1m^^^^^^^^^^^^^^^^^^^[0m
[31m[1m>[0m [90m12 |[0m   getSystemSnapshot,
  [90m   |[0m [31m[1m^^^^^^^^^^^^^^^^^^^^[0m
[31m[1m>[0m [90m13 |[0m   toggleFeatureFlag,
  [90m   |[0m [31m[1m^^^^^^^^^^^^^^^^^^^^[0m
[31m[1m>[0m [90m14 |[0m   createTenantInvite,
  [90m   |[0m [31m[1m^^^^^^^^^^^^^^^^^^^^^[0m
[31m[1m>[0m [90m15 |[0m   listTenantInvites,
  [90m   |[0m [31m[1m^^^^^^^^^^^^^^^^^^^^[0m
[31m[1m>[0m [90m16 |[0m } [36mfrom[0m 
[32m"@/features/admin/service"[0m;
  [90m   |[0m [31m[1m^^^^^^^^^^^^^^^^^^^^^^^^^^^^^^^^^^[0m
  [90m17 |[0m
  [90m18 |[0m [36mimport[0m { [33mAdminShell[0m } [36mfrom[0m 
[32m"../_components/admin-shell"[0m;
  [90m19 |[0m

The export listTenantInvites was not found in module 
[project]/src/features/admin/service.ts [app-rsc] (ecmascript).
Did you mean to import approveCourseEdit?
All exports of the module are statically known (It doesn't have dynamic 
exports). So it's known statically that the requested export doesn't exist.


./src/app/api/chat/messages/route.ts:4:1
Export listThreadMessages doesn't exist in target module
  [90m2 |[0m [36mimport[0m { [33mNextRequest[0m, 
[33mNextResponse[0m } [36mfrom[0m [32m'next/server'[0m;
  [90m3 |[0m [36mimport[0m { requireAuth } [36mfrom[0m 
[32m"../_helpers"[0m;
[31m[1m>[0m [90m4 |[0m [36mimport[0m { listThreadMessages, 
sendChatMessage } [36mfrom[0m 
[32m"../../../../features/chat/service"[0m;
  [90m  |[0m [31m[1m^^^^^^^^^^^^^^^^^^^^^^^^^^^^^^^^^^^^^^^^^^^^^^^^^^^^
^^^^^^^^^^^^^^^^^^^^^^^^^^^^^^^^^^^^[0m
  [90m5 |[0m
  [90m6 |[0m [36mexport[0m [36masync[0m [36mfunction[0m 
[33mGET[0m(req: [33mNextRequest[0m) {
  [90m7 |[0m   [36mtry[0m {

The export listThreadMessages was not found in module 
[project]/src/features/chat/service.ts [app-route] (ecmascript).
Did you mean to import sendChatMessage?
All exports of the module are statically known (It doesn't have dynamic 
exports). So it's known statically that the requested export doesn't exist.


./src/app/api/forum/threads/route.ts:2:1
Export listThreadsByQuery doesn't exist in target module
  [90m1 |[0m ...[32mrver"[0m;
[31m[1m>[0m [90m2 |[0m ...nreadThreadCount, createThreadWithTags, 
listThreadsByTag, listThreadsByQuery, createForu...
  [90m  |[0m    [31m[1m^^^^^^^^^^^^^^^^^^^^^^^^^^^^^^^^^^^^^^^^^^^^^^^^^
^^^^^^^^^^^^^^^^^^^^^^^^^^^^^^^^^^^^^^^^^^[0m
  [90m3 |[0m ...[32mjwt"[0m;
  [90m4 |[0m ...
  [90m5 |[0m ...[32mures/forum/types"[0m;

The export listThreadsByQuery was not found in module 
[project]/src/features/forum/service.ts [app-route] (ecmascript).
Did you mean to import listThreadPosts?
All exports of the module are statically known (It doesn't have dynamic 
exports). So it's known statically that the requested export doesn't exist.


./src/app/api/forum/threads/route.ts:2:1
Export listThreadsByTag doesn't exist in target module
  [90m1 |[0m ...[32mrver"[0m;
[31m[1m>[0m [90m2 |[0m ...nreadThreadCount, createThreadWithTags, 
listThreadsByTag, listThreadsByQuery, createForu...
  [90m  |[0m    [31m[1m^^^^^^^^^^^^^^^^^^^^^^^^^^^^^^^^^^^^^^^^^^^^^^^^^
^^^^^^^^^^^^^^^^^^^^^^^^^^^^^^^^^^^^^^^^^^[0m
  [90m3 |[0m ...[32mjwt"[0m;
  [90m4 |[0m ...
  [90m5 |[0m ...[32mures/forum/types"[0m;

The export listThreadsByTag was not found in module 
[project]/src/features/forum/service.ts [app-route] (ecmascript).
Did you mean to import listThreadPosts?
All exports of the module are statically known (It doesn't have dynamic 
exports). So it's known statically that the requested export doesn't exist.


./src/app/api/tutor/courses/refresh/route.ts:3:1
Export listTutorCourses doesn't exist in target module
  [90m1 |[0m [36mimport[0m { [33mNextRequest[0m, 
[33mNextResponse[0m } [36mfrom[0m [32m"next/server"[0m;
  [90m2 |[0m [36mimport[0m { requireSession } [36mfrom[0m 
[32m"../../../../../lib/auth/session"[0m;
[31m[1m>[0m [90m3 |[0m [36mimport[0m { listTutorCourses } 
[36mfrom[0m [32m"../../../../../features/tutor/service"[0m;
  [90m  |[0m [31m[1m^^^^^^^^^^^^^^^^^^^^^^^^^^^^^^^^^^^^^^^^^^^^^^^^^^^^
^^^^^^^^^^^^^^^^^^^^^[0m
  [90m4 |[0m
  [90m5 |[0m [36mexport[0m [36mconst[0m dynamic = 
[32m"force-dynamic"[0m;
  [90m6 |[0m [36mexport[0m [36mconst[0m revalidate = [35m0[0m;

The export listTutorCourses was not found in module 
[project]/src/features/tutor/service.ts [app-route] (ecmascript).
Did you mean to import getTutorCourses?
All exports of the module are statically known (It doesn't have dynamic 
exports). So it's known statically that the requested export doesn't exist.


./src/app/tutor/courses/page.tsx:1:1
Export listTutorCourses doesn't exist in target module
[31m[1m>[0m [90m1 |[0m [36mimport[0m { listTutorCourses } 
[36mfrom[0m [32m"../../../features/tutor/service"[0m;
  [90m  |[0m [31m[1m^^^^^^^^^^^^^^^^^^^^^^^^^^^^^^^^^^^^^^^^^^^^^^^^^^^^
^^^^^^^^^^^^^^^[0m
  [90m2 |[0m [36mimport[0m { requireSession } [36mfrom[0m 
[32m"../../../lib/auth/session"[0m;
  [90m3 |[0m [36mimport[0m { [33mCoursesTable[0m } [36mfrom[0m 
[32m"../../../components/tutor/courses-table"[0m;
  [90m4 |[0m [36mimport[0m { [33mCoursesPageClient[0m } [36mfrom[0m 
[32m"./courses-page-client"[0m;

The export listTutorCourses was not found in module 
[project]/src/features/tutor/service.ts [app-rsc] (ecmascript).
Did you mean to import getTutorCourses?
All exports of the module are statically known (It doesn't have dynamic 
exports). So it's known statically that the requested export doesn't exist.


./src/app/api/tutor/exams/route.ts:3:1
Export listTutorExams doesn't exist in target module
  [90m1 |[0m ...[33mquest[0m, [33mNextResponse[0m } [36mfrom[0m 
[32m"next/server"[0m;
  [90m2 |[0m ...
[31m[1m>[0m [90m3 |[0m ...TutorExam, listTutorExams, 
upsertTutorCourseDraft, [33mExamType[0m } [36mfrom[0m 
[32m"../../../../features...[0m
  [90m  |[0m    [31m[1m^^^^^^^^^^^^^^^^^^^^^^^^^^^^^^^^^^^^^^^^^^^^^^^^^
^^^^^^^^^^^^^^^^^^^^^^^^^^^^^^^^^^^^^^^^^^[0m
  [90m4 |[0m ...Token } [36mfrom[0m [32m"../../../../lib/auth/jwt"[0m;
  [90m5 |[0m ...
  [90m6 |[0m ...[36mnction[0m [33mGET[0m(request: 
[33mNextRequest[0m) {

The export listTutorExams was not found in module 
[project]/src/features/tutor/service.ts [app-route] (ecmascript).
Did you mean to import getTutorCourses?
All exports of the module are statically known (It doesn't have dynamic 
exports). So it's known statically that the requested export doesn't exist.


./src/app/admin/tutors/page.tsx:17:1
Export listTutors doesn't exist in target module
  [90m15 |[0m [36mimport[0m { [33mLabel[0m } [36mfrom[0m 
[32m"../../../components/ui/label"[0m;
  [90m16 |[0m [36mimport[0m { [33mStatCard[0m } [36mfrom[0m 
[32m"../../../components/ui/stat-card"[0m;
[31m[1m>[0m [90m17 |[0m [36mimport[0m {
  [90m   |[0m [31m[1m^^^^^^^[0m
[31m[1m>[0m [90m18 |[0m   getTutorManagementSnapshot,
  [90m   |[0m [31m[1m^^^^^^^^^^^^^^^^^^^^^^^^^^^^^[0m
[31m[1m>[0m [90m19 |[0m   listTutors,
  [90m   |[0m [31m[1m^^^^^^^^^^^^^[0m
[31m[1m>[0m [90m20 |[0m   requireAdminUser,
  [90m   |[0m [31m[1m^^^^^^^^^^^^^^^^^^^[0m
[31m[1m>[0m [90m21 |[0m   updateUserStatus,
  [90m   |[0m [31m[1m^^^^^^^^^^^^^^^^^^^[0m
[31m[1m>[0m [90m22 |[0m } [36mfrom[0m 
[32m"../../../features/admin/service"[0m;
  [90m   |[0m [31m[1m^^^^^^^^^^^^^^^^^^^^^^^^^^^^^^^^^^^^^^^^^[0m
  [90m23 |[0m
  [90m24 |[0m [36mimport[0m { [33mAdminShell[0m } [36mfrom[0m 
[32m"../_components/admin-shell"[0m;
  [90m25 |[0m [36mimport[0m { revalidatePath } [36mfrom[0m 
[32m"next/cache"[0m;

The export listTutors was not found in module 
[project]/src/features/admin/service.ts [app-rsc] (ecmascript).
Did you mean to import restoreCourse?
All exports of the module are statically known (It doesn't have dynamic 
exports). So it's known statically that the requested export doesn't exist.


./src/app/api/chat/direct/conversations/route.ts:3:1
Export listUserConversations doesn't exist in target module
  [90m 1 |[0m [36mimport[0m { [33mNextRequest[0m, 
[33mNextResponse[0m } [36mfrom[0m [32m"next/server"[0m;
  [90m 2 |[0m [36mimport[0m { requireAuth } [36mfrom[0m 
[32m"../../_helpers"[0m;
[31m[1m>[0m [90m 3 |[0m [36mimport[0m {
  [90m   |[0m [31m[1m^^^^^^^[0m
[31m[1m>[0m [90m 4 |[0m   listUserConversations,
  [90m   |[0m [31m[1m^^^^^^^^^^^^^^^^^^^^^^^^[0m
[31m[1m>[0m [90m 5 |[0m   getOrCreateDirectConversation,
  [90m   |[0m [31m[1m^^^^^^^^^^^^^^^^^^^^^^^^^^^^^^^^[0m
[31m[1m>[0m [90m 6 |[0m   createGroupConversation,
  [90m   |[0m [31m[1m^^^^^^^^^^^^^^^^^^^^^^^^^^[0m
[31m[1m>[0m [90m 7 |[0m } [36mfrom[0m 
[32m"@/features/chat/service"[0m;
  [90m   |[0m [31m[1m^^^^^^^^^^^^^^^^^^^^^^^^^^^^^^^^^[0m
  [90m 8 |[0m
  [90m 9 |[0m [36mexport[0m [36masync[0m [36mfunction[0m 
[33mGET[0m(req: [33mNextRequest[0m) {
  [90m10 |[0m   [36mtry[0m {

The export listUserConversations was not found in module 
[project]/src/features/chat/service.ts [app-route] (ecmascript).
Did you mean to import sendChatMessage?
All exports of the module are statically known (It doesn't have dynamic 
exports). So it's known statically that the requested export doesn't exist.


./src/app/api/forum/subscriptions/route.ts:2:1
Export listUserThreadSubscriptions doesn't exist in target module
  [90m1 |[0m ...[33mtRequest[0m, [33mNextResponse[0m } [36mfrom[0m 
[32m'next/server'[0m;
[31m[1m>[0m [90m2 |[0m ...scribeToThread, unsubscribeFromThread, 
listUserThreadSubscriptions } [36mfrom[0m [32m'@/features/fo...[0m
  [90m  |[0m    [31m[1m^^^^^^^^^^^^^^^^^^^^^^^^^^^^^^^^^^^^^^^^^^^^^^^^^
^^^^^^^^^^^^^^^^^^^^^^^^^^^^^^^^^^^^^^^^^^[0m
  [90m3 |[0m ...
  [90m4 |[0m ...[90m/forum/subscriptions - subscribe to thread[0m
  [90m5 |[0m ... [36mfunction[0m [33mPOST[0m(req: 
[33mNextRequest[0m) {

The export listUserThreadSubscriptions was not found in module 
[project]/src/features/forum/service.ts [app-route] (ecmascript).
Did you mean to import listThreadPosts?
All exports of the module are statically known (It doesn't have dynamic 
exports). So it's known statically that the requested export doesn't exist.


./src/app/api/auth/login/route.ts:6:1
Export loginUser doesn't exist in target module
  [90m4 |[0m
  [90m5 |[0m [36mimport[0m { prisma } [36mfrom[0m 
[32m"../../../../lib/prisma"[0m;
[31m[1m>[0m [90m6 |[0m [36mimport[0m { loginUser } [36mfrom[0m 
[32m"../../../../features/auth/service"[0m;
  [90m  |[0m 
[31m[1m^^^^^^^^^^^^^^^^^^^^^^^^^^^^^^^^^^^^^^^^^^^^^^^^^^^^^^^^^^^^^^[0m
  [90m7 |[0m [36mimport[0m { [33mLoginSchema[0m } [36mfrom[0m 
[32m"../../../../features/auth/schemas"[0m;
  [90m8 |[0m [36mimport[0m { setAuthCookies } [36mfrom[0m 
[32m"../../../../lib/auth/cookies"[0m;
  [90m9 |[0m [36mimport[0m { verifyPassword } [36mfrom[0m 
[32m"../../../../lib/auth/password"[0m;

The export loginUser was not found in module 
[project]/src/features/auth/service.ts [app-route] (ecmascript).
Did you mean to import resetPassword?
All exports of the module are statically known (It doesn't have dynamic 
exports). So it's known statically that the requested export doesn't exist.


./src/app/api/chat/direct/conversations/[conversationId]/read/route.ts:3:1
Export markConversationMessagesRead doesn't exist in target module
  [90m1 |[0m [36mimport[0m { [33mNextRequest[0m, 
[33mNextResponse[0m } [36mfrom[0m [32m"next/server"[0m;
  [90m2 |[0m [36mimport[0m { requireAuth } [36mfrom[0m 
[32m"../../../../_helpers"[0m;
[31m[1m>[0m [90m3 |[0m [36mimport[0m { markConversationMessagesRead 
} [36mfrom[0m [32m"@/features/chat/service"[0m;
  [90m  |[0m [31m[1m^^^^^^^^^^^^^^^^^^^^^^^^^^^^^^^^^^^^^^^^^^^^^^^^^^^^
^^^^^^^^^^^^^^^^^^^[0m
  [90m4 |[0m
  [90m5 |[0m [36mexport[0m [36masync[0m [36mfunction[0m 
[33mPOST[0m(
  [90m6 |[0m   req: [33mNextRequest[0m,

The export markConversationMessagesRead was not found in module 
[project]/src/features/chat/service.ts [app-route] (ecmascript).
Did you mean to import sendChatMessage?
All exports of the module are statically known (It doesn't have dynamic 
exports). So it's known statically that the requested export doesn't exist.


./src/app/api/chat/direct/conversations/[conversationId]/messages/[messageId
]/read/route.ts:3:1
Export markDirectMessageRead doesn't exist in target module
  [90m1 |[0m [36mimport[0m { [33mNextRequest[0m, 
[33mNextResponse[0m } [36mfrom[0m [32m"next/server"[0m;
  [90m2 |[0m [36mimport[0m { requireAuth } [36mfrom[0m 
[32m"../../../../../../_helpers"[0m;
[31m[1m>[0m [90m3 |[0m [36mimport[0m { markDirectMessageRead } 
[36mfrom[0m [32m"@/features/chat/service"[0m;
  [90m  |[0m [31m[1m^^^^^^^^^^^^^^^^^^^^^^^^^^^^^^^^^^^^^^^^^^^^^^^^^^^^
^^^^^^^^^^^^[0m
  [90m4 |[0m
  [90m5 |[0m [36mexport[0m [36masync[0m [36mfunction[0m 
[33mPOST[0m(
  [90m6 |[0m   req: [33mNextRequest[0m,

The export markDirectMessageRead was not found in module 
[project]/src/features/chat/service.ts [app-route] (ecmascript).
Did you mean to import sendChatMessage?
All exports of the module are statically known (It doesn't have dynamic 
exports). So it's known statically that the requested export doesn't exist.


./src/app/join/[token]/page.tsx:10:1
Export markInviteStatus doesn't exist in target module
  [90m 8 |[0m [36mimport[0m { [33mInput[0m } [36mfrom[0m 
[32m"../../../components/ui/input"[0m;
  [90m 9 |[0m [36mimport[0m { [33mTextarea[0m } [36mfrom[0m 
[32m"../../../components/ui/textarea"[0m;
[31m[1m>[0m [90m10 |[0m [36mimport[0m { getInviteByToken, 
markInviteStatus } [36mfrom[0m [32m"../../../features/admin/service"[0m;
  [90m   |[0m [31m[1m^^^^^^^^^^^^^^^^^^^^^^^^^^^^^^^^^^^^^^^^^^^^^^^^^^^
^^^^^^^^^^^^^^^^^^^^^^^^^^^^^^^^^^[0m
  [90m11 |[0m [36mimport[0m { registerUser } [36mfrom[0m 
[32m"../../../features/auth/service"[0m;
  [90m12 |[0m
  [90m13 |[0m [36mtype[0m [33mJoinPageProps[0m = {

The export markInviteStatus was not found in module 
[project]/src/features/admin/service.ts [app-rsc] (ecmascript).
Did you mean to import archiveCourse?
All exports of the module are statically known (It doesn't have dynamic 
exports). So it's known statically that the requested export doesn't exist.


./src/app/api/notifications/[notificationId]/read/route.ts:3:1
Export notificationService doesn't exist in target module
  [90m1 |[0m [36mimport[0m { [33mNextRequest[0m, 
[33mNextResponse[0m } [36mfrom[0m [32m"next/server"[0m;
  [90m2 |[0m [36mimport[0m { requireSession } [36mfrom[0m 
[32m"@/lib/auth/session"[0m;
[31m[1m>[0m [90m3 |[0m [36mimport[0m { notificationService } 
[36mfrom[0m [32m"@/features/resume/notification-service"[0m;
  [90m  |[0m [31m[1m^^^^^^^^^^^^^^^^^^^^^^^^^^^^^^^^^^^^^^^^^^^^^^^^^^^^
^^^^^^^^^^^^^^^^^^^^^^^^^[0m
  [90m4 |[0m [36mimport[0m { prisma } [36mfrom[0m 
[32m"@/lib/prisma"[0m;
  [90m5 |[0m
  [90m6 |[0m /**

The export notificationService was not found in module 
[project]/src/features/resume/notification-service.ts [app-route] 
(ecmascript).
Did you mean to import getNotificationPreferences?
All exports of the module are statically known (It doesn't have dynamic 
exports). So it's known statically that the requested export doesn't exist.


./src/app/api/notifications/route.ts:3:1
Export notificationService doesn't exist in target module
  [90m1 |[0m [36mimport[0m { [33mNextRequest[0m, 
[33mNextResponse[0m } [36mfrom[0m [32m"next/server"[0m;
  [90m2 |[0m [36mimport[0m { requireSession } [36mfrom[0m 
[32m"@/lib/auth/session"[0m;
[31m[1m>[0m [90m3 |[0m [36mimport[0m { notificationService } 
[36mfrom[0m [32m"@/features/resume/notification-service"[0m;
  [90m  |[0m [31m[1m^^^^^^^^^^^^^^^^^^^^^^^^^^^^^^^^^^^^^^^^^^^^^^^^^^^^
^^^^^^^^^^^^^^^^^^^^^^^^^[0m
  [90m4 |[0m
  [90m5 |[0m /**
  [90m6 |[0m  * [33mGET[0m /api/notifications

The export notificationService was not found in module 
[project]/src/features/resume/notification-service.ts [app-route] 
(ecmascript).
Did you mean to import getNotificationPreferences?
All exports of the module are statically known (It doesn't have dynamic 
exports). So it's known statically that the requested export doesn't exist.


./src/app/api/achievements/route.ts:4:1
Export rateLimitPresets doesn't exist in target module
  [90m2 |[0m [36mimport[0m { requireAuth } [36mfrom[0m 
[32m"../../../lib/auth/guards"[0m;
  [90m3 |[0m [36mimport[0m { prisma } [36mfrom[0m 
[32m"../../../lib/prisma"[0m;
[31m[1m>[0m [90m4 |[0m [36mimport[0m { createRateLimit, 
rateLimitPresets } [36mfrom[0m 
[32m"../../../lib/security/rate-limit"[0m;
  [90m  |[0m [31m[1m^^^^^^^^^^^^^^^^^^^^^^^^^^^^^^^^^^^^^^^^^^^^^^^^^^^^
^^^^^^^^^^^^^^^^^^^^^^^^^^^^^^^^^[0m
  [90m5 |[0m
  [90m6 |[0m [36mexport[0m [36mconst[0m runtime = [32m"nodejs"[0m;
  [90m7 |[0m

The export rateLimitPresets was not found in module 
[project]/src/lib/security/rate-limit.ts [app-route] (ecmascript).
Did you mean to import checkRateLimit?
All exports of the module are statically known (It doesn't have dynamic 
exports). So it's known statically that the requested export doesn't exist.


./src/app/api/analytics/course/[courseId]/route.ts:4:1
Export rateLimitPresets doesn't exist in target module
  [90m2 |[0m [36mimport[0m { requireAuth } [36mfrom[0m 
[32m"../../../../../lib/auth/guards"[0m;
  [90m3 |[0m [36mimport[0m { prisma } [36mfrom[0m 
[32m"../../../../../lib/prisma"[0m;
[31m[1m>[0m [90m4 |[0m [36mimport[0m { createRateLimit, 
rateLimitPresets } [36mfrom[0m 
[32m"../../../../../lib/security/rate-limit"[0m;
  [90m  |[0m [31m[1m^^^^^^^^^^^^^^^^^^^^^^^^^^^^^^^^^^^^^^^^^^^^^^^^^^^^
^^^^^^^^^^^^^^^^^^^^^^^^^^^^^^^^^^^^^^^[0m
  [90m5 |[0m
  [90m6 |[0m [36mexport[0m [36mconst[0m runtime = [32m"nodejs"[0m;
  [90m7 |[0m

The export rateLimitPresets was not found in module 
[project]/src/lib/security/rate-limit.ts [app-route] (ecmascript).
Did you mean to import checkRateLimit?
All exports of the module are statically known (It doesn't have dynamic 
exports). So it's known statically that the requested export doesn't exist.


./src/app/api/courses/[courseId]/progress/route.ts:4:1
Export rateLimitPresets doesn't exist in target module
  [90m2 |[0m [36mimport[0m { requireAuth } [36mfrom[0m 
[32m"@/lib/auth/guards"[0m;
  [90m3 |[0m [36mimport[0m { prisma } [36mfrom[0m 
[32m"@/lib/prisma"[0m;
[31m[1m>[0m [90m4 |[0m [36mimport[0m { createRateLimit, 
rateLimitPresets } [36mfrom[0m [32m"@/lib/security/rate-limit"[0m;
  [90m  |[0m [31m[1m^^^^^^^^^^^^^^^^^^^^^^^^^^^^^^^^^^^^^^^^^^^^^^^^^^^^
^^^^^^^^^^^^^^^^^^^^^^^^^^[0m
  [90m5 |[0m
  [90m6 |[0m [36mexport[0m [36mconst[0m runtime = [32m"nodejs"[0m;
  [90m7 |[0m

The export rateLimitPresets was not found in module 
[project]/src/lib/security/rate-limit.ts [app-route] (ecmascript).
Did you mean to import checkRateLimit?
All exports of the module are statically known (It doesn't have dynamic 
exports). So it's known statically that the requested export doesn't exist.


./src/app/api/courses/[courseId]/resources/route.ts:4:1
Export rateLimitPresets doesn't exist in target module
  [90m2 |[0m [36mimport[0m { z } [36mfrom[0m [32m"zod"[0m;
  [90m3 |[0m [36mimport[0m { requireAuth } [36mfrom[0m 
[32m"../../../../../lib/auth/guards"[0m;
[31m[1m>[0m [90m4 |[0m [36mimport[0m { createRateLimit, 
rateLimitPresets } [36mfrom[0m 
[32m"../../../../../lib/security/rate-limit"[0m;
  [90m  |[0m [31m[1m^^^^^^^^^^^^^^^^^^^^^^^^^^^^^^^^^^^^^^^^^^^^^^^^^^^^
^^^^^^^^^^^^^^^^^^^^^^^^^^^^^^^^^^^^^^^[0m
  [90m5 |[0m [36mimport[0m { prisma } [36mfrom[0m 
[32m"../../../../../lib/prisma"[0m;
  [90m6 |[0m [36mimport[0m { verifyToken } [36mfrom[0m 
[32m"../../../../../lib/auth/jwt"[0m;
  [90m7 |[0m

The export rateLimitPresets was not found in module 
[project]/src/lib/security/rate-limit.ts [app-route] (ecmascript).
Did you mean to import checkRateLimit?
All exports of the module are statically known (It doesn't have dynamic 
exports). So it's known statically that the requested export doesn't exist.


./src/app/api/courses/route.ts:6:1
Export rateLimitPresets doesn't exist in target module
  [90m4 |[0m [36mimport[0m { listLearnerCourses } [36mfrom[0m 
[32m"../../../features/lms/data/course-service"[0m;
  [90m5 |[0m [36mimport[0m { requireAuth } [36mfrom[0m 
[32m"../../../lib/auth/guards"[0m;
[31m[1m>[0m [90m6 |[0m [36mimport[0m { createRateLimit, 
rateLimitPresets } [36mfrom[0m 
[32m"../../../lib/security/rate-limit"[0m;
  [90m  |[0m [31m[1m^^^^^^^^^^^^^^^^^^^^^^^^^^^^^^^^^^^^^^^^^^^^^^^^^^^^
^^^^^^^^^^^^^^^^^^^^^^^^^^^^^^^^^[0m
  [90m7 |[0m [36mimport[0m { prisma } [36mfrom[0m 
[32m"../../../lib/prisma"[0m;
  [90m8 |[0m
  [90m9 |[0m [36mexport[0m [36mconst[0m runtime = [32m"nodejs"[0m;

The export rateLimitPresets was not found in module 
[project]/src/lib/security/rate-limit.ts [app-route] (ecmascript).
Did you mean to import checkRateLimit?
All exports of the module are statically known (It doesn't have dynamic 
exports). So it's known statically that the requested export doesn't exist.


./src/app/api/enrollments/route.ts:4:1
Export rateLimitPresets doesn't exist in target module
  [90m2 |[0m [36mimport[0m { requireAuth } [36mfrom[0m 
[32m"../../../lib/auth/guards"[0m;
  [90m3 |[0m [36mimport[0m { prisma } [36mfrom[0m 
[32m"../../../lib/prisma"[0m;
[31m[1m>[0m [90m4 |[0m [36mimport[0m { createRateLimit, 
rateLimitPresets } [36mfrom[0m 
[32m"../../../lib/security/rate-limit"[0m;
  [90m  |[0m [31m[1m^^^^^^^^^^^^^^^^^^^^^^^^^^^^^^^^^^^^^^^^^^^^^^^^^^^^
^^^^^^^^^^^^^^^^^^^^^^^^^^^^^^^^^[0m
  [90m5 |[0m [36mimport[0m { [33mEnrollmentStatus[0m } [36mfrom[0m 
[32m"@prisma/client"[0m;
  [90m6 |[0m
  [90m7 |[0m [36mexport[0m [36mconst[0m runtime = [32m"nodejs"[0m;

The export rateLimitPresets was not found in module 
[project]/src/lib/security/rate-limit.ts [app-route] (ecmascript).
Did you mean to import checkRateLimit?
All exports of the module are statically known (It doesn't have dynamic 
exports). So it's known statically that the requested export doesn't exist.


./src/app/api/jobs/alerts/route.ts:14:1
Export rateLimitPresets doesn't exist in target module
  [90m12 |[0m } [36mfrom[0m [32m"@/features/jobs/alerts.service"[0m;
  [90m13 |[0m [36mimport[0m { requireAuth } [36mfrom[0m 
[32m"@/lib/auth/guards"[0m;
[31m[1m>[0m [90m14 |[0m [36mimport[0m { createRateLimit, 
rateLimitPresets } [36mfrom[0m [32m"@/lib/security/rate-limit"[0m;
  [90m   |[0m [31m[1m^^^^^^^^^^^^^^^^^^^^^^^^^^^^^^^^^^^^^^^^^^^^^^^^^^^
^^^^^^^^^^^^^^^^^^^^^^^^^^^[0m
  [90m15 |[0m [36mimport[0m [36mtype[0m { [33mJobType[0m } 
[36mfrom[0m [32m"@prisma/client"[0m;
  [90m16 |[0m
  [90m17 |[0m [36mexport[0m [36mconst[0m runtime = [32m"nodejs"[0m;

The export rateLimitPresets was not found in module 
[project]/src/lib/security/rate-limit.ts [app-route] (ecmascript).
Did you mean to import checkRateLimit?
All exports of the module are statically known (It doesn't have dynamic 
exports). So it's known statically that the requested export doesn't exist.


./src/app/api/jobs/public/[id]/route.ts:4:1
Export rateLimitPresets doesn't exist in target module
  [90m2 |[0m
  [90m3 |[0m [36mimport[0m { prisma } [36mfrom[0m 
[32m"@/lib/prisma"[0m;
[31m[1m>[0m [90m4 |[0m [36mimport[0m { createRateLimit, 
rateLimitPresets } [36mfrom[0m [32m"@/lib/security/rate-limit"[0m;
  [90m  |[0m [31m[1m^^^^^^^^^^^^^^^^^^^^^^^^^^^^^^^^^^^^^^^^^^^^^^^^^^^^
^^^^^^^^^^^^^^^^^^^^^^^^^^[0m
  [90m5 |[0m
  [90m6 |[0m [36mexport[0m [36mconst[0m runtime = [32m"nodejs"[0m;
  [90m7 |[0m

The export rateLimitPresets was not found in module 
[project]/src/lib/security/rate-limit.ts [app-route] (ecmascript).
Did you mean to import checkRateLimit?
All exports of the module are statically known (It doesn't have dynamic 
exports). So it's known statically that the requested export doesn't exist.


./src/app/api/jobs/public/route.ts:5:1
Export rateLimitPresets doesn't exist in target module
  [90m3 |[0m
  [90m4 |[0m [36mimport[0m { prisma } [36mfrom[0m 
[32m"@/lib/prisma"[0m;
[31m[1m>[0m [90m5 |[0m [36mimport[0m { createRateLimit, 
rateLimitPresets } [36mfrom[0m [32m"@/lib/security/rate-limit"[0m;
  [90m  |[0m [31m[1m^^^^^^^^^^^^^^^^^^^^^^^^^^^^^^^^^^^^^^^^^^^^^^^^^^^^
^^^^^^^^^^^^^^^^^^^^^^^^^^[0m
  [90m6 |[0m
  [90m7 |[0m [36mexport[0m [36mconst[0m runtime = [32m"nodejs"[0m;
  [90m8 |[0m

The export rateLimitPresets was not found in module 
[project]/src/lib/security/rate-limit.ts [app-route] (ecmascript).
Did you mean to import checkRateLimit?
All exports of the module are statically known (It doesn't have dynamic 
exports). So it's known statically that the requested export doesn't exist.


./src/app/api/jobs/public/search/suggestions/route.ts:4:1
Export rateLimitPresets doesn't exist in target module
  [90m2 |[0m
  [90m3 |[0m [36mimport[0m { prisma } [36mfrom[0m 
[32m"@/lib/prisma"[0m;
[31m[1m>[0m [90m4 |[0m [36mimport[0m { createRateLimit, 
rateLimitPresets } [36mfrom[0m [32m"@/lib/security/rate-limit"[0m;
  [90m  |[0m [31m[1m^^^^^^^^^^^^^^^^^^^^^^^^^^^^^^^^^^^^^^^^^^^^^^^^^^^^
^^^^^^^^^^^^^^^^^^^^^^^^^^[0m
  [90m5 |[0m
  [90m6 |[0m [36mexport[0m [36mconst[0m runtime = [32m"nodejs"[0m;
  [90m7 |[0m

The export rateLimitPresets was not found in module 
[project]/src/lib/security/rate-limit.ts [app-route] (ecmascript).
Did you mean to import checkRateLimit?
All exports of the module are statically known (It doesn't have dynamic 
exports). So it's known statically that the requested export doesn't exist.


./src/app/api/resumes/[resumeId]/export-history/route.ts:6:1
Export rateLimitPresets doesn't exist in target module
  [90m4 |[0m [36mimport[0m { getExportHistory } [36mfrom[0m 
[32m"@/features/resume/export-service"[0m;
  [90m5 |[0m [36mimport[0m { requireAuth } [36mfrom[0m 
[32m"@/lib/auth/guards"[0m;
[31m[1m>[0m [90m6 |[0m [36mimport[0m { createRateLimit, 
rateLimitPresets } [36mfrom[0m [32m"@/lib/security/rate-limit"[0m;
  [90m  |[0m [31m[1m^^^^^^^^^^^^^^^^^^^^^^^^^^^^^^^^^^^^^^^^^^^^^^^^^^^^
^^^^^^^^^^^^^^^^^^^^^^^^^^[0m
  [90m7 |[0m
  [90m8 |[0m [36mexport[0m [36mconst[0m runtime = [32m"nodejs"[0m;
  [90m9 |[0m

The export rateLimitPresets was not found in module 
[project]/src/lib/security/rate-limit.ts [app-route] (ecmascript).
Did you mean to import checkRateLimit?
All exports of the module are statically known (It doesn't have dynamic 
exports). So it's known statically that the requested export doesn't exist.


./src/app/api/resumes/[resumeId]/export/route.ts:11:1
Export rateLimitPresets doesn't exist in target module
  [90m 9 |[0m } [36mfrom[0m [32m"@/features/resume/export-service"[0m;
  [90m10 |[0m [36mimport[0m { requireAuth } [36mfrom[0m 
[32m"@/lib/auth/guards"[0m;
[31m[1m>[0m [90m11 |[0m [36mimport[0m { createRateLimit, 
rateLimitPresets } [36mfrom[0m [32m"@/lib/security/rate-limit"[0m;
  [90m   |[0m [31m[1m^^^^^^^^^^^^^^^^^^^^^^^^^^^^^^^^^^^^^^^^^^^^^^^^^^^
^^^^^^^^^^^^^^^^^^^^^^^^^^^[0m
  [90m12 |[0m [36mimport[0m { prisma } [36mfrom[0m 
[32m"@/lib/prisma"[0m;
  [90m13 |[0m [36mimport[0m { generateResumePDF } [36mfrom[0m 
[32m"@/lib/pdf-generator"[0m;
  [90m14 |[0m

The export rateLimitPresets was not found in module 
[project]/src/lib/security/rate-limit.ts [app-route] (ecmascript).
Did you mean to import checkRateLimit?
All exports of the module are statically known (It doesn't have dynamic 
exports). So it's known statically that the requested export doesn't exist.


./src/app/api/resumes/export/route.ts:14:1
Export rateLimitPresets doesn't exist in target module
  [90m12 |[0m } [36mfrom[0m [32m"@/features/resume/export-service"[0m;
  [90m13 |[0m [36mimport[0m { requireAuth } [36mfrom[0m 
[32m"@/lib/auth/guards"[0m;
[31m[1m>[0m [90m14 |[0m [36mimport[0m { createRateLimit, 
rateLimitPresets } [36mfrom[0m [32m"@/lib/security/rate-limit"[0m;
  [90m   |[0m [31m[1m^^^^^^^^^^^^^^^^^^^^^^^^^^^^^^^^^^^^^^^^^^^^^^^^^^^
^^^^^^^^^^^^^^^^^^^^^^^^^^^[0m
  [90m15 |[0m [36mimport[0m { prisma } [36mfrom[0m 
[32m"@/lib/prisma"[0m;
  [90m16 |[0m
  [90m17 |[0m [36mexport[0m [36mconst[0m runtime = [32m"nodejs"[0m;

The export rateLimitPresets was not found in module 
[project]/src/lib/security/rate-limit.ts [app-route] (ecmascript).
Did you mean to import checkRateLimit?
All exports of the module are statically known (It doesn't have dynamic 
exports). So it's known statically that the requested export doesn't exist.


./src/app/api/resumes/route.ts:5:1
Export rateLimitPresets doesn't exist in target module
  [90m3 |[0m [36mimport[0m { listUserResumes } [36mfrom[0m 
[32m"@/features/resume/service"[0m;
  [90m4 |[0m [36mimport[0m { requireAuth } [36mfrom[0m 
[32m"@/lib/auth/guards"[0m;
[31m[1m>[0m [90m5 |[0m [36mimport[0m { createRateLimit, 
rateLimitPresets } [36mfrom[0m [32m"@/lib/security/rate-limit"[0m;
  [90m  |[0m [31m[1m^^^^^^^^^^^^^^^^^^^^^^^^^^^^^^^^^^^^^^^^^^^^^^^^^^^^
^^^^^^^^^^^^^^^^^^^^^^^^^^[0m
  [90m6 |[0m
  [90m7 |[0m [36mexport[0m [36mconst[0m runtime = [32m"nodejs"[0m;
  [90m8 |[0m

The export rateLimitPresets was not found in module 
[project]/src/lib/security/rate-limit.ts [app-route] (ecmascript).
Did you mean to import checkRateLimit?
All exports of the module are statically known (It doesn't have dynamic 
exports). So it's known statically that the requested export doesn't exist.


./src/app/api/interview-sessions/[sessionId]/responses/route.ts:4:1
Export recordInterviewResponse doesn't exist in target module
  [90m2 |[0m [36mimport[0m { z } [36mfrom[0m [32m"zod"[0m;
  [90m3 |[0m
[31m[1m>[0m [90m4 |[0m [36mimport[0m { recordInterviewResponse } 
[36mfrom[0m [32m"@/features/interview/service"[0m;
  [90m  |[0m [31m[1m^^^^^^^^^^^^^^^^^^^^^^^^^^^^^^^^^^^^^^^^^^^^^^^^^^^^
^^^^^^^^^^^^^^^^^^^[0m
  [90m5 |[0m [36mimport[0m { requireSession } [36mfrom[0m 
[32m"@/lib/auth/session"[0m;
  [90m6 |[0m
  [90m7 |[0m [36mconst[0m responseSchema = z.object({

The export recordInterviewResponse was not found in module 
[project]/src/features/interview/service.ts [app-route] (ecmascript).
Did you mean to import getInterviewSessions?
All exports of the module are statically known (It doesn't have dynamic 
exports). So it's known statically that the requested export doesn't exist.


./src/app/api/interview-sessions/[sessionId]/responses/[responseId]/audio/ro
ute.ts:4:1
Export refreshAudioSignedUrl doesn't exist in target module
  [90m2 |[0m [36mimport[0m { requireSession } [36mfrom[0m 
[32m"@/lib/auth/session"[0m;
  [90m3 |[0m [36mimport[0m { prisma } [36mfrom[0m 
[32m"@/lib/prisma"[0m;
[31m[1m>[0m [90m4 |[0m [36mimport[0m { refreshAudioSignedUrl } 
[36mfrom[0m [32m"@/features/interview/audio-service"[0m;
  [90m  |[0m [31m[1m^^^^^^^^^^^^^^^^^^^^^^^^^^^^^^^^^^^^^^^^^^^^^^^^^^^^
^^^^^^^^^^^^^^^^^^^^^^^[0m
  [90m5 |[0m
  [90m6 |[0m [36mexport[0m [36masync[0m [36mfunction[0m 
[33mGET[0m(
  [90m7 |[0m   _request: [33mNextRequest[0m,

The export refreshAudioSignedUrl was not found in module 
[project]/src/features/interview/audio-service.ts [app-route] (ecmascript).
Did you mean to import uploadAudioFile?
All exports of the module are statically known (It doesn't have dynamic 
exports). So it's known statically that the requested export doesn't exist.


./src/app/api/auth/refresh/route.ts:3:1
Export refreshSession doesn't exist in target module
  [90m1 |[0m [36mimport[0m { [33mNextRequest[0m, 
[33mNextResponse[0m } [36mfrom[0m [32m"next/server"[0m;
  [90m2 |[0m
[31m[1m>[0m [90m3 |[0m [36mimport[0m { refreshSession } 
[36mfrom[0m [32m"../../../../features/auth/service"[0m;
  [90m  |[0m [31m[1m^^^^^^^^^^^^^^^^^^^^^^^^^^^^^^^^^^^^^^^^^^^^^^^^^^^^
^^^^^^^^^^^^^^^[0m
  [90m4 |[0m [36mimport[0m { setAuthCookies, clearAuthCookies } 
[36mfrom[0m [32m"../../../../lib/auth/cookies"[0m;
  [90m5 |[0m
  [90m6 |[0m [36mexport[0m [36masync[0m [36mfunction[0m 
[33mPOST[0m(request: [33mNextRequest[0m) {

The export refreshSession was not found in module 
[project]/src/features/auth/service.ts [app-route] (ecmascript).
Did you mean to import resetPassword?
All exports of the module are statically known (It doesn't have dynamic 
exports). So it's known statically that the requested export doesn't exist.


./src/app/join/[token]/page.tsx:11:1
Export registerUser doesn't exist in target module
  [90m 9 |[0m [36mimport[0m { [33mTextarea[0m } [36mfrom[0m 
[32m"../../../components/ui/textarea"[0m;
  [90m10 |[0m [36mimport[0m { getInviteByToken, markInviteStatus } 
[36mfrom[0m [32m"../../../features/admin/service"[0m;
[31m[1m>[0m [90m11 |[0m [36mimport[0m { registerUser } [36mfrom[0m 
[32m"../../../features/auth/service"[0m;
  [90m   |[0m 
[31m[1m^^^^^^^^^^^^^^^^^^^^^^^^^^^^^^^^^^^^^^^^^^^^^^^^^^^^^^^^^^^^^^[0m
  [90m12 |[0m
  [90m13 |[0m [36mtype[0m [33mJoinPageProps[0m = {
  [90m14 |[0m   params: { token: string };

The export registerUser was not found in module 
[project]/src/features/auth/service.ts [app-rsc] (ecmascript).
Did you mean to import resetPassword?
All exports of the module are statically known (It doesn't have dynamic 
exports). So it's known statically that the requested export doesn't exist.


./src/app/api/forum/posts/reactions/route.ts:2:1
Export removePostReaction doesn't exist in target module
  [90m1 |[0m ...[33mxtRequest[0m, [33mNextResponse[0m } [36mfrom[0m 
[32m'next/server'[0m;
[31m[1m>[0m [90m2 |[0m ...dPostReaction, removePostReaction, 
listPostReactions } [36mfrom[0m [32m'../../../../../features/for...[0m
  [90m  |[0m    [31m[1m^^^^^^^^^^^^^^^^^^^^^^^^^^^^^^^^^^^^^^^^^^^^^^^^^
^^^^^^^^^^^^^^^^^^^^^^^^^^^^^^^^^^^^^^^^^^[0m
  [90m3 |[0m ...
  [90m4 |[0m ...[90mi/forum/posts/reactions - add reaction[0m
  [90m5 |[0m ...[36mc[0m [36mfunction[0m [33mPOST[0m(req: 
[33mNextRequest[0m) {

The export removePostReaction was not found in module 
[project]/src/features/forum/service.ts [app-route] (ecmascript).
Did you mean to import createForumPost?
All exports of the module are statically known (It doesn't have dynamic 
exports). So it's known statically that the requested export doesn't exist.


./src/app/api/admin/courses/route.ts:3:1
Export requireRole doesn't exist in target module
  [90m1 |[0m [36mimport[0m { [33mNextRequest[0m, 
[33mNextResponse[0m } [36mfrom[0m [32m'next/server'[0m;
  [90m2 |[0m [36mimport[0m { prisma } [36mfrom[0m 
[32m'../../../../lib/prisma'[0m;
[31m[1m>[0m [90m3 |[0m [36mimport[0m { requireAuth, requireRole, 
getSessionUser } [36mfrom[0m [32m'../../../../lib/auth'[0m;
  [90m  |[0m [31m[1m^^^^^^^^^^^^^^^^^^^^^^^^^^^^^^^^^^^^^^^^^^^^^^^^^^^^
^^^^^^^^^^^^^^^^^^^^^^^^^^^^[0m
  [90m4 |[0m [36mimport[0m { z } [36mfrom[0m [32m'zod'[0m;
  [90m5 |[0m
  [90m6 |[0m [90m// Validation schema for course creation[0m

The export requireRole was not found in module 
[project]/src/lib/auth/guards.ts [app-route] (ecmascript).
Did you mean to import requireAuth?
All exports of the module are statically known (It doesn't have dynamic 
exports). So it's known statically that the requested export doesn't exist.


./src/lib/auth/index.ts:29:1
Export requireRole doesn't exist in target module
  [90m27 |[0m
  [90m28 |[0m [90m// Auth guards for API routes[0m
[31m[1m>[0m [90m29 |[0m [36mexport[0m {
  [90m   |[0m [31m[1m^^^^^^^[0m
[31m[1m>[0m [90m30 |[0m   [33mAuthError[0m,
  [90m   |[0m [31m[1m^^^^^^^^^^^^[0m
[31m[1m>[0m [90m31 |[0m   extractSessionFromRequest,
  [90m   |[0m [31m[1m^^^^^^^^^^^^^^^^^^^^^^^^^^^^[0m
[31m[1m>[0m [90m32 |[0m   requireAuth,
  [90m   |[0m [31m[1m^^^^^^^^^^^^^^[0m
[31m[1m>[0m [90m33 |[0m   requireRole,
  [90m   |[0m [31m[1m^^^^^^^^^^^^^^[0m
[31m[1m>[0m [90m34 |[0m   requirePermission,
  [90m   |[0m [31m[1m^^^^^^^^^^^^^^^^^^^^[0m
[31m[1m>[0m [90m35 |[0m   requireRouteAccess,
  [90m   |[0m [31m[1m^^^^^^^^^^^^^^^^^^^^^[0m
[31m[1m>[0m [90m36 |[0m   getSessionUser,
  [90m   |[0m [31m[1m^^^^^^^^^^^^^^^^^[0m
[31m[1m>[0m [90m37 |[0m   requireTenant,
  [90m   |[0m [31m[1m^^^^^^^^^^^^^^^^[0m
[31m[1m>[0m [90m38 |[0m   requireSuperAdmin,
  [90m   |[0m [31m[1m^^^^^^^^^^^^^^^^^^^^[0m
[31m[1m>[0m [90m39 |[0m   requireAdminOrSuperAdmin,
  [90m   |[0m [31m[1m^^^^^^^^^^^^^^^^^^^^^^^^^^^[0m
[31m[1m>[0m [90m40 |[0m   createAuthErrorResponse,
  [90m   |[0m [31m[1m^^^^^^^^^^^^^^^^^^^^^^^^^^[0m
[31m[1m>[0m [90m41 |[0m   withAuth,
  [90m   |[0m [31m[1m^^^^^^^^^^^[0m
[31m[1m>[0m [90m42 |[0m   withRole,
  [90m   |[0m [31m[1m^^^^^^^^^^^[0m
[31m[1m>[0m [90m43 |[0m   withPermission,
  [90m   |[0m [31m[1m^^^^^^^^^^^^^^^^^[0m
[31m[1m>[0m [90m44 |[0m } [36mfrom[0m [32m"./guards"[0m;
  [90m   |[0m [31m[1m^^^^^^^^^^^^^^^^^^[0m
  [90m45 |[0m
  [90m46 |[0m [90m// Constants[0m
  [90m47 |[0m [36mexport[0m { [33mNOT_AUTH_REDIRECT[0m, 
[33mNOT_AUTH_REASON[0m } [36mfrom[0m [32m"./constants"[0m;

The export requireRole was not found in module 
[project]/src/lib/auth/guards.ts [app-route] (ecmascript).
Did you mean to import requireAuth?
All exports of the module are statically known (It doesn't have dynamic 
exports). So it's known statically that the requested export doesn't exist.

Import trace:
  App Route:
    ./src/lib/auth/index.ts
    ./src/app/api/admin/courses/route.ts


./src/app/api/chat/direct/conversations/[conversationId]/messages/route.ts:3
:1
Export sendDirectMessage doesn't exist in target module
  [90m1 |[0m [36mimport[0m { [33mNextRequest[0m, 
[33mNextResponse[0m } [36mfrom[0m [32m"next/server"[0m;
  [90m2 |[0m [36mimport[0m { requireAuth } [36mfrom[0m 
[32m"../../../../_helpers"[0m;
[31m[1m>[0m [90m3 |[0m [36mimport[0m {
  [90m  |[0m [31m[1m^^^^^^^[0m
[31m[1m>[0m [90m4 |[0m   listConversationMessages,
  [90m  |[0m [31m[1m^^^^^^^^^^^^^^^^^^^^^^^^^^^[0m
[31m[1m>[0m [90m5 |[0m   sendDirectMessage,
  [90m  |[0m [31m[1m^^^^^^^^^^^^^^^^^^^^[0m
[31m[1m>[0m [90m6 |[0m } [36mfrom[0m 
[32m"@/features/chat/service"[0m;
  [90m  |[0m [31m[1m^^^^^^^^^^^^^^^^^^^^^^^^^^^^^^^^^[0m
  [90m7 |[0m
  [90m8 |[0m [36mexport[0m [36masync[0m [36mfunction[0m 
[33mGET[0m(
  [90m9 |[0m   req: [33mNextRequest[0m,

The export sendDirectMessage was not found in module 
[project]/src/features/chat/service.ts [app-route] (ecmascript).
Did you mean to import sendChatMessage?
All exports of the module are statically known (It doesn't have dynamic 
exports). So it's known statically that the requested export doesn't exist.


./src/app/api/tutor/courses/[courseId]/edit-request/route.ts:6:1
Export submitCourseEditRequest doesn't exist in target module
  [90m4 |[0m
  [90m5 |[0m [36mimport[0m { verifyToken } [36mfrom[0m 
[32m"@/lib/auth/jwt"[0m;
[31m[1m>[0m [90m6 |[0m [36mimport[0m { submitCourseEditRequest } 
[36mfrom[0m [32m"@/features/tutor/service"[0m;
  [90m  |[0m [31m[1m^^^^^^^^^^^^^^^^^^^^^^^^^^^^^^^^^^^^^^^^^^^^^^^^^^^^
^^^^^^^^^^^^^^^[0m
  [90m7 |[0m
  [90m8 |[0m [36mconst[0m [33mBodySchema[0m = z.object({
  [90m9 |[0m   title: z.string().min([35m1[0m),

The export submitCourseEditRequest was not found in module 
[project]/src/features/tutor/service.ts [app-route] (ecmascript).
Did you mean to import getTutorCourses?
All exports of the module are statically known (It doesn't have dynamic 
exports). So it's known statically that the requested export doesn't exist.


./src/app/api/forum/subscriptions/route.ts:2:1
Export subscribeToThread doesn't exist in target module
  [90m1 |[0m ...[33mtRequest[0m, [33mNextResponse[0m } [36mfrom[0m 
[32m'next/server'[0m;
[31m[1m>[0m [90m2 |[0m ...scribeToThread, unsubscribeFromThread, 
listUserThreadSubscriptions } [36mfrom[0m [32m'@/features/fo...[0m
  [90m  |[0m    [31m[1m^^^^^^^^^^^^^^^^^^^^^^^^^^^^^^^^^^^^^^^^^^^^^^^^^
^^^^^^^^^^^^^^^^^^^^^^^^^^^^^^^^^^^^^^^^^^[0m
  [90m3 |[0m ...
  [90m4 |[0m ...[90m/forum/subscriptions - subscribe to thread[0m
  [90m5 |[0m ... [36mfunction[0m [33mPOST[0m(req: 
[33mNextRequest[0m) {

The export subscribeToThread was not found in module 
[project]/src/features/forum/service.ts [app-route] (ecmascript).
Did you mean to import getForumThreadById?
All exports of the module are statically known (It doesn't have dynamic 
exports). So it's known statically that the requested export doesn't exist.


./src/app/admin/system/page.tsx:9:1
Export toggleFeatureFlag doesn't exist in target module
  [90m 7 |[0m [36mimport[0m { [33mInput[0m } [36mfrom[0m 
[32m"@/components/ui/input"[0m;
  [90m 8 |[0m [36mimport[0m { [33mStatCard[0m } [36mfrom[0m 
[32m"../../components/ui/stat-card"[0m;
[31m[1m>[0m [90m 9 |[0m [36mimport[0m {
  [90m   |[0m [31m[1m^^^^^^^[0m
[31m[1m>[0m [90m10 |[0m   updateUserRole,
  [90m   |[0m [31m[1m^^^^^^^^^^^^^^^^^[0m
[31m[1m>[0m [90m11 |[0m   requireAdminUser,
  [90m   |[0m [31m[1m^^^^^^^^^^^^^^^^^^^[0m
[31m[1m>[0m [90m12 |[0m   getSystemSnapshot,
  [90m   |[0m [31m[1m^^^^^^^^^^^^^^^^^^^^[0m
[31m[1m>[0m [90m13 |[0m   toggleFeatureFlag,
  [90m   |[0m [31m[1m^^^^^^^^^^^^^^^^^^^^[0m
[31m[1m>[0m [90m14 |[0m   createTenantInvite,
  [90m   |[0m [31m[1m^^^^^^^^^^^^^^^^^^^^^[0m
[31m[1m>[0m [90m15 |[0m   listTenantInvites,
  [90m   |[0m [31m[1m^^^^^^^^^^^^^^^^^^^^[0m
[31m[1m>[0m [90m16 |[0m } [36mfrom[0m 
[32m"@/features/admin/service"[0m;
  [90m   |[0m [31m[1m^^^^^^^^^^^^^^^^^^^^^^^^^^^^^^^^^^[0m
  [90m17 |[0m
  [90m18 |[0m [36mimport[0m { [33mAdminShell[0m } [36mfrom[0m 
[32m"../_components/admin-shell"[0m;
  [90m19 |[0m

The export toggleFeatureFlag was not found in module 
[project]/src/features/admin/service.ts [app-rsc] (ecmascript).
Did you mean to import restoreCourse?
All exports of the module are statically known (It doesn't have dynamic 
exports). So it's known statically that the requested export doesn't exist.


./src/app/admin/students/page.tsx:9:1
Export unassignCourseFromStudent doesn't exist in target module
  [90m 7 |[0m [36mimport[0m { [33mButton[0m } [36mfrom[0m 
[32m"@/components/ui/button"[0m;
  [90m 8 |[0m [36mimport[0m { [33mCard[0m, [33mCardContent[0m, 
[33mCardHeader[0m, [33mCardTitle[0m } [36mfrom[0m 
[32m"@/components/ui/card"[0m;
[31m[1m>[0m [90m 9 |[0m [36mimport[0m {
  [90m   |[0m [31m[1m^^^^^^^[0m
[31m[1m>[0m [90m10 |[0m   assignCourseToStudent,
  [90m   |[0m [31m[1m^^^^^^^^^^^^^^^^^^^^^^^^[0m
[31m[1m>[0m [90m11 |[0m   assignCourseToStudentsBulk,
  [90m   |[0m [31m[1m^^^^^^^^^^^^^^^^^^^^^^^^^^^^^[0m
[31m[1m>[0m [90m12 |[0m   listAssignableCourses,
  [90m   |[0m [31m[1m^^^^^^^^^^^^^^^^^^^^^^^^[0m
[31m[1m>[0m [90m13 |[0m   listRecentCourseAssignmentEvents,
  [90m   |[0m [31m[1m^^^^^^^^^^^^^^^^^^^^^^^^^^^^^^^^^^^[0m
[31m[1m>[0m [90m14 |[0m   listStudentAssignedCourses,
  [90m   |[0m [31m[1m^^^^^^^^^^^^^^^^^^^^^^^^^^^^^[0m
[31m[1m>[0m [90m15 |[0m   listStudents,
  [90m   |[0m [31m[1m^^^^^^^^^^^^^^^[0m
[31m[1m>[0m [90m16 |[0m   requireAdminUser,
  [90m   |[0m [31m[1m^^^^^^^^^^^^^^^^^^^[0m
[31m[1m>[0m [90m17 |[0m   unassignCourseFromStudent,
  [90m   |[0m [31m[1m^^^^^^^^^^^^^^^^^^^^^^^^^^^^[0m
[31m[1m>[0m [90m18 |[0m   updateStudentStatus,
  [90m   |[0m [31m[1m^^^^^^^^^^^^^^^^^^^^^^[0m
[31m[1m>[0m [90m19 |[0m } [36mfrom[0m 
[32m"@/features/admin/service"[0m;
  [90m   |[0m [31m[1m^^^^^^^^^^^^^^^^^^^^^^^^^^^^^^^^^^[0m
  [90m20 |[0m [36mimport[0m { [33mBulkStudentSelector[0m } 
[36mfrom[0m [32m"./_components/bulk-student-selector"[0m;
  [90m21 |[0m [36mimport[0m { [33mStudentDetailsModal[0m } 
[36mfrom[0m [32m"./_components/student-details-modal"[0m;
  [90m22 |[0m

The export unassignCourseFromStudent was not found in module 
[project]/src/features/admin/service.ts [app-rsc] (ecmascript).
Did you mean to import approveCourseEdit?
All exports of the module are statically known (It doesn't have dynamic 
exports). So it's known statically that the requested export doesn't exist.


./src/app/api/forum/subscriptions/route.ts:2:1
Export unsubscribeFromThread doesn't exist in target module
  [90m1 |[0m ...[33mtRequest[0m, [33mNextResponse[0m } [36mfrom[0m 
[32m'next/server'[0m;
[31m[1m>[0m [90m2 |[0m ...scribeToThread, unsubscribeFromThread, 
listUserThreadSubscriptions } [36mfrom[0m [32m'@/features/fo...[0m
  [90m  |[0m    [31m[1m^^^^^^^^^^^^^^^^^^^^^^^^^^^^^^^^^^^^^^^^^^^^^^^^^
^^^^^^^^^^^^^^^^^^^^^^^^^^^^^^^^^^^^^^^^^^[0m
  [90m3 |[0m ...
  [90m4 |[0m ...[90m/forum/subscriptions - subscribe to thread[0m
  [90m5 |[0m ... [36mfunction[0m [33mPOST[0m(req: 
[33mNextRequest[0m) {

The export unsubscribeFromThread was not found in module 
[project]/src/features/forum/service.ts [app-route] (ecmascript).
Did you mean to import getForumThreadById?
All exports of the module are statically known (It doesn't have dynamic 
exports). So it's known statically that the requested export doesn't exist.


./src/app/api/interview-sessions/[sessionId]/route.ts:5:1
Export updateInterviewSession doesn't exist in target module
  [90m3 |[0m [36mimport[0m { z } [36mfrom[0m [32m"zod"[0m;
  [90m4 |[0m
[31m[1m>[0m [90m5 |[0m [36mimport[0m { getInterviewSession, 
updateInterviewSession } [36mfrom[0m 
[32m"@/features/interview/service"[0m;
  [90m  |[0m [31m[1m^^^^^^^^^^^^^^^^^^^^^^^^^^^^^^^^^^^^^^^^^^^^^^^^^^^^
^^^^^^^^^^^^^^^^^^^^^^^^^^^^^^^^^^^^^^^[0m
  [90m6 |[0m [36mimport[0m { requireSession } [36mfrom[0m 
[32m"@/lib/auth/session"[0m;
  [90m7 |[0m
  [90m8 |[0m [36mconst[0m updateSessionSchema = z.object({

The export updateInterviewSession was not found in module 
[project]/src/features/interview/service.ts [app-route] (ecmascript).
Did you mean to import getInterviewSessions?
All exports of the module are statically known (It doesn't have dynamic 
exports). So it's known statically that the requested export doesn't exist.


./src/app/admin/students/page.tsx:9:1
Export updateStudentStatus doesn't exist in target module
  [90m 7 |[0m [36mimport[0m { [33mButton[0m } [36mfrom[0m 
[32m"@/components/ui/button"[0m;
  [90m 8 |[0m [36mimport[0m { [33mCard[0m, [33mCardContent[0m, 
[33mCardHeader[0m, [33mCardTitle[0m } [36mfrom[0m 
[32m"@/components/ui/card"[0m;
[31m[1m>[0m [90m 9 |[0m [36mimport[0m {
  [90m   |[0m [31m[1m^^^^^^^[0m
[31m[1m>[0m [90m10 |[0m   assignCourseToStudent,
  [90m   |[0m [31m[1m^^^^^^^^^^^^^^^^^^^^^^^^[0m
[31m[1m>[0m [90m11 |[0m   assignCourseToStudentsBulk,
  [90m   |[0m [31m[1m^^^^^^^^^^^^^^^^^^^^^^^^^^^^^[0m
[31m[1m>[0m [90m12 |[0m   listAssignableCourses,
  [90m   |[0m [31m[1m^^^^^^^^^^^^^^^^^^^^^^^^[0m
[31m[1m>[0m [90m13 |[0m   listRecentCourseAssignmentEvents,
  [90m   |[0m [31m[1m^^^^^^^^^^^^^^^^^^^^^^^^^^^^^^^^^^^[0m
[31m[1m>[0m [90m14 |[0m   listStudentAssignedCourses,
  [90m   |[0m [31m[1m^^^^^^^^^^^^^^^^^^^^^^^^^^^^^[0m
[31m[1m>[0m [90m15 |[0m   listStudents,
  [90m   |[0m [31m[1m^^^^^^^^^^^^^^^[0m
[31m[1m>[0m [90m16 |[0m   requireAdminUser,
  [90m   |[0m [31m[1m^^^^^^^^^^^^^^^^^^^[0m
[31m[1m>[0m [90m17 |[0m   unassignCourseFromStudent,
  [90m   |[0m [31m[1m^^^^^^^^^^^^^^^^^^^^^^^^^^^^[0m
[31m[1m>[0m [90m18 |[0m   updateStudentStatus,
  [90m   |[0m [31m[1m^^^^^^^^^^^^^^^^^^^^^^[0m
[31m[1m>[0m [90m19 |[0m } [36mfrom[0m 
[32m"@/features/admin/service"[0m;
  [90m   |[0m [31m[1m^^^^^^^^^^^^^^^^^^^^^^^^^^^^^^^^^^[0m
  [90m20 |[0m [36mimport[0m { [33mBulkStudentSelector[0m } 
[36mfrom[0m [32m"./_components/bulk-student-selector"[0m;
  [90m21 |[0m [36mimport[0m { [33mStudentDetailsModal[0m } 
[36mfrom[0m [32m"./_components/student-details-modal"[0m;
  [90m22 |[0m

The export updateStudentStatus was not found in module 
[project]/src/features/admin/service.ts [app-rsc] (ecmascript).
Did you mean to import approveCourseEdit?
All exports of the module are statically known (It doesn't have dynamic 
exports). So it's known statically that the requested export doesn't exist.


./src/app/admin/system/page.tsx:9:1
Export updateUserRole doesn't exist in target module
  [90m 7 |[0m [36mimport[0m { [33mInput[0m } [36mfrom[0m 
[32m"@/components/ui/input"[0m;
  [90m 8 |[0m [36mimport[0m { [33mStatCard[0m } [36mfrom[0m 
[32m"../../components/ui/stat-card"[0m;
[31m[1m>[0m [90m 9 |[0m [36mimport[0m {
  [90m   |[0m [31m[1m^^^^^^^[0m
[31m[1m>[0m [90m10 |[0m   updateUserRole,
  [90m   |[0m [31m[1m^^^^^^^^^^^^^^^^^[0m
[31m[1m>[0m [90m11 |[0m   requireAdminUser,
  [90m   |[0m [31m[1m^^^^^^^^^^^^^^^^^^^[0m
[31m[1m>[0m [90m12 |[0m   getSystemSnapshot,
  [90m   |[0m [31m[1m^^^^^^^^^^^^^^^^^^^^[0m
[31m[1m>[0m [90m13 |[0m   toggleFeatureFlag,
  [90m   |[0m [31m[1m^^^^^^^^^^^^^^^^^^^^[0m
[31m[1m>[0m [90m14 |[0m   createTenantInvite,
  [90m   |[0m [31m[1m^^^^^^^^^^^^^^^^^^^^^[0m
[31m[1m>[0m [90m15 |[0m   listTenantInvites,
  [90m   |[0m [31m[1m^^^^^^^^^^^^^^^^^^^^[0m
[31m[1m>[0m [90m16 |[0m } [36mfrom[0m 
[32m"@/features/admin/service"[0m;
  [90m   |[0m [31m[1m^^^^^^^^^^^^^^^^^^^^^^^^^^^^^^^^^^[0m
  [90m17 |[0m
  [90m18 |[0m [36mimport[0m { [33mAdminShell[0m } [36mfrom[0m 
[32m"../_components/admin-shell"[0m;
  [90m19 |[0m

The export updateUserRole was not found in module 
[project]/src/features/admin/service.ts [app-rsc] (ecmascript).
Did you mean to import restoreCourse?
All exports of the module are statically known (It doesn't have dynamic 
exports). So it's known statically that the requested export doesn't exist.


./src/app/admin/users/[userId]/page.tsx:7:1
Export updateUserRole doesn't exist in target module
  [90m 5 |[0m [36mimport[0m { [33mButton[0m } [36mfrom[0m 
[32m"@/components/ui/button"[0m;
  [90m 6 |[0m [36mimport[0m { [33mCard[0m, [33mCardContent[0m, 
[33mCardHeader[0m, [33mCardTitle[0m } [36mfrom[0m 
[32m"@/components/ui/card"[0m;
[31m[1m>[0m [90m 7 |[0m [36mimport[0m { getUserById, updateUserRole, 
updateUserStatus } [36mfrom[0m [32m"@/features/admin/service"[0m;
  [90m   |[0m [31m[1m^^^^^^^^^^^^^^^^^^^^^^^^^^^^^^^^^^^^^^^^^^^^^^^^^^^
^^^^^^^^^^^^^^^^^^^^^^^^^^^^^^^^^^^^^^[0m
  [90m 8 |[0m [36mimport[0m [36mtype[0m { [33mRole[0m, 
[33mUserStatus[0m } [36mfrom[0m [32m"@prisma/client"[0m;
  [90m 9 |[0m
  [90m10 |[0m [36mimport[0m { [33mAdminShell[0m } [36mfrom[0m 
[32m"../../_components/admin-shell"[0m;

The export updateUserRole was not found in module 
[project]/src/features/admin/service.ts [app-rsc] (ecmascript).
Did you mean to import restoreCourse?
All exports of the module are statically known (It doesn't have dynamic 
exports). So it's known statically that the requested export doesn't exist.


./src/app/admin/users/page.tsx:10:1
Export updateUserRole doesn't exist in target module
  [90m 8 |[0m [36mimport[0m { [33mLabel[0m } [36mfrom[0m 
[32m"../../../components/ui/label"[0m;
  [90m 9 |[0m [36mimport[0m { [33mTextarea[0m } [36mfrom[0m 
[32m"../../../components/ui/textarea"[0m;
[31m[1m>[0m [90m10 |[0m [36mimport[0m {
  [90m   |[0m [31m[1m^^^^^^^[0m
[31m[1m>[0m [90m11 |[0m   createTenantInvite,
  [90m   |[0m [31m[1m^^^^^^^^^^^^^^^^^^^^^[0m
[31m[1m>[0m [90m12 |[0m   listAllUsers,
  [90m   |[0m [31m[1m^^^^^^^^^^^^^^^[0m
[31m[1m>[0m [90m13 |[0m   updateUserRole,
  [90m   |[0m [31m[1m^^^^^^^^^^^^^^^^^[0m
[31m[1m>[0m [90m14 |[0m   updateUserStatus,
  [90m   |[0m [31m[1m^^^^^^^^^^^^^^^^^^^[0m
[31m[1m>[0m [90m15 |[0m } [36mfrom[0m 
[32m"../../../features/admin/service"[0m;
  [90m   |[0m [31m[1m^^^^^^^^^^^^^^^^^^^^^^^^^^^^^^^^^^^^^^^^^[0m
  [90m16 |[0m [36mimport[0m { upsertStudentProfile } [36mfrom[0m 
[32m"../../../features/profile/service"[0m;
  [90m17 |[0m [36mimport[0m { requireSession } [36mfrom[0m 
[32m"../../../lib/auth/session"[0m;
  [90m18 |[0m [36mimport[0m { prisma } [36mfrom[0m 
[32m"../../../lib/prisma"[0m;

The export updateUserRole was not found in module 
[project]/src/features/admin/service.ts [app-rsc] (ecmascript).
Did you mean to import restoreCourse?
All exports of the module are statically known (It doesn't have dynamic 
exports). So it's known statically that the requested export doesn't exist.


./src/app/admin/tutors/page.tsx:17:1
Export updateUserStatus doesn't exist in target module
  [90m15 |[0m [36mimport[0m { [33mLabel[0m } [36mfrom[0m 
[32m"../../../components/ui/label"[0m;
  [90m16 |[0m [36mimport[0m { [33mStatCard[0m } [36mfrom[0m 
[32m"../../../components/ui/stat-card"[0m;
[31m[1m>[0m [90m17 |[0m [36mimport[0m {
  [90m   |[0m [31m[1m^^^^^^^[0m
[31m[1m>[0m [90m18 |[0m   getTutorManagementSnapshot,
  [90m   |[0m [31m[1m^^^^^^^^^^^^^^^^^^^^^^^^^^^^^[0m
[31m[1m>[0m [90m19 |[0m   listTutors,
  [90m   |[0m [31m[1m^^^^^^^^^^^^^[0m
[31m[1m>[0m [90m20 |[0m   requireAdminUser,
  [90m   |[0m [31m[1m^^^^^^^^^^^^^^^^^^^[0m
[31m[1m>[0m [90m21 |[0m   updateUserStatus,
  [90m   |[0m [31m[1m^^^^^^^^^^^^^^^^^^^[0m
[31m[1m>[0m [90m22 |[0m } [36mfrom[0m 
[32m"../../../features/admin/service"[0m;
  [90m   |[0m [31m[1m^^^^^^^^^^^^^^^^^^^^^^^^^^^^^^^^^^^^^^^^^[0m
  [90m23 |[0m
  [90m24 |[0m [36mimport[0m { [33mAdminShell[0m } [36mfrom[0m 
[32m"../_components/admin-shell"[0m;
  [90m25 |[0m [36mimport[0m { revalidatePath } [36mfrom[0m 
[32m"next/cache"[0m;

The export updateUserStatus was not found in module 
[project]/src/features/admin/service.ts [app-rsc] (ecmascript).
Did you mean to import restoreCourse?
All exports of the module are statically known (It doesn't have dynamic 
exports). So it's known statically that the requested export doesn't exist.


./src/app/admin/users/[userId]/page.tsx:7:1
Export updateUserStatus doesn't exist in target module
  [90m 5 |[0m [36mimport[0m { [33mButton[0m } [36mfrom[0m 
[32m"@/components/ui/button"[0m;
  [90m 6 |[0m [36mimport[0m { [33mCard[0m, [33mCardContent[0m, 
[33mCardHeader[0m, [33mCardTitle[0m } [36mfrom[0m 
[32m"@/components/ui/card"[0m;
[31m[1m>[0m [90m 7 |[0m [36mimport[0m { getUserById, updateUserRole, 
updateUserStatus } [36mfrom[0m [32m"@/features/admin/service"[0m;
  [90m   |[0m [31m[1m^^^^^^^^^^^^^^^^^^^^^^^^^^^^^^^^^^^^^^^^^^^^^^^^^^^
^^^^^^^^^^^^^^^^^^^^^^^^^^^^^^^^^^^^^^[0m
  [90m 8 |[0m [36mimport[0m [36mtype[0m { [33mRole[0m, 
[33mUserStatus[0m } [36mfrom[0m [32m"@prisma/client"[0m;
  [90m 9 |[0m
  [90m10 |[0m [36mimport[0m { [33mAdminShell[0m } [36mfrom[0m 
[32m"../../_components/admin-shell"[0m;

The export updateUserStatus was not found in module 
[project]/src/features/admin/service.ts [app-rsc] (ecmascript).
Did you mean to import restoreCourse?
All exports of the module are statically known (It doesn't have dynamic 
exports). So it's known statically that the requested export doesn't exist.


./src/app/admin/users/page.tsx:10:1
Export updateUserStatus doesn't exist in target module
  [90m 8 |[0m [36mimport[0m { [33mLabel[0m } [36mfrom[0m 
[32m"../../../components/ui/label"[0m;
  [90m 9 |[0m [36mimport[0m { [33mTextarea[0m } [36mfrom[0m 
[32m"../../../components/ui/textarea"[0m;
[31m[1m>[0m [90m10 |[0m [36mimport[0m {
  [90m   |[0m [31m[1m^^^^^^^[0m
[31m[1m>[0m [90m11 |[0m   createTenantInvite,
  [90m   |[0m [31m[1m^^^^^^^^^^^^^^^^^^^^^[0m
[31m[1m>[0m [90m12 |[0m   listAllUsers,
  [90m   |[0m [31m[1m^^^^^^^^^^^^^^^[0m
[31m[1m>[0m [90m13 |[0m   updateUserRole,
  [90m   |[0m [31m[1m^^^^^^^^^^^^^^^^^[0m
[31m[1m>[0m [90m14 |[0m   updateUserStatus,
  [90m   |[0m [31m[1m^^^^^^^^^^^^^^^^^^^[0m
[31m[1m>[0m [90m15 |[0m } [36mfrom[0m 
[32m"../../../features/admin/service"[0m;
  [90m   |[0m [31m[1m^^^^^^^^^^^^^^^^^^^^^^^^^^^^^^^^^^^^^^^^^[0m
  [90m16 |[0m [36mimport[0m { upsertStudentProfile } [36mfrom[0m 
[32m"../../../features/profile/service"[0m;
  [90m17 |[0m [36mimport[0m { requireSession } [36mfrom[0m 
[32m"../../../lib/auth/session"[0m;
  [90m18 |[0m [36mimport[0m { prisma } [36mfrom[0m 
[32m"../../../lib/prisma"[0m;

The export updateUserStatus was not found in module 
[project]/src/features/admin/service.ts [app-rsc] (ecmascript).
Did you mean to import restoreCourse?
All exports of the module are statically known (It doesn't have dynamic 
exports). So it's known statically that the requested export doesn't exist.


./src/app/api/chat/memberships/route.ts:4:1
Export upsertChatMembership doesn't exist in target module
  [90m2 |[0m [36mimport[0m { [33mNextRequest[0m, 
[33mNextResponse[0m } [36mfrom[0m [32m'next/server'[0m;
  [90m3 |[0m [36mimport[0m { requireAuth } [36mfrom[0m 
[32m"../_helpers"[0m;
[31m[1m>[0m [90m4 |[0m [36mimport[0m { upsertChatMembership } 
[36mfrom[0m [32m"../../../../features/chat/service"[0m;
  [90m  |[0m [31m[1m^^^^^^^^^^^^^^^^^^^^^^^^^^^^^^^^^^^^^^^^^^^^^^^^^^^^
^^^^^^^^^^^^^^^^^^^^^[0m
  [90m5 |[0m
  [90m6 |[0m [36mexport[0m [36masync[0m [36mfunction[0m 
[33mGET[0m(req: [33mNextRequest[0m) {
  [90m7 |[0m   [36mtry[0m {

The export upsertChatMembership was not found in module 
[project]/src/features/chat/service.ts [app-route] (ecmascript).
Did you mean to import sendChatMessage?
All exports of the module are statically known (It doesn't have dynamic 
exports). So it's known statically that the requested export doesn't exist.


./src/app/api/tutor/courses/route.ts:6:1
Export upsertTutorCourseDraft doesn't exist in target module
  [90m4 |[0m
  [90m5 |[0m [36mimport[0m { verifyToken } [36mfrom[0m 
[32m"../../../../lib/auth/jwt"[0m;
[31m[1m>[0m [90m6 |[0m [36mimport[0m { upsertTutorCourseDraft } 
[36mfrom[0m [32m"../../../../features/tutor/service"[0m;
  [90m  |[0m [31m[1m^^^^^^^^^^^^^^^^^^^^^^^^^^^^^^^^^^^^^^^^^^^^^^^^^^^^
^^^^^^^^^^^^^^^^^^^^^^^^[0m
  [90m7 |[0m
  [90m8 |[0m [36mconst[0m [33mLessonResourceSchema[0m = z.object({
  [90m9 |[0m   title: z.string().min([35m1[0m),

The export upsertTutorCourseDraft was not found in module 
[project]/src/features/tutor/service.ts [app-route] (ecmascript).
Did you mean to import updateTutorCourse?
All exports of the module are statically known (It doesn't have dynamic 
exports). So it's known statically that the requested export doesn't exist.


./src/features/chat/components/unified-chat-hub.tsx:29:1
Export useChatSpaces doesn't exist in target module
  [90m27 |[0m [36mimport[0m { [33mChatNotifications[0m } 
[36mfrom[0m [32m"./chat-notifications"[0m;
  [90m28 |[0m [36mimport[0m { useChatWebSocket } [36mfrom[0m 
[32m"../services/websocket-manager"[0m;
[31m[1m>[0m [90m29 |[0m [36mimport[0m { useChatSpaces, 
useDirectConversations } [36mfrom[0m [32m"../hooks"[0m;
  [90m   |[0m [31m[1m^^^^^^^^^^^^^^^^^^^^^^^^^^^^^^^^^^^^^^^^^^^^^^^^^^^
^^^^^^^^^^^^^^[0m
  [90m30 |[0m [36mimport[0m { useCurrentUserId } [36mfrom[0m 
[32m"../../components/current-user-provider"[0m;
  [90m31 |[0m
  [90m32 |[0m [36mimport[0m { [33mChatArea[0m } [36mfrom[0m 
[32m"./chat-area"[0m;

The export useChatSpaces was not found in module 
[project]/src/features/chat/hooks/index.ts [app-client] (ecmascript).
Did you mean to import useChatThreads?
All exports of the module are statically known (It doesn't have dynamic 
exports). So it's known statically that the requested export doesn't exist.

Import trace:
  Server Component:
    ./src/features/chat/components/unified-chat-hub.tsx
    ./src/app/chat/page.tsx


./src/features/chat/components/unified-chat-hub.tsx:29:1
Export useChatSpaces doesn't exist in target module
  [90m27 |[0m [36mimport[0m { [33mChatNotifications[0m } 
[36mfrom[0m [32m"./chat-notifications"[0m;
  [90m28 |[0m [36mimport[0m { useChatWebSocket } [36mfrom[0m 
[32m"../services/websocket-manager"[0m;
[31m[1m>[0m [90m29 |[0m [36mimport[0m { useChatSpaces, 
useDirectConversations } [36mfrom[0m [32m"../hooks"[0m;
  [90m   |[0m [31m[1m^^^^^^^^^^^^^^^^^^^^^^^^^^^^^^^^^^^^^^^^^^^^^^^^^^^
^^^^^^^^^^^^^^[0m
  [90m30 |[0m [36mimport[0m { useCurrentUserId } [36mfrom[0m 
[32m"../../components/current-user-provider"[0m;
  [90m31 |[0m
  [90m32 |[0m [36mimport[0m { [33mChatArea[0m } [36mfrom[0m 
[32m"./chat-area"[0m;

The export useChatSpaces was not found in module 
[project]/src/features/chat/hooks/index.ts [app-ssr] (ecmascript).
Did you mean to import useChatThreads?
All exports of the module are statically known (It doesn't have dynamic 
exports). So it's known statically that the requested export doesn't exist.

Import trace:
  Server Component:
    ./src/features/chat/components/unified-chat-hub.tsx
    ./src/app/chat/page.tsx


./src/app/dashboard/chat/chat-content.tsx:8:1
Export useConversationMessages doesn't exist in target module
  [90m 6 |[0m [36mimport[0m { [33mChatArea[0m } [36mfrom[0m 
[32m"@/features/chat/components/chat-area"[0m;
  [90m 7 |[0m [36mimport[0m { [33mNewConversationModal[0m } 
[36mfrom[0m [32m"@/features/chat/components/new-conversation-modal"[0m;
[31m[1m>[0m [90m 8 |[0m [36mimport[0m {
  [90m   |[0m [31m[1m^^^^^^^[0m
[31m[1m>[0m [90m 9 |[0m   useDirectConversations,
  [90m   |[0m [31m[1m^^^^^^^^^^^^^^^^^^^^^^^^^[0m
[31m[1m>[0m [90m10 |[0m   useConversationMessages,
  [90m   |[0m [31m[1m^^^^^^^^^^^^^^^^^^^^^^^^^^[0m
[31m[1m>[0m [90m11 |[0m   useSendDirectMessage,
  [90m   |[0m [31m[1m^^^^^^^^^^^^^^^^^^^^^^^[0m
[31m[1m>[0m [90m12 |[0m   useCreateDirectConversation,
  [90m   |[0m [31m[1m^^^^^^^^^^^^^^^^^^^^^^^^^^^^^^[0m
[31m[1m>[0m [90m13 |[0m } [36mfrom[0m 
[32m"@/features/chat/hooks"[0m;
  [90m   |[0m [31m[1m^^^^^^^^^^^^^^^^^^^^^^^^^^^^^^^[0m
  [90m14 |[0m [36mimport[0m { useCurrentUserId } [36mfrom[0m 
[32m"@/components/current-user-provider"[0m;
  [90m15 |[0m
  [90m16 |[0m [36minterface[0m [33mDashboardChatContentProps[0m {

The export useConversationMessages was not found in module 
[project]/src/features/chat/hooks/index.ts [app-client] (ecmascript).
Did you mean to import useSendChatMessage?
All exports of the module are statically known (It doesn't have dynamic 
exports). So it's known statically that the requested export doesn't exist.

Import trace:
  Server Component:
    ./src/app/dashboard/chat/chat-content.tsx
    ./src/app/dashboard/chat/page.tsx


./src/app/dashboard/chat/chat-content.tsx:8:1
Export useConversationMessages doesn't exist in target module
  [90m 6 |[0m [36mimport[0m { [33mChatArea[0m } [36mfrom[0m 
[32m"@/features/chat/components/chat-area"[0m;
  [90m 7 |[0m [36mimport[0m { [33mNewConversationModal[0m } 
[36mfrom[0m [32m"@/features/chat/components/new-conversation-modal"[0m;
[31m[1m>[0m [90m 8 |[0m [36mimport[0m {
  [90m   |[0m [31m[1m^^^^^^^[0m
[31m[1m>[0m [90m 9 |[0m   useDirectConversations,
  [90m   |[0m [31m[1m^^^^^^^^^^^^^^^^^^^^^^^^^[0m
[31m[1m>[0m [90m10 |[0m   useConversationMessages,
  [90m   |[0m [31m[1m^^^^^^^^^^^^^^^^^^^^^^^^^^[0m
[31m[1m>[0m [90m11 |[0m   useSendDirectMessage,
  [90m   |[0m [31m[1m^^^^^^^^^^^^^^^^^^^^^^^[0m
[31m[1m>[0m [90m12 |[0m   useCreateDirectConversation,
  [90m   |[0m [31m[1m^^^^^^^^^^^^^^^^^^^^^^^^^^^^^^[0m
[31m[1m>[0m [90m13 |[0m } [36mfrom[0m 
[32m"@/features/chat/hooks"[0m;
  [90m   |[0m [31m[1m^^^^^^^^^^^^^^^^^^^^^^^^^^^^^^^[0m
  [90m14 |[0m [36mimport[0m { useCurrentUserId } [36mfrom[0m 
[32m"@/components/current-user-provider"[0m;
  [90m15 |[0m
  [90m16 |[0m [36minterface[0m [33mDashboardChatContentProps[0m {

The export useConversationMessages was not found in module 
[project]/src/features/chat/hooks/index.ts [app-ssr] (ecmascript).
Did you mean to import useSendChatMessage?
All exports of the module are statically known (It doesn't have dynamic 
exports). So it's known statically that the requested export doesn't exist.

Import trace:
  Server Component:
    ./src/app/dashboard/chat/chat-content.tsx
    ./src/app/dashboard/chat/page.tsx


./src/features/chat/components/chat-area.tsx:11:1
Export useConversationMessages doesn't exist in target module
  [90m 9 |[0m [36mimport[0m { sendMessage } [36mfrom[0m 
[32m"../service"[0m;
  [90m10 |[0m [36mimport[0m { [33mInfo[0m, [33mPhone[0m, 
[33mVideo[0m, [33mUsers[0m, [33mHash[0m, [33mSend[0m, 
[33mPaperclip[0m, [33mSmile[0m } [36mfrom[0m [32m"lucide-react"[0m;
[31m[1m>[0m [90m11 |[0m [36mimport[0m { useChatMessages, 
useConversationMessages } [36mfrom[0m [32m"../hooks"[0m;
  [90m   |[0m [31m[1m^^^^^^^^^^^^^^^^^^^^^^^^^^^^^^^^^^^^^^^^^^^^^^^^^^^
^^^^^^^^^^^^^^^^^[0m
  [90m12 |[0m [36mimport[0m { [33mButton[0m } [36mfrom[0m 
[32m"../../components/ui/button"[0m;
  [90m13 |[0m [36mimport[0m { [33mBadge[0m } [36mfrom[0m 
[32m"../../components/ui/badge"[0m;
  [90m14 |[0m [36mimport[0m { [33mTextarea[0m } [36mfrom[0m 
[32m"../../components/ui/textarea"[0m;

The export useConversationMessages was not found in module 
[project]/src/features/chat/hooks/index.ts [app-client] (ecmascript).
Did you mean to import useSendChatMessage?
All exports of the module are statically known (It doesn't have dynamic 
exports). So it's known statically that the requested export doesn't exist.

Import traces:
  Client Component Browser:
    ./src/features/chat/components/chat-area.tsx [Client Component Browser]
    ./src/features/chat/components/unified-chat-hub.tsx [Client Component 
Browser]
    ./src/features/chat/components/unified-chat-hub.tsx [Server Component]
    ./src/app/chat/page.tsx [Server Component]

  Client Component SSR:
    ./src/features/chat/components/chat-area.tsx [Client Component SSR]
    ./src/features/chat/components/unified-chat-hub.tsx [Client Component 
SSR]
    ./src/features/chat/components/unified-chat-hub.tsx [Server Component]
    ./src/app/chat/page.tsx [Server Component]


./src/features/chat/components/chat-area.tsx:11:1
Export useConversationMessages doesn't exist in target module
  [90m 9 |[0m [36mimport[0m { sendMessage } [36mfrom[0m 
[32m"../service"[0m;
  [90m10 |[0m [36mimport[0m { [33mInfo[0m, [33mPhone[0m, 
[33mVideo[0m, [33mUsers[0m, [33mHash[0m, [33mSend[0m, 
[33mPaperclip[0m, [33mSmile[0m } [36mfrom[0m [32m"lucide-react"[0m;
[31m[1m>[0m [90m11 |[0m [36mimport[0m { useChatMessages, 
useConversationMessages } [36mfrom[0m [32m"../hooks"[0m;
  [90m   |[0m [31m[1m^^^^^^^^^^^^^^^^^^^^^^^^^^^^^^^^^^^^^^^^^^^^^^^^^^^
^^^^^^^^^^^^^^^^^[0m
  [90m12 |[0m [36mimport[0m { [33mButton[0m } [36mfrom[0m 
[32m"../../components/ui/button"[0m;
  [90m13 |[0m [36mimport[0m { [33mBadge[0m } [36mfrom[0m 
[32m"../../components/ui/badge"[0m;
  [90m14 |[0m [36mimport[0m { [33mTextarea[0m } [36mfrom[0m 
[32m"../../components/ui/textarea"[0m;

The export useConversationMessages was not found in module 
[project]/src/features/chat/hooks/index.ts [app-ssr] (ecmascript).
Did you mean to import useSendChatMessage?
All exports of the module are statically known (It doesn't have dynamic 
exports). So it's known statically that the requested export doesn't exist.

Import traces:
  Client Component Browser:
    ./src/features/chat/components/chat-area.tsx [Client Component Browser]
    ./src/features/chat/components/unified-chat-hub.tsx [Client Component 
Browser]
    ./src/features/chat/components/unified-chat-hub.tsx [Server Component]
    ./src/app/chat/page.tsx [Server Component]

  Client Component SSR:
    ./src/features/chat/components/chat-area.tsx [Client Component SSR]
    ./src/features/chat/components/unified-chat-hub.tsx [Client Component 
SSR]
    ./src/features/chat/components/unified-chat-hub.tsx [Server Component]
    ./src/app/chat/page.tsx [Server Component]


./src/app/dashboard/chat/chat-content.tsx:8:1
Export useCreateDirectConversation doesn't exist in target module
  [90m 6 |[0m [36mimport[0m { [33mChatArea[0m } [36mfrom[0m 
[32m"@/features/chat/components/chat-area"[0m;
  [90m 7 |[0m [36mimport[0m { [33mNewConversationModal[0m } 
[36mfrom[0m [32m"@/features/chat/components/new-conversation-modal"[0m;
[31m[1m>[0m [90m 8 |[0m [36mimport[0m {
  [90m   |[0m [31m[1m^^^^^^^[0m
[31m[1m>[0m [90m 9 |[0m   useDirectConversations,
  [90m   |[0m [31m[1m^^^^^^^^^^^^^^^^^^^^^^^^^[0m
[31m[1m>[0m [90m10 |[0m   useConversationMessages,
  [90m   |[0m [31m[1m^^^^^^^^^^^^^^^^^^^^^^^^^^[0m
[31m[1m>[0m [90m11 |[0m   useSendDirectMessage,
  [90m   |[0m [31m[1m^^^^^^^^^^^^^^^^^^^^^^^[0m
[31m[1m>[0m [90m12 |[0m   useCreateDirectConversation,
  [90m   |[0m [31m[1m^^^^^^^^^^^^^^^^^^^^^^^^^^^^^^[0m
[31m[1m>[0m [90m13 |[0m } [36mfrom[0m 
[32m"@/features/chat/hooks"[0m;
  [90m   |[0m [31m[1m^^^^^^^^^^^^^^^^^^^^^^^^^^^^^^^[0m
  [90m14 |[0m [36mimport[0m { useCurrentUserId } [36mfrom[0m 
[32m"@/components/current-user-provider"[0m;
  [90m15 |[0m
  [90m16 |[0m [36minterface[0m [33mDashboardChatContentProps[0m {

The export useCreateDirectConversation was not found in module 
[project]/src/features/chat/hooks/index.ts [app-client] (ecmascript).
Did you mean to import useChatThreads?
All exports of the module are statically known (It doesn't have dynamic 
exports). So it's known statically that the requested export doesn't exist.

Import trace:
  Server Component:
    ./src/app/dashboard/chat/chat-content.tsx
    ./src/app/dashboard/chat/page.tsx


./src/app/dashboard/chat/chat-content.tsx:8:1
Export useCreateDirectConversation doesn't exist in target module
  [90m 6 |[0m [36mimport[0m { [33mChatArea[0m } [36mfrom[0m 
[32m"@/features/chat/components/chat-area"[0m;
  [90m 7 |[0m [36mimport[0m { [33mNewConversationModal[0m } 
[36mfrom[0m [32m"@/features/chat/components/new-conversation-modal"[0m;
[31m[1m>[0m [90m 8 |[0m [36mimport[0m {
  [90m   |[0m [31m[1m^^^^^^^[0m
[31m[1m>[0m [90m 9 |[0m   useDirectConversations,
  [90m   |[0m [31m[1m^^^^^^^^^^^^^^^^^^^^^^^^^[0m
[31m[1m>[0m [90m10 |[0m   useConversationMessages,
  [90m   |[0m [31m[1m^^^^^^^^^^^^^^^^^^^^^^^^^^[0m
[31m[1m>[0m [90m11 |[0m   useSendDirectMessage,
  [90m   |[0m [31m[1m^^^^^^^^^^^^^^^^^^^^^^^[0m
[31m[1m>[0m [90m12 |[0m   useCreateDirectConversation,
  [90m   |[0m [31m[1m^^^^^^^^^^^^^^^^^^^^^^^^^^^^^^[0m
[31m[1m>[0m [90m13 |[0m } [36mfrom[0m 
[32m"@/features/chat/hooks"[0m;
  [90m   |[0m [31m[1m^^^^^^^^^^^^^^^^^^^^^^^^^^^^^^^[0m
  [90m14 |[0m [36mimport[0m { useCurrentUserId } [36mfrom[0m 
[32m"@/components/current-user-provider"[0m;
  [90m15 |[0m
  [90m16 |[0m [36minterface[0m [33mDashboardChatContentProps[0m {

The export useCreateDirectConversation was not found in module 
[project]/src/features/chat/hooks/index.ts [app-ssr] (ecmascript).
Did you mean to import useChatThreads?
All exports of the module are statically known (It doesn't have dynamic 
exports). So it's known statically that the requested export doesn't exist.

Import trace:
  Server Component:
    ./src/app/dashboard/chat/chat-content.tsx
    ./src/app/dashboard/chat/page.tsx


./src/app/dashboard/chat/chat-content.tsx:14:1
Export useCurrentUserId doesn't exist in target module
  [90m12 |[0m   useCreateDirectConversation,
  [90m13 |[0m } [36mfrom[0m [32m"@/features/chat/hooks"[0m;
[31m[1m>[0m [90m14 |[0m [36mimport[0m { useCurrentUserId } 
[36mfrom[0m [32m"@/components/current-user-provider"[0m;
  [90m   |[0m [31m[1m^^^^^^^^^^^^^^^^^^^^^^^^^^^^^^^^^^^^^^^^^^^^^^^^^^^
^^^^^^^^^^^^^^^^^^^[0m
  [90m15 |[0m
  [90m16 |[0m [36minterface[0m [33mDashboardChatContentProps[0m {
  [90m17 |[0m   currentUserId?: string;

The export useCurrentUserId was not found in module 
[project]/src/components/current-user-provider.tsx [app-client] 
(ecmascript).
Did you mean to import useCurrentUser?
All exports of the module are statically known (It doesn't have dynamic 
exports). So it's known statically that the requested export doesn't exist.

Import trace:
  Server Component:
    ./src/app/dashboard/chat/chat-content.tsx
    ./src/app/dashboard/chat/page.tsx


./src/app/dashboard/chat/chat-content.tsx:14:1
Export useCurrentUserId doesn't exist in target module
  [90m12 |[0m   useCreateDirectConversation,
  [90m13 |[0m } [36mfrom[0m [32m"@/features/chat/hooks"[0m;
[31m[1m>[0m [90m14 |[0m [36mimport[0m { useCurrentUserId } 
[36mfrom[0m [32m"@/components/current-user-provider"[0m;
  [90m   |[0m [31m[1m^^^^^^^^^^^^^^^^^^^^^^^^^^^^^^^^^^^^^^^^^^^^^^^^^^^
^^^^^^^^^^^^^^^^^^^[0m
  [90m15 |[0m
  [90m16 |[0m [36minterface[0m [33mDashboardChatContentProps[0m {
  [90m17 |[0m   currentUserId?: string;

The export useCurrentUserId was not found in module 
[project]/src/components/current-user-provider.tsx [app-ssr] (ecmascript).
Did you mean to import useCurrentUser?
All exports of the module are statically known (It doesn't have dynamic 
exports). So it's known statically that the requested export doesn't exist.

Import trace:
  Server Component:
    ./src/app/dashboard/chat/chat-content.tsx
    ./src/app/dashboard/chat/page.tsx


./src/app/dashboard/chat/chat-content.tsx:8:1
Export useDirectConversations doesn't exist in target module
  [90m 6 |[0m [36mimport[0m { [33mChatArea[0m } [36mfrom[0m 
[32m"@/features/chat/components/chat-area"[0m;
  [90m 7 |[0m [36mimport[0m { [33mNewConversationModal[0m } 
[36mfrom[0m [32m"@/features/chat/components/new-conversation-modal"[0m;
[31m[1m>[0m [90m 8 |[0m [36mimport[0m {
  [90m   |[0m [31m[1m^^^^^^^[0m
[31m[1m>[0m [90m 9 |[0m   useDirectConversations,
  [90m   |[0m [31m[1m^^^^^^^^^^^^^^^^^^^^^^^^^[0m
[31m[1m>[0m [90m10 |[0m   useConversationMessages,
  [90m   |[0m [31m[1m^^^^^^^^^^^^^^^^^^^^^^^^^^[0m
[31m[1m>[0m [90m11 |[0m   useSendDirectMessage,
  [90m   |[0m [31m[1m^^^^^^^^^^^^^^^^^^^^^^^[0m
[31m[1m>[0m [90m12 |[0m   useCreateDirectConversation,
  [90m   |[0m [31m[1m^^^^^^^^^^^^^^^^^^^^^^^^^^^^^^[0m
[31m[1m>[0m [90m13 |[0m } [36mfrom[0m 
[32m"@/features/chat/hooks"[0m;
  [90m   |[0m [31m[1m^^^^^^^^^^^^^^^^^^^^^^^^^^^^^^^[0m
  [90m14 |[0m [36mimport[0m { useCurrentUserId } [36mfrom[0m 
[32m"@/components/current-user-provider"[0m;
  [90m15 |[0m
  [90m16 |[0m [36minterface[0m [33mDashboardChatContentProps[0m {

The export useDirectConversations was not found in module 
[project]/src/features/chat/hooks/index.ts [app-client] (ecmascript).
Did you mean to import useSendChatMessage?
All exports of the module are statically known (It doesn't have dynamic 
exports). So it's known statically that the requested export doesn't exist.

Import trace:
  Server Component:
    ./src/app/dashboard/chat/chat-content.tsx
    ./src/app/dashboard/chat/page.tsx


./src/app/dashboard/chat/chat-content.tsx:8:1
Export useDirectConversations doesn't exist in target module
  [90m 6 |[0m [36mimport[0m { [33mChatArea[0m } [36mfrom[0m 
[32m"@/features/chat/components/chat-area"[0m;
  [90m 7 |[0m [36mimport[0m { [33mNewConversationModal[0m } 
[36mfrom[0m [32m"@/features/chat/components/new-conversation-modal"[0m;
[31m[1m>[0m [90m 8 |[0m [36mimport[0m {
  [90m   |[0m [31m[1m^^^^^^^[0m
[31m[1m>[0m [90m 9 |[0m   useDirectConversations,
  [90m   |[0m [31m[1m^^^^^^^^^^^^^^^^^^^^^^^^^[0m
[31m[1m>[0m [90m10 |[0m   useConversationMessages,
  [90m   |[0m [31m[1m^^^^^^^^^^^^^^^^^^^^^^^^^^[0m
[31m[1m>[0m [90m11 |[0m   useSendDirectMessage,
  [90m   |[0m [31m[1m^^^^^^^^^^^^^^^^^^^^^^^[0m
[31m[1m>[0m [90m12 |[0m   useCreateDirectConversation,
  [90m   |[0m [31m[1m^^^^^^^^^^^^^^^^^^^^^^^^^^^^^^[0m
[31m[1m>[0m [90m13 |[0m } [36mfrom[0m 
[32m"@/features/chat/hooks"[0m;
  [90m   |[0m [31m[1m^^^^^^^^^^^^^^^^^^^^^^^^^^^^^^^[0m
  [90m14 |[0m [36mimport[0m { useCurrentUserId } [36mfrom[0m 
[32m"@/components/current-user-provider"[0m;
  [90m15 |[0m
  [90m16 |[0m [36minterface[0m [33mDashboardChatContentProps[0m {

The export useDirectConversations was not found in module 
[project]/src/features/chat/hooks/index.ts [app-ssr] (ecmascript).
Did you mean to import useSendChatMessage?
All exports of the module are statically known (It doesn't have dynamic 
exports). So it's known statically that the requested export doesn't exist.

Import trace:
  Server Component:
    ./src/app/dashboard/chat/chat-content.tsx
    ./src/app/dashboard/chat/page.tsx


./src/features/chat/components/unified-chat-hub.tsx:29:1
Export useDirectConversations doesn't exist in target module
  [90m27 |[0m [36mimport[0m { [33mChatNotifications[0m } 
[36mfrom[0m [32m"./chat-notifications"[0m;
  [90m28 |[0m [36mimport[0m { useChatWebSocket } [36mfrom[0m 
[32m"../services/websocket-manager"[0m;
[31m[1m>[0m [90m29 |[0m [36mimport[0m { useChatSpaces, 
useDirectConversations } [36mfrom[0m [32m"../hooks"[0m;
  [90m   |[0m [31m[1m^^^^^^^^^^^^^^^^^^^^^^^^^^^^^^^^^^^^^^^^^^^^^^^^^^^
^^^^^^^^^^^^^^[0m
  [90m30 |[0m [36mimport[0m { useCurrentUserId } [36mfrom[0m 
[32m"../../components/current-user-provider"[0m;
  [90m31 |[0m
  [90m32 |[0m [36mimport[0m { [33mChatArea[0m } [36mfrom[0m 
[32m"./chat-area"[0m;

The export useDirectConversations was not found in module 
[project]/src/features/chat/hooks/index.ts [app-client] (ecmascript).
Did you mean to import useSendChatMessage?
All exports of the module are statically known (It doesn't have dynamic 
exports). So it's known statically that the requested export doesn't exist.

Import trace:
  Server Component:
    ./src/features/chat/components/unified-chat-hub.tsx
    ./src/app/chat/page.tsx


./src/features/chat/components/unified-chat-hub.tsx:29:1
Export useDirectConversations doesn't exist in target module
  [90m27 |[0m [36mimport[0m { [33mChatNotifications[0m } 
[36mfrom[0m [32m"./chat-notifications"[0m;
  [90m28 |[0m [36mimport[0m { useChatWebSocket } [36mfrom[0m 
[32m"../services/websocket-manager"[0m;
[31m[1m>[0m [90m29 |[0m [36mimport[0m { useChatSpaces, 
useDirectConversations } [36mfrom[0m [32m"../hooks"[0m;
  [90m   |[0m [31m[1m^^^^^^^^^^^^^^^^^^^^^^^^^^^^^^^^^^^^^^^^^^^^^^^^^^^
^^^^^^^^^^^^^^[0m
  [90m30 |[0m [36mimport[0m { useCurrentUserId } [36mfrom[0m 
[32m"../../components/current-user-provider"[0m;
  [90m31 |[0m
  [90m32 |[0m [36mimport[0m { [33mChatArea[0m } [36mfrom[0m 
[32m"./chat-area"[0m;

The export useDirectConversations was not found in module 
[project]/src/features/chat/hooks/index.ts [app-ssr] (ecmascript).
Did you mean to import useSendChatMessage?
All exports of the module are statically known (It doesn't have dynamic 
exports). So it's known statically that the requested export doesn't exist.

Import trace:
  Server Component:
    ./src/features/chat/components/unified-chat-hub.tsx
    ./src/app/chat/page.tsx


./src/app/dashboard/chat/chat-content.tsx:8:1
Export useSendDirectMessage doesn't exist in target module
  [90m 6 |[0m [36mimport[0m { [33mChatArea[0m } [36mfrom[0m 
[32m"@/features/chat/components/chat-area"[0m;
  [90m 7 |[0m [36mimport[0m { [33mNewConversationModal[0m } 
[36mfrom[0m [32m"@/features/chat/components/new-conversation-modal"[0m;
[31m[1m>[0m [90m 8 |[0m [36mimport[0m {
  [90m   |[0m [31m[1m^^^^^^^[0m
[31m[1m>[0m [90m 9 |[0m   useDirectConversations,
  [90m   |[0m [31m[1m^^^^^^^^^^^^^^^^^^^^^^^^^[0m
[31m[1m>[0m [90m10 |[0m   useConversationMessages,
  [90m   |[0m [31m[1m^^^^^^^^^^^^^^^^^^^^^^^^^^[0m
[31m[1m>[0m [90m11 |[0m   useSendDirectMessage,
  [90m   |[0m [31m[1m^^^^^^^^^^^^^^^^^^^^^^^[0m
[31m[1m>[0m [90m12 |[0m   useCreateDirectConversation,
  [90m   |[0m [31m[1m^^^^^^^^^^^^^^^^^^^^^^^^^^^^^^[0m
[31m[1m>[0m [90m13 |[0m } [36mfrom[0m 
[32m"@/features/chat/hooks"[0m;
  [90m   |[0m [31m[1m^^^^^^^^^^^^^^^^^^^^^^^^^^^^^^^[0m
  [90m14 |[0m [36mimport[0m { useCurrentUserId } [36mfrom[0m 
[32m"@/components/current-user-provider"[0m;
  [90m15 |[0m
  [90m16 |[0m [36minterface[0m [33mDashboardChatContentProps[0m {

The export useSendDirectMessage was not found in module 
[project]/src/features/chat/hooks/index.ts [app-client] (ecmascript).
Did you mean to import useSendChatMessage?
All exports of the module are statically known (It doesn't have dynamic 
exports). So it's known statically that the requested export doesn't exist.

Import trace:
  Server Component:
    ./src/app/dashboard/chat/chat-content.tsx
    ./src/app/dashboard/chat/page.tsx


./src/app/dashboard/chat/chat-content.tsx:8:1
Export useSendDirectMessage doesn't exist in target module
  [90m 6 |[0m [36mimport[0m { [33mChatArea[0m } [36mfrom[0m 
[32m"@/features/chat/components/chat-area"[0m;
  [90m 7 |[0m [36mimport[0m { [33mNewConversationModal[0m } 
[36mfrom[0m [32m"@/features/chat/components/new-conversation-modal"[0m;
[31m[1m>[0m [90m 8 |[0m [36mimport[0m {
  [90m   |[0m [31m[1m^^^^^^^[0m
[31m[1m>[0m [90m 9 |[0m   useDirectConversations,
  [90m   |[0m [31m[1m^^^^^^^^^^^^^^^^^^^^^^^^^[0m
[31m[1m>[0m [90m10 |[0m   useConversationMessages,
  [90m   |[0m [31m[1m^^^^^^^^^^^^^^^^^^^^^^^^^^[0m
[31m[1m>[0m [90m11 |[0m   useSendDirectMessage,
  [90m   |[0m [31m[1m^^^^^^^^^^^^^^^^^^^^^^^[0m
[31m[1m>[0m [90m12 |[0m   useCreateDirectConversation,
  [90m   |[0m [31m[1m^^^^^^^^^^^^^^^^^^^^^^^^^^^^^^[0m
[31m[1m>[0m [90m13 |[0m } [36mfrom[0m 
[32m"@/features/chat/hooks"[0m;
  [90m   |[0m [31m[1m^^^^^^^^^^^^^^^^^^^^^^^^^^^^^^^[0m
  [90m14 |[0m [36mimport[0m { useCurrentUserId } [36mfrom[0m 
[32m"@/components/current-user-provider"[0m;
  [90m15 |[0m
  [90m16 |[0m [36minterface[0m [33mDashboardChatContentProps[0m {

The export useSendDirectMessage was not found in module 
[project]/src/features/chat/hooks/index.ts [app-ssr] (ecmascript).
Did you mean to import useSendChatMessage?
All exports of the module are statically known (It doesn't have dynamic 
exports). So it's known statically that the requested export doesn't exist.

Import trace:
  Server Component:
    ./src/app/dashboard/chat/chat-content.tsx
    ./src/app/dashboard/chat/page.tsx


./src/app/api/resume/ai-generate/route.ts:3:1
Export withAuth doesn't exist in target module
  [90m1 |[0m [36mimport[0m { [33mNextRequest[0m, 
[33mNextResponse[0m } [36mfrom[0m [32m"next/server"[0m;
  [90m2 |[0m [36mimport[0m { v4 [36mas[0m uuidv4 } [36mfrom[0m 
[32m"uuid"[0m;
[31m[1m>[0m [90m3 |[0m [36mimport[0m { withAuth } [36mfrom[0m 
[32m"@/lib/auth/guards"[0m;
  [90m  |[0m [31m[1m^^^^^^^^^^^^^^^^^^^^^^^^^^^^^^^^^^^^^^^^^^^^^[0m
  [90m4 |[0m [36mimport[0m { getOpenAIClient } [36mfrom[0m 
[32m"@/lib/ai/client"[0m;
  [90m5 |[0m [36mimport[0m {
  [90m6 |[0m   optimizeResumeSummary,

The export withAuth was not found in module 
[project]/src/lib/auth/guards.ts [app-route] (ecmascript).
Did you mean to import requireAuth?
All exports of the module are statically known (It doesn't have dynamic 
exports). So it's known statically that the requested export doesn't exist.


    at <unknown> 
(./src/app/api/interview/analytics/role/[role]/average/route.ts:3:1)
    at <unknown> (https://nextjs.org/docs/messages/module-not-found)
    at <unknown> 
(./src/app/api/admin/courses/[courseId]/approve-edit/route.ts:2:1)
    at <unknown> (https://nextjs.org/docs/messages/module-not-found)
    at <unknown> 
(./src/app/api/admin/courses/[courseId]/archive/route.ts:2:1)
    at <unknown> (https://nextjs.org/docs/messages/module-not-found)
    at <unknown> 
(./src/app/api/admin/courses/[courseId]/reject-edit/route.ts:2:1)
    at <unknown> (https://nextjs.org/docs/messages/module-not-found)
    at <unknown> 
(./src/app/api/admin/courses/[courseId]/restore/route.ts:2:1)
    at <unknown> (https://nextjs.org/docs/messages/module-not-found)
    at <unknown> 
(./src/app/courses/[courseId]/chat/course-chat-content.tsx:11:1)
    at <unknown> (https://nextjs.org/docs/messages/module-not-found)
    at <unknown> 
(./src/app/courses/[courseId]/chat/course-chat-content.tsx:12:1)
    at <unknown> (https://nextjs.org/docs/messages/module-not-found)
    at <unknown> (./src/app/api/forum/posts/[id]/replies/route.ts:2:1)
    at <unknown> (https://nextjs.org/docs/messages/module-not-found)
    at <unknown> (./src/app/api/forum/threads/[id]/posts/route.ts:2:1)
    at <unknown> (https://nextjs.org/docs/messages/module-not-found)
    at <unknown> 
(./src/app/api/interview-sessions/[sessionId]/responses/audio/route.ts:3:1)
    at <unknown> (https://nextjs.org/docs/messages/module-not-found)
    at <unknown> 
(./src/app/api/interview-sessions/[sessionId]/responses/upload/route.ts:6:1)
    at <unknown> (https://nextjs.org/docs/messages/module-not-found)
    at <unknown> 
(./src/app/api/interview-sessions/[sessionId]/responses/upload/route.ts:5:1)
    at <unknown> (https://nextjs.org/docs/messages/module-not-found)
    at <unknown> 
(./src/app/api/interview-sessions/[sessionId]/responses/audio/route.ts:4:1)
    at <unknown> (https://nextjs.org/docs/messages/module-not-found)
    at <unknown> 
(./src/app/api/tutor/courses/[courseId]/submit/route.ts:4:1)
    at <unknown> (https://nextjs.org/docs/messages/module-not-found)
    at <unknown> (./src/app/api/tutor/exams/[examId]/submit/route.ts:3:1)
    at <unknown> (https://nextjs.org/docs/messages/module-not-found)
    at <unknown> 
(./src/app/courses/[courseId]/chat/course-chat-content.tsx:13:1)
    at <unknown> (https://nextjs.org/docs/messages/module-not-found)
    at <unknown> 
(./src/app/api/courses/[courseId]/lessons/[lessonId]/progress/route.ts:3:1)
    at <unknown> (https://nextjs.org/docs/messages/module-not-found)
    at <unknown> 
(./src/app/api/dashboard/courses/assign/accept/route.ts:2:1)
    at <unknown> (https://nextjs.org/docs/messages/module-not-found)
    at <unknown> 
(./src/app/api/dashboard/courses/assign/decline/route.ts:2:1)
    at <unknown> (https://nextjs.org/docs/messages/module-not-found)
    at <unknown> 
(./src/app/api/tutor/courses/[courseId]/submit/route.ts:5:1)
    at <unknown> (https://nextjs.org/docs/messages/module-not-found)
    at <unknown> (./src/app/api/tutor/exams/[examId]/submit/route.ts:4:1)
    at <unknown> (https://nextjs.org/docs/messages/module-not-found)
    at <unknown> 
(./src/app/api/tutor/forum-threads/[threadId]/read/route.ts:3:1)
    at <unknown> (https://nextjs.org/docs/messages/module-not-found)
    at <unknown> 
(./src/app/api/interview-sessions/[sessionId]/responses/audio/route.ts:5:1)
    at <unknown> (https://nextjs.org/docs/messages/module-not-found)
    at <unknown> 
(./src/app/api/interview-sessions/[sessionId]/responses/upload/route.ts:3:1)
    at <unknown> (https://nextjs.org/docs/messages/module-not-found)
    at <unknown> 
(./src/app/api/courses/[courseId]/lessons/[lessonId]/progress/route.ts:4:1)
    at <unknown> (https://nextjs.org/docs/messages/module-not-found)
    at <unknown> 
(./src/app/api/dashboard/courses/assign/accept/route.ts:3:1)
    at <unknown> (https://nextjs.org/docs/messages/module-not-found)
    at <unknown> 
(./src/app/api/dashboard/courses/assign/decline/route.ts:3:1)
    at <unknown> (https://nextjs.org/docs/messages/module-not-found)
    at <unknown> 
(./src/app/api/interview-sessions/[sessionId]/responses/upload/route.ts:4:1)
    at <unknown> (https://nextjs.org/docs/messages/module-not-found)
    at <unknown> 
(./src/app/api/tutor/courses/[courseId]/submit/route.ts:6:1)
    at <unknown> (https://nextjs.org/docs/messages/module-not-found)
    at <unknown> 
(./src/app/api/tutor/forum-threads/[threadId]/read/route.ts:4:1)
    at <unknown> (https://nextjs.org/docs/messages/module-not-found)
    at <unknown> 
(./src/app/api/courses/[courseId]/lessons/[lessonId]/progress/route.ts:5:1)
    at <unknown> (https://nextjs.org/docs/messages/module-not-found)
    at <unknown> (./src/app/companies/[slug]/page.tsx:8:1)
    at <unknown> (https://nextjs.org/docs/messages/module-not-found)
    at <unknown> (./src/app/api/jobs/alerts/[alertId]/route.ts:4:1)
    at <unknown> (https://nextjs.org/docs/messages/module-not-found)
    at <unknown> (./src/app/tutor/courses/[slug]/edit/page.tsx:4:1)
    at <unknown> (https://nextjs.org/docs/messages/module-not-found)
    at <unknown> (./src/app/api/resume/ai/achievements/route.ts:4:1)
    at <unknown> (https://nextjs.org/docs/messages/module-not-found)
    at <unknown> (./src/app/api/jobs/alerts/[alertId]/route.ts:10:1)
    at <unknown> (https://nextjs.org/docs/messages/module-not-found)
    at <unknown> (./src/app/api/resume/ai/achievements/route.ts:5:1)
    at <unknown> (https://nextjs.org/docs/messages/module-not-found)
    at <unknown> (./src/app/tutor/courses/[slug]/edit/page.tsx:3:1)
    at <unknown> (https://nextjs.org/docs/messages/module-not-found)
    at <unknown> (./src/app/resume/[slug]/edit/ai-forms.tsx:7:1)
    at <unknown> (https://nextjs.org/docs/messages/module-not-found)
    at <unknown> (./src/app/resume/[slug]/edit/ai-forms.tsx:8:1)
    at <unknown> (https://nextjs.org/docs/messages/module-not-found)
    at <unknown> (./src/app/courses/layout.tsx:10:1)
    at <unknown> (https://nextjs.org/docs/messages/module-not-found)
    at <unknown> (./src/app/courses/layout.tsx:14:1)
    at <unknown> (https://nextjs.org/docs/messages/module-not-found)
    at <unknown> (./src/app/courses/layout.tsx:9:1)
    at <unknown> (https://nextjs.org/docs/messages/module-not-found)
    at <unknown> (./src/app/resume/[slug]/edit/ai-forms.tsx:9:1)
    at <unknown> (https://nextjs.org/docs/messages/module-not-found)
    at <unknown> (./src/app/superadmin/page.tsx:6:1)
    at <unknown> (https://nextjs.org/docs/messages/module-not-found)
    at <unknown> (./src/app/resume/[slug]/edit/ai-forms.tsx:11:1)
    at <unknown> (https://nextjs.org/docs/messages/module-not-found)
    at <unknown> (./src/app/courses/layout.tsx:7:1)
    at <unknown> (https://nextjs.org/docs/messages/module-not-found)
    at <unknown> (./src/app/api/auth/forgot-password/route.ts:4:1)
    at <unknown> (https://nextjs.org/docs/messages/module-not-found)
    at <unknown> (./src/app/api/auth/forgot-password/route.ts:3:1)
    at <unknown> (https://nextjs.org/docs/messages/module-not-found)
    at <unknown> (./src/app/companies/page.tsx:8:1)
    at <unknown> (https://nextjs.org/docs/messages/module-not-found)
    at <unknown> (./src/app/api/dashboard/insights/route.ts:3:1)
    at <unknown> (https://nextjs.org/docs/messages/module-not-found)
    at <unknown> (./src/app/api/forum/posts/route.ts:2:1)
    at <unknown> (https://nextjs.org/docs/messages/module-not-found)
    at <unknown> (./src/app/api/notifications/preferences/route.ts:3:1)
    at <unknown> (https://nextjs.org/docs/messages/module-not-found)
    at <unknown> (./src/app/resume/[slug]/edit/ai-forms.tsx:12:1)
    at <unknown> (https://nextjs.org/docs/messages/module-not-found)
    at <unknown> (./src/app/api/ai/optimize-summary/route.ts:3:1)
    at <unknown> (https://nextjs.org/docs/messages/module-not-found)
    at <unknown> (./src/app/api/dashboard/insights/route.ts:10:1)
    at <unknown> (https://nextjs.org/docs/messages/module-not-found)
    at <unknown> (./src/app/api/ai/optimize-summary/route.ts:4:1)
    at <unknown> (https://nextjs.org/docs/messages/module-not-found)
    at <unknown> (./src/app/api/user/applications/route.ts:3:1)
    at <unknown> (https://nextjs.org/docs/messages/module-not-found)
    at <unknown> (./src/app/api/user/dashboard/route.ts:3:1)
    at <unknown> (https://nextjs.org/docs/messages/module-not-found)
    at <unknown> (./src/app/api/notifications/preferences/route.ts:2:1)
    at <unknown> (https://nextjs.org/docs/messages/module-not-found)
    at <unknown> (./src/app/courses/layout.tsx:11:1)
    at <unknown> (https://nextjs.org/docs/messages/module-not-found)
    at <unknown> (./src/app/api/admin/run-migration/route.ts:2:1)
    at <unknown> (https://nextjs.org/docs/messages/module-not-found)
    at <unknown> (./src/app/api/user/applications/route.ts:4:1)
    at <unknown> (https://nextjs.org/docs/messages/module-not-found)
    at <unknown> (./src/app/api/user/dashboard/route.ts:4:1)
    at <unknown> (https://nextjs.org/docs/messages/module-not-found)
    at <unknown> (./src/app/courses/layout.tsx:16:1)
    at <unknown> (https://nextjs.org/docs/messages/module-not-found)
    at <unknown> (./src/app/api/dashboard/insights/route.ts:11:1)
    at <unknown> (https://nextjs.org/docs/messages/module-not-found)
    at <unknown> (./src/features/chat/components/unified-chat-hub.tsx:30:1)
    at <unknown> (https://nextjs.org/docs/messages/module-not-found)
    at <unknown> 
(./src/features/interview/components/question-bank-selector.tsx:10:1)
    at <unknown> (https://nextjs.org/docs/messages/module-not-found)
    at <unknown> (./src/features/chat/components/chat-notifications.tsx:8:1)
    at <unknown> (https://nextjs.org/docs/messages/module-not-found)
    at <unknown> (./src/features/chat/components/chat-search.tsx:8:1)
    at <unknown> (https://nextjs.org/docs/messages/module-not-found)
    at <unknown> (./src/features/chat/components/unified-chat-hub.tsx:21:1)
    at <unknown> (https://nextjs.org/docs/messages/module-not-found)
    at <unknown> (./src/features/chat/components/chat-notifications.tsx:7:1)
    at <unknown> (https://nextjs.org/docs/messages/module-not-found)
    at <unknown> (./src/features/chat/components/chat-search.tsx:7:1)
    at <unknown> (https://nextjs.org/docs/messages/module-not-found)
    at <unknown> (./src/features/chat/components/chat-sidebar.tsx:8:1)
    at <unknown> (https://nextjs.org/docs/messages/module-not-found)
    at <unknown> (./src/features/chat/components/unified-chat-hub.tsx:20:1)
    at <unknown> (https://nextjs.org/docs/messages/module-not-found)
    at <unknown> 
(./src/features/interview/components/interview-dashboard.tsx:16:1)
    at <unknown> (https://nextjs.org/docs/messages/module-not-found)
    at <unknown> 
(./src/features/interview/components/question-bank-selector.tsx:7:1)
    at <unknown> (https://nextjs.org/docs/messages/module-not-found)
    at <unknown> 
(./src/features/progress/components/progress-components.tsx:3:1)
    at <unknown> (https://nextjs.org/docs/messages/module-not-found)
    at <unknown> (./src/features/superadmin/tenants/page.tsx:21:1)
    at <unknown> (https://nextjs.org/docs/messages/module-not-found)
    at <unknown> (./src/features/chat/components/chat-area.tsx:12:1)
    at <unknown> (https://nextjs.org/docs/messages/module-not-found)
    at <unknown> (./src/features/chat/components/chat-notifications.tsx:6:1)
    at <unknown> (https://nextjs.org/docs/messages/module-not-found)
    at <unknown> (./src/features/chat/components/chat-sidebar.tsx:7:1)
    at <unknown> (https://nextjs.org/docs/messages/module-not-found)
    at <unknown> (./src/features/chat/components/unified-chat-hub.tsx:18:1)
    at <unknown> (https://nextjs.org/docs/messages/module-not-found)
    at <unknown> 
(./src/features/interview/components/interview-dashboard.tsx:17:1)
    at <unknown> (https://nextjs.org/docs/messages/module-not-found)
    at <unknown> 
(./src/features/interview/components/question-bank-selector.tsx:5:1)
    at <unknown> (https://nextjs.org/docs/messages/module-not-found)
    at <unknown> (./src/features/superadmin/tenants/page.tsx:22:1)
    at <unknown> (https://nextjs.org/docs/messages/module-not-found)
    at <unknown> (./src/features/chat/components/chat-notifications.tsx:9:1)
    at <unknown> (https://nextjs.org/docs/messages/module-not-found)
    at <unknown> (./src/features/chat/components/chat-search.tsx:10:1)
    at <unknown> (https://nextjs.org/docs/messages/module-not-found)
    at <unknown> 
(./src/features/interview/components/interview-dashboard.tsx:18:1)
    at <unknown> (https://nextjs.org/docs/messages/module-not-found)
    at <unknown> 
(./src/features/interview/components/question-bank-selector.tsx:6:1)
    at <unknown> (https://nextjs.org/docs/messages/module-not-found)
    at <unknown> 
(./src/features/progress/components/progress-components.tsx:4:1)
    at <unknown> (https://nextjs.org/docs/messages/module-not-found)
    at <unknown> 
(./src/features/interview/components/question-bank-selector.tsx:8:1)
    at <unknown> (https://nextjs.org/docs/messages/module-not-found)
    at <unknown> (./src/features/chat/components/chat-sidebar.tsx:12:1)
    at <unknown> (https://nextjs.org/docs/messages/module-not-found)
    at <unknown> (./src/features/superadmin/tenants/page.tsx:23:1)
    at <unknown> (https://nextjs.org/docs/messages/module-not-found)
    at <unknown> (./src/features/chat/components/chat-search.tsx:5:1)
    at <unknown> (https://nextjs.org/docs/messages/module-not-found)
    at <unknown> (./src/features/chat/components/chat-sidebar.tsx:11:1)
    at <unknown> (https://nextjs.org/docs/messages/module-not-found)
    at <unknown> (./src/features/chat/components/unified-chat-hub.tsx:19:1)
    at <unknown> (https://nextjs.org/docs/messages/module-not-found)
    at <unknown> 
(./src/features/interview/components/interview-dashboard.tsx:19:1)
    at <unknown> (https://nextjs.org/docs/messages/module-not-found)
    at <unknown> (./src/features/superadmin/tenants/page.tsx:24:1)
    at <unknown> (https://nextjs.org/docs/messages/module-not-found)
    at <unknown> 
(./src/features/progress/components/progress-components.tsx:2:1)
    at <unknown> (https://nextjs.org/docs/messages/module-not-found)
    at <unknown> (./src/features/chat/components/chat-area.tsx:15:1)
    at <unknown> (https://nextjs.org/docs/messages/module-not-found)
    at <unknown> 
(./src/features/chat/components/chat-notifications.tsx:10:1)
    at <unknown> (https://nextjs.org/docs/messages/module-not-found)
    at <unknown> (./src/features/chat/components/chat-search.tsx:11:1)
    at <unknown> (https://nextjs.org/docs/messages/module-not-found)
    at <unknown> (./src/features/chat/components/chat-search.tsx:9:1)
    at <unknown> (https://nextjs.org/docs/messages/module-not-found)
    at <unknown> 
(./src/features/interview/components/question-bank-selector.tsx:4:1)
    at <unknown> (https://nextjs.org/docs/messages/module-not-found)
    at <unknown> (./src/features/superadmin/tenants/page.tsx:25:1)
    at <unknown> (https://nextjs.org/docs/messages/module-not-found)
    at <unknown> (./src/app/admin/system/page.tsx:8:1)
    at <unknown> (https://nextjs.org/docs/messages/module-not-found)
    at <unknown> 
(./src/features/interview/components/interview-dashboard.tsx:20:1)
    at <unknown> (https://nextjs.org/docs/messages/module-not-found)
    at <unknown> (./src/features/chat/components/chat-area.tsx:8:1)
    at <unknown> (https://nextjs.org/docs/messages/module-not-found)
    at <unknown> 
(./src/features/interview/components/interview-dashboard.tsx:27:1)
    at <unknown> (https://nextjs.org/docs/messages/module-not-found)
    at <unknown> 
(./src/components/admin/certificate-configuration-step.tsx:8:1)
    at <unknown> (https://nextjs.org/docs/messages/module-not-found)
    at <unknown> 
(./src/components/admin/course-edit-modal-enhanced.tsx:11:1)
    at <unknown> (https://nextjs.org/docs/messages/module-not-found)
    at <unknown> (./src/components/admin/course-structure-step.tsx:8:1)
    at <unknown> (https://nextjs.org/docs/messages/module-not-found)
    at <unknown> (./src/components/admin/exam-configuration-step.tsx:8:1)
    at <unknown> (https://nextjs.org/docs/messages/module-not-found)
    at <unknown> (./src/components/tutor/courses-table.tsx:8:1)
    at <unknown> (https://nextjs.org/docs/messages/module-not-found)
    at <unknown> (./src/components/admin/course-edit-modal-enhanced.tsx:5:1)
    at <unknown> (https://nextjs.org/docs/messages/module-not-found)
    at <unknown> (./src/components/admin/course-structure-step.tsx:4:1)
    at <unknown> (https://nextjs.org/docs/messages/module-not-found)
    at <unknown> (./src/components/admin/exam-configuration-step.tsx:4:1)
    at <unknown> (https://nextjs.org/docs/messages/module-not-found)
    at <unknown> (./src/components/tutor/courses-table.tsx:6:1)
    at <unknown> (https://nextjs.org/docs/messages/module-not-found)
    at <unknown> (./src/components/tutor/exam-builder.tsx:7:1)
    at <unknown> (https://nextjs.org/docs/messages/module-not-found)
    at <unknown> 
(./src/components/admin/certificate-configuration-step.tsx:7:1)
    at <unknown> (https://nextjs.org/docs/messages/module-not-found)
    at <unknown> 
(./src/components/admin/course-edit-modal-enhanced.tsx:10:1)
    at <unknown> (https://nextjs.org/docs/messages/module-not-found)
    at <unknown> (./src/components/admin/course-structure-step.tsx:7:1)
    at <unknown> (https://nextjs.org/docs/messages/module-not-found)
    at <unknown> (./src/components/admin/exam-configuration-step.tsx:7:1)
    at <unknown> (https://nextjs.org/docs/messages/module-not-found)
    at <unknown> (./src/components/tutor/courses-table.tsx:9:1)
    at <unknown> (https://nextjs.org/docs/messages/module-not-found)
    at <unknown> (./src/components/tutor/exam-builder.tsx:8:1)
    at <unknown> (https://nextjs.org/docs/messages/module-not-found)
    at <unknown> 
(./src/components/admin/certificate-configuration-step.tsx:5:1)
    at <unknown> (https://nextjs.org/docs/messages/module-not-found)
    at <unknown> (./src/components/admin/course-edit-modal-enhanced.tsx:6:1)
    at <unknown> (https://nextjs.org/docs/messages/module-not-found)
    at <unknown> (./src/components/admin/course-structure-step.tsx:5:1)
    at <unknown> (https://nextjs.org/docs/messages/module-not-found)
    at <unknown> (./src/components/admin/exam-configuration-step.tsx:5:1)
    at <unknown> (https://nextjs.org/docs/messages/module-not-found)
    at <unknown> (./src/components/tutor/courses-table.tsx:7:1)
    at <unknown> (https://nextjs.org/docs/messages/module-not-found)
    at <unknown> (./src/components/tutor/exam-builder.tsx:9:1)
    at <unknown> (https://nextjs.org/docs/messages/module-not-found)
    at <unknown> 
(./src/components/admin/certificate-configuration-step.tsx:6:1)
    at <unknown> (https://nextjs.org/docs/messages/module-not-found)
    at <unknown> (./src/components/admin/course-edit-modal-enhanced.tsx:8:1)
    at <unknown> (https://nextjs.org/docs/messages/module-not-found)
    at <unknown> (./src/components/admin/exam-configuration-step.tsx:6:1)
    at <unknown> (https://nextjs.org/docs/messages/module-not-found)
    at <unknown> (./src/components/tutor/exam-builder.tsx:12:1)
    at <unknown> (https://nextjs.org/docs/messages/module-not-found)
    at <unknown> 
(./src/components/admin/course-edit-modal-enhanced.tsx:12:1)
    at <unknown> (https://nextjs.org/docs/messages/module-not-found)
    at <unknown> 
(./src/components/admin/course-edit-modal-enhanced.tsx:13:1)
    at <unknown> (https://nextjs.org/docs/messages/module-not-found)
    at <unknown> (./src/components/admin/course-edit-modal-enhanced.tsx:7:1)
    at <unknown> (https://nextjs.org/docs/messages/module-not-found)
    at <unknown> (./src/components/admin/course-structure-step.tsx:6:1)
    at <unknown> (https://nextjs.org/docs/messages/module-not-found)
    at <unknown> (./src/components/tutor/exam-builder.tsx:11:1)
    at <unknown> (https://nextjs.org/docs/messages/module-not-found)
    at <unknown> (./src/app/pricing/page.tsx:3:1)
    at <unknown> (https://nextjs.org/docs/messages/module-not-found)
    at <unknown> (./src/app/security/page.tsx:1:1)
    at <unknown> (https://nextjs.org/docs/messages/module-not-found)
    at <unknown> (./src/app/pricing/page.tsx:4:1)
    at <unknown> (https://nextjs.org/docs/messages/module-not-found)
    at <unknown> (./src/app/reset-password/reset-password-form.tsx:7:1)
    at <unknown> (https://nextjs.org/docs/messages/module-not-found)
    at <unknown> (./src/app/pricing/page.tsx:5:1)
    at <unknown> (https://nextjs.org/docs/messages/module-not-found)
    at <unknown> (./src/app/reset-password/reset-password-form.tsx:8:1)
    at <unknown> (https://nextjs.org/docs/messages/module-not-found)
    at <unknown> (./src/app/security/page.tsx:2:1)
    at <unknown> (https://nextjs.org/docs/messages/module-not-found)
    at <unknown> (./src/app/reset-password/reset-password-form.tsx:9:1)
    at <unknown> (https://nextjs.org/docs/messages/module-not-found)
    at <unknown> (./src/app/reset-password/reset-password-form.tsx:10:1)
    at <unknown> (https://nextjs.org/docs/messages/module-not-found)
    at <unknown> (./src/components/resume/resume-edit-form.tsx:8:1)
    at <unknown> (https://nextjs.org/docs/messages/module-not-found)
    at <unknown> (https://nextjs.org/docs/messages/module-not-found)
    at <unknown> (https://nextjs.org/docs/messages/module-not-found)
    at <unknown> (https://nextjs.org/docs/messages/module-not-found)
    at <unknown> (https://nextjs.org/docs/messages/module-not-found)
    at <unknown> (https://nextjs.org/docs/messages/module-not-found)
    at <unknown> (https://nextjs.org/docs/messages/module-not-found)
    at <unknown> 
(./src/features/interview/components/score-trend-chart.tsx:4:1)
    at <unknown> (https://nextjs.org/docs/messages/module-not-found)
    at <unknown> (https://nextjs.org/docs/messages/module-not-found)
    at <unknown> (./src/app/api/auth/login/route.ts:7:1)
    at <unknown> (./src/app/api/resumes/view/[shareToken]/route.ts:4:1)
    at <unknown> (./src/features/resume/analytics-service.ts:3:1)
    at <unknown> (./src/app/api/auth/register/route.ts:5:1)
    at <unknown> (./src/app/api/auth/reset-password/route.ts:4:1)
    at <unknown> 
(./src/app/api/interview-sessions/[sessionId]/questions/route.ts:4:1)
    at <unknown> (./src/app/api/forum/posts/reactions/route.ts:2:1)
    at <unknown> (./src/app/api/ai/ats-analysis/route.ts:3:1)
    at <unknown> (./src/app/resume/[slug]/edit/page.tsx:26:1)
    at <unknown> (./src/app/api/ai/analyze-skills/route.ts:3:1)
    at <unknown> (./src/app/resume/[slug]/edit/page.tsx:26:1)
    at <unknown> 
(./src/app/api/interview/analytics/session/[sessionId]/route.ts:4:1)
    at <unknown> (./src/app/admin/students/page.tsx:9:1)
    at <unknown> (./src/app/admin/students/page.tsx:9:1)
    at <unknown> (./src/app/api/uploads/cover/route.ts:4:1)
    at <unknown> (./src/app/api/uploads/lesson/route.ts:4:1)
    at <unknown> (./src/app/api/chat/threads/route.ts:4:1)
    at <unknown> (./src/app/api/forum/threads/route.ts:2:1)
    at <unknown> (./src/app/forum/new/page.tsx:10:1)
    at <unknown> (./src/app/api/chat/direct/conversations/route.ts:3:1)
    at <unknown> (./src/app/api/interview-sessions/route.ts:4:1)
    at <unknown> (./src/app/api/jobs/alerts/route.ts:4:1)
    at <unknown> (./src/app/admin/jobs/page.tsx:14:1)
    at <unknown> (./src/app/api/achievements/route.ts:4:1)
    at <unknown> (./src/app/api/analytics/course/[courseId]/route.ts:4:1)
    at <unknown> (./src/app/api/courses/[courseId]/progress/route.ts:4:1)
    at <unknown> (./src/app/api/courses/[courseId]/resources/route.ts:4:1)
    at <unknown> (./src/app/api/courses/route.ts:6:1)
    at <unknown> (./src/app/api/enrollments/route.ts:4:1)
    at <unknown> (./src/app/api/jobs/alerts/route.ts:14:1)
    at <unknown> (./src/app/api/jobs/public/[id]/route.ts:4:1)
    at <unknown> (./src/app/api/jobs/public/route.ts:5:1)
    at <unknown> (./src/app/api/jobs/public/search/suggestions/route.ts:4:1)
    at <unknown> (./src/app/api/resumes/[resumeId]/analytics/route.ts:5:1)
    at <unknown> 
(./src/app/api/resumes/[resumeId]/export-history/route.ts:6:1)
    at <unknown> (./src/app/api/resumes/[resumeId]/export/route.ts:11:1)
    at <unknown> (./src/app/api/resumes/[resumeId]/share/route.ts:6:1)
    at <unknown> (./src/app/api/resumes/ai/route.ts:11:1)
    at <unknown> (./src/app/api/resumes/export/route.ts:14:1)
    at <unknown> (./src/app/api/resumes/route.ts:5:1)
    at <unknown> (./src/app/admin/system/page.tsx:9:1)
    at <unknown> (./src/app/admin/users/page.tsx:10:1)
    at <unknown> (./src/app/api/forum/threads/route.ts:2:1)
    at <unknown> (./src/app/api/tutor/exams/route.ts:3:1)
    at <unknown> (./src/app/courses/[courseId]/chat/page.tsx:6:1)
    at <unknown> (./src/app/api/ai/generate-bullets/route.ts:3:1)
    at <unknown> (./src/app/api/resume/ai-generate/route.ts:5:1)
    at <unknown> (./src/app/resume/[slug]/edit/page.tsx:26:1)
    at <unknown> (./src/app/resume/[slug]/edit/page.tsx:26:1)
    at <unknown> (./src/app/admin/analytics/page.tsx:5:1)
    at <unknown> 
(./src/app/api/chat/direct/conversations/[conversationId]/route.ts:3:1)
    at <unknown> (./src/app/api/interview-sessions/[sessionId]/route.ts:5:1)
    at <unknown> (./src/app/join/[token]/page.tsx:10:1)
    at <unknown> (./src/app/admin/jobs/page.tsx:14:1)
    at <unknown> 
(./src/app/courses/[courseId]/lessons/[lessonId]/page.tsx:7:1)
    at <unknown> (./src/app/api/chat/direct/conversations/route.ts:3:1)
    at <unknown> (./src/app/api/admin/courses/route.ts:3:1)
    at <unknown> (./src/lib/auth/index.ts:29:1)
    at <unknown> (./src/app/admin/system/page.tsx:9:1)
    at <unknown> (./src/app/admin/page.tsx:20:1)
    at <unknown> (./src/app/api/tutor/cohorts/route.ts:3:1)
    at <unknown> (./src/app/api/tutor/courses/draft/route.ts:3:1)
    at <unknown> (./src/app/api/tutor/forum-threads/route.ts:3:1)
    at <unknown> (./src/app/admin/tutors/page.tsx:17:1)
    at <unknown> (./src/app/admin/users/[userId]/page.tsx:7:1)
    at <unknown> (./src/app/api/jobs/alerts/route.ts:4:1)
    at <unknown> (./src/components/admin/admin-courses-grid.tsx:8:1)
    at <unknown> (./src/components/admin/admin-courses-grid.tsx:8:1)
    at <unknown> (./src/app/admin/users/page.tsx:10:1)
    at <unknown> (./src/app/admin/students/page.tsx:9:1)
    at <unknown> (./src/app/api/chat/threads/route.ts:4:1)
    at <unknown> (./src/app/api/chat/direct/conversations/[conversationId]/m
essages/route.ts:3:1)
    at <unknown> (./src/app/api/forum/threads/route.ts:2:1)
    at <unknown> (./src/app/tutor/forums/page.tsx:6:1)
    at <unknown> (./src/app/api/interview-sessions/route.ts:4:1)
    at <unknown> (./src/app/courses/page.tsx:5:1)
    at <unknown> (./src/app/api/forum/posts/[id]/edits/route.ts:2:1)
    at <unknown> (./src/app/api/forum/posts/reactions/route.ts:2:1)
    at <unknown> (./src/app/admin/students/page.tsx:9:1)
    at <unknown> (./src/app/admin/students/page.tsx:9:1)
    at <unknown> (./src/app/admin/students/page.tsx:9:1)
    at <unknown> (./src/app/admin/system/page.tsx:9:1)
    at <unknown> (./src/app/api/chat/messages/route.ts:4:1)
    at <unknown> (./src/app/api/forum/threads/route.ts:2:1)
    at <unknown> (./src/app/api/forum/threads/route.ts:2:1)
    at <unknown> (./src/app/api/tutor/courses/refresh/route.ts:3:1)
    at <unknown> (./src/app/tutor/courses/page.tsx:1:1)
    at <unknown> (./src/app/api/tutor/exams/route.ts:3:1)
    at <unknown> (./src/app/admin/tutors/page.tsx:17:1)
    at <unknown> (./src/app/api/chat/direct/conversations/route.ts:3:1)
    at <unknown> (./src/app/api/forum/subscriptions/route.ts:2:1)
    at <unknown> (./src/app/api/auth/login/route.ts:6:1)
    at <unknown> 
(./src/app/api/chat/direct/conversations/[conversationId]/read/route.ts:3:1)
    at <unknown> (./src/app/api/chat/direct/conversations/[conversationId]/m
essages/[messageId]/read/route.ts:3:1)
    at <unknown> (./src/app/join/[token]/page.tsx:10:1)
    at <unknown> 
(./src/app/api/notifications/[notificationId]/read/route.ts:3:1)
    at <unknown> (./src/app/api/notifications/route.ts:3:1)
    at <unknown> (./src/app/api/achievements/route.ts:4:1)
    at <unknown> (./src/app/api/analytics/course/[courseId]/route.ts:4:1)
    at <unknown> (./src/app/api/courses/[courseId]/progress/route.ts:4:1)
    at <unknown> (./src/app/api/courses/[courseId]/resources/route.ts:4:1)
    at <unknown> (./src/app/api/courses/route.ts:6:1)
    at <unknown> (./src/app/api/enrollments/route.ts:4:1)
    at <unknown> (./src/app/api/jobs/alerts/route.ts:14:1)
    at <unknown> (./src/app/api/jobs/public/[id]/route.ts:4:1)
    at <unknown> (./src/app/api/jobs/public/route.ts:5:1)
    at <unknown> (./src/app/api/jobs/public/search/suggestions/route.ts:4:1)
    at <unknown> 
(./src/app/api/resumes/[resumeId]/export-history/route.ts:6:1)
    at <unknown> (./src/app/api/resumes/[resumeId]/export/route.ts:11:1)
    at <unknown> (./src/app/api/resumes/export/route.ts:14:1)
    at <unknown> (./src/app/api/resumes/route.ts:5:1)
    at <unknown> 
(./src/app/api/interview-sessions/[sessionId]/responses/route.ts:4:1)
    at <unknown> (./src/app/api/interview-sessions/[sessionId]/responses/[re
sponseId]/audio/route.ts:4:1)
    at <unknown> (./src/app/api/auth/refresh/route.ts:3:1)
    at <unknown> (./src/app/join/[token]/page.tsx:11:1)
    at <unknown> (./src/app/api/forum/posts/reactions/route.ts:2:1)
    at <unknown> (./src/app/api/admin/courses/route.ts:3:1)
    at <unknown> (./src/lib/auth/index.ts:29:1)
    at <unknown> (./src/app/api/chat/direct/conversations/[conversationId]/m
essages/route.ts:3:1)
    at <unknown> 
(./src/app/api/tutor/courses/[courseId]/edit-request/route.ts:6:1)
    at <unknown> (./src/app/api/forum/subscriptions/route.ts:2:1)
    at <unknown> (./src/app/admin/system/page.tsx:9:1)
    at <unknown> (./src/app/admin/students/page.tsx:9:1)
    at <unknown> (./src/app/api/forum/subscriptions/route.ts:2:1)
    at <unknown> (./src/app/api/interview-sessions/[sessionId]/route.ts:5:1)
    at <unknown> (./src/app/admin/students/page.tsx:9:1)
    at <unknown> (./src/app/admin/system/page.tsx:9:1)
    at <unknown> (./src/app/admin/users/[userId]/page.tsx:7:1)
    at <unknown> (./src/app/admin/users/page.tsx:10:1)
    at <unknown> (./src/app/admin/tutors/page.tsx:17:1)
    at <unknown> (./src/app/admin/users/[userId]/page.tsx:7:1)
    at <unknown> (./src/app/admin/users/page.tsx:10:1)
    at <unknown> (./src/app/api/chat/memberships/route.ts:4:1)
    at <unknown> (./src/app/api/tutor/courses/route.ts:6:1)
    at <unknown> (./src/features/chat/components/unified-chat-hub.tsx:29:1)
    at <unknown> (./src/features/chat/components/unified-chat-hub.tsx:29:1)
    at <unknown> (./src/app/dashboard/chat/chat-content.tsx:8:1)
    at <unknown> (./src/app/dashboard/chat/chat-content.tsx:8:1)
    at <unknown> (./src/features/chat/components/chat-area.tsx:11:1)
    at <unknown> (./src/features/chat/components/chat-area.tsx:11:1)
    at <unknown> (./src/app/dashboard/chat/chat-content.tsx:8:1)
    at <unknown> (./src/app/dashboard/chat/chat-content.tsx:8:1)
    at <unknown> (./src/app/dashboard/chat/chat-content.tsx:14:1)
    at <unknown> (./src/app/dashboard/chat/chat-content.tsx:14:1)
    at <unknown> (./src/app/dashboard/chat/chat-content.tsx:8:1)
    at <unknown> (./src/app/dashboard/chat/chat-content.tsx:8:1)
    at <unknown> (./src/features/chat/components/unified-chat-hub.tsx:29:1)
    at <unknown> (./src/features/chat/components/unified-chat-hub.tsx:29:1)
    at <unknown> (./src/app/dashboard/chat/chat-content.tsx:8:1)
    at <unknown> (./src/app/dashboard/chat/chat-content.tsx:8:1)
    at <unknown> (./src/app/api/resume/ai-generate/route.ts:3:1)
